[0.043s][info][gc] Using Concurrent Mark Sweep
[8.286s][info][gc] GC(0) Pause Initial Mark 165M->165M(990M) 128.423ms
[8.287s][info][gc] GC(0) Concurrent Mark
[8.310s][info][gc] GC(0) Concurrent Mark 23.176ms
[8.311s][info][gc] GC(0) Concurrent Preclean
[8.316s][info][gc] GC(0) Concurrent Preclean 5.801ms
[8.317s][info][gc] GC(0) Concurrent Abortable Preclean
[13.411s][info][gc] GC(0) Concurrent Abortable Preclean 5093.774ms
[13.498s][info][gc] GC(0) Pause Remark 165M->165M(990M) 86.380ms
[13.498s][info][gc] GC(0) Concurrent Sweep
[13.498s][info][gc] GC(0) Concurrent Sweep 0.177ms
[13.498s][info][gc] GC(0) Concurrent Reset
[13.501s][info][gc] GC(0) Concurrent Reset 2.828ms
[211.828s][info][gc] GC(1) Pause Young (Allocation Failure) 266M->8M(990M) 24.477ms
[295.532s][info][gc] GC(2) Pause Young (Allocation Failure) 275M->12M(990M) 23.225ms
