[0.018s][info][gc] Using Concurrent Mark Sweep
[2.089s][info][gc] GC(0) Pause Initial Mark 138M->138M(990M) 27.903ms
[2.089s][info][gc] GC(0) Concurrent Mark
[2.097s][info][gc] GC(0) Concurrent Mark 8.548ms
[2.097s][info][gc] GC(0) Concurrent Preclean
[2.099s][info][gc] GC(0) Concurrent Preclean 1.257ms
[2.099s][info][gc] GC(0) Concurrent Abortable Preclean
[7.168s][info][gc] GC(0) Concurrent Abortable Preclean 5069.066ms
[7.208s][info][gc] GC(0) Pause Remark 154M->154M(990M) 40.093ms
[7.208s][info][gc] GC(0) Concurrent Sweep
[7.208s][info][gc] GC(0) Concurrent Sweep 0.071ms
[7.208s][info][gc] GC(0) Concurrent Reset
[7.211s][info][gc] GC(0) Concurrent Reset 2.956ms
