[0.019s][info][gc] Using Concurrent Mark Sweep
[4.098s][info][gc] GC(0) Pause Initial Mark 154M->154M(990M) 32.192ms
[4.099s][info][gc] GC(0) Concurrent Mark
[4.108s][info][gc] GC(0) Concurrent Mark 9.386ms
[4.108s][info][gc] GC(0) Concurrent Preclean
[4.109s][info][gc] GC(0) Concurrent Preclean 1.184ms
[4.109s][info][gc] GC(0) Concurrent Abortable Preclean
[9.180s][info][gc] GC(0) Concurrent Abortable Preclean 5070.471ms
[9.207s][info][gc] GC(0) Pause Remark 154M->154M(990M) 26.864ms
[9.207s][info][gc] GC(0) Concurrent Sweep
[9.207s][info][gc] GC(0) Concurrent Sweep 0.042ms
[9.207s][info][gc] GC(0) Concurrent Reset
[9.208s][info][gc] GC(0) Concurrent Reset 0.932ms
