[0.044s][info][gc] Using Concurrent Mark Sweep
[4.205s][info][gc] GC(0) Pause Initial Mark 143M->143M(990M) 52.534ms
[4.205s][info][gc] GC(0) Concurrent Mark
[4.228s][info][gc] GC(0) Concurrent Mark 23.036ms
[4.229s][info][gc] GC(0) Concurrent Preclean
[4.233s][info][gc] GC(0) Concurrent Preclean 3.968ms
[4.234s][info][gc] GC(0) Concurrent Abortable Preclean
[9.310s][info][gc] GC(0) Concurrent Abortable Preclean 5076.067ms
[9.364s][info][gc] GC(0) Pause Remark 175M->175M(990M) 54.158ms
[9.364s][info][gc] GC(0) Concurrent Sweep
[9.364s][info][gc] GC(0) Concurrent Sweep 0.088ms
[9.364s][info][gc] GC(0) Concurrent Reset
[9.367s][info][gc] GC(0) Concurrent Reset 2.275ms
[34.619s][info][gc] GC(1) Pause Young (Allocation Failure) 266M->8M(990M) 22.951ms
[35.368s][info][gc] GC(2) Pause Young (Allocation Failure) 275M->11M(990M) 24.125ms
[41.445s][info][gc] GC(3) Pause Initial Mark 237M->237M(990M) 66.851ms
[41.446s][info][gc] GC(3) Concurrent Mark
[41.455s][info][gc] GC(3) Concurrent Mark 9.087ms
[41.455s][info][gc] GC(3) Concurrent Preclean
[41.458s][info][gc] GC(3) Concurrent Preclean 2.849ms
[41.458s][info][gc] GC(3) Concurrent Abortable Preclean
[46.683s][info][gc] GC(3) Concurrent Abortable Preclean 5225.376ms
[46.773s][info][gc] GC(3) Pause Remark 237M->237M(990M) 89.418ms
[46.773s][info][gc] GC(3) Concurrent Sweep
[46.774s][info][gc] GC(3) Concurrent Sweep 0.184ms
[46.774s][info][gc] GC(3) Concurrent Reset
[46.778s][info][gc] GC(3) Concurrent Reset 4.305ms
