[0.011s][info][gc] Using Concurrent Mark Sweep
[0.386s][info][gc] GC(0) Pause Young (Allocation Failure) 13M->2M(50M) 6.273ms
[0.589s][info][gc] GC(1) Pause Young (Allocation Failure) 16M->4M(50M) 8.546ms
[0.747s][info][gc] GC(2) Pause Young (Allocation Failure) 18M->4M(50M) 3.672ms
[0.829s][info][gc] GC(3) Pause Young (Allocation Failure) 18M->5M(50M) 2.770ms
[0.929s][info][gc] GC(4) Pause Young (Allocation Failure) 19M->5M(50M) 1.000ms
[1.051s][info][gc] GC(5) Pause Young (Allocation Failure) 19M->5M(50M) 1.835ms
[1.184s][info][gc] GC(6) Pause Young (Allocation Failure) 19M->6M(50M) 2.897ms
[1.185s][info][gc] GC(7) Pause Initial Mark 6M->6M(50M) 0.893ms
[1.185s][info][gc] GC(7) Concurrent Mark
[1.192s][info][gc] GC(7) Concurrent Mark 6.618ms
[1.192s][info][gc] GC(7) Concurrent Preclean
[1.192s][info][gc] GC(7) Concurrent Preclean 0.209ms
[1.197s][info][gc] GC(7) Pause Remark 7M->7M(50M) 4.417ms
[1.197s][info][gc] GC(7) Concurrent Sweep
[1.200s][info][gc] GC(7) Concurrent Sweep 3.011ms
[1.200s][info][gc] GC(7) Concurrent Reset
[1.200s][info][gc] GC(7) Concurrent Reset 0.060ms
[1.364s][info][gc] GC(8) Pause Young (Allocation Failure) 19M->6M(50M) 3.204ms
[1.492s][info][gc] GC(9) Pause Young (Allocation Failure) 20M->7M(50M) 6.053ms
[1.609s][info][gc] GC(10) Pause Young (Allocation Failure) 21M->7M(50M) 2.724ms
[1.722s][info][gc] GC(11) Pause Young (Allocation Failure) 21M->7M(50M) 2.213ms
[1.845s][info][gc] GC(12) Pause Young (Allocation Failure) 21M->7M(50M) 2.008ms
[2.015s][info][gc] GC(13) Pause Young (Allocation Failure) 21M->8M(50M) 3.819ms
[2.217s][info][gc] GC(14) Pause Young (Allocation Failure) 22M->9M(50M) 3.314ms
[2.337s][info][gc] GC(15) Pause Young (Allocation Failure) 23M->10M(50M) 5.337ms
[2.489s][info][gc] GC(16) Pause Young (Allocation Failure) 24M->10M(50M) 4.014ms
[2.654s][info][gc] GC(17) Pause Young (Allocation Failure) 24M->11M(50M) 3.233ms
[2.812s][info][gc] GC(18) Pause Young (Allocation Failure) 25M->12M(50M) 2.683ms
[6.670s][info][gc] GC(19) Pause Young (Allocation Failure) 26M->12M(50M) 6.946ms
[6.675s][info][gc] GC(20) Pause Initial Mark 12M->12M(50M) 0.658ms
[6.675s][info][gc] GC(20) Concurrent Mark
[6.694s][info][gc] GC(20) Concurrent Mark 18.688ms
[6.694s][info][gc] GC(20) Concurrent Preclean
[6.694s][info][gc] GC(20) Concurrent Preclean 0.343ms
[6.709s][info][gc] GC(20) Pause Remark 14M->14M(50M) 14.383ms
[6.709s][info][gc] GC(20) Concurrent Sweep
[6.718s][info][gc] GC(20) Concurrent Sweep 8.484ms
[6.718s][info][gc] GC(20) Concurrent Reset
[6.718s][info][gc] GC(20) Concurrent Reset 0.045ms
[6.805s][info][gc] GC(22) Pause Full (Allocation Failure) 10M->9M(50M) 43.429ms
[6.805s][info][gc] GC(21) Pause Young (Allocation Failure) 15M->9M(50M) 45.703ms
[6.844s][info][gc] GC(23) Pause Full (Allocation Failure) 9M->7M(50M) 38.828ms
[9.556s][info][gc] GC(25) Pause Full (Allocation Failure) 8M->8M(50M) 36.822ms
[9.556s][info][gc] GC(24) Pause Young (Allocation Failure) 14M->8M(50M) 39.500ms
[9.590s][info][gc] GC(26) Pause Full (Allocation Failure) 8M->8M(50M) 33.072ms
