[0.010s][info][gc] Using Concurrent Mark Sweep
[0.389s][info][gc] GC(0) Pause Young (Allocation Failure) 13M->2M(50M) 6.288ms
[0.588s][info][gc] GC(1) Pause Young (Allocation Failure) 16M->4M(50M) 4.926ms
[0.741s][info][gc] GC(2) Pause Young (GCLocker Initiated GC) 18M->4M(50M) 2.539ms
[0.830s][info][gc] GC(3) Pause Young (Allocation Failure) 18M->4M(50M) 2.458ms
[0.923s][info][gc] GC(4) Pause Young (Allocation Failure) 18M->4M(50M) 1.822ms
[1.022s][info][gc] GC(5) Pause Young (Allocation Failure) 18M->5M(50M) 1.750ms
[1.156s][info][gc] GC(6) Pause Young (Allocation Failure) 19M->5M(50M) 2.305ms
[1.157s][info][gc] GC(7) Pause Initial Mark 5M->5M(50M) 0.618ms
[1.157s][info][gc] GC(7) Concurrent Mark
[1.162s][info][gc] GC(7) Concurrent Mark 5.488ms
[1.163s][info][gc] GC(7) Concurrent Preclean
[1.163s][info][gc] GC(7) Concurrent Preclean 0.160ms
[1.166s][info][gc] GC(7) Pause Remark 6M->6M(50M) 2.947ms
[1.166s][info][gc] GC(7) Concurrent Sweep
[1.168s][info][gc] GC(7) Concurrent Sweep 2.209ms
[1.168s][info][gc] GC(7) Concurrent Reset
[1.168s][info][gc] GC(7) Concurrent Reset 0.067ms
[1.327s][info][gc] GC(8) Pause Young (Allocation Failure) 19M->6M(50M) 4.471ms
[1.448s][info][gc] GC(9) Pause Young (Allocation Failure) 20M->7M(50M) 5.626ms
[1.583s][info][gc] GC(10) Pause Young (Allocation Failure) 21M->8M(50M) 4.813ms
[1.674s][info][gc] GC(11) Pause Young (Allocation Failure) 22M->8M(50M) 4.011ms
[1.825s][info][gc] GC(12) Pause Young (Allocation Failure) 22M->9M(50M) 3.002ms
[2.003s][info][gc] GC(13) Pause Young (Allocation Failure) 23M->9M(50M) 3.855ms
[2.187s][info][gc] GC(14) Pause Young (Allocation Failure) 23M->10M(50M) 4.764ms
[2.298s][info][gc] GC(15) Pause Young (Allocation Failure) 24M->11M(50M) 4.726ms
[2.445s][info][gc] GC(16) Pause Young (Allocation Failure) 25M->11M(50M) 4.928ms
[2.611s][info][gc] GC(17) Pause Young (Allocation Failure) 25M->12M(50M) 3.424ms
[2.762s][info][gc] GC(18) Pause Young (Allocation Failure) 26M->13M(50M) 4.141ms
[68.201s][info][gc] GC(19) Pause Young (Allocation Failure) 27M->14M(50M) 4.799ms
[68.202s][info][gc] GC(20) Pause Initial Mark 14M->14M(50M) 0.794ms
[68.202s][info][gc] GC(20) Concurrent Mark
[68.218s][info][gc] GC(20) Concurrent Mark 15.705ms
[68.218s][info][gc] GC(20) Concurrent Preclean
[68.218s][info][gc] GC(20) Concurrent Preclean 0.366ms
[68.233s][info][gc] GC(20) Pause Remark 15M->15M(50M) 14.489ms
[68.233s][info][gc] GC(20) Concurrent Sweep
[68.243s][info][gc] GC(20) Concurrent Sweep 9.704ms
[68.243s][info][gc] GC(20) Concurrent Reset
[68.243s][info][gc] GC(20) Concurrent Reset 0.041ms
[69.406s][info][gc] GC(21) Pause Young (Allocation Failure) 22M->11M(50M) 3.529ms
[74.414s][info][gc] GC(22) Pause Young (Allocation Failure) 25M->25M(50M) 8.048ms
[74.414s][info][gc] GC(23) Pause Initial Mark 26M->26M(50M) 0.291ms
[74.414s][info][gc] GC(23) Concurrent Mark
[74.432s][info][gc] GC(23) Concurrent Mark 17.218ms
[74.432s][info][gc] GC(23) Concurrent Preclean
[74.432s][info][gc] GC(23) Concurrent Preclean 0.332ms
[74.445s][info][gc] GC(23) Pause Remark 26M->26M(50M) 12.495ms
[74.449s][info][gc] GC(23) Concurrent Sweep
[74.456s][info][gc] GC(23) Concurrent Sweep 7.050ms
[74.456s][info][gc] GC(23) Concurrent Reset
[74.456s][info][gc] GC(23) Concurrent Reset 0.040ms
[76.458s][info][gc] GC(24) Pause Initial Mark 31M->31M(50M) 0.641ms
[76.458s][info][gc] GC(24) Concurrent Mark
[76.471s][info][gc] GC(24) Concurrent Mark 13.656ms
[76.471s][info][gc] GC(24) Concurrent Preclean
[76.472s][info][gc] GC(24) Concurrent Preclean 0.508ms
[76.472s][info][gc] GC(24) Concurrent Abortable Preclean
[78.432s][info][gc] GC(24) Concurrent Abortable Preclean 1960.011ms
[78.438s][info][gc] GC(24) Pause Remark 35M->35M(50M) 5.964ms
[78.438s][info][gc] GC(24) Concurrent Sweep
[78.448s][info][gc] GC(24) Concurrent Sweep 9.361ms
[78.448s][info][gc] GC(24) Concurrent Reset
[78.448s][info][gc] GC(24) Concurrent Reset 0.030ms
[79.906s][info][gc] GC(26) Pause Full (Allocation Failure) 38M->37M(50M) 57.979ms
[79.906s][info][gc] GC(25) Pause Young (Allocation Failure) 38M->37M(50M) 58.133ms
[79.906s][info][gc] GC(27) Pause Initial Mark 38M->38M(50M) 0.479ms
[79.908s][info][gc] GC(27) Concurrent Mark
[79.926s][info][gc] GC(27) Concurrent Mark 18.154ms
[79.926s][info][gc] GC(27) Concurrent Preclean
[79.940s][info][gc] GC(27) Concurrent Preclean 13.501ms
[79.940s][info][gc] GC(27) Concurrent Abortable Preclean
[79.940s][info][gc] GC(27) Concurrent Abortable Preclean 0.010ms
[79.947s][info][gc] GC(27) Pause Remark 38M->38M(50M) 7.142ms
[79.948s][info][gc] GC(27) Concurrent Sweep
[79.951s][info][gc] GC(27) Concurrent Sweep 3.715ms
[79.951s][info][gc] GC(27) Concurrent Reset
[79.951s][info][gc] GC(27) Concurrent Reset 0.027ms
[81.952s][info][gc] GC(28) Pause Initial Mark 44M->44M(50M) 0.465ms
[81.952s][info][gc] GC(28) Concurrent Mark
[81.965s][info][gc] GC(28) Concurrent Mark 12.653ms
[81.965s][info][gc] GC(28) Concurrent Preclean
[81.965s][info][gc] GC(28) Concurrent Preclean 0.286ms
[81.965s][info][gc] GC(28) Concurrent Abortable Preclean
[81.965s][info][gc] GC(28) Concurrent Abortable Preclean 0.015ms
[81.971s][info][gc] GC(28) Pause Remark 44M->44M(50M) 5.752ms
[81.971s][info][gc] GC(28) Concurrent Sweep
[81.975s][info][gc] GC(28) Concurrent Sweep 3.497ms
[81.975s][info][gc] GC(28) Concurrent Reset
[81.975s][info][gc] GC(28) Concurrent Reset 0.029ms
[83.579s][info][gc] GC(30) Pause Full (Allocation Failure) 48M->47M(50M) 38.272ms
[83.579s][info][gc] GC(29) Pause Young (Allocation Failure) 48M->47M(50M) 38.396ms
[83.618s][info][gc] GC(31) Pause Full (Allocation Failure) 47M->47M(50M) 39.130ms
[83.618s][info][gc] GC(32) Pause Initial Mark 47M->47M(50M) 0.258ms
[83.619s][info][gc] GC(32) Concurrent Mark
[83.635s][info][gc] GC(32) Concurrent Mark 16.256ms
[83.635s][info][gc] GC(32) Concurrent Preclean
[83.650s][info][gc] GC(32) Concurrent Preclean 14.745ms
[83.650s][info][gc] GC(32) Concurrent Abortable Preclean
[83.650s][info][gc] GC(32) Concurrent Abortable Preclean 0.015ms
[83.657s][info][gc] GC(32) Pause Remark 49M->49M(50M) 6.768ms
[83.657s][info][gc] GC(32) Concurrent Sweep
[83.661s][info][gc] GC(32) Concurrent Sweep 4.304ms
[83.697s][info][gc] GC(34) Pause Full (Allocation Failure) 49M->47M(50M) 36.142ms
[83.698s][info][gc] GC(33) Pause Young (Allocation Failure) 49M->47M(50M) 36.252ms
[83.767s][info][gc] GC(35) Pause Full (Allocation Failure) 50M->48M(50M) 39.076ms
[83.767s][info][gc] GC(36) Pause Initial Mark 48M->48M(50M) 0.479ms
[83.767s][info][gc] GC(36) Concurrent Mark
[83.783s][info][gc] GC(36) Concurrent Mark 15.402ms
[83.783s][info][gc] GC(36) Concurrent Preclean
[83.796s][info][gc] GC(36) Concurrent Preclean 13.195ms
[83.796s][info][gc] GC(36) Concurrent Abortable Preclean
[83.796s][info][gc] GC(36) Concurrent Abortable Preclean 0.018ms
[83.814s][info][gc] GC(36) Pause Remark 49M->49M(50M) 16.646ms
[83.815s][info][gc] GC(36) Concurrent Sweep
[83.820s][info][gc] GC(36) Concurrent Sweep 4.582ms
[83.820s][info][gc] GC(36) Concurrent Reset
[83.820s][info][gc] GC(36) Concurrent Reset 0.038ms
[85.822s][info][gc] GC(37) Pause Initial Mark 49M->49M(50M) 1.317ms
[85.822s][info][gc] GC(37) Concurrent Mark
[85.834s][info][gc] GC(37) Concurrent Mark 11.978ms
[85.835s][info][gc] GC(37) Concurrent Preclean
[85.835s][info][gc] GC(37) Concurrent Preclean 0.272ms
[85.835s][info][gc] GC(37) Concurrent Abortable Preclean
[85.835s][info][gc] GC(37) Concurrent Abortable Preclean 0.015ms
[85.841s][info][gc] GC(37) Pause Remark 49M->49M(50M) 5.814ms
[85.841s][info][gc] GC(37) Concurrent Sweep
[85.844s][info][gc] GC(37) Concurrent Sweep 3.271ms
[85.844s][info][gc] GC(37) Concurrent Reset
[85.844s][info][gc] GC(37) Concurrent Reset 0.028ms
[87.845s][info][gc] GC(38) Pause Initial Mark 49M->49M(50M) 1.081ms
[87.845s][info][gc] GC(38) Concurrent Mark
[87.857s][info][gc] GC(38) Concurrent Mark 11.889ms
[87.857s][info][gc] GC(38) Concurrent Preclean
[87.857s][info][gc] GC(38) Concurrent Preclean 0.147ms
[87.857s][info][gc] GC(38) Concurrent Abortable Preclean
[87.857s][info][gc] GC(38) Concurrent Abortable Preclean 0.014ms
[87.864s][info][gc] GC(38) Pause Remark 49M->49M(50M) 6.642ms
[87.864s][info][gc] GC(38) Concurrent Sweep
[87.867s][info][gc] GC(38) Concurrent Sweep 3.065ms
[87.867s][info][gc] GC(38) Concurrent Reset
[87.867s][info][gc] GC(38) Concurrent Reset 0.026ms
[89.868s][info][gc] GC(39) Pause Initial Mark 49M->49M(50M) 1.162ms
[89.868s][info][gc] GC(39) Concurrent Mark
[89.881s][info][gc] GC(39) Concurrent Mark 12.396ms
[89.881s][info][gc] GC(39) Concurrent Preclean
[89.881s][info][gc] GC(39) Concurrent Preclean 0.145ms
[89.881s][info][gc] GC(39) Concurrent Abortable Preclean
[89.881s][info][gc] GC(39) Concurrent Abortable Preclean 0.018ms
[89.887s][info][gc] GC(39) Pause Remark 49M->49M(50M) 5.949ms
[89.887s][info][gc] GC(39) Concurrent Sweep
[89.890s][info][gc] GC(39) Concurrent Sweep 3.159ms
[89.890s][info][gc] GC(39) Concurrent Reset
[89.891s][info][gc] GC(39) Concurrent Reset 0.030ms
[91.891s][info][gc] GC(40) Pause Initial Mark 49M->49M(50M) 1.042ms
[91.891s][info][gc] GC(40) Concurrent Mark
[91.903s][info][gc] GC(40) Concurrent Mark 12.056ms
[91.903s][info][gc] GC(40) Concurrent Preclean
[91.903s][info][gc] GC(40) Concurrent Preclean 0.145ms
[91.903s][info][gc] GC(40) Concurrent Abortable Preclean
[91.903s][info][gc] GC(40) Concurrent Abortable Preclean 0.016ms
[91.909s][info][gc] GC(40) Pause Remark 49M->49M(50M) 5.815ms
[91.909s][info][gc] GC(40) Concurrent Sweep
[91.913s][info][gc] GC(40) Concurrent Sweep 3.153ms
[91.913s][info][gc] GC(40) Concurrent Reset
[91.913s][info][gc] GC(40) Concurrent Reset 0.028ms
[93.916s][info][gc] GC(41) Pause Initial Mark 49M->49M(50M) 1.325ms
[93.916s][info][gc] GC(41) Concurrent Mark
[93.928s][info][gc] GC(41) Concurrent Mark 12.133ms
[93.928s][info][gc] GC(41) Concurrent Preclean
[93.928s][info][gc] GC(41) Concurrent Preclean 0.171ms
[93.928s][info][gc] GC(41) Concurrent Abortable Preclean
[93.928s][info][gc] GC(41) Concurrent Abortable Preclean 0.017ms
[93.938s][info][gc] GC(41) Pause Remark 49M->49M(50M) 9.500ms
[93.938s][info][gc] GC(41) Concurrent Sweep
[93.942s][info][gc] GC(41) Concurrent Sweep 4.030ms
[93.942s][info][gc] GC(41) Concurrent Reset
[93.942s][info][gc] GC(41) Concurrent Reset 0.155ms
[95.948s][info][gc] GC(42) Pause Initial Mark 49M->49M(50M) 1.463ms
[95.948s][info][gc] GC(42) Concurrent Mark
[95.960s][info][gc] GC(42) Concurrent Mark 12.083ms
[95.960s][info][gc] GC(42) Concurrent Preclean
[95.961s][info][gc] GC(42) Concurrent Preclean 0.159ms
[95.961s][info][gc] GC(42) Concurrent Abortable Preclean
[95.961s][info][gc] GC(42) Concurrent Abortable Preclean 0.017ms
[95.967s][info][gc] GC(42) Pause Remark 49M->49M(50M) 6.300ms
[95.967s][info][gc] GC(42) Concurrent Sweep
[95.970s][info][gc] GC(42) Concurrent Sweep 3.141ms
[95.970s][info][gc] GC(42) Concurrent Reset
[95.970s][info][gc] GC(42) Concurrent Reset 0.030ms
[97.972s][info][gc] GC(43) Pause Initial Mark 49M->49M(50M) 1.283ms
[97.972s][info][gc] GC(43) Concurrent Mark
[97.984s][info][gc] GC(43) Concurrent Mark 12.288ms
[97.984s][info][gc] GC(43) Concurrent Preclean
[97.984s][info][gc] GC(43) Concurrent Preclean 0.143ms
[97.984s][info][gc] GC(43) Concurrent Abortable Preclean
[97.984s][info][gc] GC(43) Concurrent Abortable Preclean 0.016ms
[97.991s][info][gc] GC(43) Pause Remark 49M->49M(50M) 6.310ms
[97.991s][info][gc] GC(43) Concurrent Sweep
[97.994s][info][gc] GC(43) Concurrent Sweep 3.257ms
[97.994s][info][gc] GC(43) Concurrent Reset
[97.994s][info][gc] GC(43) Concurrent Reset 0.030ms
[99.996s][info][gc] GC(44) Pause Initial Mark 49M->49M(50M) 1.125ms
[99.996s][info][gc] GC(44) Concurrent Mark
[100.009s][info][gc] GC(44) Concurrent Mark 13.311ms
[100.010s][info][gc] GC(44) Concurrent Preclean
[100.010s][info][gc] GC(44) Concurrent Preclean 0.127ms
[100.010s][info][gc] GC(44) Concurrent Abortable Preclean
[100.010s][info][gc] GC(44) Concurrent Abortable Preclean 0.015ms
[100.015s][info][gc] GC(44) Pause Remark 49M->49M(50M) 5.519ms
[100.015s][info][gc] GC(44) Concurrent Sweep
[100.019s][info][gc] GC(44) Concurrent Sweep 3.129ms
[100.019s][info][gc] GC(44) Concurrent Reset
[100.019s][info][gc] GC(44) Concurrent Reset 0.030ms
[102.020s][info][gc] GC(45) Pause Initial Mark 49M->49M(50M) 1.098ms
[102.020s][info][gc] GC(45) Concurrent Mark
[102.036s][info][gc] GC(45) Concurrent Mark 15.839ms
[102.036s][info][gc] GC(45) Concurrent Preclean
[102.036s][info][gc] GC(45) Concurrent Preclean 0.143ms
[102.036s][info][gc] GC(45) Concurrent Abortable Preclean
[102.036s][info][gc] GC(45) Concurrent Abortable Preclean 0.014ms
[102.043s][info][gc] GC(45) Pause Remark 49M->49M(50M) 6.897ms
[102.043s][info][gc] GC(45) Concurrent Sweep
[102.046s][info][gc] GC(45) Concurrent Sweep 3.050ms
[102.046s][info][gc] GC(45) Concurrent Reset
[102.046s][info][gc] GC(45) Concurrent Reset 0.027ms
[104.051s][info][gc] GC(46) Pause Initial Mark 49M->49M(50M) 1.319ms
[104.051s][info][gc] GC(46) Concurrent Mark
[104.063s][info][gc] GC(46) Concurrent Mark 12.291ms
[104.063s][info][gc] GC(46) Concurrent Preclean
[104.063s][info][gc] GC(46) Concurrent Preclean 0.171ms
[104.064s][info][gc] GC(46) Concurrent Abortable Preclean
[104.064s][info][gc] GC(46) Concurrent Abortable Preclean 0.014ms
[104.069s][info][gc] GC(46) Pause Remark 49M->49M(50M) 5.805ms
[104.070s][info][gc] GC(46) Concurrent Sweep
[104.073s][info][gc] GC(46) Concurrent Sweep 3.282ms
[104.073s][info][gc] GC(46) Concurrent Reset
[104.073s][info][gc] GC(46) Concurrent Reset 0.026ms
[106.074s][info][gc] GC(47) Pause Initial Mark 49M->49M(50M) 1.391ms
[106.074s][info][gc] GC(47) Concurrent Mark
[106.086s][info][gc] GC(47) Concurrent Mark 11.827ms
[106.086s][info][gc] GC(47) Concurrent Preclean
[106.086s][info][gc] GC(47) Concurrent Preclean 0.140ms
[106.086s][info][gc] GC(47) Concurrent Abortable Preclean
[106.086s][info][gc] GC(47) Concurrent Abortable Preclean 0.014ms
[106.093s][info][gc] GC(47) Pause Remark 49M->49M(50M) 7.521ms
[106.094s][info][gc] GC(47) Concurrent Sweep
[106.097s][info][gc] GC(47) Concurrent Sweep 3.354ms
[106.130s][info][gc] GC(47) Concurrent Reset
[106.130s][info][gc] GC(47) Concurrent Reset 0.178ms
[108.136s][info][gc] GC(48) Pause Initial Mark 49M->49M(50M) 3.641ms
[108.136s][info][gc] GC(48) Concurrent Mark
[108.147s][info][gc] GC(48) Concurrent Mark 11.441ms
[108.147s][info][gc] GC(48) Concurrent Preclean
[108.147s][info][gc] GC(48) Concurrent Preclean 0.141ms
[108.148s][info][gc] GC(48) Concurrent Abortable Preclean
[108.148s][info][gc] GC(48) Concurrent Abortable Preclean 0.014ms
[108.153s][info][gc] GC(48) Pause Remark 49M->49M(50M) 5.818ms
[108.154s][info][gc] GC(48) Concurrent Sweep
[108.157s][info][gc] GC(48) Concurrent Sweep 3.254ms
[108.157s][info][gc] GC(48) Concurrent Reset
[108.157s][info][gc] GC(48) Concurrent Reset 0.028ms
[110.162s][info][gc] GC(49) Pause Initial Mark 49M->49M(50M) 1.478ms
[110.162s][info][gc] GC(49) Concurrent Mark
[110.176s][info][gc] GC(49) Concurrent Mark 13.487ms
[110.176s][info][gc] GC(49) Concurrent Preclean
[110.176s][info][gc] GC(49) Concurrent Preclean 0.143ms
[110.176s][info][gc] GC(49) Concurrent Abortable Preclean
[110.176s][info][gc] GC(49) Concurrent Abortable Preclean 0.014ms
[110.183s][info][gc] GC(49) Pause Remark 49M->49M(50M) 6.942ms
[110.183s][info][gc] GC(49) Concurrent Sweep
[110.187s][info][gc] GC(49) Concurrent Sweep 3.282ms
[110.187s][info][gc] GC(49) Concurrent Reset
[110.187s][info][gc] GC(49) Concurrent Reset 0.027ms
[112.190s][info][gc] GC(50) Pause Initial Mark 49M->49M(50M) 1.290ms
[112.191s][info][gc] GC(50) Concurrent Mark
[112.203s][info][gc] GC(50) Concurrent Mark 12.619ms
[112.203s][info][gc] GC(50) Concurrent Preclean
[112.204s][info][gc] GC(50) Concurrent Preclean 0.233ms
[112.204s][info][gc] GC(50) Concurrent Abortable Preclean
[112.204s][info][gc] GC(50) Concurrent Abortable Preclean 0.044ms
[112.213s][info][gc] GC(50) Pause Remark 49M->49M(50M) 8.592ms
[112.213s][info][gc] GC(50) Concurrent Sweep
[112.216s][info][gc] GC(50) Concurrent Sweep 3.273ms
[112.216s][info][gc] GC(50) Concurrent Reset
[112.216s][info][gc] GC(50) Concurrent Reset 0.028ms
[114.221s][info][gc] GC(51) Pause Initial Mark 49M->49M(50M) 1.314ms
[114.221s][info][gc] GC(51) Concurrent Mark
[114.234s][info][gc] GC(51) Concurrent Mark 12.331ms
[114.234s][info][gc] GC(51) Concurrent Preclean
[114.234s][info][gc] GC(51) Concurrent Preclean 0.150ms
[114.234s][info][gc] GC(51) Concurrent Abortable Preclean
[114.234s][info][gc] GC(51) Concurrent Abortable Preclean 0.032ms
[114.240s][info][gc] GC(51) Pause Remark 49M->49M(50M) 5.848ms
[114.240s][info][gc] GC(51) Concurrent Sweep
[114.243s][info][gc] GC(51) Concurrent Sweep 3.096ms
[114.243s][info][gc] GC(51) Concurrent Reset
[114.243s][info][gc] GC(51) Concurrent Reset 0.026ms
[116.244s][info][gc] GC(52) Pause Initial Mark 49M->49M(50M) 1.162ms
[116.244s][info][gc] GC(52) Concurrent Mark
[116.260s][info][gc] GC(52) Concurrent Mark 15.789ms
[116.260s][info][gc] GC(52) Concurrent Preclean
[116.260s][info][gc] GC(52) Concurrent Preclean 0.262ms
[116.260s][info][gc] GC(52) Concurrent Abortable Preclean
[116.260s][info][gc] GC(52) Concurrent Abortable Preclean 0.016ms
[116.266s][info][gc] GC(52) Pause Remark 49M->49M(50M) 5.495ms
[116.266s][info][gc] GC(52) Concurrent Sweep
[116.269s][info][gc] GC(52) Concurrent Sweep 3.287ms
[116.269s][info][gc] GC(52) Concurrent Reset
[116.269s][info][gc] GC(52) Concurrent Reset 0.030ms
[118.274s][info][gc] GC(53) Pause Initial Mark 49M->49M(50M) 1.443ms
[118.274s][info][gc] GC(53) Concurrent Mark
[118.288s][info][gc] GC(53) Concurrent Mark 14.039ms
[118.288s][info][gc] GC(53) Concurrent Preclean
[118.288s][info][gc] GC(53) Concurrent Preclean 0.144ms
[118.288s][info][gc] GC(53) Concurrent Abortable Preclean
[118.288s][info][gc] GC(53) Concurrent Abortable Preclean 0.016ms
[118.296s][info][gc] GC(53) Pause Remark 49M->49M(50M) 7.643ms
[118.296s][info][gc] GC(53) Concurrent Sweep
[118.299s][info][gc] GC(53) Concurrent Sweep 3.279ms
[118.299s][info][gc] GC(53) Concurrent Reset
[118.300s][info][gc] GC(53) Concurrent Reset 0.029ms
[120.301s][info][gc] GC(54) Pause Initial Mark 49M->49M(50M) 1.743ms
[120.301s][info][gc] GC(54) Concurrent Mark
[120.312s][info][gc] GC(54) Concurrent Mark 11.505ms
[120.312s][info][gc] GC(54) Concurrent Preclean
[120.313s][info][gc] GC(54) Concurrent Preclean 0.143ms
[120.313s][info][gc] GC(54) Concurrent Abortable Preclean
[120.313s][info][gc] GC(54) Concurrent Abortable Preclean 0.019ms
[120.321s][info][gc] GC(54) Pause Remark 49M->49M(50M) 7.837ms
[120.321s][info][gc] GC(54) Concurrent Sweep
[120.327s][info][gc] GC(54) Concurrent Sweep 6.293ms
[120.327s][info][gc] GC(54) Concurrent Reset
[120.327s][info][gc] GC(54) Concurrent Reset 0.132ms
[122.329s][info][gc] GC(55) Pause Initial Mark 49M->49M(50M) 1.343ms
[122.329s][info][gc] GC(55) Concurrent Mark
[122.341s][info][gc] GC(55) Concurrent Mark 12.055ms
[122.341s][info][gc] GC(55) Concurrent Preclean
[122.342s][info][gc] GC(55) Concurrent Preclean 0.150ms
[122.342s][info][gc] GC(55) Concurrent Abortable Preclean
[122.342s][info][gc] GC(55) Concurrent Abortable Preclean 0.019ms
[122.347s][info][gc] GC(55) Pause Remark 49M->49M(50M) 5.792ms
[122.348s][info][gc] GC(55) Concurrent Sweep
[122.351s][info][gc] GC(55) Concurrent Sweep 3.070ms
[122.351s][info][gc] GC(55) Concurrent Reset
[122.351s][info][gc] GC(55) Concurrent Reset 0.028ms
[124.352s][info][gc] GC(56) Pause Initial Mark 49M->49M(50M) 1.257ms
[124.352s][info][gc] GC(56) Concurrent Mark
[124.364s][info][gc] GC(56) Concurrent Mark 11.455ms
[124.364s][info][gc] GC(56) Concurrent Preclean
[124.364s][info][gc] GC(56) Concurrent Preclean 0.185ms
[124.364s][info][gc] GC(56) Concurrent Abortable Preclean
[124.364s][info][gc] GC(56) Concurrent Abortable Preclean 0.018ms
[124.370s][info][gc] GC(56) Pause Remark 49M->49M(50M) 5.781ms
[124.370s][info][gc] GC(56) Concurrent Sweep
[124.373s][info][gc] GC(56) Concurrent Sweep 3.211ms
[124.373s][info][gc] GC(56) Concurrent Reset
[124.374s][info][gc] GC(56) Concurrent Reset 0.029ms
[126.375s][info][gc] GC(57) Pause Initial Mark 49M->49M(50M) 1.391ms
[126.375s][info][gc] GC(57) Concurrent Mark
[126.388s][info][gc] GC(57) Concurrent Mark 12.791ms
[126.388s][info][gc] GC(57) Concurrent Preclean
[126.388s][info][gc] GC(57) Concurrent Preclean 0.151ms
[126.388s][info][gc] GC(57) Concurrent Abortable Preclean
[126.388s][info][gc] GC(57) Concurrent Abortable Preclean 0.017ms
[126.394s][info][gc] GC(57) Pause Remark 49M->49M(50M) 6.106ms
[126.394s][info][gc] GC(57) Concurrent Sweep
[126.397s][info][gc] GC(57) Concurrent Sweep 3.181ms
[126.398s][info][gc] GC(57) Concurrent Reset
[126.398s][info][gc] GC(57) Concurrent Reset 0.026ms
[128.400s][info][gc] GC(58) Pause Initial Mark 49M->49M(50M) 1.245ms
[128.400s][info][gc] GC(58) Concurrent Mark
[128.412s][info][gc] GC(58) Concurrent Mark 12.463ms
[128.412s][info][gc] GC(58) Concurrent Preclean
[128.412s][info][gc] GC(58) Concurrent Preclean 0.159ms
[128.412s][info][gc] GC(58) Concurrent Abortable Preclean
[128.412s][info][gc] GC(58) Concurrent Abortable Preclean 0.013ms
[128.418s][info][gc] GC(58) Pause Remark 49M->49M(50M) 5.731ms
[128.418s][info][gc] GC(58) Concurrent Sweep
[128.421s][info][gc] GC(58) Concurrent Sweep 3.073ms
[128.422s][info][gc] GC(58) Concurrent Reset
[128.422s][info][gc] GC(58) Concurrent Reset 0.026ms
[130.427s][info][gc] GC(59) Pause Initial Mark 49M->49M(50M) 1.334ms
[130.427s][info][gc] GC(59) Concurrent Mark
[130.439s][info][gc] GC(59) Concurrent Mark 12.258ms
[130.439s][info][gc] GC(59) Concurrent Preclean
[130.439s][info][gc] GC(59) Concurrent Preclean 0.145ms
[130.439s][info][gc] GC(59) Concurrent Abortable Preclean
[130.439s][info][gc] GC(59) Concurrent Abortable Preclean 0.013ms
[130.446s][info][gc] GC(59) Pause Remark 49M->49M(50M) 6.658ms
[130.446s][info][gc] GC(59) Concurrent Sweep
[130.449s][info][gc] GC(59) Concurrent Sweep 3.070ms
[130.449s][info][gc] GC(59) Concurrent Reset
[130.449s][info][gc] GC(59) Concurrent Reset 0.026ms
[132.452s][info][gc] GC(60) Pause Initial Mark 49M->49M(50M) 1.968ms
[132.452s][info][gc] GC(60) Concurrent Mark
[132.465s][info][gc] GC(60) Concurrent Mark 12.585ms
[132.465s][info][gc] GC(60) Concurrent Preclean
[132.465s][info][gc] GC(60) Concurrent Preclean 0.160ms
[132.465s][info][gc] GC(60) Concurrent Abortable Preclean
[132.465s][info][gc] GC(60) Concurrent Abortable Preclean 0.025ms
[132.471s][info][gc] GC(60) Pause Remark 49M->49M(50M) 5.490ms
[132.471s][info][gc] GC(60) Concurrent Sweep
[132.474s][info][gc] GC(60) Concurrent Sweep 3.051ms
[132.474s][info][gc] GC(60) Concurrent Reset
[132.474s][info][gc] GC(60) Concurrent Reset 0.026ms
[134.475s][info][gc] GC(61) Pause Initial Mark 49M->49M(50M) 0.918ms
[134.475s][info][gc] GC(61) Concurrent Mark
[134.484s][info][gc] GC(61) Concurrent Mark 9.261ms
[134.485s][info][gc] GC(61) Concurrent Preclean
[134.485s][info][gc] GC(61) Concurrent Preclean 0.143ms
[134.485s][info][gc] GC(61) Concurrent Abortable Preclean
[134.485s][info][gc] GC(61) Concurrent Abortable Preclean 0.012ms
[134.491s][info][gc] GC(61) Pause Remark 49M->49M(50M) 6.155ms
[134.491s][info][gc] GC(61) Concurrent Sweep
[134.497s][info][gc] GC(61) Concurrent Sweep 5.812ms
[134.497s][info][gc] GC(61) Concurrent Reset
[134.497s][info][gc] GC(61) Concurrent Reset 0.026ms
[136.498s][info][gc] GC(62) Pause Initial Mark 49M->49M(50M) 1.349ms
[136.499s][info][gc] GC(62) Concurrent Mark
[136.511s][info][gc] GC(62) Concurrent Mark 12.040ms
[136.511s][info][gc] GC(62) Concurrent Preclean
[136.511s][info][gc] GC(62) Concurrent Preclean 0.140ms
[136.511s][info][gc] GC(62) Concurrent Abortable Preclean
[136.511s][info][gc] GC(62) Concurrent Abortable Preclean 0.013ms
[136.517s][info][gc] GC(62) Pause Remark 49M->49M(50M) 5.745ms
[136.517s][info][gc] GC(62) Concurrent Sweep
[136.520s][info][gc] GC(62) Concurrent Sweep 3.249ms
[136.520s][info][gc] GC(62) Concurrent Reset
[136.520s][info][gc] GC(62) Concurrent Reset 0.028ms
[138.524s][info][gc] GC(63) Pause Initial Mark 49M->49M(50M) 1.806ms
[138.525s][info][gc] GC(63) Concurrent Mark
[138.536s][info][gc] GC(63) Concurrent Mark 11.880ms
[138.536s][info][gc] GC(63) Concurrent Preclean
[138.537s][info][gc] GC(63) Concurrent Preclean 0.185ms
[138.537s][info][gc] GC(63) Concurrent Abortable Preclean
[138.537s][info][gc] GC(63) Concurrent Abortable Preclean 0.014ms
[138.544s][info][gc] GC(63) Pause Remark 49M->49M(50M) 7.219ms
[138.544s][info][gc] GC(63) Concurrent Sweep
[138.547s][info][gc] GC(63) Concurrent Sweep 3.059ms
[138.547s][info][gc] GC(63) Concurrent Reset
[138.547s][info][gc] GC(63) Concurrent Reset 0.026ms
[140.551s][info][gc] GC(64) Pause Initial Mark 49M->49M(50M) 0.822ms
[140.551s][info][gc] GC(64) Concurrent Mark
[140.561s][info][gc] GC(64) Concurrent Mark 9.890ms
[140.561s][info][gc] GC(64) Concurrent Preclean
[140.561s][info][gc] GC(64) Concurrent Preclean 0.159ms
[140.561s][info][gc] GC(64) Concurrent Abortable Preclean
[140.561s][info][gc] GC(64) Concurrent Abortable Preclean 0.012ms
[140.570s][info][gc] GC(64) Pause Remark 49M->49M(50M) 9.325ms
[140.570s][info][gc] GC(64) Concurrent Sweep
[140.574s][info][gc] GC(64) Concurrent Sweep 3.319ms
[140.574s][info][gc] GC(64) Concurrent Reset
[140.574s][info][gc] GC(64) Concurrent Reset 0.027ms
[142.575s][info][gc] GC(65) Pause Initial Mark 49M->49M(50M) 1.298ms
[142.575s][info][gc] GC(65) Concurrent Mark
[142.587s][info][gc] GC(65) Concurrent Mark 11.654ms
[142.587s][info][gc] GC(65) Concurrent Preclean
[142.587s][info][gc] GC(65) Concurrent Preclean 0.148ms
[142.587s][info][gc] GC(65) Concurrent Abortable Preclean
[142.587s][info][gc] GC(65) Concurrent Abortable Preclean 0.014ms
[142.594s][info][gc] GC(65) Pause Remark 49M->49M(50M) 6.511ms
[142.594s][info][gc] GC(65) Concurrent Sweep
[142.597s][info][gc] GC(65) Concurrent Sweep 3.165ms
[142.597s][info][gc] GC(65) Concurrent Reset
[142.597s][info][gc] GC(65) Concurrent Reset 0.026ms
[144.602s][info][gc] GC(66) Pause Initial Mark 49M->49M(50M) 1.595ms
[144.602s][info][gc] GC(66) Concurrent Mark
[144.616s][info][gc] GC(66) Concurrent Mark 13.502ms
[144.616s][info][gc] GC(66) Concurrent Preclean
[144.616s][info][gc] GC(66) Concurrent Preclean 0.161ms
[144.616s][info][gc] GC(66) Concurrent Abortable Preclean
[144.616s][info][gc] GC(66) Concurrent Abortable Preclean 0.013ms
[144.622s][info][gc] GC(66) Pause Remark 49M->49M(50M) 5.318ms
[144.622s][info][gc] GC(66) Concurrent Sweep
[144.625s][info][gc] GC(66) Concurrent Sweep 3.244ms
[144.625s][info][gc] GC(66) Concurrent Reset
[144.625s][info][gc] GC(66) Concurrent Reset 0.026ms
[146.630s][info][gc] GC(67) Pause Initial Mark 49M->49M(50M) 2.309ms
[146.630s][info][gc] GC(67) Concurrent Mark
[146.643s][info][gc] GC(67) Concurrent Mark 13.013ms
[146.643s][info][gc] GC(67) Concurrent Preclean
[146.644s][info][gc] GC(67) Concurrent Preclean 0.152ms
[146.644s][info][gc] GC(67) Concurrent Abortable Preclean
[146.644s][info][gc] GC(67) Concurrent Abortable Preclean 0.016ms
[146.653s][info][gc] GC(67) Pause Remark 49M->49M(50M) 9.348ms
[146.653s][info][gc] GC(67) Concurrent Sweep
[146.656s][info][gc] GC(67) Concurrent Sweep 3.151ms
[146.656s][info][gc] GC(67) Concurrent Reset
[146.656s][info][gc] GC(67) Concurrent Reset 0.026ms
[148.660s][info][gc] GC(68) Pause Initial Mark 49M->49M(50M) 1.174ms
[148.660s][info][gc] GC(68) Concurrent Mark
[148.672s][info][gc] GC(68) Concurrent Mark 11.517ms
[148.672s][info][gc] GC(68) Concurrent Preclean
[148.672s][info][gc] GC(68) Concurrent Preclean 0.143ms
[148.672s][info][gc] GC(68) Concurrent Abortable Preclean
[148.672s][info][gc] GC(68) Concurrent Abortable Preclean 0.013ms
[148.678s][info][gc] GC(68) Pause Remark 49M->49M(50M) 5.640ms
[148.678s][info][gc] GC(68) Concurrent Sweep
[148.681s][info][gc] GC(68) Concurrent Sweep 3.120ms
[148.681s][info][gc] GC(68) Concurrent Reset
[148.681s][info][gc] GC(68) Concurrent Reset 0.026ms
[150.683s][info][gc] GC(69) Pause Initial Mark 49M->49M(50M) 1.491ms
[150.683s][info][gc] GC(69) Concurrent Mark
[150.696s][info][gc] GC(69) Concurrent Mark 12.607ms
[150.696s][info][gc] GC(69) Concurrent Preclean
[150.696s][info][gc] GC(69) Concurrent Preclean 0.157ms
[150.696s][info][gc] GC(69) Concurrent Abortable Preclean
[150.696s][info][gc] GC(69) Concurrent Abortable Preclean 0.020ms
[150.704s][info][gc] GC(69) Pause Remark 49M->49M(50M) 7.993ms
[150.704s][info][gc] GC(69) Concurrent Sweep
[150.707s][info][gc] GC(69) Concurrent Sweep 3.217ms
[150.707s][info][gc] GC(69) Concurrent Reset
[150.708s][info][gc] GC(69) Concurrent Reset 0.031ms
[152.711s][info][gc] GC(70) Pause Initial Mark 49M->49M(50M) 1.273ms
[152.711s][info][gc] GC(70) Concurrent Mark
[152.723s][info][gc] GC(70) Concurrent Mark 11.892ms
[152.723s][info][gc] GC(70) Concurrent Preclean
[152.723s][info][gc] GC(70) Concurrent Preclean 0.179ms
[152.723s][info][gc] GC(70) Concurrent Abortable Preclean
[152.723s][info][gc] GC(70) Concurrent Abortable Preclean 0.016ms
[152.730s][info][gc] GC(70) Pause Remark 49M->49M(50M) 6.708ms
[152.730s][info][gc] GC(70) Concurrent Sweep
[152.733s][info][gc] GC(70) Concurrent Sweep 3.358ms
[152.733s][info][gc] GC(70) Concurrent Reset
[152.733s][info][gc] GC(70) Concurrent Reset 0.033ms
[154.741s][info][gc] GC(71) Pause Initial Mark 49M->49M(50M) 2.948ms
[154.742s][info][gc] GC(71) Concurrent Mark
[154.754s][info][gc] GC(71) Concurrent Mark 12.291ms
[154.754s][info][gc] GC(71) Concurrent Preclean
[154.754s][info][gc] GC(71) Concurrent Preclean 0.145ms
[154.754s][info][gc] GC(71) Concurrent Abortable Preclean
[154.754s][info][gc] GC(71) Concurrent Abortable Preclean 0.016ms
[154.760s][info][gc] GC(71) Pause Remark 49M->49M(50M) 6.011ms
[154.760s][info][gc] GC(71) Concurrent Sweep
[154.764s][info][gc] GC(71) Concurrent Sweep 3.721ms
[154.764s][info][gc] GC(71) Concurrent Reset
[154.764s][info][gc] GC(71) Concurrent Reset 0.031ms
[156.768s][info][gc] GC(72) Pause Initial Mark 49M->49M(50M) 1.419ms
[156.769s][info][gc] GC(72) Concurrent Mark
[156.781s][info][gc] GC(72) Concurrent Mark 12.235ms
[156.781s][info][gc] GC(72) Concurrent Preclean
[156.781s][info][gc] GC(72) Concurrent Preclean 0.143ms
[156.781s][info][gc] GC(72) Concurrent Abortable Preclean
[156.781s][info][gc] GC(72) Concurrent Abortable Preclean 0.016ms
[156.790s][info][gc] GC(72) Pause Remark 49M->49M(50M) 8.960ms
[156.790s][info][gc] GC(72) Concurrent Sweep
[156.794s][info][gc] GC(72) Concurrent Sweep 3.399ms
[156.794s][info][gc] GC(72) Concurrent Reset
[156.794s][info][gc] GC(72) Concurrent Reset 0.031ms
[158.795s][info][gc] GC(73) Pause Initial Mark 49M->49M(50M) 1.303ms
[158.795s][info][gc] GC(73) Concurrent Mark
[158.807s][info][gc] GC(73) Concurrent Mark 11.977ms
[158.807s][info][gc] GC(73) Concurrent Preclean
[158.807s][info][gc] GC(73) Concurrent Preclean 0.144ms
[158.807s][info][gc] GC(73) Concurrent Abortable Preclean
[158.807s][info][gc] GC(73) Concurrent Abortable Preclean 0.016ms
[158.813s][info][gc] GC(73) Pause Remark 49M->49M(50M) 5.839ms
[158.813s][info][gc] GC(73) Concurrent Sweep
[158.817s][info][gc] GC(73) Concurrent Sweep 3.344ms
[158.817s][info][gc] GC(73) Concurrent Reset
[158.817s][info][gc] GC(73) Concurrent Reset 0.030ms
[160.820s][info][gc] GC(74) Pause Initial Mark 49M->49M(50M) 1.590ms
[160.820s][info][gc] GC(74) Concurrent Mark
[160.832s][info][gc] GC(74) Concurrent Mark 12.445ms
[160.832s][info][gc] GC(74) Concurrent Preclean
[160.832s][info][gc] GC(74) Concurrent Preclean 0.139ms
[160.833s][info][gc] GC(74) Concurrent Abortable Preclean
[160.833s][info][gc] GC(74) Concurrent Abortable Preclean 0.016ms
[160.839s][info][gc] GC(74) Pause Remark 49M->49M(50M) 6.075ms
[160.839s][info][gc] GC(74) Concurrent Sweep
[160.842s][info][gc] GC(74) Concurrent Sweep 3.246ms
[160.842s][info][gc] GC(74) Concurrent Reset
[160.842s][info][gc] GC(74) Concurrent Reset 0.029ms
[162.847s][info][gc] GC(75) Pause Initial Mark 49M->49M(50M) 1.394ms
[162.847s][info][gc] GC(75) Concurrent Mark
[162.859s][info][gc] GC(75) Concurrent Mark 12.253ms
[162.859s][info][gc] GC(75) Concurrent Preclean
[162.860s][info][gc] GC(75) Concurrent Preclean 0.198ms
[162.860s][info][gc] GC(75) Concurrent Abortable Preclean
[162.860s][info][gc] GC(75) Concurrent Abortable Preclean 0.016ms
[162.873s][info][gc] GC(75) Pause Remark 49M->49M(50M) 13.475ms
[162.873s][info][gc] GC(75) Concurrent Sweep
[162.877s][info][gc] GC(75) Concurrent Sweep 3.716ms
[162.877s][info][gc] GC(75) Concurrent Reset
[162.877s][info][gc] GC(75) Concurrent Reset 0.034ms
[164.880s][info][gc] GC(76) Pause Initial Mark 49M->49M(50M) 1.910ms
[164.880s][info][gc] GC(76) Concurrent Mark
[164.894s][info][gc] GC(76) Concurrent Mark 13.755ms
[164.894s][info][gc] GC(76) Concurrent Preclean
[164.894s][info][gc] GC(76) Concurrent Preclean 0.133ms
[164.894s][info][gc] GC(76) Concurrent Abortable Preclean
[164.894s][info][gc] GC(76) Concurrent Abortable Preclean 0.015ms
[164.901s][info][gc] GC(76) Pause Remark 49M->49M(50M) 6.838ms
[164.901s][info][gc] GC(76) Concurrent Sweep
[164.905s][info][gc] GC(76) Concurrent Sweep 3.246ms
[164.905s][info][gc] GC(76) Concurrent Reset
[164.905s][info][gc] GC(76) Concurrent Reset 0.029ms
[166.911s][info][gc] GC(77) Pause Initial Mark 49M->49M(50M) 1.185ms
[166.911s][info][gc] GC(77) Concurrent Mark
[166.923s][info][gc] GC(77) Concurrent Mark 11.952ms
[166.923s][info][gc] GC(77) Concurrent Preclean
[166.923s][info][gc] GC(77) Concurrent Preclean 0.139ms
[166.923s][info][gc] GC(77) Concurrent Abortable Preclean
[166.923s][info][gc] GC(77) Concurrent Abortable Preclean 0.016ms
[166.929s][info][gc] GC(77) Pause Remark 49M->49M(50M) 5.802ms
[166.929s][info][gc] GC(77) Concurrent Sweep
[166.932s][info][gc] GC(77) Concurrent Sweep 3.074ms
[166.932s][info][gc] GC(77) Concurrent Reset
[166.932s][info][gc] GC(77) Concurrent Reset 0.028ms
[168.936s][info][gc] GC(78) Pause Initial Mark 49M->49M(50M) 2.280ms
[168.936s][info][gc] GC(78) Concurrent Mark
[168.952s][info][gc] GC(78) Concurrent Mark 16.296ms
[168.953s][info][gc] GC(78) Concurrent Preclean
[168.953s][info][gc] GC(78) Concurrent Preclean 0.324ms
[168.953s][info][gc] GC(78) Concurrent Abortable Preclean
[168.953s][info][gc] GC(78) Concurrent Abortable Preclean 0.036ms
[168.959s][info][gc] GC(78) Pause Remark 49M->49M(50M) 5.438ms
[168.959s][info][gc] GC(78) Concurrent Sweep
[168.962s][info][gc] GC(78) Concurrent Sweep 3.156ms
[168.962s][info][gc] GC(78) Concurrent Reset
[168.962s][info][gc] GC(78) Concurrent Reset 0.028ms
[170.963s][info][gc] GC(79) Pause Initial Mark 49M->49M(50M) 1.232ms
[170.963s][info][gc] GC(79) Concurrent Mark
[170.973s][info][gc] GC(79) Concurrent Mark 10.120ms
[170.973s][info][gc] GC(79) Concurrent Preclean
[170.973s][info][gc] GC(79) Concurrent Preclean 0.222ms
[170.973s][info][gc] GC(79) Concurrent Abortable Preclean
[170.973s][info][gc] GC(79) Concurrent Abortable Preclean 0.016ms
[170.983s][info][gc] GC(79) Pause Remark 49M->49M(50M) 10.007ms
[170.984s][info][gc] GC(79) Concurrent Sweep
[170.987s][info][gc] GC(79) Concurrent Sweep 3.719ms
[170.987s][info][gc] GC(79) Concurrent Reset
[170.987s][info][gc] GC(79) Concurrent Reset 0.032ms
[172.989s][info][gc] GC(80) Pause Initial Mark 49M->49M(50M) 1.283ms
[172.990s][info][gc] GC(80) Concurrent Mark
[173.002s][info][gc] GC(80) Concurrent Mark 12.067ms
[173.002s][info][gc] GC(80) Concurrent Preclean
[173.002s][info][gc] GC(80) Concurrent Preclean 0.154ms
[173.002s][info][gc] GC(80) Concurrent Abortable Preclean
[173.002s][info][gc] GC(80) Concurrent Abortable Preclean 0.016ms
[173.008s][info][gc] GC(80) Pause Remark 49M->49M(50M) 5.774ms
[173.008s][info][gc] GC(80) Concurrent Sweep
[173.011s][info][gc] GC(80) Concurrent Sweep 3.330ms
[173.011s][info][gc] GC(80) Concurrent Reset
[173.011s][info][gc] GC(80) Concurrent Reset 0.029ms
[175.015s][info][gc] GC(81) Pause Initial Mark 49M->49M(50M) 1.231ms
[175.015s][info][gc] GC(81) Concurrent Mark
[175.028s][info][gc] GC(81) Concurrent Mark 13.007ms
[175.028s][info][gc] GC(81) Concurrent Preclean
[175.028s][info][gc] GC(81) Concurrent Preclean 0.145ms
[175.028s][info][gc] GC(81) Concurrent Abortable Preclean
[175.029s][info][gc] GC(81) Concurrent Abortable Preclean 0.016ms
[175.035s][info][gc] GC(81) Pause Remark 49M->49M(50M) 6.139ms
[175.035s][info][gc] GC(81) Concurrent Sweep
[175.038s][info][gc] GC(81) Concurrent Sweep 3.090ms
[175.038s][info][gc] GC(81) Concurrent Reset
[175.038s][info][gc] GC(81) Concurrent Reset 0.028ms
[187.232s][info][gc] GC(82) Pause Initial Mark 49M->49M(50M) 0.950ms
[187.232s][info][gc] GC(82) Concurrent Mark
[187.241s][info][gc] GC(82) Concurrent Mark 9.331ms
[187.241s][info][gc] GC(82) Concurrent Preclean
[187.242s][info][gc] GC(82) Concurrent Preclean 0.133ms
[187.242s][info][gc] GC(82) Concurrent Abortable Preclean
[187.242s][info][gc] GC(82) Concurrent Abortable Preclean 0.016ms
[187.247s][info][gc] GC(82) Pause Remark 49M->49M(50M) 5.687ms
[187.248s][info][gc] GC(82) Concurrent Sweep
[187.251s][info][gc] GC(82) Concurrent Sweep 3.065ms
[187.251s][info][gc] GC(82) Concurrent Reset
[187.251s][info][gc] GC(82) Concurrent Reset 0.028ms
[189.252s][info][gc] GC(83) Pause Initial Mark 49M->49M(50M) 1.193ms
[189.252s][info][gc] GC(83) Concurrent Mark
[189.265s][info][gc] GC(83) Concurrent Mark 12.341ms
[189.265s][info][gc] GC(83) Concurrent Preclean
[189.265s][info][gc] GC(83) Concurrent Preclean 0.143ms
[189.265s][info][gc] GC(83) Concurrent Abortable Preclean
[189.265s][info][gc] GC(83) Concurrent Abortable Preclean 0.016ms
[189.271s][info][gc] GC(83) Pause Remark 49M->49M(50M) 6.005ms
[189.271s][info][gc] GC(83) Concurrent Sweep
[189.274s][info][gc] GC(83) Concurrent Sweep 3.082ms
[189.274s][info][gc] GC(83) Concurrent Reset
[189.274s][info][gc] GC(83) Concurrent Reset 0.028ms
[191.276s][info][gc] GC(84) Pause Initial Mark 49M->49M(50M) 0.896ms
[191.277s][info][gc] GC(84) Concurrent Mark
[191.288s][info][gc] GC(84) Concurrent Mark 11.915ms
[191.288s][info][gc] GC(84) Concurrent Preclean
[191.289s][info][gc] GC(84) Concurrent Preclean 0.150ms
[191.289s][info][gc] GC(84) Concurrent Abortable Preclean
[191.289s][info][gc] GC(84) Concurrent Abortable Preclean 0.016ms
[191.296s][info][gc] GC(84) Pause Remark 49M->49M(50M) 6.778ms
[191.296s][info][gc] GC(84) Concurrent Sweep
[191.299s][info][gc] GC(84) Concurrent Sweep 3.346ms
[191.299s][info][gc] GC(84) Concurrent Reset
[191.299s][info][gc] GC(84) Concurrent Reset 0.030ms
[193.304s][info][gc] GC(85) Pause Initial Mark 49M->49M(50M) 0.907ms
[193.304s][info][gc] GC(85) Concurrent Mark
[193.317s][info][gc] GC(85) Concurrent Mark 12.656ms
[193.317s][info][gc] GC(85) Concurrent Preclean
[193.317s][info][gc] GC(85) Concurrent Preclean 0.143ms
[193.317s][info][gc] GC(85) Concurrent Abortable Preclean
[193.317s][info][gc] GC(85) Concurrent Abortable Preclean 0.014ms
[193.324s][info][gc] GC(85) Pause Remark 49M->49M(50M) 7.646ms
[193.325s][info][gc] GC(85) Concurrent Sweep
[193.328s][info][gc] GC(85) Concurrent Sweep 3.398ms
[193.328s][info][gc] GC(85) Concurrent Reset
[193.328s][info][gc] GC(85) Concurrent Reset 0.030ms
[195.333s][info][gc] GC(86) Pause Initial Mark 49M->49M(50M) 1.328ms
[195.333s][info][gc] GC(86) Concurrent Mark
[195.345s][info][gc] GC(86) Concurrent Mark 12.025ms
[195.345s][info][gc] GC(86) Concurrent Preclean
[195.345s][info][gc] GC(86) Concurrent Preclean 0.142ms
[195.345s][info][gc] GC(86) Concurrent Abortable Preclean
[195.345s][info][gc] GC(86) Concurrent Abortable Preclean 0.016ms
[195.355s][info][gc] GC(86) Pause Remark 49M->49M(50M) 9.301ms
[195.355s][info][gc] GC(86) Concurrent Sweep
[195.358s][info][gc] GC(86) Concurrent Sweep 3.350ms
[195.358s][info][gc] GC(86) Concurrent Reset
[195.358s][info][gc] GC(86) Concurrent Reset 0.030ms
[197.360s][info][gc] GC(87) Pause Initial Mark 49M->49M(50M) 1.356ms
[197.360s][info][gc] GC(87) Concurrent Mark
[197.374s][info][gc] GC(87) Concurrent Mark 13.775ms
[197.374s][info][gc] GC(87) Concurrent Preclean
[197.374s][info][gc] GC(87) Concurrent Preclean 0.150ms
[197.374s][info][gc] GC(87) Concurrent Abortable Preclean
[197.374s][info][gc] GC(87) Concurrent Abortable Preclean 0.017ms
[197.380s][info][gc] GC(87) Pause Remark 49M->49M(50M) 5.839ms
[197.380s][info][gc] GC(87) Concurrent Sweep
[197.383s][info][gc] GC(87) Concurrent Sweep 3.270ms
[197.383s][info][gc] GC(87) Concurrent Reset
[197.383s][info][gc] GC(87) Concurrent Reset 0.030ms
[199.387s][info][gc] GC(88) Pause Initial Mark 49M->49M(50M) 1.215ms
[199.387s][info][gc] GC(88) Concurrent Mark
[199.399s][info][gc] GC(88) Concurrent Mark 12.163ms
[199.399s][info][gc] GC(88) Concurrent Preclean
[199.399s][info][gc] GC(88) Concurrent Preclean 0.165ms
[199.399s][info][gc] GC(88) Concurrent Abortable Preclean
[199.399s][info][gc] GC(88) Concurrent Abortable Preclean 0.018ms
[199.405s][info][gc] GC(88) Pause Remark 49M->49M(50M) 5.869ms
[199.405s][info][gc] GC(88) Concurrent Sweep
[199.409s][info][gc] GC(88) Concurrent Sweep 3.152ms
[199.409s][info][gc] GC(88) Concurrent Reset
[199.409s][info][gc] GC(88) Concurrent Reset 0.028ms
[201.410s][info][gc] GC(89) Pause Initial Mark 49M->49M(50M) 1.227ms
[201.410s][info][gc] GC(89) Concurrent Mark
[201.422s][info][gc] GC(89) Concurrent Mark 12.055ms
[201.422s][info][gc] GC(89) Concurrent Preclean
[201.422s][info][gc] GC(89) Concurrent Preclean 0.163ms
[201.422s][info][gc] GC(89) Concurrent Abortable Preclean
[201.422s][info][gc] GC(89) Concurrent Abortable Preclean 0.018ms
[201.428s][info][gc] GC(89) Pause Remark 49M->49M(50M) 5.853ms
[201.428s][info][gc] GC(89) Concurrent Sweep
[201.432s][info][gc] GC(89) Concurrent Sweep 3.294ms
[201.432s][info][gc] GC(89) Concurrent Reset
[201.432s][info][gc] GC(89) Concurrent Reset 0.031ms
[203.433s][info][gc] GC(90) Pause Initial Mark 49M->49M(50M) 1.142ms
[203.433s][info][gc] GC(90) Concurrent Mark
[203.448s][info][gc] GC(90) Concurrent Mark 14.587ms
[203.448s][info][gc] GC(90) Concurrent Preclean
[203.448s][info][gc] GC(90) Concurrent Preclean 0.148ms
[203.448s][info][gc] GC(90) Concurrent Abortable Preclean
[203.448s][info][gc] GC(90) Concurrent Abortable Preclean 0.016ms
[203.454s][info][gc] GC(90) Pause Remark 49M->49M(50M) 6.225ms
[203.454s][info][gc] GC(90) Concurrent Sweep
[203.457s][info][gc] GC(90) Concurrent Sweep 3.221ms
[203.458s][info][gc] GC(90) Concurrent Reset
[203.458s][info][gc] GC(90) Concurrent Reset 0.029ms
[205.463s][info][gc] GC(91) Pause Initial Mark 49M->49M(50M) 1.703ms
[205.463s][info][gc] GC(91) Concurrent Mark
[205.475s][info][gc] GC(91) Concurrent Mark 12.117ms
[205.475s][info][gc] GC(91) Concurrent Preclean
[205.475s][info][gc] GC(91) Concurrent Preclean 0.161ms
[205.475s][info][gc] GC(91) Concurrent Abortable Preclean
[205.475s][info][gc] GC(91) Concurrent Abortable Preclean 0.018ms
[205.482s][info][gc] GC(91) Pause Remark 49M->49M(50M) 6.295ms
[205.482s][info][gc] GC(91) Concurrent Sweep
[205.485s][info][gc] GC(91) Concurrent Sweep 3.241ms
[205.485s][info][gc] GC(91) Concurrent Reset
[205.485s][info][gc] GC(91) Concurrent Reset 0.029ms
[207.491s][info][gc] GC(92) Pause Initial Mark 49M->49M(50M) 1.783ms
[207.491s][info][gc] GC(92) Concurrent Mark
[207.503s][info][gc] GC(92) Concurrent Mark 12.063ms
[207.503s][info][gc] GC(92) Concurrent Preclean
[207.503s][info][gc] GC(92) Concurrent Preclean 0.156ms
[207.503s][info][gc] GC(92) Concurrent Abortable Preclean
[207.503s][info][gc] GC(92) Concurrent Abortable Preclean 0.016ms
[207.509s][info][gc] GC(92) Pause Remark 49M->49M(50M) 5.891ms
[207.510s][info][gc] GC(92) Concurrent Sweep
[207.513s][info][gc] GC(92) Concurrent Sweep 3.090ms
[207.513s][info][gc] GC(92) Concurrent Reset
[207.513s][info][gc] GC(92) Concurrent Reset 0.028ms
[209.517s][info][gc] GC(93) Pause Initial Mark 49M->49M(50M) 1.324ms
[209.517s][info][gc] GC(93) Concurrent Mark
[209.529s][info][gc] GC(93) Concurrent Mark 11.855ms
[209.529s][info][gc] GC(93) Concurrent Preclean
[209.529s][info][gc] GC(93) Concurrent Preclean 0.144ms
[209.529s][info][gc] GC(93) Concurrent Abortable Preclean
[209.529s][info][gc] GC(93) Concurrent Abortable Preclean 0.019ms
[209.535s][info][gc] GC(93) Pause Remark 49M->49M(50M) 5.964ms
[209.536s][info][gc] GC(93) Concurrent Sweep
[209.539s][info][gc] GC(93) Concurrent Sweep 3.281ms
[209.539s][info][gc] GC(93) Concurrent Reset
[209.539s][info][gc] GC(93) Concurrent Reset 0.033ms
[211.541s][info][gc] GC(94) Pause Initial Mark 49M->49M(50M) 1.480ms
[211.541s][info][gc] GC(94) Concurrent Mark
[211.559s][info][gc] GC(94) Concurrent Mark 18.031ms
[211.559s][info][gc] GC(94) Concurrent Preclean
[211.559s][info][gc] GC(94) Concurrent Preclean 0.197ms
[211.559s][info][gc] GC(94) Concurrent Abortable Preclean
[211.559s][info][gc] GC(94) Concurrent Abortable Preclean 0.025ms
[211.569s][info][gc] GC(94) Pause Remark 49M->49M(50M) 9.882ms
[211.569s][info][gc] GC(94) Concurrent Sweep
[211.573s][info][gc] GC(94) Concurrent Sweep 3.341ms
[211.573s][info][gc] GC(94) Concurrent Reset
[211.573s][info][gc] GC(94) Concurrent Reset 0.036ms
[213.576s][info][gc] GC(95) Pause Initial Mark 49M->49M(50M) 1.348ms
[213.577s][info][gc] GC(95) Concurrent Mark
[213.589s][info][gc] GC(95) Concurrent Mark 12.116ms
[213.589s][info][gc] GC(95) Concurrent Preclean
[213.589s][info][gc] GC(95) Concurrent Preclean 0.148ms
[213.589s][info][gc] GC(95) Concurrent Abortable Preclean
[213.589s][info][gc] GC(95) Concurrent Abortable Preclean 0.017ms
[213.595s][info][gc] GC(95) Pause Remark 49M->49M(50M) 6.044ms
[213.595s][info][gc] GC(95) Concurrent Sweep
[213.599s][info][gc] GC(95) Concurrent Sweep 3.265ms
[213.599s][info][gc] GC(95) Concurrent Reset
[213.599s][info][gc] GC(95) Concurrent Reset 0.028ms
[215.603s][info][gc] GC(96) Pause Initial Mark 49M->49M(50M) 1.350ms
[215.603s][info][gc] GC(96) Concurrent Mark
[215.616s][info][gc] GC(96) Concurrent Mark 12.737ms
[215.616s][info][gc] GC(96) Concurrent Preclean
[215.616s][info][gc] GC(96) Concurrent Preclean 0.142ms
[215.616s][info][gc] GC(96) Concurrent Abortable Preclean
[215.616s][info][gc] GC(96) Concurrent Abortable Preclean 0.016ms
[215.625s][info][gc] GC(96) Pause Remark 49M->49M(50M) 8.676ms
[215.626s][info][gc] GC(96) Concurrent Sweep
[215.633s][info][gc] GC(96) Concurrent Sweep 7.756ms
[215.634s][info][gc] GC(96) Concurrent Reset
[215.634s][info][gc] GC(96) Concurrent Reset 0.037ms
[217.635s][info][gc] GC(97) Pause Initial Mark 49M->49M(50M) 1.186ms
[217.635s][info][gc] GC(97) Concurrent Mark
[217.647s][info][gc] GC(97) Concurrent Mark 11.895ms
[217.647s][info][gc] GC(97) Concurrent Preclean
[217.647s][info][gc] GC(97) Concurrent Preclean 0.150ms
[217.647s][info][gc] GC(97) Concurrent Abortable Preclean
[217.647s][info][gc] GC(97) Concurrent Abortable Preclean 0.016ms
[217.653s][info][gc] GC(97) Pause Remark 49M->49M(50M) 5.805ms
[217.653s][info][gc] GC(97) Concurrent Sweep
[217.657s][info][gc] GC(97) Concurrent Sweep 3.100ms
[217.657s][info][gc] GC(97) Concurrent Reset
[217.657s][info][gc] GC(97) Concurrent Reset 0.028ms
[219.658s][info][gc] GC(98) Pause Initial Mark 49M->49M(50M) 1.400ms
[219.658s][info][gc] GC(98) Concurrent Mark
[219.670s][info][gc] GC(98) Concurrent Mark 12.301ms
[219.670s][info][gc] GC(98) Concurrent Preclean
[219.670s][info][gc] GC(98) Concurrent Preclean 0.186ms
[219.670s][info][gc] GC(98) Concurrent Abortable Preclean
[219.670s][info][gc] GC(98) Concurrent Abortable Preclean 0.016ms
[219.676s][info][gc] GC(98) Pause Remark 49M->49M(50M) 6.000ms
[219.676s][info][gc] GC(98) Concurrent Sweep
[219.680s][info][gc] GC(98) Concurrent Sweep 3.338ms
[219.680s][info][gc] GC(98) Concurrent Reset
[219.680s][info][gc] GC(98) Concurrent Reset 0.029ms
[221.683s][info][gc] GC(99) Pause Initial Mark 49M->49M(50M) 1.740ms
[221.684s][info][gc] GC(99) Concurrent Mark
[221.695s][info][gc] GC(99) Concurrent Mark 11.232ms
[221.695s][info][gc] GC(99) Concurrent Preclean
[221.695s][info][gc] GC(99) Concurrent Preclean 0.193ms
[221.695s][info][gc] GC(99) Concurrent Abortable Preclean
[221.695s][info][gc] GC(99) Concurrent Abortable Preclean 0.016ms
[221.702s][info][gc] GC(99) Pause Remark 49M->49M(50M) 6.954ms
[221.702s][info][gc] GC(99) Concurrent Sweep
[221.705s][info][gc] GC(99) Concurrent Sweep 3.141ms
[221.706s][info][gc] GC(99) Concurrent Reset
[221.706s][info][gc] GC(99) Concurrent Reset 0.028ms
[223.709s][info][gc] GC(100) Pause Initial Mark 49M->49M(50M) 1.173ms
[223.709s][info][gc] GC(100) Concurrent Mark
[223.722s][info][gc] GC(100) Concurrent Mark 12.199ms
[223.722s][info][gc] GC(100) Concurrent Preclean
[223.722s][info][gc] GC(100) Concurrent Preclean 0.144ms
[223.722s][info][gc] GC(100) Concurrent Abortable Preclean
[223.722s][info][gc] GC(100) Concurrent Abortable Preclean 0.014ms
[223.728s][info][gc] GC(100) Pause Remark 49M->49M(50M) 6.205ms
[223.728s][info][gc] GC(100) Concurrent Sweep
[223.731s][info][gc] GC(100) Concurrent Sweep 3.098ms
[223.731s][info][gc] GC(100) Concurrent Reset
[223.731s][info][gc] GC(100) Concurrent Reset 0.025ms
[225.736s][info][gc] GC(101) Pause Initial Mark 49M->49M(50M) 1.565ms
[225.736s][info][gc] GC(101) Concurrent Mark
[225.755s][info][gc] GC(101) Concurrent Mark 19.665ms
[225.756s][info][gc] GC(101) Concurrent Preclean
[225.756s][info][gc] GC(101) Concurrent Preclean 0.501ms
[225.756s][info][gc] GC(101) Concurrent Abortable Preclean
[225.756s][info][gc] GC(101) Concurrent Abortable Preclean 0.015ms
[225.762s][info][gc] GC(101) Pause Remark 49M->49M(50M) 5.532ms
[225.762s][info][gc] GC(101) Concurrent Sweep
[225.765s][info][gc] GC(101) Concurrent Sweep 3.356ms
[225.765s][info][gc] GC(101) Concurrent Reset
[225.766s][info][gc] GC(101) Concurrent Reset 0.108ms
[227.767s][info][gc] GC(102) Pause Initial Mark 49M->49M(50M) 1.364ms
[227.767s][info][gc] GC(102) Concurrent Mark
[227.780s][info][gc] GC(102) Concurrent Mark 12.272ms
[227.780s][info][gc] GC(102) Concurrent Preclean
[227.780s][info][gc] GC(102) Concurrent Preclean 0.187ms
[227.780s][info][gc] GC(102) Concurrent Abortable Preclean
[227.780s][info][gc] GC(102) Concurrent Abortable Preclean 0.014ms
[227.786s][info][gc] GC(102) Pause Remark 49M->49M(50M) 5.998ms
[227.786s][info][gc] GC(102) Concurrent Sweep
[227.789s][info][gc] GC(102) Concurrent Sweep 3.247ms
[227.789s][info][gc] GC(102) Concurrent Reset
[227.789s][info][gc] GC(102) Concurrent Reset 0.026ms
[229.791s][info][gc] GC(103) Pause Initial Mark 49M->49M(50M) 1.404ms
[229.791s][info][gc] GC(103) Concurrent Mark
[229.804s][info][gc] GC(103) Concurrent Mark 13.005ms
[229.804s][info][gc] GC(103) Concurrent Preclean
[229.805s][info][gc] GC(103) Concurrent Preclean 0.143ms
[229.805s][info][gc] GC(103) Concurrent Abortable Preclean
[229.805s][info][gc] GC(103) Concurrent Abortable Preclean 0.014ms
[229.812s][info][gc] GC(103) Pause Remark 49M->49M(50M) 7.401ms
[229.812s][info][gc] GC(103) Concurrent Sweep
[229.815s][info][gc] GC(103) Concurrent Sweep 3.261ms
[229.815s][info][gc] GC(103) Concurrent Reset
[229.816s][info][gc] GC(103) Concurrent Reset 0.027ms
[231.816s][info][gc] GC(104) Pause Initial Mark 49M->49M(50M) 1.358ms
[231.817s][info][gc] GC(104) Concurrent Mark
[231.830s][info][gc] GC(104) Concurrent Mark 13.274ms
[231.830s][info][gc] GC(104) Concurrent Preclean
[231.830s][info][gc] GC(104) Concurrent Preclean 0.142ms
[231.830s][info][gc] GC(104) Concurrent Abortable Preclean
[231.830s][info][gc] GC(104) Concurrent Abortable Preclean 0.014ms
[231.837s][info][gc] GC(104) Pause Remark 49M->49M(50M) 6.396ms
[231.837s][info][gc] GC(104) Concurrent Sweep
[231.840s][info][gc] GC(104) Concurrent Sweep 3.367ms
[231.840s][info][gc] GC(104) Concurrent Reset
[231.840s][info][gc] GC(104) Concurrent Reset 0.028ms
[233.847s][info][gc] GC(105) Pause Initial Mark 49M->49M(50M) 1.463ms
[233.847s][info][gc] GC(105) Concurrent Mark
[233.867s][info][gc] GC(105) Concurrent Mark 20.102ms
[233.867s][info][gc] GC(105) Concurrent Preclean
[233.867s][info][gc] GC(105) Concurrent Preclean 0.149ms
[233.867s][info][gc] GC(105) Concurrent Abortable Preclean
[233.867s][info][gc] GC(105) Concurrent Abortable Preclean 0.014ms
[233.879s][info][gc] GC(105) Pause Remark 49M->49M(50M) 11.773ms
[233.879s][info][gc] GC(105) Concurrent Sweep
[233.882s][info][gc] GC(105) Concurrent Sweep 3.380ms
[233.882s][info][gc] GC(105) Concurrent Reset
[233.883s][info][gc] GC(105) Concurrent Reset 0.029ms
[235.887s][info][gc] GC(106) Pause Initial Mark 49M->49M(50M) 1.375ms
[235.887s][info][gc] GC(106) Concurrent Mark
[235.899s][info][gc] GC(106) Concurrent Mark 12.255ms
[235.899s][info][gc] GC(106) Concurrent Preclean
[235.900s][info][gc] GC(106) Concurrent Preclean 0.142ms
[235.900s][info][gc] GC(106) Concurrent Abortable Preclean
[235.900s][info][gc] GC(106) Concurrent Abortable Preclean 0.014ms
[235.906s][info][gc] GC(106) Pause Remark 49M->49M(50M) 6.192ms
[235.906s][info][gc] GC(106) Concurrent Sweep
[235.909s][info][gc] GC(106) Concurrent Sweep 3.142ms
[235.909s][info][gc] GC(106) Concurrent Reset
[235.909s][info][gc] GC(106) Concurrent Reset 0.025ms
[237.911s][info][gc] GC(107) Pause Initial Mark 49M->49M(50M) 1.462ms
[237.911s][info][gc] GC(107) Concurrent Mark
[237.923s][info][gc] GC(107) Concurrent Mark 12.013ms
[237.923s][info][gc] GC(107) Concurrent Preclean
[237.924s][info][gc] GC(107) Concurrent Preclean 0.148ms
[237.924s][info][gc] GC(107) Concurrent Abortable Preclean
[237.924s][info][gc] GC(107) Concurrent Abortable Preclean 0.014ms
[237.930s][info][gc] GC(107) Pause Remark 49M->49M(50M) 5.941ms
[237.930s][info][gc] GC(107) Concurrent Sweep
[237.933s][info][gc] GC(107) Concurrent Sweep 3.280ms
[237.933s][info][gc] GC(107) Concurrent Reset
[237.933s][info][gc] GC(107) Concurrent Reset 0.027ms
[239.937s][info][gc] GC(108) Pause Initial Mark 49M->49M(50M) 1.414ms
[239.937s][info][gc] GC(108) Concurrent Mark
[239.949s][info][gc] GC(108) Concurrent Mark 11.944ms
[239.949s][info][gc] GC(108) Concurrent Preclean
[239.949s][info][gc] GC(108) Concurrent Preclean 0.159ms
[239.949s][info][gc] GC(108) Concurrent Abortable Preclean
[239.949s][info][gc] GC(108) Concurrent Abortable Preclean 0.024ms
[239.962s][info][gc] GC(108) Pause Remark 49M->49M(50M) 12.354ms
[239.962s][info][gc] GC(108) Concurrent Sweep
[239.966s][info][gc] GC(108) Concurrent Sweep 3.585ms
[239.966s][info][gc] GC(108) Concurrent Reset
[239.966s][info][gc] GC(108) Concurrent Reset 0.034ms
[241.898s][info][gc] GC(110) Pause Full (Allocation Failure) 49M->47M(50M) 47.751ms
[241.898s][info][gc] GC(109) Pause Young (Allocation Failure) 49M->47M(50M) 47.904ms
[241.898s][info][gc] GC(111) Pause Initial Mark 47M->47M(50M) 0.306ms
[241.899s][info][gc] GC(111) Concurrent Mark
[241.908s][info][gc] GC(111) Concurrent Mark 9.439ms
[241.908s][info][gc] GC(111) Concurrent Preclean
[241.915s][info][gc] GC(111) Concurrent Preclean 7.050ms
[241.915s][info][gc] GC(111) Concurrent Abortable Preclean
[241.915s][info][gc] GC(111) Concurrent Abortable Preclean 0.014ms
[241.920s][info][gc] GC(111) Pause Remark 47M->47M(50M) 5.171ms
[241.921s][info][gc] GC(111) Concurrent Sweep
[241.924s][info][gc] GC(111) Concurrent Sweep 3.147ms
[241.924s][info][gc] GC(111) Concurrent Reset
[241.924s][info][gc] GC(111) Concurrent Reset 0.032ms
[243.924s][info][gc] GC(112) Pause Initial Mark 47M->47M(50M) 0.603ms
[243.924s][info][gc] GC(112) Concurrent Mark
[243.936s][info][gc] GC(112) Concurrent Mark 12.154ms
[243.936s][info][gc] GC(112) Concurrent Preclean
[243.936s][info][gc] GC(112) Concurrent Preclean 0.150ms
[243.936s][info][gc] GC(112) Concurrent Abortable Preclean
[243.936s][info][gc] GC(112) Concurrent Abortable Preclean 0.018ms
[243.942s][info][gc] GC(112) Pause Remark 47M->47M(50M) 5.447ms
[243.942s][info][gc] GC(112) Concurrent Sweep
[243.945s][info][gc] GC(112) Concurrent Sweep 3.320ms
[243.945s][info][gc] GC(112) Concurrent Reset
[243.945s][info][gc] GC(112) Concurrent Reset 0.031ms
[245.946s][info][gc] GC(113) Pause Initial Mark 47M->47M(50M) 0.736ms
[245.946s][info][gc] GC(113) Concurrent Mark
[245.959s][info][gc] GC(113) Concurrent Mark 12.546ms
[245.959s][info][gc] GC(113) Concurrent Preclean
[245.959s][info][gc] GC(113) Concurrent Preclean 0.189ms
[245.959s][info][gc] GC(113) Concurrent Abortable Preclean
[245.959s][info][gc] GC(113) Concurrent Abortable Preclean 0.020ms
[245.968s][info][gc] GC(113) Pause Remark 47M->47M(50M) 8.383ms
[245.968s][info][gc] GC(113) Concurrent Sweep
[245.972s][info][gc] GC(113) Concurrent Sweep 4.157ms
[245.972s][info][gc] GC(113) Concurrent Reset
[245.972s][info][gc] GC(113) Concurrent Reset 0.107ms
[247.972s][info][gc] GC(114) Pause Initial Mark 47M->47M(50M) 0.505ms
[247.972s][info][gc] GC(114) Concurrent Mark
[247.985s][info][gc] GC(114) Concurrent Mark 12.188ms
[247.985s][info][gc] GC(114) Concurrent Preclean
[247.985s][info][gc] GC(114) Concurrent Preclean 0.157ms
[247.985s][info][gc] GC(114) Concurrent Abortable Preclean
[247.985s][info][gc] GC(114) Concurrent Abortable Preclean 0.019ms
[247.990s][info][gc] GC(114) Pause Remark 47M->47M(50M) 5.259ms
[247.990s][info][gc] GC(114) Concurrent Sweep
[247.994s][info][gc] GC(114) Concurrent Sweep 3.319ms
[247.994s][info][gc] GC(114) Concurrent Reset
[247.994s][info][gc] GC(114) Concurrent Reset 0.032ms
[249.998s][info][gc] GC(115) Pause Initial Mark 47M->47M(50M) 0.455ms
[249.999s][info][gc] GC(115) Concurrent Mark
[250.011s][info][gc] GC(115) Concurrent Mark 12.723ms
[250.011s][info][gc] GC(115) Concurrent Preclean
[250.012s][info][gc] GC(115) Concurrent Preclean 0.192ms
[250.012s][info][gc] GC(115) Concurrent Abortable Preclean
[250.012s][info][gc] GC(115) Concurrent Abortable Preclean 0.027ms
[250.017s][info][gc] GC(115) Pause Remark 47M->47M(50M) 4.960ms
[250.017s][info][gc] GC(115) Concurrent Sweep
[250.020s][info][gc] GC(115) Concurrent Sweep 2.966ms
[250.020s][info][gc] GC(115) Concurrent Reset
[250.020s][info][gc] GC(115) Concurrent Reset 0.028ms
[252.020s][info][gc] GC(116) Pause Initial Mark 47M->47M(50M) 0.770ms
[252.020s][info][gc] GC(116) Concurrent Mark
[252.032s][info][gc] GC(116) Concurrent Mark 12.310ms
[252.033s][info][gc] GC(116) Concurrent Preclean
[252.033s][info][gc] GC(116) Concurrent Preclean 0.165ms
[252.033s][info][gc] GC(116) Concurrent Abortable Preclean
[252.033s][info][gc] GC(116) Concurrent Abortable Preclean 0.018ms
[252.038s][info][gc] GC(116) Pause Remark 47M->47M(50M) 5.494ms
[252.038s][info][gc] GC(116) Concurrent Sweep
[252.042s][info][gc] GC(116) Concurrent Sweep 3.253ms
[252.042s][info][gc] GC(116) Concurrent Reset
[252.042s][info][gc] GC(116) Concurrent Reset 0.030ms
[254.046s][info][gc] GC(117) Pause Initial Mark 47M->47M(50M) 0.693ms
[254.046s][info][gc] GC(117) Concurrent Mark
[254.059s][info][gc] GC(117) Concurrent Mark 12.166ms
[254.059s][info][gc] GC(117) Concurrent Preclean
[254.059s][info][gc] GC(117) Concurrent Preclean 0.144ms
[254.059s][info][gc] GC(117) Concurrent Abortable Preclean
[254.059s][info][gc] GC(117) Concurrent Abortable Preclean 0.017ms
[254.065s][info][gc] GC(117) Pause Remark 47M->47M(50M) 5.649ms
[254.065s][info][gc] GC(117) Concurrent Sweep
[254.068s][info][gc] GC(117) Concurrent Sweep 3.169ms
[254.068s][info][gc] GC(117) Concurrent Reset
[254.068s][info][gc] GC(117) Concurrent Reset 0.029ms
[256.070s][info][gc] GC(118) Pause Initial Mark 47M->47M(50M) 0.474ms
[256.071s][info][gc] GC(118) Concurrent Mark
[256.083s][info][gc] GC(118) Concurrent Mark 12.217ms
[256.083s][info][gc] GC(118) Concurrent Preclean
[256.083s][info][gc] GC(118) Concurrent Preclean 0.123ms
[256.083s][info][gc] GC(118) Concurrent Abortable Preclean
[256.083s][info][gc] GC(118) Concurrent Abortable Preclean 0.016ms
[256.089s][info][gc] GC(118) Pause Remark 47M->47M(50M) 5.646ms
[256.089s][info][gc] GC(118) Concurrent Sweep
[256.092s][info][gc] GC(118) Concurrent Sweep 3.009ms
[256.092s][info][gc] GC(118) Concurrent Reset
[256.092s][info][gc] GC(118) Concurrent Reset 0.028ms
[258.097s][info][gc] GC(119) Pause Initial Mark 47M->47M(50M) 0.724ms
[258.097s][info][gc] GC(119) Concurrent Mark
[258.110s][info][gc] GC(119) Concurrent Mark 12.915ms
[258.110s][info][gc] GC(119) Concurrent Preclean
[258.110s][info][gc] GC(119) Concurrent Preclean 0.151ms
[258.110s][info][gc] GC(119) Concurrent Abortable Preclean
[258.110s][info][gc] GC(119) Concurrent Abortable Preclean 0.016ms
[258.117s][info][gc] GC(119) Pause Remark 47M->47M(50M) 6.236ms
[258.117s][info][gc] GC(119) Concurrent Sweep
[258.120s][info][gc] GC(119) Concurrent Sweep 3.262ms
[258.120s][info][gc] GC(119) Concurrent Reset
[258.120s][info][gc] GC(119) Concurrent Reset 0.031ms
[260.122s][info][gc] GC(120) Pause Initial Mark 47M->47M(50M) 0.817ms
[260.122s][info][gc] GC(120) Concurrent Mark
[260.134s][info][gc] GC(120) Concurrent Mark 11.610ms
[260.134s][info][gc] GC(120) Concurrent Preclean
[260.134s][info][gc] GC(120) Concurrent Preclean 0.149ms
[260.134s][info][gc] GC(120) Concurrent Abortable Preclean
[260.134s][info][gc] GC(120) Concurrent Abortable Preclean 0.016ms
[260.139s][info][gc] GC(120) Pause Remark 47M->47M(50M) 4.979ms
[260.140s][info][gc] GC(120) Concurrent Sweep
[260.143s][info][gc] GC(120) Concurrent Sweep 3.135ms
[260.143s][info][gc] GC(120) Concurrent Reset
[260.143s][info][gc] GC(120) Concurrent Reset 0.029ms
[262.146s][info][gc] GC(121) Pause Initial Mark 47M->47M(50M) 0.598ms
[262.146s][info][gc] GC(121) Concurrent Mark
[262.160s][info][gc] GC(121) Concurrent Mark 13.985ms
[262.160s][info][gc] GC(121) Concurrent Preclean
[262.160s][info][gc] GC(121) Concurrent Preclean 0.171ms
[262.160s][info][gc] GC(121) Concurrent Abortable Preclean
[262.160s][info][gc] GC(121) Concurrent Abortable Preclean 0.020ms
[262.174s][info][gc] GC(121) Pause Remark 47M->47M(50M) 13.619ms
[262.174s][info][gc] GC(121) Concurrent Sweep
[262.180s][info][gc] GC(121) Concurrent Sweep 6.337ms
[262.181s][info][gc] GC(121) Concurrent Reset
[262.181s][info][gc] GC(121) Concurrent Reset 0.234ms
[264.183s][info][gc] GC(122) Pause Initial Mark 47M->47M(50M) 1.249ms
[264.183s][info][gc] GC(122) Concurrent Mark
[264.194s][info][gc] GC(122) Concurrent Mark 10.301ms
[264.194s][info][gc] GC(122) Concurrent Preclean
[264.194s][info][gc] GC(122) Concurrent Preclean 0.164ms
[264.194s][info][gc] GC(122) Concurrent Abortable Preclean
[264.194s][info][gc] GC(122) Concurrent Abortable Preclean 0.018ms
[264.201s][info][gc] GC(122) Pause Remark 47M->47M(50M) 7.148ms
[264.201s][info][gc] GC(122) Concurrent Sweep
[264.205s][info][gc] GC(122) Concurrent Sweep 3.322ms
[264.205s][info][gc] GC(122) Concurrent Reset
[264.205s][info][gc] GC(122) Concurrent Reset 0.030ms
[266.208s][info][gc] GC(123) Pause Initial Mark 47M->47M(50M) 0.692ms
[266.208s][info][gc] GC(123) Concurrent Mark
[266.222s][info][gc] GC(123) Concurrent Mark 14.020ms
[266.222s][info][gc] GC(123) Concurrent Preclean
[266.222s][info][gc] GC(123) Concurrent Preclean 0.143ms
[266.222s][info][gc] GC(123) Concurrent Abortable Preclean
[266.222s][info][gc] GC(123) Concurrent Abortable Preclean 0.016ms
[266.229s][info][gc] GC(123) Pause Remark 47M->47M(50M) 7.131ms
[266.229s][info][gc] GC(123) Concurrent Sweep
[266.233s][info][gc] GC(123) Concurrent Sweep 3.321ms
[266.233s][info][gc] GC(123) Concurrent Reset
[266.233s][info][gc] GC(123) Concurrent Reset 0.031ms
[268.236s][info][gc] GC(124) Pause Initial Mark 47M->47M(50M) 0.743ms
[268.237s][info][gc] GC(124) Concurrent Mark
[268.249s][info][gc] GC(124) Concurrent Mark 12.223ms
[268.249s][info][gc] GC(124) Concurrent Preclean
[268.249s][info][gc] GC(124) Concurrent Preclean 0.149ms
[268.249s][info][gc] GC(124) Concurrent Abortable Preclean
[268.249s][info][gc] GC(124) Concurrent Abortable Preclean 0.017ms
[268.254s][info][gc] GC(124) Pause Remark 47M->47M(50M) 5.289ms
[268.255s][info][gc] GC(124) Concurrent Sweep
[268.258s][info][gc] GC(124) Concurrent Sweep 3.265ms
[268.258s][info][gc] GC(124) Concurrent Reset
[268.258s][info][gc] GC(124) Concurrent Reset 0.030ms
[270.262s][info][gc] GC(125) Pause Initial Mark 47M->47M(50M) 0.717ms
[270.262s][info][gc] GC(125) Concurrent Mark
[270.275s][info][gc] GC(125) Concurrent Mark 12.801ms
[270.275s][info][gc] GC(125) Concurrent Preclean
[270.276s][info][gc] GC(125) Concurrent Preclean 0.166ms
[270.276s][info][gc] GC(125) Concurrent Abortable Preclean
[270.276s][info][gc] GC(125) Concurrent Abortable Preclean 0.021ms
[270.284s][info][gc] GC(125) Pause Remark 47M->47M(50M) 8.341ms
[270.284s][info][gc] GC(125) Concurrent Sweep
[270.289s][info][gc] GC(125) Concurrent Sweep 4.290ms
[270.289s][info][gc] GC(125) Concurrent Reset
[270.289s][info][gc] GC(125) Concurrent Reset 0.046ms
[272.290s][info][gc] GC(126) Pause Initial Mark 47M->47M(50M) 0.609ms
[272.290s][info][gc] GC(126) Concurrent Mark
[272.302s][info][gc] GC(126) Concurrent Mark 11.997ms
[272.302s][info][gc] GC(126) Concurrent Preclean
[272.302s][info][gc] GC(126) Concurrent Preclean 0.241ms
[272.302s][info][gc] GC(126) Concurrent Abortable Preclean
[272.302s][info][gc] GC(126) Concurrent Abortable Preclean 0.028ms
[272.318s][info][gc] GC(126) Pause Remark 47M->47M(50M) 15.872ms
[272.318s][info][gc] GC(126) Concurrent Sweep
[272.324s][info][gc] GC(126) Concurrent Sweep 5.908ms
[272.324s][info][gc] GC(126) Concurrent Reset
[272.324s][info][gc] GC(126) Concurrent Reset 0.036ms
[274.325s][info][gc] GC(127) Pause Initial Mark 47M->47M(50M) 0.735ms
[274.325s][info][gc] GC(127) Concurrent Mark
[274.337s][info][gc] GC(127) Concurrent Mark 12.244ms
[274.337s][info][gc] GC(127) Concurrent Preclean
[274.337s][info][gc] GC(127) Concurrent Preclean 0.165ms
[274.337s][info][gc] GC(127) Concurrent Abortable Preclean
[274.337s][info][gc] GC(127) Concurrent Abortable Preclean 0.020ms
[274.343s][info][gc] GC(127) Pause Remark 47M->47M(50M) 5.399ms
[274.343s][info][gc] GC(127) Concurrent Sweep
[274.346s][info][gc] GC(127) Concurrent Sweep 3.299ms
[274.346s][info][gc] GC(127) Concurrent Reset
[274.346s][info][gc] GC(127) Concurrent Reset 0.033ms
[276.351s][info][gc] GC(128) Pause Initial Mark 47M->47M(50M) 0.682ms
[276.351s][info][gc] GC(128) Concurrent Mark
[276.363s][info][gc] GC(128) Concurrent Mark 12.157ms
[276.363s][info][gc] GC(128) Concurrent Preclean
[276.364s][info][gc] GC(128) Concurrent Preclean 0.161ms
[276.364s][info][gc] GC(128) Concurrent Abortable Preclean
[276.364s][info][gc] GC(128) Concurrent Abortable Preclean 0.016ms
[276.369s][info][gc] GC(128) Pause Remark 47M->47M(50M) 5.343ms
[276.369s][info][gc] GC(128) Concurrent Sweep
[276.372s][info][gc] GC(128) Concurrent Sweep 3.238ms
[276.372s][info][gc] GC(128) Concurrent Reset
[276.372s][info][gc] GC(128) Concurrent Reset 0.031ms
[278.374s][info][gc] GC(129) Pause Initial Mark 47M->47M(50M) 0.763ms
[278.374s][info][gc] GC(129) Concurrent Mark
[278.386s][info][gc] GC(129) Concurrent Mark 12.322ms
[278.386s][info][gc] GC(129) Concurrent Preclean
[278.387s][info][gc] GC(129) Concurrent Preclean 0.174ms
[278.387s][info][gc] GC(129) Concurrent Abortable Preclean
[278.387s][info][gc] GC(129) Concurrent Abortable Preclean 0.018ms
[278.392s][info][gc] GC(129) Pause Remark 47M->47M(50M) 5.393ms
[278.392s][info][gc] GC(129) Concurrent Sweep
[278.395s][info][gc] GC(129) Concurrent Sweep 3.263ms
[278.396s][info][gc] GC(129) Concurrent Reset
[278.396s][info][gc] GC(129) Concurrent Reset 0.030ms
[280.399s][info][gc] GC(130) Pause Initial Mark 47M->47M(50M) 0.771ms
[280.399s][info][gc] GC(130) Concurrent Mark
[280.411s][info][gc] GC(130) Concurrent Mark 12.355ms
[280.411s][info][gc] GC(130) Concurrent Preclean
[280.412s][info][gc] GC(130) Concurrent Preclean 0.161ms
[280.412s][info][gc] GC(130) Concurrent Abortable Preclean
[280.412s][info][gc] GC(130) Concurrent Abortable Preclean 0.018ms
[280.418s][info][gc] GC(130) Pause Remark 47M->47M(50M) 6.202ms
[280.418s][info][gc] GC(130) Concurrent Sweep
[280.421s][info][gc] GC(130) Concurrent Sweep 3.016ms
[280.421s][info][gc] GC(130) Concurrent Reset
[280.421s][info][gc] GC(130) Concurrent Reset 0.028ms
[282.425s][info][gc] GC(131) Pause Initial Mark 47M->47M(50M) 0.618ms
[282.425s][info][gc] GC(131) Concurrent Mark
[282.439s][info][gc] GC(131) Concurrent Mark 13.653ms
[282.439s][info][gc] GC(131) Concurrent Preclean
[282.439s][info][gc] GC(131) Concurrent Preclean 0.150ms
[282.439s][info][gc] GC(131) Concurrent Abortable Preclean
[282.439s][info][gc] GC(131) Concurrent Abortable Preclean 0.016ms
[282.446s][info][gc] GC(131) Pause Remark 47M->47M(50M) 6.503ms
[282.446s][info][gc] GC(131) Concurrent Sweep
[282.449s][info][gc] GC(131) Concurrent Sweep 3.226ms
[282.449s][info][gc] GC(131) Concurrent Reset
[282.449s][info][gc] GC(131) Concurrent Reset 0.029ms
[284.452s][info][gc] GC(132) Pause Initial Mark 47M->47M(50M) 0.720ms
[284.452s][info][gc] GC(132) Concurrent Mark
[284.465s][info][gc] GC(132) Concurrent Mark 12.120ms
[284.465s][info][gc] GC(132) Concurrent Preclean
[284.465s][info][gc] GC(132) Concurrent Preclean 0.158ms
[284.465s][info][gc] GC(132) Concurrent Abortable Preclean
[284.465s][info][gc] GC(132) Concurrent Abortable Preclean 0.018ms
[284.474s][info][gc] GC(132) Pause Remark 47M->47M(50M) 9.263ms
[284.474s][info][gc] GC(132) Concurrent Sweep
[284.479s][info][gc] GC(132) Concurrent Sweep 4.622ms
[284.479s][info][gc] GC(132) Concurrent Reset
[284.480s][info][gc] GC(132) Concurrent Reset 0.242ms
[286.480s][info][gc] GC(133) Pause Initial Mark 47M->47M(50M) 0.460ms
[286.481s][info][gc] GC(133) Concurrent Mark
[286.495s][info][gc] GC(133) Concurrent Mark 14.154ms
[286.495s][info][gc] GC(133) Concurrent Preclean
[286.495s][info][gc] GC(133) Concurrent Preclean 0.143ms
[286.495s][info][gc] GC(133) Concurrent Abortable Preclean
[286.495s][info][gc] GC(133) Concurrent Abortable Preclean 0.016ms
[286.500s][info][gc] GC(133) Pause Remark 47M->47M(50M) 5.204ms
[286.500s][info][gc] GC(133) Concurrent Sweep
[286.504s][info][gc] GC(133) Concurrent Sweep 3.274ms
[286.504s][info][gc] GC(133) Concurrent Reset
[286.504s][info][gc] GC(133) Concurrent Reset 0.030ms
[288.510s][info][gc] GC(134) Pause Initial Mark 47M->47M(50M) 0.770ms
[288.510s][info][gc] GC(134) Concurrent Mark
[288.522s][info][gc] GC(134) Concurrent Mark 12.235ms
[288.522s][info][gc] GC(134) Concurrent Preclean
[288.522s][info][gc] GC(134) Concurrent Preclean 0.155ms
[288.523s][info][gc] GC(134) Concurrent Abortable Preclean
[288.523s][info][gc] GC(134) Concurrent Abortable Preclean 0.016ms
[288.528s][info][gc] GC(134) Pause Remark 47M->47M(50M) 5.435ms
[288.528s][info][gc] GC(134) Concurrent Sweep
[288.531s][info][gc] GC(134) Concurrent Sweep 3.276ms
[288.531s][info][gc] GC(134) Concurrent Reset
[288.532s][info][gc] GC(134) Concurrent Reset 0.029ms
[290.536s][info][gc] GC(135) Pause Initial Mark 47M->47M(50M) 0.754ms
[290.537s][info][gc] GC(135) Concurrent Mark
[290.549s][info][gc] GC(135) Concurrent Mark 12.132ms
[290.549s][info][gc] GC(135) Concurrent Preclean
[290.549s][info][gc] GC(135) Concurrent Preclean 0.156ms
[290.549s][info][gc] GC(135) Concurrent Abortable Preclean
[290.549s][info][gc] GC(135) Concurrent Abortable Preclean 0.018ms
[290.555s][info][gc] GC(135) Pause Remark 47M->47M(50M) 5.522ms
[290.555s][info][gc] GC(135) Concurrent Sweep
[290.558s][info][gc] GC(135) Concurrent Sweep 3.276ms
[290.558s][info][gc] GC(135) Concurrent Reset
[290.558s][info][gc] GC(135) Concurrent Reset 0.030ms
[292.563s][info][gc] GC(136) Pause Initial Mark 47M->47M(50M) 3.506ms
[292.563s][info][gc] GC(136) Concurrent Mark
[292.577s][info][gc] GC(136) Concurrent Mark 14.419ms
[292.578s][info][gc] GC(136) Concurrent Preclean
[292.578s][info][gc] GC(136) Concurrent Preclean 0.168ms
[292.578s][info][gc] GC(136) Concurrent Abortable Preclean
[292.578s][info][gc] GC(136) Concurrent Abortable Preclean 0.017ms
[292.585s][info][gc] GC(136) Pause Remark 47M->47M(50M) 6.745ms
[292.585s][info][gc] GC(136) Concurrent Sweep
[292.588s][info][gc] GC(136) Concurrent Sweep 3.160ms
[292.588s][info][gc] GC(136) Concurrent Reset
[292.588s][info][gc] GC(136) Concurrent Reset 0.031ms
[294.592s][info][gc] GC(137) Pause Initial Mark 47M->47M(50M) 0.777ms
[294.593s][info][gc] GC(137) Concurrent Mark
[294.602s][info][gc] GC(137) Concurrent Mark 9.698ms
[294.602s][info][gc] GC(137) Concurrent Preclean
[294.603s][info][gc] GC(137) Concurrent Preclean 0.135ms
[294.603s][info][gc] GC(137) Concurrent Abortable Preclean
[294.603s][info][gc] GC(137) Concurrent Abortable Preclean 0.016ms
[294.608s][info][gc] GC(137) Pause Remark 47M->47M(50M) 5.658ms
[294.608s][info][gc] GC(137) Concurrent Sweep
[294.612s][info][gc] GC(137) Concurrent Sweep 3.220ms
[294.612s][info][gc] GC(137) Concurrent Reset
[294.612s][info][gc] GC(137) Concurrent Reset 0.031ms
[296.616s][info][gc] GC(138) Pause Initial Mark 47M->47M(50M) 0.739ms
[296.616s][info][gc] GC(138) Concurrent Mark
[296.628s][info][gc] GC(138) Concurrent Mark 12.092ms
[296.629s][info][gc] GC(138) Concurrent Preclean
[296.629s][info][gc] GC(138) Concurrent Preclean 0.144ms
[296.629s][info][gc] GC(138) Concurrent Abortable Preclean
[296.629s][info][gc] GC(138) Concurrent Abortable Preclean 0.019ms
[296.634s][info][gc] GC(138) Pause Remark 47M->47M(50M) 5.569ms
[296.635s][info][gc] GC(138) Concurrent Sweep
[296.638s][info][gc] GC(138) Concurrent Sweep 3.248ms
[296.638s][info][gc] GC(138) Concurrent Reset
[296.638s][info][gc] GC(138) Concurrent Reset 0.033ms
[298.642s][info][gc] GC(139) Pause Initial Mark 47M->47M(50M) 0.724ms
[298.642s][info][gc] GC(139) Concurrent Mark
[298.655s][info][gc] GC(139) Concurrent Mark 12.300ms
[298.655s][info][gc] GC(139) Concurrent Preclean
[298.655s][info][gc] GC(139) Concurrent Preclean 0.154ms
[298.655s][info][gc] GC(139) Concurrent Abortable Preclean
[298.655s][info][gc] GC(139) Concurrent Abortable Preclean 0.019ms
[298.662s][info][gc] GC(139) Pause Remark 47M->47M(50M) 7.346ms
[298.663s][info][gc] GC(139) Concurrent Sweep
[298.666s][info][gc] GC(139) Concurrent Sweep 3.215ms
[298.666s][info][gc] GC(139) Concurrent Reset
[298.666s][info][gc] GC(139) Concurrent Reset 0.036ms
[300.668s][info][gc] GC(140) Pause Initial Mark 47M->47M(50M) 0.732ms
[300.668s][info][gc] GC(140) Concurrent Mark
[300.680s][info][gc] GC(140) Concurrent Mark 12.101ms
[300.680s][info][gc] GC(140) Concurrent Preclean
[300.680s][info][gc] GC(140) Concurrent Preclean 0.162ms
[300.681s][info][gc] GC(140) Concurrent Abortable Preclean
[300.681s][info][gc] GC(140) Concurrent Abortable Preclean 0.020ms
[300.686s][info][gc] GC(140) Pause Remark 47M->47M(50M) 5.631ms
[300.686s][info][gc] GC(140) Concurrent Sweep
[300.690s][info][gc] GC(140) Concurrent Sweep 3.247ms
[300.690s][info][gc] GC(140) Concurrent Reset
[300.690s][info][gc] GC(140) Concurrent Reset 0.033ms
[302.693s][info][gc] GC(141) Pause Initial Mark 47M->47M(50M) 0.738ms
[302.693s][info][gc] GC(141) Concurrent Mark
[302.706s][info][gc] GC(141) Concurrent Mark 12.179ms
[302.706s][info][gc] GC(141) Concurrent Preclean
[302.706s][info][gc] GC(141) Concurrent Preclean 0.164ms
[302.706s][info][gc] GC(141) Concurrent Abortable Preclean
[302.706s][info][gc] GC(141) Concurrent Abortable Preclean 0.020ms
[302.712s][info][gc] GC(141) Pause Remark 47M->47M(50M) 5.586ms
[302.712s][info][gc] GC(141) Concurrent Sweep
[302.715s][info][gc] GC(141) Concurrent Sweep 3.260ms
[302.715s][info][gc] GC(141) Concurrent Reset
[302.715s][info][gc] GC(141) Concurrent Reset 0.033ms
[304.720s][info][gc] GC(142) Pause Initial Mark 47M->47M(50M) 0.507ms
[304.720s][info][gc] GC(142) Concurrent Mark
[304.735s][info][gc] GC(142) Concurrent Mark 15.617ms
[304.736s][info][gc] GC(142) Concurrent Preclean
[304.736s][info][gc] GC(142) Concurrent Preclean 0.186ms
[304.736s][info][gc] GC(142) Concurrent Abortable Preclean
[304.736s][info][gc] GC(142) Concurrent Abortable Preclean 0.037ms
[304.741s][info][gc] GC(142) Pause Remark 47M->47M(50M) 5.492ms
[304.742s][info][gc] GC(142) Concurrent Sweep
[304.746s][info][gc] GC(142) Concurrent Sweep 3.994ms
[304.746s][info][gc] GC(142) Concurrent Reset
[304.746s][info][gc] GC(142) Concurrent Reset 0.046ms
[306.746s][info][gc] GC(143) Pause Initial Mark 47M->47M(50M) 0.523ms
[306.746s][info][gc] GC(143) Concurrent Mark
[306.758s][info][gc] GC(143) Concurrent Mark 11.895ms
[306.758s][info][gc] GC(143) Concurrent Preclean
[306.758s][info][gc] GC(143) Concurrent Preclean 0.140ms
[306.759s][info][gc] GC(143) Concurrent Abortable Preclean
[306.759s][info][gc] GC(143) Concurrent Abortable Preclean 0.016ms
[306.766s][info][gc] GC(143) Pause Remark 47M->47M(50M) 7.340ms
[306.766s][info][gc] GC(143) Concurrent Sweep
[306.770s][info][gc] GC(143) Concurrent Sweep 3.508ms
[306.770s][info][gc] GC(143) Concurrent Reset
[306.770s][info][gc] GC(143) Concurrent Reset 0.029ms
[308.774s][info][gc] GC(144) Pause Initial Mark 48M->48M(50M) 0.756ms
[308.774s][info][gc] GC(144) Concurrent Mark
[308.789s][info][gc] GC(144) Concurrent Mark 15.273ms
[308.789s][info][gc] GC(144) Concurrent Preclean
[308.790s][info][gc] GC(144) Concurrent Preclean 0.271ms
[308.790s][info][gc] GC(144) Concurrent Abortable Preclean
[308.790s][info][gc] GC(144) Concurrent Abortable Preclean 0.018ms
[308.795s][info][gc] GC(144) Pause Remark 48M->48M(50M) 5.481ms
[308.795s][info][gc] GC(144) Concurrent Sweep
[308.799s][info][gc] GC(144) Concurrent Sweep 3.235ms
[308.799s][info][gc] GC(144) Concurrent Reset
[308.799s][info][gc] GC(144) Concurrent Reset 0.028ms
[310.801s][info][gc] GC(145) Pause Initial Mark 48M->48M(50M) 0.763ms
[310.801s][info][gc] GC(145) Concurrent Mark
[310.814s][info][gc] GC(145) Concurrent Mark 13.167ms
[310.814s][info][gc] GC(145) Concurrent Preclean
[310.815s][info][gc] GC(145) Concurrent Preclean 0.261ms
[310.815s][info][gc] GC(145) Concurrent Abortable Preclean
[310.815s][info][gc] GC(145) Concurrent Abortable Preclean 0.018ms
[310.821s][info][gc] GC(145) Pause Remark 48M->48M(50M) 6.112ms
[310.821s][info][gc] GC(145) Concurrent Sweep
[310.824s][info][gc] GC(145) Concurrent Sweep 3.006ms
[310.824s][info][gc] GC(145) Concurrent Reset
[310.824s][info][gc] GC(145) Concurrent Reset 0.028ms
[312.824s][info][gc] GC(146) Pause Initial Mark 48M->48M(50M) 0.424ms
[312.825s][info][gc] GC(146) Concurrent Mark
[312.835s][info][gc] GC(146) Concurrent Mark 10.670ms
[312.835s][info][gc] GC(146) Concurrent Preclean
[312.835s][info][gc] GC(146) Concurrent Preclean 0.144ms
[312.836s][info][gc] GC(146) Concurrent Abortable Preclean
[312.836s][info][gc] GC(146) Concurrent Abortable Preclean 0.020ms
[312.843s][info][gc] GC(146) Pause Remark 48M->48M(50M) 7.810ms
[312.844s][info][gc] GC(146) Concurrent Sweep
[312.847s][info][gc] GC(146) Concurrent Sweep 3.561ms
[312.847s][info][gc] GC(146) Concurrent Reset
[312.847s][info][gc] GC(146) Concurrent Reset 0.029ms
[314.852s][info][gc] GC(147) Pause Initial Mark 48M->48M(50M) 2.180ms
[314.852s][info][gc] GC(147) Concurrent Mark
[314.865s][info][gc] GC(147) Concurrent Mark 13.020ms
[314.865s][info][gc] GC(147) Concurrent Preclean
[314.866s][info][gc] GC(147) Concurrent Preclean 0.150ms
[314.866s][info][gc] GC(147) Concurrent Abortable Preclean
[314.866s][info][gc] GC(147) Concurrent Abortable Preclean 0.018ms
[314.871s][info][gc] GC(147) Pause Remark 48M->48M(50M) 5.389ms
[314.871s][info][gc] GC(147) Concurrent Sweep
[314.875s][info][gc] GC(147) Concurrent Sweep 3.470ms
[314.875s][info][gc] GC(147) Concurrent Reset
[314.875s][info][gc] GC(147) Concurrent Reset 0.030ms
[316.875s][info][gc] GC(148) Pause Initial Mark 48M->48M(50M) 0.500ms
[316.875s][info][gc] GC(148) Concurrent Mark
[316.887s][info][gc] GC(148) Concurrent Mark 12.159ms
[316.888s][info][gc] GC(148) Concurrent Preclean
[316.888s][info][gc] GC(148) Concurrent Preclean 0.179ms
[316.888s][info][gc] GC(148) Concurrent Abortable Preclean
[316.888s][info][gc] GC(148) Concurrent Abortable Preclean 0.019ms
[316.896s][info][gc] GC(148) Pause Remark 48M->48M(50M) 7.913ms
[316.896s][info][gc] GC(148) Concurrent Sweep
[316.899s][info][gc] GC(148) Concurrent Sweep 3.037ms
[316.899s][info][gc] GC(148) Concurrent Reset
[316.899s][info][gc] GC(148) Concurrent Reset 0.030ms
[318.903s][info][gc] GC(149) Pause Initial Mark 48M->48M(50M) 0.606ms
[318.903s][info][gc] GC(149) Concurrent Mark
[318.913s][info][gc] GC(149) Concurrent Mark 10.377ms
[318.913s][info][gc] GC(149) Concurrent Preclean
[318.913s][info][gc] GC(149) Concurrent Preclean 0.141ms
[318.913s][info][gc] GC(149) Concurrent Abortable Preclean
[318.913s][info][gc] GC(149) Concurrent Abortable Preclean 0.017ms
[318.920s][info][gc] GC(149) Pause Remark 48M->48M(50M) 7.070ms
[318.921s][info][gc] GC(149) Concurrent Sweep
[318.924s][info][gc] GC(149) Concurrent Sweep 3.547ms
[318.924s][info][gc] GC(149) Concurrent Reset
[318.924s][info][gc] GC(149) Concurrent Reset 0.054ms
[320.926s][info][gc] GC(150) Pause Initial Mark 48M->48M(50M) 0.665ms
[320.926s][info][gc] GC(150) Concurrent Mark
[320.941s][info][gc] GC(150) Concurrent Mark 14.744ms
[320.941s][info][gc] GC(150) Concurrent Preclean
[320.941s][info][gc] GC(150) Concurrent Preclean 0.217ms
[320.941s][info][gc] GC(150) Concurrent Abortable Preclean
[320.941s][info][gc] GC(150) Concurrent Abortable Preclean 0.028ms
[320.950s][info][gc] GC(150) Pause Remark 48M->48M(50M) 8.479ms
[320.950s][info][gc] GC(150) Concurrent Sweep
[320.954s][info][gc] GC(150) Concurrent Sweep 3.451ms
[320.954s][info][gc] GC(150) Concurrent Reset
[320.954s][info][gc] GC(150) Concurrent Reset 0.031ms
[322.954s][info][gc] GC(151) Pause Initial Mark 48M->48M(50M) 0.533ms
[322.954s][info][gc] GC(151) Concurrent Mark
[322.968s][info][gc] GC(151) Concurrent Mark 13.172ms
[322.968s][info][gc] GC(151) Concurrent Preclean
[322.968s][info][gc] GC(151) Concurrent Preclean 0.190ms
[322.968s][info][gc] GC(151) Concurrent Abortable Preclean
[322.968s][info][gc] GC(151) Concurrent Abortable Preclean 0.019ms
[322.974s][info][gc] GC(151) Pause Remark 48M->48M(50M) 5.917ms
[322.974s][info][gc] GC(151) Concurrent Sweep
[322.977s][info][gc] GC(151) Concurrent Sweep 3.248ms
[322.977s][info][gc] GC(151) Concurrent Reset
[322.977s][info][gc] GC(151) Concurrent Reset 0.031ms
[324.981s][info][gc] GC(152) Pause Initial Mark 48M->48M(50M) 0.497ms
[324.981s][info][gc] GC(152) Concurrent Mark
[324.992s][info][gc] GC(152) Concurrent Mark 11.154ms
[324.992s][info][gc] GC(152) Concurrent Preclean
[324.992s][info][gc] GC(152) Concurrent Preclean 0.136ms
[324.992s][info][gc] GC(152) Concurrent Abortable Preclean
[324.992s][info][gc] GC(152) Concurrent Abortable Preclean 0.016ms
[324.999s][info][gc] GC(152) Pause Remark 48M->48M(50M) 6.391ms
[324.999s][info][gc] GC(152) Concurrent Sweep
[325.002s][info][gc] GC(152) Concurrent Sweep 3.342ms
[325.002s][info][gc] GC(152) Concurrent Reset
[325.002s][info][gc] GC(152) Concurrent Reset 0.034ms
[327.004s][info][gc] GC(153) Pause Initial Mark 48M->48M(50M) 0.831ms
[327.004s][info][gc] GC(153) Concurrent Mark
[327.019s][info][gc] GC(153) Concurrent Mark 14.978ms
[327.019s][info][gc] GC(153) Concurrent Preclean
[327.020s][info][gc] GC(153) Concurrent Preclean 0.164ms
[327.020s][info][gc] GC(153) Concurrent Abortable Preclean
[327.020s][info][gc] GC(153) Concurrent Abortable Preclean 0.018ms
[327.025s][info][gc] GC(153) Pause Remark 48M->48M(50M) 5.304ms
[327.025s][info][gc] GC(153) Concurrent Sweep
[327.029s][info][gc] GC(153) Concurrent Sweep 3.643ms
[327.029s][info][gc] GC(153) Concurrent Reset
[327.029s][info][gc] GC(153) Concurrent Reset 0.047ms
[329.029s][info][gc] GC(154) Pause Initial Mark 48M->48M(50M) 0.640ms
[329.029s][info][gc] GC(154) Concurrent Mark
[329.042s][info][gc] GC(154) Concurrent Mark 12.921ms
[329.042s][info][gc] GC(154) Concurrent Preclean
[329.042s][info][gc] GC(154) Concurrent Preclean 0.168ms
[329.042s][info][gc] GC(154) Concurrent Abortable Preclean
[329.042s][info][gc] GC(154) Concurrent Abortable Preclean 0.019ms
[329.050s][info][gc] GC(154) Pause Remark 48M->48M(50M) 7.829ms
[329.050s][info][gc] GC(154) Concurrent Sweep
[329.054s][info][gc] GC(154) Concurrent Sweep 3.628ms
[329.054s][info][gc] GC(154) Concurrent Reset
[329.054s][info][gc] GC(154) Concurrent Reset 0.092ms
[331.057s][info][gc] GC(155) Pause Initial Mark 48M->48M(50M) 0.601ms
[331.057s][info][gc] GC(155) Concurrent Mark
[331.071s][info][gc] GC(155) Concurrent Mark 14.242ms
[331.071s][info][gc] GC(155) Concurrent Preclean
[331.072s][info][gc] GC(155) Concurrent Preclean 0.191ms
[331.072s][info][gc] GC(155) Concurrent Abortable Preclean
[331.072s][info][gc] GC(155) Concurrent Abortable Preclean 0.035ms
[331.078s][info][gc] GC(155) Pause Remark 48M->48M(50M) 5.548ms
[331.078s][info][gc] GC(155) Concurrent Sweep
[331.081s][info][gc] GC(155) Concurrent Sweep 3.244ms
[331.081s][info][gc] GC(155) Concurrent Reset
[331.081s][info][gc] GC(155) Concurrent Reset 0.032ms
[333.086s][info][gc] GC(156) Pause Initial Mark 48M->48M(50M) 3.471ms
[333.087s][info][gc] GC(156) Concurrent Mark
[333.111s][info][gc] GC(156) Concurrent Mark 23.315ms
[333.111s][info][gc] GC(156) Concurrent Preclean
[333.111s][info][gc] GC(156) Concurrent Preclean 0.295ms
[333.111s][info][gc] GC(156) Concurrent Abortable Preclean
[333.112s][info][gc] GC(156) Concurrent Abortable Preclean 0.025ms
[333.134s][info][gc] GC(156) Pause Remark 48M->48M(50M) 22.068ms
[333.134s][info][gc] GC(156) Concurrent Sweep
[333.140s][info][gc] GC(156) Concurrent Sweep 5.639ms
[333.140s][info][gc] GC(156) Concurrent Reset
[333.140s][info][gc] GC(156) Concurrent Reset 0.044ms
[335.145s][info][gc] GC(157) Pause Initial Mark 48M->48M(50M) 0.634ms
[335.145s][info][gc] GC(157) Concurrent Mark
[335.158s][info][gc] GC(157) Concurrent Mark 12.817ms
[335.158s][info][gc] GC(157) Concurrent Preclean
[335.158s][info][gc] GC(157) Concurrent Preclean 0.155ms
[335.158s][info][gc] GC(157) Concurrent Abortable Preclean
[335.158s][info][gc] GC(157) Concurrent Abortable Preclean 0.019ms
[335.164s][info][gc] GC(157) Pause Remark 48M->48M(50M) 5.557ms
[335.164s][info][gc] GC(157) Concurrent Sweep
[335.167s][info][gc] GC(157) Concurrent Sweep 3.257ms
[335.167s][info][gc] GC(157) Concurrent Reset
[335.167s][info][gc] GC(157) Concurrent Reset 0.037ms
[337.170s][info][gc] GC(158) Pause Initial Mark 48M->48M(50M) 0.545ms
[337.170s][info][gc] GC(158) Concurrent Mark
[337.183s][info][gc] GC(158) Concurrent Mark 12.594ms
[337.183s][info][gc] GC(158) Concurrent Preclean
[337.183s][info][gc] GC(158) Concurrent Preclean 0.156ms
[337.183s][info][gc] GC(158) Concurrent Abortable Preclean
[337.183s][info][gc] GC(158) Concurrent Abortable Preclean 0.019ms
[337.194s][info][gc] GC(158) Pause Remark 48M->48M(50M) 11.138ms
[337.194s][info][gc] GC(158) Concurrent Sweep
[337.197s][info][gc] GC(158) Concurrent Sweep 3.103ms
[337.197s][info][gc] GC(158) Concurrent Reset
[337.198s][info][gc] GC(158) Concurrent Reset 0.031ms
[339.200s][info][gc] GC(159) Pause Initial Mark 48M->48M(50M) 0.778ms
[339.200s][info][gc] GC(159) Concurrent Mark
[339.214s][info][gc] GC(159) Concurrent Mark 14.024ms
[339.214s][info][gc] GC(159) Concurrent Preclean
[339.214s][info][gc] GC(159) Concurrent Preclean 0.190ms
[339.214s][info][gc] GC(159) Concurrent Abortable Preclean
[339.214s][info][gc] GC(159) Concurrent Abortable Preclean 0.019ms
[339.221s][info][gc] GC(159) Pause Remark 48M->48M(50M) 6.541ms
[339.221s][info][gc] GC(159) Concurrent Sweep
[339.225s][info][gc] GC(159) Concurrent Sweep 3.915ms
[339.225s][info][gc] GC(159) Concurrent Reset
[339.225s][info][gc] GC(159) Concurrent Reset 0.033ms
[341.226s][info][gc] GC(160) Pause Initial Mark 48M->48M(50M) 0.879ms
[341.226s][info][gc] GC(160) Concurrent Mark
[341.242s][info][gc] GC(160) Concurrent Mark 15.598ms
[341.242s][info][gc] GC(160) Concurrent Preclean
[341.242s][info][gc] GC(160) Concurrent Preclean 0.136ms
[341.242s][info][gc] GC(160) Concurrent Abortable Preclean
[341.242s][info][gc] GC(160) Concurrent Abortable Preclean 0.021ms
[341.247s][info][gc] GC(160) Pause Remark 48M->48M(50M) 5.144ms
[341.247s][info][gc] GC(160) Concurrent Sweep
[341.250s][info][gc] GC(160) Concurrent Sweep 3.024ms
[341.250s][info][gc] GC(160) Concurrent Reset
[341.250s][info][gc] GC(160) Concurrent Reset 0.030ms
[343.253s][info][gc] GC(161) Pause Initial Mark 48M->48M(50M) 0.886ms
[343.253s][info][gc] GC(161) Concurrent Mark
[343.267s][info][gc] GC(161) Concurrent Mark 14.477ms
[343.267s][info][gc] GC(161) Concurrent Preclean
[343.267s][info][gc] GC(161) Concurrent Preclean 0.157ms
[343.268s][info][gc] GC(161) Concurrent Abortable Preclean
[343.268s][info][gc] GC(161) Concurrent Abortable Preclean 0.039ms
[343.273s][info][gc] GC(161) Pause Remark 48M->48M(50M) 5.324ms
[343.273s][info][gc] GC(161) Concurrent Sweep
[343.276s][info][gc] GC(161) Concurrent Sweep 3.193ms
[343.276s][info][gc] GC(161) Concurrent Reset
[343.276s][info][gc] GC(161) Concurrent Reset 0.031ms
[345.277s][info][gc] GC(162) Pause Initial Mark 48M->48M(50M) 0.705ms
[345.277s][info][gc] GC(162) Concurrent Mark
[345.291s][info][gc] GC(162) Concurrent Mark 13.755ms
[345.291s][info][gc] GC(162) Concurrent Preclean
[345.292s][info][gc] GC(162) Concurrent Preclean 0.203ms
[345.292s][info][gc] GC(162) Concurrent Abortable Preclean
[345.292s][info][gc] GC(162) Concurrent Abortable Preclean 0.019ms
[345.297s][info][gc] GC(162) Pause Remark 48M->48M(50M) 5.799ms
[345.298s][info][gc] GC(162) Concurrent Sweep
[345.301s][info][gc] GC(162) Concurrent Sweep 3.136ms
[345.301s][info][gc] GC(162) Concurrent Reset
[345.301s][info][gc] GC(162) Concurrent Reset 0.030ms
[347.303s][info][gc] GC(163) Pause Initial Mark 48M->48M(50M) 0.545ms
[347.303s][info][gc] GC(163) Concurrent Mark
[347.316s][info][gc] GC(163) Concurrent Mark 12.251ms
[347.316s][info][gc] GC(163) Concurrent Preclean
[347.316s][info][gc] GC(163) Concurrent Preclean 0.158ms
[347.316s][info][gc] GC(163) Concurrent Abortable Preclean
[347.316s][info][gc] GC(163) Concurrent Abortable Preclean 0.019ms
[347.326s][info][gc] GC(163) Pause Remark 48M->48M(50M) 10.050ms
[347.326s][info][gc] GC(163) Concurrent Sweep
[347.330s][info][gc] GC(163) Concurrent Sweep 3.391ms
[347.330s][info][gc] GC(163) Concurrent Reset
[347.330s][info][gc] GC(163) Concurrent Reset 0.031ms
[349.330s][info][gc] GC(164) Pause Initial Mark 48M->48M(50M) 0.509ms
[349.330s][info][gc] GC(164) Concurrent Mark
[349.342s][info][gc] GC(164) Concurrent Mark 12.195ms
[349.342s][info][gc] GC(164) Concurrent Preclean
[349.343s][info][gc] GC(164) Concurrent Preclean 0.137ms
[349.343s][info][gc] GC(164) Concurrent Abortable Preclean
[349.343s][info][gc] GC(164) Concurrent Abortable Preclean 0.017ms
[349.348s][info][gc] GC(164) Pause Remark 48M->48M(50M) 5.339ms
[349.348s][info][gc] GC(164) Concurrent Sweep
[349.351s][info][gc] GC(164) Concurrent Sweep 3.234ms
[349.351s][info][gc] GC(164) Concurrent Reset
[349.351s][info][gc] GC(164) Concurrent Reset 0.032ms
[351.354s][info][gc] GC(165) Pause Initial Mark 48M->48M(50M) 0.672ms
[351.354s][info][gc] GC(165) Concurrent Mark
[351.368s][info][gc] GC(165) Concurrent Mark 14.182ms
[351.368s][info][gc] GC(165) Concurrent Preclean
[351.368s][info][gc] GC(165) Concurrent Preclean 0.154ms
[351.368s][info][gc] GC(165) Concurrent Abortable Preclean
[351.368s][info][gc] GC(165) Concurrent Abortable Preclean 0.019ms
[351.375s][info][gc] GC(165) Pause Remark 48M->48M(50M) 6.153ms
[351.375s][info][gc] GC(165) Concurrent Sweep
[351.378s][info][gc] GC(165) Concurrent Sweep 3.534ms
[351.378s][info][gc] GC(165) Concurrent Reset
[351.378s][info][gc] GC(165) Concurrent Reset 0.043ms
[353.382s][info][gc] GC(166) Pause Initial Mark 48M->48M(50M) 0.759ms
[353.382s][info][gc] GC(166) Concurrent Mark
[353.395s][info][gc] GC(166) Concurrent Mark 13.262ms
[353.395s][info][gc] GC(166) Concurrent Preclean
[353.395s][info][gc] GC(166) Concurrent Preclean 0.147ms
[353.396s][info][gc] GC(166) Concurrent Abortable Preclean
[353.396s][info][gc] GC(166) Concurrent Abortable Preclean 0.019ms
[353.402s][info][gc] GC(166) Pause Remark 48M->48M(50M) 5.879ms
[353.402s][info][gc] GC(166) Concurrent Sweep
[353.406s][info][gc] GC(166) Concurrent Sweep 4.065ms
[353.406s][info][gc] GC(166) Concurrent Reset
[353.406s][info][gc] GC(166) Concurrent Reset 0.086ms
[355.412s][info][gc] GC(167) Pause Initial Mark 48M->48M(50M) 1.372ms
[355.412s][info][gc] GC(167) Concurrent Mark
[355.455s][info][gc] GC(167) Concurrent Mark 43.129ms
[355.455s][info][gc] GC(167) Concurrent Preclean
[355.457s][info][gc] GC(167) Concurrent Preclean 1.402ms
[355.457s][info][gc] GC(167) Concurrent Abortable Preclean
[355.457s][info][gc] GC(167) Concurrent Abortable Preclean 0.024ms
[355.467s][info][gc] GC(167) Pause Remark 48M->48M(50M) 10.395ms
[355.467s][info][gc] GC(167) Concurrent Sweep
[355.476s][info][gc] GC(167) Concurrent Sweep 8.416ms
[355.476s][info][gc] GC(167) Concurrent Reset
[355.476s][info][gc] GC(167) Concurrent Reset 0.043ms
[357.478s][info][gc] GC(168) Pause Initial Mark 48M->48M(50M) 0.547ms
[357.478s][info][gc] GC(168) Concurrent Mark
[357.490s][info][gc] GC(168) Concurrent Mark 11.798ms
[357.490s][info][gc] GC(168) Concurrent Preclean
[357.490s][info][gc] GC(168) Concurrent Preclean 0.158ms
[357.490s][info][gc] GC(168) Concurrent Abortable Preclean
[357.490s][info][gc] GC(168) Concurrent Abortable Preclean 0.019ms
[357.495s][info][gc] GC(168) Pause Remark 48M->48M(50M) 4.961ms
[357.495s][info][gc] GC(168) Concurrent Sweep
[357.498s][info][gc] GC(168) Concurrent Sweep 3.051ms
[357.498s][info][gc] GC(168) Concurrent Reset
[357.498s][info][gc] GC(168) Concurrent Reset 0.030ms
[359.502s][info][gc] GC(169) Pause Initial Mark 48M->48M(50M) 0.655ms
[359.502s][info][gc] GC(169) Concurrent Mark
[359.516s][info][gc] GC(169) Concurrent Mark 13.968ms
[359.516s][info][gc] GC(169) Concurrent Preclean
[359.517s][info][gc] GC(169) Concurrent Preclean 0.148ms
[359.517s][info][gc] GC(169) Concurrent Abortable Preclean
[359.517s][info][gc] GC(169) Concurrent Abortable Preclean 0.019ms
[359.522s][info][gc] GC(169) Pause Remark 48M->48M(50M) 5.407ms
[359.522s][info][gc] GC(169) Concurrent Sweep
[359.525s][info][gc] GC(169) Concurrent Sweep 3.246ms
[359.526s][info][gc] GC(169) Concurrent Reset
[359.526s][info][gc] GC(169) Concurrent Reset 0.031ms
[361.531s][info][gc] GC(170) Pause Initial Mark 48M->48M(50M) 1.087ms
[361.531s][info][gc] GC(170) Concurrent Mark
[361.544s][info][gc] GC(170) Concurrent Mark 12.713ms
[361.544s][info][gc] GC(170) Concurrent Preclean
[361.544s][info][gc] GC(170) Concurrent Preclean 0.163ms
[361.544s][info][gc] GC(170) Concurrent Abortable Preclean
[361.544s][info][gc] GC(170) Concurrent Abortable Preclean 0.019ms
[361.551s][info][gc] GC(170) Pause Remark 48M->48M(50M) 7.287ms
[361.552s][info][gc] GC(170) Concurrent Sweep
[361.555s][info][gc] GC(170) Concurrent Sweep 3.205ms
[361.555s][info][gc] GC(170) Concurrent Reset
[361.555s][info][gc] GC(170) Concurrent Reset 0.031ms
[363.556s][info][gc] GC(171) Pause Initial Mark 48M->48M(50M) 0.953ms
[363.556s][info][gc] GC(171) Concurrent Mark
[363.574s][info][gc] GC(171) Concurrent Mark 17.657ms
[363.574s][info][gc] GC(171) Concurrent Preclean
[363.574s][info][gc] GC(171) Concurrent Preclean 0.141ms
[363.574s][info][gc] GC(171) Concurrent Abortable Preclean
[363.574s][info][gc] GC(171) Concurrent Abortable Preclean 0.017ms
[363.580s][info][gc] GC(171) Pause Remark 48M->48M(50M) 5.419ms
[363.580s][info][gc] GC(171) Concurrent Sweep
[363.584s][info][gc] GC(171) Concurrent Sweep 3.771ms
[363.584s][info][gc] GC(171) Concurrent Reset
[363.584s][info][gc] GC(171) Concurrent Reset 0.033ms
[365.589s][info][gc] GC(172) Pause Initial Mark 48M->48M(50M) 0.563ms
[365.589s][info][gc] GC(172) Concurrent Mark
[365.600s][info][gc] GC(172) Concurrent Mark 10.983ms
[365.600s][info][gc] GC(172) Concurrent Preclean
[365.601s][info][gc] GC(172) Concurrent Preclean 0.132ms
[365.601s][info][gc] GC(172) Concurrent Abortable Preclean
[365.601s][info][gc] GC(172) Concurrent Abortable Preclean 0.018ms
[365.606s][info][gc] GC(172) Pause Remark 48M->48M(50M) 5.403ms
[365.606s][info][gc] GC(172) Concurrent Sweep
[365.610s][info][gc] GC(172) Concurrent Sweep 3.351ms
[365.610s][info][gc] GC(172) Concurrent Reset
[365.610s][info][gc] GC(172) Concurrent Reset 0.056ms
[367.612s][info][gc] GC(173) Pause Initial Mark 48M->48M(50M) 0.727ms
[367.613s][info][gc] GC(173) Concurrent Mark
[367.626s][info][gc] GC(173) Concurrent Mark 13.786ms
[367.626s][info][gc] GC(173) Concurrent Preclean
[367.627s][info][gc] GC(173) Concurrent Preclean 0.155ms
[367.627s][info][gc] GC(173) Concurrent Abortable Preclean
[367.627s][info][gc] GC(173) Concurrent Abortable Preclean 0.018ms
[367.632s][info][gc] GC(173) Pause Remark 48M->48M(50M) 4.808ms
[367.632s][info][gc] GC(173) Concurrent Sweep
[367.635s][info][gc] GC(173) Concurrent Sweep 2.998ms
[367.635s][info][gc] GC(173) Concurrent Reset
[367.635s][info][gc] GC(173) Concurrent Reset 0.040ms
[369.640s][info][gc] GC(174) Pause Initial Mark 48M->48M(50M) 0.653ms
[369.641s][info][gc] GC(174) Concurrent Mark
[369.657s][info][gc] GC(174) Concurrent Mark 16.910ms
[369.657s][info][gc] GC(174) Concurrent Preclean
[369.658s][info][gc] GC(174) Concurrent Preclean 0.225ms
[369.658s][info][gc] GC(174) Concurrent Abortable Preclean
[369.658s][info][gc] GC(174) Concurrent Abortable Preclean 0.027ms
[369.671s][info][gc] GC(174) Pause Remark 48M->48M(50M) 12.903ms
[369.671s][info][gc] GC(174) Concurrent Sweep
[369.676s][info][gc] GC(174) Concurrent Sweep 4.966ms
[369.676s][info][gc] GC(174) Concurrent Reset
[369.676s][info][gc] GC(174) Concurrent Reset 0.096ms
[371.686s][info][gc] GC(175) Pause Initial Mark 48M->48M(50M) 6.768ms
[371.689s][info][gc] GC(175) Concurrent Mark
[371.716s][info][gc] GC(175) Concurrent Mark 26.890ms
[371.716s][info][gc] GC(175) Concurrent Preclean
[371.716s][info][gc] GC(175) Concurrent Preclean 0.208ms
[371.716s][info][gc] GC(175) Concurrent Abortable Preclean
[371.716s][info][gc] GC(175) Concurrent Abortable Preclean 0.029ms
[371.736s][info][gc] GC(175) Pause Remark 48M->48M(50M) 16.188ms
[371.736s][info][gc] GC(175) Concurrent Sweep
[371.741s][info][gc] GC(175) Concurrent Sweep 4.965ms
[371.741s][info][gc] GC(175) Concurrent Reset
[371.742s][info][gc] GC(175) Concurrent Reset 0.152ms
[373.742s][info][gc] GC(176) Pause Initial Mark 48M->48M(50M) 0.412ms
[373.742s][info][gc] GC(176) Concurrent Mark
[373.752s][info][gc] GC(176) Concurrent Mark 10.261ms
[373.752s][info][gc] GC(176) Concurrent Preclean
[373.752s][info][gc] GC(176) Concurrent Preclean 0.124ms
[373.752s][info][gc] GC(176) Concurrent Abortable Preclean
[373.752s][info][gc] GC(176) Concurrent Abortable Preclean 0.016ms
[373.757s][info][gc] GC(176) Pause Remark 48M->48M(50M) 4.826ms
[373.757s][info][gc] GC(176) Concurrent Sweep
[373.760s][info][gc] GC(176) Concurrent Sweep 3.044ms
[373.760s][info][gc] GC(176) Concurrent Reset
[373.761s][info][gc] GC(176) Concurrent Reset 0.030ms
[375.761s][info][gc] GC(177) Pause Initial Mark 48M->48M(50M) 0.403ms
[375.761s][info][gc] GC(177) Concurrent Mark
[375.772s][info][gc] GC(177) Concurrent Mark 11.165ms
[375.772s][info][gc] GC(177) Concurrent Preclean
[375.772s][info][gc] GC(177) Concurrent Preclean 0.137ms
[375.772s][info][gc] GC(177) Concurrent Abortable Preclean
[375.772s][info][gc] GC(177) Concurrent Abortable Preclean 0.016ms
[375.778s][info][gc] GC(177) Pause Remark 48M->48M(50M) 4.988ms
[375.778s][info][gc] GC(177) Concurrent Sweep
[375.781s][info][gc] GC(177) Concurrent Sweep 3.014ms
[375.781s][info][gc] GC(177) Concurrent Reset
[375.781s][info][gc] GC(177) Concurrent Reset 0.030ms
[377.785s][info][gc] GC(178) Pause Initial Mark 48M->48M(50M) 0.707ms
[377.785s][info][gc] GC(178) Concurrent Mark
[377.801s][info][gc] GC(178) Concurrent Mark 15.277ms
[377.801s][info][gc] GC(178) Concurrent Preclean
[377.801s][info][gc] GC(178) Concurrent Preclean 0.145ms
[377.801s][info][gc] GC(178) Concurrent Abortable Preclean
[377.801s][info][gc] GC(178) Concurrent Abortable Preclean 0.029ms
[377.806s][info][gc] GC(178) Pause Remark 48M->48M(50M) 5.082ms
[377.806s][info][gc] GC(178) Concurrent Sweep
[377.810s][info][gc] GC(178) Concurrent Sweep 3.345ms
[377.810s][info][gc] GC(178) Concurrent Reset
[377.810s][info][gc] GC(178) Concurrent Reset 0.073ms
[379.810s][info][gc] GC(179) Pause Initial Mark 48M->48M(50M) 0.447ms
[379.810s][info][gc] GC(179) Concurrent Mark
[379.826s][info][gc] GC(179) Concurrent Mark 15.794ms
[379.826s][info][gc] GC(179) Concurrent Preclean
[379.826s][info][gc] GC(179) Concurrent Preclean 0.166ms
[379.826s][info][gc] GC(179) Concurrent Abortable Preclean
[379.826s][info][gc] GC(179) Concurrent Abortable Preclean 0.017ms
[379.834s][info][gc] GC(179) Pause Remark 48M->48M(50M) 7.273ms
[379.835s][info][gc] GC(179) Concurrent Sweep
[379.842s][info][gc] GC(179) Concurrent Sweep 7.095ms
[379.843s][info][gc] GC(179) Concurrent Reset
[379.843s][info][gc] GC(179) Concurrent Reset 0.031ms
[381.844s][info][gc] GC(180) Pause Initial Mark 48M->48M(50M) 0.925ms
[381.844s][info][gc] GC(180) Concurrent Mark
[381.857s][info][gc] GC(180) Concurrent Mark 12.229ms
[381.857s][info][gc] GC(180) Concurrent Preclean
[381.857s][info][gc] GC(180) Concurrent Preclean 0.144ms
[381.857s][info][gc] GC(180) Concurrent Abortable Preclean
[381.857s][info][gc] GC(180) Concurrent Abortable Preclean 0.018ms
[381.866s][info][gc] GC(180) Pause Remark 48M->48M(50M) 8.610ms
[381.866s][info][gc] GC(180) Concurrent Sweep
[381.870s][info][gc] GC(180) Concurrent Sweep 3.932ms
[381.870s][info][gc] GC(180) Concurrent Reset
[381.870s][info][gc] GC(180) Concurrent Reset 0.101ms
[383.872s][info][gc] GC(181) Pause Initial Mark 48M->48M(50M) 0.783ms
[383.872s][info][gc] GC(181) Concurrent Mark
[383.884s][info][gc] GC(181) Concurrent Mark 12.063ms
[383.884s][info][gc] GC(181) Concurrent Preclean
[383.884s][info][gc] GC(181) Concurrent Preclean 0.163ms
[383.884s][info][gc] GC(181) Concurrent Abortable Preclean
[383.884s][info][gc] GC(181) Concurrent Abortable Preclean 0.020ms
[383.890s][info][gc] GC(181) Pause Remark 48M->48M(50M) 5.392ms
[383.890s][info][gc] GC(181) Concurrent Sweep
[383.893s][info][gc] GC(181) Concurrent Sweep 3.261ms
[383.893s][info][gc] GC(181) Concurrent Reset
[383.893s][info][gc] GC(181) Concurrent Reset 0.032ms
[385.893s][info][gc] GC(182) Pause Initial Mark 48M->48M(50M) 0.815ms
[385.893s][info][gc] GC(182) Concurrent Mark
[385.907s][info][gc] GC(182) Concurrent Mark 13.311ms
[385.907s][info][gc] GC(182) Concurrent Preclean
[385.907s][info][gc] GC(182) Concurrent Preclean 0.145ms
[385.907s][info][gc] GC(182) Concurrent Abortable Preclean
[385.907s][info][gc] GC(182) Concurrent Abortable Preclean 0.019ms
[385.913s][info][gc] GC(182) Pause Remark 48M->48M(50M) 5.805ms
[385.913s][info][gc] GC(182) Concurrent Sweep
[385.916s][info][gc] GC(182) Concurrent Sweep 3.220ms
[385.916s][info][gc] GC(182) Concurrent Reset
[385.916s][info][gc] GC(182) Concurrent Reset 0.030ms
[387.919s][info][gc] GC(183) Pause Initial Mark 48M->48M(50M) 0.753ms
[387.919s][info][gc] GC(183) Concurrent Mark
[387.932s][info][gc] GC(183) Concurrent Mark 12.672ms
[387.932s][info][gc] GC(183) Concurrent Preclean
[387.932s][info][gc] GC(183) Concurrent Preclean 0.153ms
[387.932s][info][gc] GC(183) Concurrent Abortable Preclean
[387.932s][info][gc] GC(183) Concurrent Abortable Preclean 0.018ms
[387.938s][info][gc] GC(183) Pause Remark 48M->48M(50M) 5.633ms
[387.938s][info][gc] GC(183) Concurrent Sweep
[387.942s][info][gc] GC(183) Concurrent Sweep 3.363ms
[387.942s][info][gc] GC(183) Concurrent Reset
[387.942s][info][gc] GC(183) Concurrent Reset 0.031ms
[389.946s][info][gc] GC(184) Pause Initial Mark 48M->48M(50M) 0.372ms
[389.946s][info][gc] GC(184) Concurrent Mark
[389.956s][info][gc] GC(184) Concurrent Mark 10.729ms
[389.957s][info][gc] GC(184) Concurrent Preclean
[389.957s][info][gc] GC(184) Concurrent Preclean 0.137ms
[389.957s][info][gc] GC(184) Concurrent Abortable Preclean
[389.957s][info][gc] GC(184) Concurrent Abortable Preclean 0.017ms
[389.962s][info][gc] GC(184) Pause Remark 48M->48M(50M) 5.275ms
[389.962s][info][gc] GC(184) Concurrent Sweep
[389.966s][info][gc] GC(184) Concurrent Sweep 4.159ms
[389.967s][info][gc] GC(184) Concurrent Reset
[389.967s][info][gc] GC(184) Concurrent Reset 0.109ms
[391.971s][info][gc] GC(185) Pause Initial Mark 48M->48M(50M) 0.756ms
[391.971s][info][gc] GC(185) Concurrent Mark
[391.984s][info][gc] GC(185) Concurrent Mark 12.299ms
[391.984s][info][gc] GC(185) Concurrent Preclean
[391.984s][info][gc] GC(185) Concurrent Preclean 0.134ms
[391.984s][info][gc] GC(185) Concurrent Abortable Preclean
[391.984s][info][gc] GC(185) Concurrent Abortable Preclean 0.018ms
[391.989s][info][gc] GC(185) Pause Remark 48M->48M(50M) 4.830ms
[391.989s][info][gc] GC(185) Concurrent Sweep
[391.992s][info][gc] GC(185) Concurrent Sweep 3.076ms
[391.992s][info][gc] GC(185) Concurrent Reset
[391.992s][info][gc] GC(185) Concurrent Reset 0.030ms
[393.998s][info][gc] GC(186) Pause Initial Mark 48M->48M(50M) 0.923ms
[393.998s][info][gc] GC(186) Concurrent Mark
[394.010s][info][gc] GC(186) Concurrent Mark 11.865ms
[394.010s][info][gc] GC(186) Concurrent Preclean
[394.010s][info][gc] GC(186) Concurrent Preclean 0.131ms
[394.010s][info][gc] GC(186) Concurrent Abortable Preclean
[394.010s][info][gc] GC(186) Concurrent Abortable Preclean 0.017ms
[394.016s][info][gc] GC(186) Pause Remark 48M->48M(50M) 5.462ms
[394.016s][info][gc] GC(186) Concurrent Sweep
[394.020s][info][gc] GC(186) Concurrent Sweep 3.930ms
[394.020s][info][gc] GC(186) Concurrent Reset
[394.020s][info][gc] GC(186) Concurrent Reset 0.044ms
[396.025s][info][gc] GC(187) Pause Initial Mark 48M->48M(50M) 0.636ms
[396.025s][info][gc] GC(187) Concurrent Mark
[396.037s][info][gc] GC(187) Concurrent Mark 12.436ms
[396.037s][info][gc] GC(187) Concurrent Preclean
[396.037s][info][gc] GC(187) Concurrent Preclean 0.132ms
[396.037s][info][gc] GC(187) Concurrent Abortable Preclean
[396.038s][info][gc] GC(187) Concurrent Abortable Preclean 0.016ms
[396.043s][info][gc] GC(187) Pause Remark 48M->48M(50M) 5.297ms
[396.043s][info][gc] GC(187) Concurrent Sweep
[396.047s][info][gc] GC(187) Concurrent Sweep 3.642ms
[396.047s][info][gc] GC(187) Concurrent Reset
[396.047s][info][gc] GC(187) Concurrent Reset 0.033ms
[398.047s][info][gc] GC(188) Pause Initial Mark 48M->48M(50M) 0.551ms
[398.048s][info][gc] GC(188) Concurrent Mark
[398.059s][info][gc] GC(188) Concurrent Mark 11.828ms
[398.059s][info][gc] GC(188) Concurrent Preclean
[398.060s][info][gc] GC(188) Concurrent Preclean 0.154ms
[398.060s][info][gc] GC(188) Concurrent Abortable Preclean
[398.060s][info][gc] GC(188) Concurrent Abortable Preclean 0.019ms
[398.065s][info][gc] GC(188) Pause Remark 48M->48M(50M) 5.292ms
[398.065s][info][gc] GC(188) Concurrent Sweep
[398.068s][info][gc] GC(188) Concurrent Sweep 3.244ms
[398.068s][info][gc] GC(188) Concurrent Reset
[398.068s][info][gc] GC(188) Concurrent Reset 0.032ms
[400.071s][info][gc] GC(189) Pause Initial Mark 48M->48M(50M) 0.393ms
[400.071s][info][gc] GC(189) Concurrent Mark
[400.082s][info][gc] GC(189) Concurrent Mark 10.750ms
[400.082s][info][gc] GC(189) Concurrent Preclean
[400.082s][info][gc] GC(189) Concurrent Preclean 0.142ms
[400.082s][info][gc] GC(189) Concurrent Abortable Preclean
[400.082s][info][gc] GC(189) Concurrent Abortable Preclean 0.016ms
[400.092s][info][gc] GC(189) Pause Remark 48M->48M(50M) 9.714ms
[400.092s][info][gc] GC(189) Concurrent Sweep
[400.096s][info][gc] GC(189) Concurrent Sweep 3.730ms
[400.096s][info][gc] GC(189) Concurrent Reset
[400.096s][info][gc] GC(189) Concurrent Reset 0.032ms
[402.098s][info][gc] GC(190) Pause Initial Mark 48M->48M(50M) 0.525ms
[402.098s][info][gc] GC(190) Concurrent Mark
[402.111s][info][gc] GC(190) Concurrent Mark 12.518ms
[402.111s][info][gc] GC(190) Concurrent Preclean
[402.111s][info][gc] GC(190) Concurrent Preclean 0.147ms
[402.111s][info][gc] GC(190) Concurrent Abortable Preclean
[402.111s][info][gc] GC(190) Concurrent Abortable Preclean 0.019ms
[402.117s][info][gc] GC(190) Pause Remark 48M->48M(50M) 5.439ms
[402.117s][info][gc] GC(190) Concurrent Sweep
[402.120s][info][gc] GC(190) Concurrent Sweep 3.313ms
[402.120s][info][gc] GC(190) Concurrent Reset
[402.120s][info][gc] GC(190) Concurrent Reset 0.046ms
[404.121s][info][gc] GC(191) Pause Initial Mark 48M->48M(50M) 0.462ms
[404.121s][info][gc] GC(191) Concurrent Mark
[404.135s][info][gc] GC(191) Concurrent Mark 13.914ms
[404.135s][info][gc] GC(191) Concurrent Preclean
[404.135s][info][gc] GC(191) Concurrent Preclean 0.147ms
[404.135s][info][gc] GC(191) Concurrent Abortable Preclean
[404.135s][info][gc] GC(191) Concurrent Abortable Preclean 0.016ms
[404.141s][info][gc] GC(191) Pause Remark 48M->48M(50M) 5.141ms
[404.141s][info][gc] GC(191) Concurrent Sweep
[404.144s][info][gc] GC(191) Concurrent Sweep 3.625ms
[404.145s][info][gc] GC(191) Concurrent Reset
[404.145s][info][gc] GC(191) Concurrent Reset 0.322ms
[404.676s][info][gc] GC(193) Pause Full (Allocation Failure) 48M->47M(50M) 45.214ms
[404.676s][info][gc] GC(192) Pause Young (Allocation Failure) 48M->47M(50M) 45.457ms
[404.707s][info][gc] GC(194) Pause Full (Allocation Failure) 47M->47M(50M) 30.766ms
[404.707s][info][gc] GC(195) Pause Initial Mark 47M->47M(50M) 0.266ms
[404.707s][info][gc] GC(195) Concurrent Mark
[404.722s][info][gc] GC(195) Concurrent Mark 15.048ms
[404.722s][info][gc] GC(195) Concurrent Preclean
[404.733s][info][gc] GC(195) Concurrent Preclean 10.417ms
[404.733s][info][gc] GC(195) Concurrent Abortable Preclean
[404.733s][info][gc] GC(195) Concurrent Abortable Preclean 0.014ms
[404.741s][info][gc] GC(195) Pause Remark 48M->48M(50M) 7.863ms
[404.742s][info][gc] GC(195) Concurrent Sweep
[404.746s][info][gc] GC(195) Concurrent Sweep 4.524ms
[404.747s][info][gc] GC(195) Concurrent Reset
[404.747s][info][gc] GC(195) Concurrent Reset 0.045ms
[406.749s][info][gc] GC(196) Pause Initial Mark 48M->48M(50M) 1.017ms
[406.749s][info][gc] GC(196) Concurrent Mark
[406.761s][info][gc] GC(196) Concurrent Mark 12.339ms
[406.762s][info][gc] GC(196) Concurrent Preclean
[406.762s][info][gc] GC(196) Concurrent Preclean 0.271ms
[406.762s][info][gc] GC(196) Concurrent Abortable Preclean
[406.762s][info][gc] GC(196) Concurrent Abortable Preclean 0.020ms
[406.767s][info][gc] GC(196) Pause Remark 48M->48M(50M) 5.353ms
[406.767s][info][gc] GC(196) Concurrent Sweep
[406.771s][info][gc] GC(196) Concurrent Sweep 3.242ms
[406.771s][info][gc] GC(196) Concurrent Reset
[406.771s][info][gc] GC(196) Concurrent Reset 0.032ms
[408.773s][info][gc] GC(197) Pause Initial Mark 48M->48M(50M) 0.656ms
[408.773s][info][gc] GC(197) Concurrent Mark
[408.786s][info][gc] GC(197) Concurrent Mark 13.180ms
[408.786s][info][gc] GC(197) Concurrent Preclean
[408.786s][info][gc] GC(197) Concurrent Preclean 0.159ms
[408.786s][info][gc] GC(197) Concurrent Abortable Preclean
[408.786s][info][gc] GC(197) Concurrent Abortable Preclean 0.021ms
[408.792s][info][gc] GC(197) Pause Remark 48M->48M(50M) 6.174ms
[408.792s][info][gc] GC(197) Concurrent Sweep
[408.796s][info][gc] GC(197) Concurrent Sweep 3.369ms
[408.796s][info][gc] GC(197) Concurrent Reset
[408.796s][info][gc] GC(197) Concurrent Reset 0.033ms
[410.799s][info][gc] GC(198) Pause Initial Mark 48M->48M(50M) 0.964ms
[410.800s][info][gc] GC(198) Concurrent Mark
[410.813s][info][gc] GC(198) Concurrent Mark 13.350ms
[410.813s][info][gc] GC(198) Concurrent Preclean
[410.813s][info][gc] GC(198) Concurrent Preclean 0.146ms
[410.813s][info][gc] GC(198) Concurrent Abortable Preclean
[410.813s][info][gc] GC(198) Concurrent Abortable Preclean 0.019ms
[410.818s][info][gc] GC(198) Pause Remark 48M->48M(50M) 5.221ms
[410.819s][info][gc] GC(198) Concurrent Sweep
[410.822s][info][gc] GC(198) Concurrent Sweep 3.302ms
[410.822s][info][gc] GC(198) Concurrent Reset
[410.822s][info][gc] GC(198) Concurrent Reset 0.033ms
[412.823s][info][gc] GC(199) Pause Initial Mark 48M->48M(50M) 1.048ms
[412.823s][info][gc] GC(199) Concurrent Mark
[412.835s][info][gc] GC(199) Concurrent Mark 12.128ms
[412.835s][info][gc] GC(199) Concurrent Preclean
[412.836s][info][gc] GC(199) Concurrent Preclean 0.145ms
[412.836s][info][gc] GC(199) Concurrent Abortable Preclean
[412.836s][info][gc] GC(199) Concurrent Abortable Preclean 0.018ms
[412.841s][info][gc] GC(199) Pause Remark 48M->48M(50M) 5.270ms
[412.841s][info][gc] GC(199) Concurrent Sweep
[412.845s][info][gc] GC(199) Concurrent Sweep 3.356ms
[412.845s][info][gc] GC(199) Concurrent Reset
[412.845s][info][gc] GC(199) Concurrent Reset 0.033ms
[414.849s][info][gc] GC(200) Pause Initial Mark 48M->48M(50M) 0.788ms
[414.849s][info][gc] GC(200) Concurrent Mark
[414.862s][info][gc] GC(200) Concurrent Mark 12.984ms
[414.862s][info][gc] GC(200) Concurrent Preclean
[414.862s][info][gc] GC(200) Concurrent Preclean 0.144ms
[414.862s][info][gc] GC(200) Concurrent Abortable Preclean
[414.862s][info][gc] GC(200) Concurrent Abortable Preclean 0.019ms
[414.869s][info][gc] GC(200) Pause Remark 48M->48M(50M) 6.680ms
[414.869s][info][gc] GC(200) Concurrent Sweep
[414.872s][info][gc] GC(200) Concurrent Sweep 3.336ms
[414.872s][info][gc] GC(200) Concurrent Reset
[414.872s][info][gc] GC(200) Concurrent Reset 0.033ms
[416.873s][info][gc] GC(201) Pause Initial Mark 48M->48M(50M) 0.652ms
[416.874s][info][gc] GC(201) Concurrent Mark
[416.888s][info][gc] GC(201) Concurrent Mark 14.328ms
[416.888s][info][gc] GC(201) Concurrent Preclean
[416.888s][info][gc] GC(201) Concurrent Preclean 0.150ms
[416.888s][info][gc] GC(201) Concurrent Abortable Preclean
[416.888s][info][gc] GC(201) Concurrent Abortable Preclean 0.017ms
[416.903s][info][gc] GC(201) Pause Remark 48M->48M(50M) 14.301ms
[416.903s][info][gc] GC(201) Concurrent Sweep
[416.909s][info][gc] GC(201) Concurrent Sweep 6.763ms
[416.910s][info][gc] GC(201) Concurrent Reset
[416.910s][info][gc] GC(201) Concurrent Reset 0.062ms
[418.910s][info][gc] GC(202) Pause Initial Mark 48M->48M(50M) 0.952ms
[418.910s][info][gc] GC(202) Concurrent Mark
[418.924s][info][gc] GC(202) Concurrent Mark 13.321ms
[418.924s][info][gc] GC(202) Concurrent Preclean
[418.924s][info][gc] GC(202) Concurrent Preclean 0.159ms
[418.924s][info][gc] GC(202) Concurrent Abortable Preclean
[418.924s][info][gc] GC(202) Concurrent Abortable Preclean 0.019ms
[418.929s][info][gc] GC(202) Pause Remark 48M->48M(50M) 5.255ms
[418.930s][info][gc] GC(202) Concurrent Sweep
[418.933s][info][gc] GC(202) Concurrent Sweep 3.379ms
[418.933s][info][gc] GC(202) Concurrent Reset
[418.933s][info][gc] GC(202) Concurrent Reset 0.033ms
[420.935s][info][gc] GC(203) Pause Initial Mark 48M->48M(50M) 0.888ms
[420.935s][info][gc] GC(203) Concurrent Mark
[420.948s][info][gc] GC(203) Concurrent Mark 12.834ms
[420.948s][info][gc] GC(203) Concurrent Preclean
[420.948s][info][gc] GC(203) Concurrent Preclean 0.146ms
[420.948s][info][gc] GC(203) Concurrent Abortable Preclean
[420.948s][info][gc] GC(203) Concurrent Abortable Preclean 0.019ms
[420.954s][info][gc] GC(203) Pause Remark 48M->48M(50M) 6.440ms
[420.954s][info][gc] GC(203) Concurrent Sweep
[420.958s][info][gc] GC(203) Concurrent Sweep 3.270ms
[420.958s][info][gc] GC(203) Concurrent Reset
[420.958s][info][gc] GC(203) Concurrent Reset 0.033ms
[422.963s][info][gc] GC(204) Pause Initial Mark 48M->48M(50M) 1.827ms
[422.963s][info][gc] GC(204) Concurrent Mark
[422.976s][info][gc] GC(204) Concurrent Mark 13.237ms
[422.977s][info][gc] GC(204) Concurrent Preclean
[422.977s][info][gc] GC(204) Concurrent Preclean 0.151ms
[422.977s][info][gc] GC(204) Concurrent Abortable Preclean
[422.977s][info][gc] GC(204) Concurrent Abortable Preclean 0.023ms
[422.982s][info][gc] GC(204) Pause Remark 48M->48M(50M) 5.558ms
[422.983s][info][gc] GC(204) Concurrent Sweep
[422.986s][info][gc] GC(204) Concurrent Sweep 3.239ms
[422.986s][info][gc] GC(204) Concurrent Reset
[422.986s][info][gc] GC(204) Concurrent Reset 0.031ms
[424.988s][info][gc] GC(205) Pause Initial Mark 48M->48M(50M) 0.937ms
[424.988s][info][gc] GC(205) Concurrent Mark
[425.000s][info][gc] GC(205) Concurrent Mark 12.216ms
[425.000s][info][gc] GC(205) Concurrent Preclean
[425.001s][info][gc] GC(205) Concurrent Preclean 0.146ms
[425.001s][info][gc] GC(205) Concurrent Abortable Preclean
[425.001s][info][gc] GC(205) Concurrent Abortable Preclean 0.019ms
[425.006s][info][gc] GC(205) Pause Remark 48M->48M(50M) 5.206ms
[425.006s][info][gc] GC(205) Concurrent Sweep
[425.009s][info][gc] GC(205) Concurrent Sweep 3.304ms
[425.009s][info][gc] GC(205) Concurrent Reset
[425.009s][info][gc] GC(205) Concurrent Reset 0.032ms
[427.017s][info][gc] GC(206) Pause Initial Mark 48M->48M(50M) 1.854ms
[427.017s][info][gc] GC(206) Concurrent Mark
[427.033s][info][gc] GC(206) Concurrent Mark 16.381ms
[427.033s][info][gc] GC(206) Concurrent Preclean
[427.033s][info][gc] GC(206) Concurrent Preclean 0.158ms
[427.033s][info][gc] GC(206) Concurrent Abortable Preclean
[427.033s][info][gc] GC(206) Concurrent Abortable Preclean 0.017ms
[427.039s][info][gc] GC(206) Pause Remark 48M->48M(50M) 6.063ms
[427.040s][info][gc] GC(206) Concurrent Sweep
[427.045s][info][gc] GC(206) Concurrent Sweep 5.369ms
[427.045s][info][gc] GC(206) Concurrent Reset
[427.045s][info][gc] GC(206) Concurrent Reset 0.036ms
[429.047s][info][gc] GC(207) Pause Initial Mark 48M->48M(50M) 0.934ms
[429.047s][info][gc] GC(207) Concurrent Mark
[429.060s][info][gc] GC(207) Concurrent Mark 12.444ms
[429.060s][info][gc] GC(207) Concurrent Preclean
[429.060s][info][gc] GC(207) Concurrent Preclean 0.177ms
[429.060s][info][gc] GC(207) Concurrent Abortable Preclean
[429.060s][info][gc] GC(207) Concurrent Abortable Preclean 0.020ms
[429.065s][info][gc] GC(207) Pause Remark 48M->48M(50M) 5.305ms
[429.065s][info][gc] GC(207) Concurrent Sweep
[429.069s][info][gc] GC(207) Concurrent Sweep 3.252ms
[429.069s][info][gc] GC(207) Concurrent Reset
[429.069s][info][gc] GC(207) Concurrent Reset 0.032ms
[431.072s][info][gc] GC(208) Pause Initial Mark 48M->48M(50M) 0.793ms
[431.072s][info][gc] GC(208) Concurrent Mark
[431.088s][info][gc] GC(208) Concurrent Mark 16.368ms
[431.088s][info][gc] GC(208) Concurrent Preclean
[431.088s][info][gc] GC(208) Concurrent Preclean 0.167ms
[431.089s][info][gc] GC(208) Concurrent Abortable Preclean
[431.089s][info][gc] GC(208) Concurrent Abortable Preclean 0.019ms
[431.094s][info][gc] GC(208) Pause Remark 48M->48M(50M) 5.066ms
[431.094s][info][gc] GC(208) Concurrent Sweep
[431.097s][info][gc] GC(208) Concurrent Sweep 3.280ms
[431.097s][info][gc] GC(208) Concurrent Reset
[431.097s][info][gc] GC(208) Concurrent Reset 0.033ms
[433.099s][info][gc] GC(209) Pause Initial Mark 48M->48M(50M) 0.743ms
[433.099s][info][gc] GC(209) Concurrent Mark
[433.111s][info][gc] GC(209) Concurrent Mark 12.701ms
[433.111s][info][gc] GC(209) Concurrent Preclean
[433.112s][info][gc] GC(209) Concurrent Preclean 0.140ms
[433.112s][info][gc] GC(209) Concurrent Abortable Preclean
[433.112s][info][gc] GC(209) Concurrent Abortable Preclean 0.018ms
[433.117s][info][gc] GC(209) Pause Remark 48M->48M(50M) 4.900ms
[433.117s][info][gc] GC(209) Concurrent Sweep
[433.120s][info][gc] GC(209) Concurrent Sweep 3.008ms
[433.120s][info][gc] GC(209) Concurrent Reset
[433.120s][info][gc] GC(209) Concurrent Reset 0.031ms
[435.122s][info][gc] GC(210) Pause Initial Mark 48M->48M(50M) 1.012ms
[435.123s][info][gc] GC(210) Concurrent Mark
[435.133s][info][gc] GC(210) Concurrent Mark 9.555ms
[435.133s][info][gc] GC(210) Concurrent Preclean
[435.133s][info][gc] GC(210) Concurrent Preclean 0.144ms
[435.133s][info][gc] GC(210) Concurrent Abortable Preclean
[435.133s][info][gc] GC(210) Concurrent Abortable Preclean 0.017ms
[435.140s][info][gc] GC(210) Pause Remark 48M->48M(50M) 6.500ms
[435.140s][info][gc] GC(210) Concurrent Sweep
[435.143s][info][gc] GC(210) Concurrent Sweep 3.431ms
[435.144s][info][gc] GC(210) Concurrent Reset
[435.144s][info][gc] GC(210) Concurrent Reset 0.043ms
[437.147s][info][gc] GC(211) Pause Initial Mark 48M->48M(50M) 0.604ms
[437.147s][info][gc] GC(211) Concurrent Mark
[437.161s][info][gc] GC(211) Concurrent Mark 13.233ms
[437.161s][info][gc] GC(211) Concurrent Preclean
[437.161s][info][gc] GC(211) Concurrent Preclean 0.167ms
[437.161s][info][gc] GC(211) Concurrent Abortable Preclean
[437.161s][info][gc] GC(211) Concurrent Abortable Preclean 0.040ms
[437.168s][info][gc] GC(211) Pause Remark 48M->48M(50M) 7.131ms
[437.168s][info][gc] GC(211) Concurrent Sweep
[437.173s][info][gc] GC(211) Concurrent Sweep 4.589ms
[437.173s][info][gc] GC(211) Concurrent Reset
[437.173s][info][gc] GC(211) Concurrent Reset 0.049ms
[439.178s][info][gc] GC(212) Pause Initial Mark 48M->48M(50M) 1.463ms
[439.178s][info][gc] GC(212) Concurrent Mark
[439.191s][info][gc] GC(212) Concurrent Mark 12.505ms
[439.191s][info][gc] GC(212) Concurrent Preclean
[439.191s][info][gc] GC(212) Concurrent Preclean 0.157ms
[439.191s][info][gc] GC(212) Concurrent Abortable Preclean
[439.191s][info][gc] GC(212) Concurrent Abortable Preclean 0.019ms
[439.197s][info][gc] GC(212) Pause Remark 48M->48M(50M) 5.259ms
[439.197s][info][gc] GC(212) Concurrent Sweep
[439.200s][info][gc] GC(212) Concurrent Sweep 3.642ms
[439.200s][info][gc] GC(212) Concurrent Reset
[439.201s][info][gc] GC(212) Concurrent Reset 0.034ms
[441.206s][info][gc] GC(213) Pause Initial Mark 48M->48M(50M) 3.009ms
[441.206s][info][gc] GC(213) Concurrent Mark
[441.221s][info][gc] GC(213) Concurrent Mark 15.148ms
[441.222s][info][gc] GC(213) Concurrent Preclean
[441.222s][info][gc] GC(213) Concurrent Preclean 0.322ms
[441.222s][info][gc] GC(213) Concurrent Abortable Preclean
[441.222s][info][gc] GC(213) Concurrent Abortable Preclean 0.037ms
[441.231s][info][gc] GC(213) Pause Remark 48M->48M(50M) 8.688ms
[441.231s][info][gc] GC(213) Concurrent Sweep
[441.236s][info][gc] GC(213) Concurrent Sweep 5.327ms
[441.237s][info][gc] GC(213) Concurrent Reset
[441.237s][info][gc] GC(213) Concurrent Reset 0.287ms
[443.240s][info][gc] GC(214) Pause Initial Mark 48M->48M(50M) 0.961ms
[443.240s][info][gc] GC(214) Concurrent Mark
[443.254s][info][gc] GC(214) Concurrent Mark 14.264ms
[443.255s][info][gc] GC(214) Concurrent Preclean
[443.255s][info][gc] GC(214) Concurrent Preclean 0.155ms
[443.255s][info][gc] GC(214) Concurrent Abortable Preclean
[443.255s][info][gc] GC(214) Concurrent Abortable Preclean 0.018ms
[443.262s][info][gc] GC(214) Pause Remark 48M->48M(50M) 7.115ms
[443.262s][info][gc] GC(214) Concurrent Sweep
[443.265s][info][gc] GC(214) Concurrent Sweep 3.358ms
[443.265s][info][gc] GC(214) Concurrent Reset
[443.266s][info][gc] GC(214) Concurrent Reset 0.033ms
[445.268s][info][gc] GC(215) Pause Initial Mark 48M->48M(50M) 0.983ms
[445.268s][info][gc] GC(215) Concurrent Mark
[445.280s][info][gc] GC(215) Concurrent Mark 12.138ms
[445.281s][info][gc] GC(215) Concurrent Preclean
[445.281s][info][gc] GC(215) Concurrent Preclean 0.143ms
[445.281s][info][gc] GC(215) Concurrent Abortable Preclean
[445.281s][info][gc] GC(215) Concurrent Abortable Preclean 0.019ms
[445.288s][info][gc] GC(215) Pause Remark 48M->48M(50M) 7.417ms
[445.288s][info][gc] GC(215) Concurrent Sweep
[445.292s][info][gc] GC(215) Concurrent Sweep 3.273ms
[445.292s][info][gc] GC(215) Concurrent Reset
[445.292s][info][gc] GC(215) Concurrent Reset 0.032ms
[447.295s][info][gc] GC(216) Pause Initial Mark 48M->48M(50M) 1.099ms
[447.295s][info][gc] GC(216) Concurrent Mark
[447.308s][info][gc] GC(216) Concurrent Mark 12.383ms
[447.308s][info][gc] GC(216) Concurrent Preclean
[447.308s][info][gc] GC(216) Concurrent Preclean 0.160ms
[447.308s][info][gc] GC(216) Concurrent Abortable Preclean
[447.308s][info][gc] GC(216) Concurrent Abortable Preclean 0.020ms
[447.313s][info][gc] GC(216) Pause Remark 48M->48M(50M) 5.537ms
[447.314s][info][gc] GC(216) Concurrent Sweep
[447.317s][info][gc] GC(216) Concurrent Sweep 3.297ms
[447.317s][info][gc] GC(216) Concurrent Reset
[447.317s][info][gc] GC(216) Concurrent Reset 0.031ms
[449.322s][info][gc] GC(217) Pause Initial Mark 48M->48M(50M) 0.796ms
[449.322s][info][gc] GC(217) Concurrent Mark
[449.333s][info][gc] GC(217) Concurrent Mark 10.914ms
[449.333s][info][gc] GC(217) Concurrent Preclean
[449.333s][info][gc] GC(217) Concurrent Preclean 0.141ms
[449.333s][info][gc] GC(217) Concurrent Abortable Preclean
[449.333s][info][gc] GC(217) Concurrent Abortable Preclean 0.017ms
[449.342s][info][gc] GC(217) Pause Remark 48M->48M(50M) 8.705ms
[449.342s][info][gc] GC(217) Concurrent Sweep
[449.346s][info][gc] GC(217) Concurrent Sweep 4.046ms
[449.346s][info][gc] GC(217) Concurrent Reset
[449.346s][info][gc] GC(217) Concurrent Reset 0.182ms
[451.350s][info][gc] GC(218) Pause Initial Mark 48M->48M(50M) 1.070ms
[451.350s][info][gc] GC(218) Concurrent Mark
[451.363s][info][gc] GC(218) Concurrent Mark 12.580ms
[451.363s][info][gc] GC(218) Concurrent Preclean
[451.363s][info][gc] GC(218) Concurrent Preclean 0.167ms
[451.363s][info][gc] GC(218) Concurrent Abortable Preclean
[451.363s][info][gc] GC(218) Concurrent Abortable Preclean 0.020ms
[451.369s][info][gc] GC(218) Pause Remark 48M->48M(50M) 5.811ms
[451.369s][info][gc] GC(218) Concurrent Sweep
[451.372s][info][gc] GC(218) Concurrent Sweep 3.155ms
[451.372s][info][gc] GC(218) Concurrent Reset
[451.372s][info][gc] GC(218) Concurrent Reset 0.030ms
[453.374s][info][gc] GC(219) Pause Initial Mark 48M->48M(50M) 1.013ms
[453.374s][info][gc] GC(219) Concurrent Mark
[453.386s][info][gc] GC(219) Concurrent Mark 11.954ms
[453.386s][info][gc] GC(219) Concurrent Preclean
[453.386s][info][gc] GC(219) Concurrent Preclean 0.146ms
[453.386s][info][gc] GC(219) Concurrent Abortable Preclean
[453.386s][info][gc] GC(219) Concurrent Abortable Preclean 0.019ms
[453.392s][info][gc] GC(219) Pause Remark 48M->48M(50M) 5.841ms
[453.392s][info][gc] GC(219) Concurrent Sweep
[453.395s][info][gc] GC(219) Concurrent Sweep 3.302ms
[453.395s][info][gc] GC(219) Concurrent Reset
[453.395s][info][gc] GC(219) Concurrent Reset 0.032ms
[455.398s][info][gc] GC(220) Pause Initial Mark 48M->48M(50M) 0.984ms
[455.398s][info][gc] GC(220) Concurrent Mark
[455.411s][info][gc] GC(220) Concurrent Mark 12.298ms
[455.411s][info][gc] GC(220) Concurrent Preclean
[455.411s][info][gc] GC(220) Concurrent Preclean 0.162ms
[455.411s][info][gc] GC(220) Concurrent Abortable Preclean
[455.411s][info][gc] GC(220) Concurrent Abortable Preclean 0.020ms
[455.416s][info][gc] GC(220) Pause Remark 48M->48M(50M) 5.237ms
[455.416s][info][gc] GC(220) Concurrent Sweep
[455.420s][info][gc] GC(220) Concurrent Sweep 3.241ms
[455.420s][info][gc] GC(220) Concurrent Reset
[455.420s][info][gc] GC(220) Concurrent Reset 0.033ms
[457.427s][info][gc] GC(221) Pause Initial Mark 48M->48M(50M) 3.923ms
[457.428s][info][gc] GC(221) Concurrent Mark
[457.448s][info][gc] GC(221) Concurrent Mark 19.220ms
[457.448s][info][gc] GC(221) Concurrent Preclean
[457.448s][info][gc] GC(221) Concurrent Preclean 0.215ms
[457.448s][info][gc] GC(221) Concurrent Abortable Preclean
[457.448s][info][gc] GC(221) Concurrent Abortable Preclean 0.026ms
[457.463s][info][gc] GC(221) Pause Remark 48M->48M(50M) 14.729ms
[457.463s][info][gc] GC(221) Concurrent Sweep
[457.470s][info][gc] GC(221) Concurrent Sweep 6.762ms
[457.470s][info][gc] GC(221) Concurrent Reset
[457.470s][info][gc] GC(221) Concurrent Reset 0.042ms
[459.473s][info][gc] GC(222) Pause Initial Mark 48M->48M(50M) 2.019ms
[459.473s][info][gc] GC(222) Concurrent Mark
[459.484s][info][gc] GC(222) Concurrent Mark 10.990ms
[459.484s][info][gc] GC(222) Concurrent Preclean
[459.484s][info][gc] GC(222) Concurrent Preclean 0.129ms
[459.484s][info][gc] GC(222) Concurrent Abortable Preclean
[459.485s][info][gc] GC(222) Concurrent Abortable Preclean 0.094ms
[459.490s][info][gc] GC(222) Pause Remark 48M->48M(50M) 5.327ms
[459.490s][info][gc] GC(222) Concurrent Sweep
[459.495s][info][gc] GC(222) Concurrent Sweep 4.836ms
[459.495s][info][gc] GC(222) Concurrent Reset
[459.495s][info][gc] GC(222) Concurrent Reset 0.031ms
[461.495s][info][gc] GC(223) Pause Initial Mark 48M->48M(50M) 0.799ms
[461.495s][info][gc] GC(223) Concurrent Mark
[461.508s][info][gc] GC(223) Concurrent Mark 12.129ms
[461.508s][info][gc] GC(223) Concurrent Preclean
[461.508s][info][gc] GC(223) Concurrent Preclean 0.129ms
[461.508s][info][gc] GC(223) Concurrent Abortable Preclean
[461.508s][info][gc] GC(223) Concurrent Abortable Preclean 0.016ms
[461.513s][info][gc] GC(223) Pause Remark 48M->48M(50M) 5.138ms
[461.513s][info][gc] GC(223) Concurrent Sweep
[461.516s][info][gc] GC(223) Concurrent Sweep 2.936ms
[461.516s][info][gc] GC(223) Concurrent Reset
[461.516s][info][gc] GC(223) Concurrent Reset 0.028ms
[463.519s][info][gc] GC(224) Pause Initial Mark 48M->48M(50M) 2.203ms
[463.519s][info][gc] GC(224) Concurrent Mark
[463.533s][info][gc] GC(224) Concurrent Mark 14.032ms
[463.534s][info][gc] GC(224) Concurrent Preclean
[463.534s][info][gc] GC(224) Concurrent Preclean 0.129ms
[463.534s][info][gc] GC(224) Concurrent Abortable Preclean
[463.534s][info][gc] GC(224) Concurrent Abortable Preclean 0.016ms
[463.539s][info][gc] GC(224) Pause Remark 48M->48M(50M) 5.211ms
[463.539s][info][gc] GC(224) Concurrent Sweep
[463.544s][info][gc] GC(224) Concurrent Sweep 4.912ms
[463.544s][info][gc] GC(224) Concurrent Reset
[463.545s][info][gc] GC(224) Concurrent Reset 0.198ms
[465.547s][info][gc] GC(225) Pause Initial Mark 48M->48M(50M) 0.815ms
[465.547s][info][gc] GC(225) Concurrent Mark
[465.559s][info][gc] GC(225) Concurrent Mark 11.929ms
[465.559s][info][gc] GC(225) Concurrent Preclean
[465.560s][info][gc] GC(225) Concurrent Preclean 0.178ms
[465.560s][info][gc] GC(225) Concurrent Abortable Preclean
[465.560s][info][gc] GC(225) Concurrent Abortable Preclean 0.016ms
[465.565s][info][gc] GC(225) Pause Remark 48M->48M(50M) 5.566ms
[465.565s][info][gc] GC(225) Concurrent Sweep
[465.569s][info][gc] GC(225) Concurrent Sweep 3.194ms
[465.569s][info][gc] GC(225) Concurrent Reset
[465.569s][info][gc] GC(225) Concurrent Reset 0.028ms
[467.573s][info][gc] GC(226) Pause Initial Mark 48M->48M(50M) 0.744ms
[467.573s][info][gc] GC(226) Concurrent Mark
[467.585s][info][gc] GC(226) Concurrent Mark 12.227ms
[467.585s][info][gc] GC(226) Concurrent Preclean
[467.585s][info][gc] GC(226) Concurrent Preclean 0.160ms
[467.585s][info][gc] GC(226) Concurrent Abortable Preclean
[467.585s][info][gc] GC(226) Concurrent Abortable Preclean 0.016ms
[467.591s][info][gc] GC(226) Pause Remark 48M->48M(50M) 5.173ms
[467.591s][info][gc] GC(226) Concurrent Sweep
[467.594s][info][gc] GC(226) Concurrent Sweep 3.336ms
[467.594s][info][gc] GC(226) Concurrent Reset
[467.594s][info][gc] GC(226) Concurrent Reset 0.031ms
[469.597s][info][gc] GC(227) Pause Initial Mark 48M->48M(50M) 0.975ms
[469.597s][info][gc] GC(227) Concurrent Mark
[469.609s][info][gc] GC(227) Concurrent Mark 12.223ms
[469.610s][info][gc] GC(227) Concurrent Preclean
[469.610s][info][gc] GC(227) Concurrent Preclean 0.163ms
[469.610s][info][gc] GC(227) Concurrent Abortable Preclean
[469.610s][info][gc] GC(227) Concurrent Abortable Preclean 0.018ms
[469.615s][info][gc] GC(227) Pause Remark 48M->48M(50M) 5.266ms
[469.615s][info][gc] GC(227) Concurrent Sweep
[469.619s][info][gc] GC(227) Concurrent Sweep 3.287ms
[469.619s][info][gc] GC(227) Concurrent Reset
[469.619s][info][gc] GC(227) Concurrent Reset 0.031ms
[471.622s][info][gc] GC(228) Pause Initial Mark 48M->48M(50M) 1.430ms
[471.622s][info][gc] GC(228) Concurrent Mark
[471.635s][info][gc] GC(228) Concurrent Mark 12.639ms
[471.635s][info][gc] GC(228) Concurrent Preclean
[471.635s][info][gc] GC(228) Concurrent Preclean 0.201ms
[471.635s][info][gc] GC(228) Concurrent Abortable Preclean
[471.635s][info][gc] GC(228) Concurrent Abortable Preclean 0.019ms
[471.641s][info][gc] GC(228) Pause Remark 48M->48M(50M) 5.385ms
[471.641s][info][gc] GC(228) Concurrent Sweep
[471.645s][info][gc] GC(228) Concurrent Sweep 3.827ms
[471.645s][info][gc] GC(228) Concurrent Reset
[471.645s][info][gc] GC(228) Concurrent Reset 0.032ms
[473.646s][info][gc] GC(229) Pause Initial Mark 48M->48M(50M) 1.540ms
[473.646s][info][gc] GC(229) Concurrent Mark
[473.663s][info][gc] GC(229) Concurrent Mark 17.201ms
[473.663s][info][gc] GC(229) Concurrent Preclean
[473.664s][info][gc] GC(229) Concurrent Preclean 0.153ms
[473.664s][info][gc] GC(229) Concurrent Abortable Preclean
[473.664s][info][gc] GC(229) Concurrent Abortable Preclean 0.016ms
[473.672s][info][gc] GC(229) Pause Remark 48M->48M(50M) 7.941ms
[473.672s][info][gc] GC(229) Concurrent Sweep
[473.675s][info][gc] GC(229) Concurrent Sweep 3.446ms
[473.675s][info][gc] GC(229) Concurrent Reset
[473.675s][info][gc] GC(229) Concurrent Reset 0.031ms
[475.677s][info][gc] GC(230) Pause Initial Mark 48M->48M(50M) 0.941ms
[475.677s][info][gc] GC(230) Concurrent Mark
[475.690s][info][gc] GC(230) Concurrent Mark 13.106ms
[475.690s][info][gc] GC(230) Concurrent Preclean
[475.690s][info][gc] GC(230) Concurrent Preclean 0.142ms
[475.690s][info][gc] GC(230) Concurrent Abortable Preclean
[475.690s][info][gc] GC(230) Concurrent Abortable Preclean 0.016ms
[475.695s][info][gc] GC(230) Pause Remark 48M->48M(50M) 5.307ms
[475.696s][info][gc] GC(230) Concurrent Sweep
[475.699s][info][gc] GC(230) Concurrent Sweep 3.048ms
[475.699s][info][gc] GC(230) Concurrent Reset
[475.699s][info][gc] GC(230) Concurrent Reset 0.028ms
[477.703s][info][gc] GC(231) Pause Initial Mark 48M->48M(50M) 2.663ms
[477.703s][info][gc] GC(231) Concurrent Mark
[477.717s][info][gc] GC(231) Concurrent Mark 14.019ms
[477.717s][info][gc] GC(231) Concurrent Preclean
[477.717s][info][gc] GC(231) Concurrent Preclean 0.152ms
[477.718s][info][gc] GC(231) Concurrent Abortable Preclean
[477.718s][info][gc] GC(231) Concurrent Abortable Preclean 0.019ms
[477.723s][info][gc] GC(231) Pause Remark 48M->48M(50M) 5.789ms
[477.724s][info][gc] GC(231) Concurrent Sweep
[477.727s][info][gc] GC(231) Concurrent Sweep 3.300ms
[477.727s][info][gc] GC(231) Concurrent Reset
[477.727s][info][gc] GC(231) Concurrent Reset 0.033ms
[479.729s][info][gc] GC(232) Pause Initial Mark 48M->48M(50M) 0.799ms
[479.729s][info][gc] GC(232) Concurrent Mark
[479.743s][info][gc] GC(232) Concurrent Mark 13.641ms
[479.743s][info][gc] GC(232) Concurrent Preclean
[479.743s][info][gc] GC(232) Concurrent Preclean 0.132ms
[479.743s][info][gc] GC(232) Concurrent Abortable Preclean
[479.743s][info][gc] GC(232) Concurrent Abortable Preclean 0.017ms
[479.748s][info][gc] GC(232) Pause Remark 48M->48M(50M) 4.897ms
[479.748s][info][gc] GC(232) Concurrent Sweep
[479.751s][info][gc] GC(232) Concurrent Sweep 3.140ms
[479.751s][info][gc] GC(232) Concurrent Reset
[479.751s][info][gc] GC(232) Concurrent Reset 0.031ms
[481.756s][info][gc] GC(233) Pause Initial Mark 48M->48M(50M) 0.984ms
[481.757s][info][gc] GC(233) Concurrent Mark
[481.769s][info][gc] GC(233) Concurrent Mark 12.255ms
[481.769s][info][gc] GC(233) Concurrent Preclean
[481.769s][info][gc] GC(233) Concurrent Preclean 0.159ms
[481.769s][info][gc] GC(233) Concurrent Abortable Preclean
[481.769s][info][gc] GC(233) Concurrent Abortable Preclean 0.020ms
[481.775s][info][gc] GC(233) Pause Remark 48M->48M(50M) 5.222ms
[481.775s][info][gc] GC(233) Concurrent Sweep
[481.778s][info][gc] GC(233) Concurrent Sweep 3.307ms
[481.778s][info][gc] GC(233) Concurrent Reset
[481.778s][info][gc] GC(233) Concurrent Reset 0.031ms
[483.782s][info][gc] GC(234) Pause Initial Mark 48M->48M(50M) 1.216ms
[483.782s][info][gc] GC(234) Concurrent Mark
[483.794s][info][gc] GC(234) Concurrent Mark 12.338ms
[483.794s][info][gc] GC(234) Concurrent Preclean
[483.795s][info][gc] GC(234) Concurrent Preclean 0.153ms
[483.795s][info][gc] GC(234) Concurrent Abortable Preclean
[483.795s][info][gc] GC(234) Concurrent Abortable Preclean 0.019ms
[483.800s][info][gc] GC(234) Pause Remark 48M->48M(50M) 5.694ms
[483.800s][info][gc] GC(234) Concurrent Sweep
[483.806s][info][gc] GC(234) Concurrent Sweep 5.539ms
[483.806s][info][gc] GC(234) Concurrent Reset
[483.807s][info][gc] GC(234) Concurrent Reset 0.195ms
[485.810s][info][gc] GC(235) Pause Initial Mark 48M->48M(50M) 0.914ms
[485.810s][info][gc] GC(235) Concurrent Mark
[485.821s][info][gc] GC(235) Concurrent Mark 10.607ms
[485.821s][info][gc] GC(235) Concurrent Preclean
[485.821s][info][gc] GC(235) Concurrent Preclean 0.153ms
[485.821s][info][gc] GC(235) Concurrent Abortable Preclean
[485.821s][info][gc] GC(235) Concurrent Abortable Preclean 0.015ms
[485.827s][info][gc] GC(235) Pause Remark 48M->48M(50M) 5.357ms
[485.827s][info][gc] GC(235) Concurrent Sweep
[485.831s][info][gc] GC(235) Concurrent Sweep 3.806ms
[485.831s][info][gc] GC(235) Concurrent Reset
[485.831s][info][gc] GC(235) Concurrent Reset 0.032ms
[487.836s][info][gc] GC(236) Pause Initial Mark 48M->48M(50M) 1.259ms
[487.836s][info][gc] GC(236) Concurrent Mark
[487.848s][info][gc] GC(236) Concurrent Mark 12.107ms
[487.848s][info][gc] GC(236) Concurrent Preclean
[487.848s][info][gc] GC(236) Concurrent Preclean 0.174ms
[487.848s][info][gc] GC(236) Concurrent Abortable Preclean
[487.848s][info][gc] GC(236) Concurrent Abortable Preclean 0.018ms
[487.854s][info][gc] GC(236) Pause Remark 48M->48M(50M) 5.422ms
[487.854s][info][gc] GC(236) Concurrent Sweep
[487.857s][info][gc] GC(236) Concurrent Sweep 3.281ms
[487.857s][info][gc] GC(236) Concurrent Reset
[487.857s][info][gc] GC(236) Concurrent Reset 0.031ms
[489.863s][info][gc] GC(237) Pause Initial Mark 48M->48M(50M) 0.970ms
[489.863s][info][gc] GC(237) Concurrent Mark
[489.880s][info][gc] GC(237) Concurrent Mark 17.427ms
[489.880s][info][gc] GC(237) Concurrent Preclean
[489.880s][info][gc] GC(237) Concurrent Preclean 0.152ms
[489.880s][info][gc] GC(237) Concurrent Abortable Preclean
[489.881s][info][gc] GC(237) Concurrent Abortable Preclean 0.017ms
[489.886s][info][gc] GC(237) Pause Remark 48M->48M(50M) 5.245ms
[489.886s][info][gc] GC(237) Concurrent Sweep
[489.889s][info][gc] GC(237) Concurrent Sweep 3.528ms
[489.890s][info][gc] GC(237) Concurrent Reset
[489.890s][info][gc] GC(237) Concurrent Reset 0.043ms
[491.895s][info][gc] GC(238) Pause Initial Mark 48M->48M(50M) 1.643ms
[491.896s][info][gc] GC(238) Concurrent Mark
[491.909s][info][gc] GC(238) Concurrent Mark 12.927ms
[491.909s][info][gc] GC(238) Concurrent Preclean
[491.909s][info][gc] GC(238) Concurrent Preclean 0.145ms
[491.909s][info][gc] GC(238) Concurrent Abortable Preclean
[491.909s][info][gc] GC(238) Concurrent Abortable Preclean 0.015ms
[491.914s][info][gc] GC(238) Pause Remark 48M->48M(50M) 5.257ms
[491.914s][info][gc] GC(238) Concurrent Sweep
[491.918s][info][gc] GC(238) Concurrent Sweep 3.279ms
[491.918s][info][gc] GC(238) Concurrent Reset
[491.918s][info][gc] GC(238) Concurrent Reset 0.040ms
[493.924s][info][gc] GC(239) Pause Initial Mark 48M->48M(50M) 0.799ms
[493.924s][info][gc] GC(239) Concurrent Mark
[493.936s][info][gc] GC(239) Concurrent Mark 12.660ms
[493.936s][info][gc] GC(239) Concurrent Preclean
[493.937s][info][gc] GC(239) Concurrent Preclean 0.145ms
[493.937s][info][gc] GC(239) Concurrent Abortable Preclean
[493.937s][info][gc] GC(239) Concurrent Abortable Preclean 0.016ms
[493.943s][info][gc] GC(239) Pause Remark 48M->48M(50M) 6.289ms
[493.943s][info][gc] GC(239) Concurrent Sweep
[493.946s][info][gc] GC(239) Concurrent Sweep 3.321ms
[493.947s][info][gc] GC(239) Concurrent Reset
[493.947s][info][gc] GC(239) Concurrent Reset 0.031ms
[495.947s][info][gc] GC(240) Pause Initial Mark 48M->48M(50M) 0.726ms
[495.947s][info][gc] GC(240) Concurrent Mark
[495.959s][info][gc] GC(240) Concurrent Mark 12.435ms
[495.959s][info][gc] GC(240) Concurrent Preclean
[495.959s][info][gc] GC(240) Concurrent Preclean 0.137ms
[495.959s][info][gc] GC(240) Concurrent Abortable Preclean
[495.959s][info][gc] GC(240) Concurrent Abortable Preclean 0.014ms
[495.966s][info][gc] GC(240) Pause Remark 48M->48M(50M) 6.092ms
[495.966s][info][gc] GC(240) Concurrent Sweep
[495.969s][info][gc] GC(240) Concurrent Sweep 3.174ms
[495.969s][info][gc] GC(240) Concurrent Reset
[495.969s][info][gc] GC(240) Concurrent Reset 0.041ms
[497.972s][info][gc] GC(241) Pause Initial Mark 48M->48M(50M) 0.873ms
[497.972s][info][gc] GC(241) Concurrent Mark
[497.984s][info][gc] GC(241) Concurrent Mark 11.773ms
[497.984s][info][gc] GC(241) Concurrent Preclean
[497.984s][info][gc] GC(241) Concurrent Preclean 0.171ms
[497.984s][info][gc] GC(241) Concurrent Abortable Preclean
[497.984s][info][gc] GC(241) Concurrent Abortable Preclean 0.021ms
[497.990s][info][gc] GC(241) Pause Remark 48M->48M(50M) 5.346ms
[497.990s][info][gc] GC(241) Concurrent Sweep
[497.993s][info][gc] GC(241) Concurrent Sweep 3.047ms
[497.993s][info][gc] GC(241) Concurrent Reset
[497.993s][info][gc] GC(241) Concurrent Reset 0.028ms
[499.994s][info][gc] GC(242) Pause Initial Mark 48M->48M(50M) 1.255ms
[499.995s][info][gc] GC(242) Concurrent Mark
[500.008s][info][gc] GC(242) Concurrent Mark 13.370ms
[500.008s][info][gc] GC(242) Concurrent Preclean
[500.008s][info][gc] GC(242) Concurrent Preclean 0.137ms
[500.008s][info][gc] GC(242) Concurrent Abortable Preclean
[500.008s][info][gc] GC(242) Concurrent Abortable Preclean 0.015ms
[500.014s][info][gc] GC(242) Pause Remark 48M->48M(50M) 5.302ms
[500.014s][info][gc] GC(242) Concurrent Sweep
[500.017s][info][gc] GC(242) Concurrent Sweep 3.599ms
[500.017s][info][gc] GC(242) Concurrent Reset
[500.017s][info][gc] GC(242) Concurrent Reset 0.032ms
[502.022s][info][gc] GC(243) Pause Initial Mark 48M->48M(50M) 0.909ms
[502.022s][info][gc] GC(243) Concurrent Mark
[502.045s][info][gc] GC(243) Concurrent Mark 23.520ms
[502.046s][info][gc] GC(243) Concurrent Preclean
[502.046s][info][gc] GC(243) Concurrent Preclean 0.166ms
[502.046s][info][gc] GC(243) Concurrent Abortable Preclean
[502.046s][info][gc] GC(243) Concurrent Abortable Preclean 0.016ms
[502.055s][info][gc] GC(243) Pause Remark 48M->48M(50M) 9.130ms
[502.055s][info][gc] GC(243) Concurrent Sweep
[502.059s][info][gc] GC(243) Concurrent Sweep 4.036ms
[502.059s][info][gc] GC(243) Concurrent Reset
[502.059s][info][gc] GC(243) Concurrent Reset 0.031ms
[504.063s][info][gc] GC(244) Pause Initial Mark 48M->48M(50M) 0.717ms
[504.063s][info][gc] GC(244) Concurrent Mark
[504.076s][info][gc] GC(244) Concurrent Mark 13.389ms
[504.076s][info][gc] GC(244) Concurrent Preclean
[504.077s][info][gc] GC(244) Concurrent Preclean 0.150ms
[504.077s][info][gc] GC(244) Concurrent Abortable Preclean
[504.077s][info][gc] GC(244) Concurrent Abortable Preclean 0.016ms
[504.082s][info][gc] GC(244) Pause Remark 48M->48M(50M) 5.144ms
[504.082s][info][gc] GC(244) Concurrent Sweep
[504.085s][info][gc] GC(244) Concurrent Sweep 3.090ms
[504.085s][info][gc] GC(244) Concurrent Reset
[504.085s][info][gc] GC(244) Concurrent Reset 0.028ms
[506.091s][info][gc] GC(245) Pause Initial Mark 48M->48M(50M) 2.864ms
[506.091s][info][gc] GC(245) Concurrent Mark
[506.106s][info][gc] GC(245) Concurrent Mark 14.616ms
[506.106s][info][gc] GC(245) Concurrent Preclean
[506.107s][info][gc] GC(245) Concurrent Preclean 0.295ms
[506.107s][info][gc] GC(245) Concurrent Abortable Preclean
[506.107s][info][gc] GC(245) Concurrent Abortable Preclean 0.019ms
[506.114s][info][gc] GC(245) Pause Remark 48M->48M(50M) 6.993ms
[506.114s][info][gc] GC(245) Concurrent Sweep
[506.117s][info][gc] GC(245) Concurrent Sweep 3.191ms
[506.117s][info][gc] GC(245) Concurrent Reset
[506.117s][info][gc] GC(245) Concurrent Reset 0.031ms
[508.122s][info][gc] GC(246) Pause Initial Mark 48M->48M(50M) 1.139ms
[508.122s][info][gc] GC(246) Concurrent Mark
[508.140s][info][gc] GC(246) Concurrent Mark 18.472ms
[508.140s][info][gc] GC(246) Concurrent Preclean
[508.141s][info][gc] GC(246) Concurrent Preclean 0.157ms
[508.141s][info][gc] GC(246) Concurrent Abortable Preclean
[508.141s][info][gc] GC(246) Concurrent Abortable Preclean 0.017ms
[508.149s][info][gc] GC(246) Pause Remark 48M->48M(50M) 7.702ms
[508.149s][info][gc] GC(246) Concurrent Sweep
[508.152s][info][gc] GC(246) Concurrent Sweep 3.401ms
[508.152s][info][gc] GC(246) Concurrent Reset
[508.152s][info][gc] GC(246) Concurrent Reset 0.033ms
[510.153s][info][gc] GC(247) Pause Initial Mark 48M->48M(50M) 0.912ms
[510.153s][info][gc] GC(247) Concurrent Mark
[510.166s][info][gc] GC(247) Concurrent Mark 12.292ms
[510.166s][info][gc] GC(247) Concurrent Preclean
[510.166s][info][gc] GC(247) Concurrent Preclean 0.163ms
[510.166s][info][gc] GC(247) Concurrent Abortable Preclean
[510.166s][info][gc] GC(247) Concurrent Abortable Preclean 0.019ms
[510.172s][info][gc] GC(247) Pause Remark 48M->48M(50M) 5.520ms
[510.172s][info][gc] GC(247) Concurrent Sweep
[510.175s][info][gc] GC(247) Concurrent Sweep 3.249ms
[510.175s][info][gc] GC(247) Concurrent Reset
[510.175s][info][gc] GC(247) Concurrent Reset 0.033ms
[512.181s][info][gc] GC(248) Pause Initial Mark 48M->48M(50M) 1.558ms
[512.181s][info][gc] GC(248) Concurrent Mark
[512.221s][info][gc] GC(248) Concurrent Mark 39.856ms
[512.221s][info][gc] GC(248) Concurrent Preclean
[512.221s][info][gc] GC(248) Concurrent Preclean 0.194ms
[512.221s][info][gc] GC(248) Concurrent Abortable Preclean
[512.221s][info][gc] GC(248) Concurrent Abortable Preclean 0.019ms
[512.227s][info][gc] GC(248) Pause Remark 48M->48M(50M) 5.158ms
[512.227s][info][gc] GC(248) Concurrent Sweep
[512.232s][info][gc] GC(248) Concurrent Sweep 5.270ms
[512.232s][info][gc] GC(248) Concurrent Reset
[512.232s][info][gc] GC(248) Concurrent Reset 0.031ms
[514.234s][info][gc] GC(249) Pause Initial Mark 48M->48M(50M) 0.971ms
[514.234s][info][gc] GC(249) Concurrent Mark
[514.247s][info][gc] GC(249) Concurrent Mark 12.320ms
[514.247s][info][gc] GC(249) Concurrent Preclean
[514.247s][info][gc] GC(249) Concurrent Preclean 0.166ms
[514.247s][info][gc] GC(249) Concurrent Abortable Preclean
[514.247s][info][gc] GC(249) Concurrent Abortable Preclean 0.021ms
[514.252s][info][gc] GC(249) Pause Remark 48M->48M(50M) 5.215ms
[514.252s][info][gc] GC(249) Concurrent Sweep
[514.256s][info][gc] GC(249) Concurrent Sweep 3.309ms
[514.256s][info][gc] GC(249) Concurrent Reset
[514.256s][info][gc] GC(249) Concurrent Reset 0.033ms
[516.259s][info][gc] GC(250) Pause Initial Mark 48M->48M(50M) 0.575ms
[516.259s][info][gc] GC(250) Concurrent Mark
[516.272s][info][gc] GC(250) Concurrent Mark 13.072ms
[516.272s][info][gc] GC(250) Concurrent Preclean
[516.272s][info][gc] GC(250) Concurrent Preclean 0.141ms
[516.272s][info][gc] GC(250) Concurrent Abortable Preclean
[516.272s][info][gc] GC(250) Concurrent Abortable Preclean 0.017ms
[516.278s][info][gc] GC(250) Pause Remark 48M->48M(50M) 5.433ms
[516.278s][info][gc] GC(250) Concurrent Sweep
[516.282s][info][gc] GC(250) Concurrent Sweep 4.414ms
[516.282s][info][gc] GC(250) Concurrent Reset
[516.282s][info][gc] GC(250) Concurrent Reset 0.033ms
[518.283s][info][gc] GC(251) Pause Initial Mark 48M->48M(50M) 0.479ms
[518.283s][info][gc] GC(251) Concurrent Mark
[518.293s][info][gc] GC(251) Concurrent Mark 9.909ms
[518.293s][info][gc] GC(251) Concurrent Preclean
[518.293s][info][gc] GC(251) Concurrent Preclean 0.149ms
[518.293s][info][gc] GC(251) Concurrent Abortable Preclean
[518.293s][info][gc] GC(251) Concurrent Abortable Preclean 0.017ms
[518.298s][info][gc] GC(251) Pause Remark 48M->48M(50M) 5.244ms
[518.299s][info][gc] GC(251) Concurrent Sweep
[518.302s][info][gc] GC(251) Concurrent Sweep 3.099ms
[518.302s][info][gc] GC(251) Concurrent Reset
[518.302s][info][gc] GC(251) Concurrent Reset 0.031ms
[520.306s][info][gc] GC(252) Pause Initial Mark 48M->48M(50M) 0.792ms
[520.306s][info][gc] GC(252) Concurrent Mark
[520.318s][info][gc] GC(252) Concurrent Mark 12.088ms
[520.318s][info][gc] GC(252) Concurrent Preclean
[520.318s][info][gc] GC(252) Concurrent Preclean 0.145ms
[520.318s][info][gc] GC(252) Concurrent Abortable Preclean
[520.318s][info][gc] GC(252) Concurrent Abortable Preclean 0.020ms
[520.323s][info][gc] GC(252) Pause Remark 48M->48M(50M) 5.200ms
[520.324s][info][gc] GC(252) Concurrent Sweep
[520.327s][info][gc] GC(252) Concurrent Sweep 3.276ms
[520.327s][info][gc] GC(252) Concurrent Reset
[520.327s][info][gc] GC(252) Concurrent Reset 0.033ms
[522.328s][info][gc] GC(253) Pause Initial Mark 48M->48M(50M) 0.802ms
[522.328s][info][gc] GC(253) Concurrent Mark
[522.343s][info][gc] GC(253) Concurrent Mark 14.881ms
[522.343s][info][gc] GC(253) Concurrent Preclean
[522.343s][info][gc] GC(253) Concurrent Preclean 0.147ms
[522.343s][info][gc] GC(253) Concurrent Abortable Preclean
[522.344s][info][gc] GC(253) Concurrent Abortable Preclean 0.019ms
[522.349s][info][gc] GC(253) Pause Remark 48M->48M(50M) 5.314ms
[522.349s][info][gc] GC(253) Concurrent Sweep
[522.352s][info][gc] GC(253) Concurrent Sweep 3.281ms
[522.352s][info][gc] GC(253) Concurrent Reset
[522.352s][info][gc] GC(253) Concurrent Reset 0.033ms
[524.355s][info][gc] GC(254) Pause Initial Mark 48M->48M(50M) 0.914ms
[524.355s][info][gc] GC(254) Concurrent Mark
[524.367s][info][gc] GC(254) Concurrent Mark 12.201ms
[524.367s][info][gc] GC(254) Concurrent Preclean
[524.368s][info][gc] GC(254) Concurrent Preclean 0.146ms
[524.368s][info][gc] GC(254) Concurrent Abortable Preclean
[524.368s][info][gc] GC(254) Concurrent Abortable Preclean 0.019ms
[524.373s][info][gc] GC(254) Pause Remark 48M->48M(50M) 5.656ms
[524.374s][info][gc] GC(254) Concurrent Sweep
[524.377s][info][gc] GC(254) Concurrent Sweep 3.318ms
[524.377s][info][gc] GC(254) Concurrent Reset
[524.377s][info][gc] GC(254) Concurrent Reset 0.033ms
[526.378s][info][gc] GC(255) Pause Initial Mark 48M->48M(50M) 0.594ms
[526.378s][info][gc] GC(255) Concurrent Mark
[526.388s][info][gc] GC(255) Concurrent Mark 10.238ms
[526.388s][info][gc] GC(255) Concurrent Preclean
[526.388s][info][gc] GC(255) Concurrent Preclean 0.136ms
[526.388s][info][gc] GC(255) Concurrent Abortable Preclean
[526.389s][info][gc] GC(255) Concurrent Abortable Preclean 0.017ms
[526.394s][info][gc] GC(255) Pause Remark 48M->48M(50M) 4.941ms
[526.394s][info][gc] GC(255) Concurrent Sweep
[526.397s][info][gc] GC(255) Concurrent Sweep 3.090ms
[526.397s][info][gc] GC(255) Concurrent Reset
[526.397s][info][gc] GC(255) Concurrent Reset 0.030ms
[528.402s][info][gc] GC(256) Pause Initial Mark 48M->48M(50M) 1.738ms
[528.403s][info][gc] GC(256) Concurrent Mark
[528.426s][info][gc] GC(256) Concurrent Mark 23.304ms
[528.426s][info][gc] GC(256) Concurrent Preclean
[528.426s][info][gc] GC(256) Concurrent Preclean 0.223ms
[528.426s][info][gc] GC(256) Concurrent Abortable Preclean
[528.426s][info][gc] GC(256) Concurrent Abortable Preclean 0.026ms
[528.439s][info][gc] GC(256) Pause Remark 48M->48M(50M) 9.889ms
[528.439s][info][gc] GC(256) Concurrent Sweep
[528.443s][info][gc] GC(256) Concurrent Sweep 3.669ms
[528.443s][info][gc] GC(256) Concurrent Reset
[528.443s][info][gc] GC(256) Concurrent Reset 0.031ms
[530.447s][info][gc] GC(257) Pause Initial Mark 48M->48M(50M) 0.962ms
[530.447s][info][gc] GC(257) Concurrent Mark
[530.459s][info][gc] GC(257) Concurrent Mark 12.124ms
[530.459s][info][gc] GC(257) Concurrent Preclean
[530.459s][info][gc] GC(257) Concurrent Preclean 0.161ms
[530.459s][info][gc] GC(257) Concurrent Abortable Preclean
[530.459s][info][gc] GC(257) Concurrent Abortable Preclean 0.020ms
[530.465s][info][gc] GC(257) Pause Remark 48M->48M(50M) 5.205ms
[530.465s][info][gc] GC(257) Concurrent Sweep
[530.468s][info][gc] GC(257) Concurrent Sweep 3.232ms
[530.468s][info][gc] GC(257) Concurrent Reset
[530.468s][info][gc] GC(257) Concurrent Reset 0.035ms
[532.473s][info][gc] GC(258) Pause Initial Mark 48M->48M(50M) 0.850ms
[532.473s][info][gc] GC(258) Concurrent Mark
[532.489s][info][gc] GC(258) Concurrent Mark 15.874ms
[532.489s][info][gc] GC(258) Concurrent Preclean
[532.489s][info][gc] GC(258) Concurrent Preclean 0.170ms
[532.489s][info][gc] GC(258) Concurrent Abortable Preclean
[532.489s][info][gc] GC(258) Concurrent Abortable Preclean 0.025ms
[532.502s][info][gc] GC(258) Pause Remark 48M->48M(50M) 12.602ms
[532.502s][info][gc] GC(258) Concurrent Sweep
[532.507s][info][gc] GC(258) Concurrent Sweep 5.164ms
[532.507s][info][gc] GC(258) Concurrent Reset
[532.507s][info][gc] GC(258) Concurrent Reset 0.048ms
[534.510s][info][gc] GC(259) Pause Initial Mark 48M->48M(50M) 0.833ms
[534.510s][info][gc] GC(259) Concurrent Mark
[534.523s][info][gc] GC(259) Concurrent Mark 12.415ms
[534.523s][info][gc] GC(259) Concurrent Preclean
[534.523s][info][gc] GC(259) Concurrent Preclean 0.202ms
[534.523s][info][gc] GC(259) Concurrent Abortable Preclean
[534.523s][info][gc] GC(259) Concurrent Abortable Preclean 0.021ms
[534.529s][info][gc] GC(259) Pause Remark 48M->48M(50M) 5.368ms
[534.529s][info][gc] GC(259) Concurrent Sweep
[534.532s][info][gc] GC(259) Concurrent Sweep 3.092ms
[534.532s][info][gc] GC(259) Concurrent Reset
[534.532s][info][gc] GC(259) Concurrent Reset 0.030ms
[536.535s][info][gc] GC(260) Pause Initial Mark 48M->48M(50M) 1.082ms
[536.535s][info][gc] GC(260) Concurrent Mark
[536.548s][info][gc] GC(260) Concurrent Mark 12.180ms
[536.548s][info][gc] GC(260) Concurrent Preclean
[536.548s][info][gc] GC(260) Concurrent Preclean 0.158ms
[536.548s][info][gc] GC(260) Concurrent Abortable Preclean
[536.548s][info][gc] GC(260) Concurrent Abortable Preclean 0.028ms
[536.555s][info][gc] GC(260) Pause Remark 48M->48M(50M) 7.082ms
[536.555s][info][gc] GC(260) Concurrent Sweep
[536.559s][info][gc] GC(260) Concurrent Sweep 3.279ms
[536.559s][info][gc] GC(260) Concurrent Reset
[536.559s][info][gc] GC(260) Concurrent Reset 0.033ms
[538.561s][info][gc] GC(261) Pause Initial Mark 48M->48M(50M) 1.045ms
[538.561s][info][gc] GC(261) Concurrent Mark
[538.573s][info][gc] GC(261) Concurrent Mark 12.361ms
[538.573s][info][gc] GC(261) Concurrent Preclean
[538.573s][info][gc] GC(261) Concurrent Preclean 0.174ms
[538.573s][info][gc] GC(261) Concurrent Abortable Preclean
[538.573s][info][gc] GC(261) Concurrent Abortable Preclean 0.020ms
[538.579s][info][gc] GC(261) Pause Remark 48M->48M(50M) 5.627ms
[538.579s][info][gc] GC(261) Concurrent Sweep
[538.585s][info][gc] GC(261) Concurrent Sweep 5.768ms
[538.586s][info][gc] GC(261) Concurrent Reset
[538.586s][info][gc] GC(261) Concurrent Reset 0.149ms
[540.588s][info][gc] GC(262) Pause Initial Mark 48M->48M(50M) 0.972ms
[540.588s][info][gc] GC(262) Concurrent Mark
[540.600s][info][gc] GC(262) Concurrent Mark 12.042ms
[540.600s][info][gc] GC(262) Concurrent Preclean
[540.600s][info][gc] GC(262) Concurrent Preclean 0.159ms
[540.600s][info][gc] GC(262) Concurrent Abortable Preclean
[540.600s][info][gc] GC(262) Concurrent Abortable Preclean 0.021ms
[540.606s][info][gc] GC(262) Pause Remark 48M->48M(50M) 5.490ms
[540.606s][info][gc] GC(262) Concurrent Sweep
[540.609s][info][gc] GC(262) Concurrent Sweep 3.130ms
[540.609s][info][gc] GC(262) Concurrent Reset
[540.609s][info][gc] GC(262) Concurrent Reset 0.030ms
[542.614s][info][gc] GC(263) Pause Initial Mark 48M->48M(50M) 1.011ms
[542.614s][info][gc] GC(263) Concurrent Mark
[542.626s][info][gc] GC(263) Concurrent Mark 12.039ms
[542.626s][info][gc] GC(263) Concurrent Preclean
[542.626s][info][gc] GC(263) Concurrent Preclean 0.148ms
[542.626s][info][gc] GC(263) Concurrent Abortable Preclean
[542.626s][info][gc] GC(263) Concurrent Abortable Preclean 0.019ms
[542.632s][info][gc] GC(263) Pause Remark 48M->48M(50M) 5.185ms
[542.632s][info][gc] GC(263) Concurrent Sweep
[542.635s][info][gc] GC(263) Concurrent Sweep 3.270ms
[542.635s][info][gc] GC(263) Concurrent Reset
[542.635s][info][gc] GC(263) Concurrent Reset 0.033ms
[544.638s][info][gc] GC(264) Pause Initial Mark 48M->48M(50M) 1.049ms
[544.638s][info][gc] GC(264) Concurrent Mark
[544.652s][info][gc] GC(264) Concurrent Mark 13.328ms
[544.652s][info][gc] GC(264) Concurrent Preclean
[544.652s][info][gc] GC(264) Concurrent Preclean 0.145ms
[544.652s][info][gc] GC(264) Concurrent Abortable Preclean
[544.652s][info][gc] GC(264) Concurrent Abortable Preclean 0.018ms
[544.658s][info][gc] GC(264) Pause Remark 48M->48M(50M) 5.429ms
[544.658s][info][gc] GC(264) Concurrent Sweep
[544.661s][info][gc] GC(264) Concurrent Sweep 3.322ms
[544.661s][info][gc] GC(264) Concurrent Reset
[544.661s][info][gc] GC(264) Concurrent Reset 0.031ms
[546.663s][info][gc] GC(265) Pause Initial Mark 48M->48M(50M) 0.999ms
[546.664s][info][gc] GC(265) Concurrent Mark
[546.676s][info][gc] GC(265) Concurrent Mark 12.602ms
[546.676s][info][gc] GC(265) Concurrent Preclean
[546.676s][info][gc] GC(265) Concurrent Preclean 0.146ms
[546.676s][info][gc] GC(265) Concurrent Abortable Preclean
[546.676s][info][gc] GC(265) Concurrent Abortable Preclean 0.016ms
[546.683s][info][gc] GC(265) Pause Remark 48M->48M(50M) 6.672ms
[546.683s][info][gc] GC(265) Concurrent Sweep
[546.687s][info][gc] GC(265) Concurrent Sweep 3.241ms
[546.687s][info][gc] GC(265) Concurrent Reset
[546.687s][info][gc] GC(265) Concurrent Reset 0.030ms
[548.689s][info][gc] GC(266) Pause Initial Mark 48M->48M(50M) 1.072ms
[548.690s][info][gc] GC(266) Concurrent Mark
[548.702s][info][gc] GC(266) Concurrent Mark 12.282ms
[548.702s][info][gc] GC(266) Concurrent Preclean
[548.702s][info][gc] GC(266) Concurrent Preclean 0.153ms
[548.702s][info][gc] GC(266) Concurrent Abortable Preclean
[548.702s][info][gc] GC(266) Concurrent Abortable Preclean 0.017ms
[548.708s][info][gc] GC(266) Pause Remark 48M->48M(50M) 5.264ms
[548.708s][info][gc] GC(266) Concurrent Sweep
[548.711s][info][gc] GC(266) Concurrent Sweep 3.086ms
[548.711s][info][gc] GC(266) Concurrent Reset
[548.711s][info][gc] GC(266) Concurrent Reset 0.028ms
[550.716s][info][gc] GC(267) Pause Initial Mark 48M->48M(50M) 1.018ms
[550.716s][info][gc] GC(267) Concurrent Mark
[550.728s][info][gc] GC(267) Concurrent Mark 12.173ms
[550.728s][info][gc] GC(267) Concurrent Preclean
[550.728s][info][gc] GC(267) Concurrent Preclean 0.143ms
[550.728s][info][gc] GC(267) Concurrent Abortable Preclean
[550.728s][info][gc] GC(267) Concurrent Abortable Preclean 0.016ms
[550.733s][info][gc] GC(267) Pause Remark 48M->48M(50M) 5.271ms
[550.734s][info][gc] GC(267) Concurrent Sweep
[550.737s][info][gc] GC(267) Concurrent Sweep 3.055ms
[550.737s][info][gc] GC(267) Concurrent Reset
[550.737s][info][gc] GC(267) Concurrent Reset 0.028ms
[552.738s][info][gc] GC(268) Pause Initial Mark 48M->48M(50M) 1.221ms
[552.738s][info][gc] GC(268) Concurrent Mark
[552.750s][info][gc] GC(268) Concurrent Mark 12.196ms
[552.750s][info][gc] GC(268) Concurrent Preclean
[552.751s][info][gc] GC(268) Concurrent Preclean 0.146ms
[552.751s][info][gc] GC(268) Concurrent Abortable Preclean
[552.751s][info][gc] GC(268) Concurrent Abortable Preclean 0.016ms
[552.756s][info][gc] GC(268) Pause Remark 48M->48M(50M) 5.402ms
[552.756s][info][gc] GC(268) Concurrent Sweep
[552.759s][info][gc] GC(268) Concurrent Sweep 3.196ms
[552.760s][info][gc] GC(268) Concurrent Reset
[552.760s][info][gc] GC(268) Concurrent Reset 0.028ms
[554.762s][info][gc] GC(269) Pause Initial Mark 48M->48M(50M) 0.761ms
[554.762s][info][gc] GC(269) Concurrent Mark
[554.773s][info][gc] GC(269) Concurrent Mark 11.713ms
[554.774s][info][gc] GC(269) Concurrent Preclean
[554.774s][info][gc] GC(269) Concurrent Preclean 0.156ms
[554.774s][info][gc] GC(269) Concurrent Abortable Preclean
[554.774s][info][gc] GC(269) Concurrent Abortable Preclean 0.018ms
[554.779s][info][gc] GC(269) Pause Remark 48M->48M(50M) 5.460ms
[554.779s][info][gc] GC(269) Concurrent Sweep
[554.783s][info][gc] GC(269) Concurrent Sweep 3.282ms
[554.783s][info][gc] GC(269) Concurrent Reset
[554.783s][info][gc] GC(269) Concurrent Reset 0.071ms
[556.789s][info][gc] GC(270) Pause Initial Mark 48M->48M(50M) 2.770ms
[556.790s][info][gc] GC(270) Concurrent Mark
[556.803s][info][gc] GC(270) Concurrent Mark 13.341ms
[556.804s][info][gc] GC(270) Concurrent Preclean
[556.804s][info][gc] GC(270) Concurrent Preclean 0.315ms
[556.804s][info][gc] GC(270) Concurrent Abortable Preclean
[556.804s][info][gc] GC(270) Concurrent Abortable Preclean 0.043ms
[556.809s][info][gc] GC(270) Pause Remark 48M->48M(50M) 5.106ms
[556.810s][info][gc] GC(270) Concurrent Sweep
[556.813s][info][gc] GC(270) Concurrent Sweep 3.062ms
[556.813s][info][gc] GC(270) Concurrent Reset
[556.813s][info][gc] GC(270) Concurrent Reset 0.030ms
[558.816s][info][gc] GC(271) Pause Initial Mark 48M->48M(50M) 0.996ms
[558.816s][info][gc] GC(271) Concurrent Mark
[558.828s][info][gc] GC(271) Concurrent Mark 12.225ms
[558.828s][info][gc] GC(271) Concurrent Preclean
[558.828s][info][gc] GC(271) Concurrent Preclean 0.173ms
[558.828s][info][gc] GC(271) Concurrent Abortable Preclean
[558.828s][info][gc] GC(271) Concurrent Abortable Preclean 0.020ms
[558.834s][info][gc] GC(271) Pause Remark 48M->48M(50M) 5.559ms
[558.834s][info][gc] GC(271) Concurrent Sweep
[558.837s][info][gc] GC(271) Concurrent Sweep 3.267ms
[558.837s][info][gc] GC(271) Concurrent Reset
[558.837s][info][gc] GC(271) Concurrent Reset 0.033ms
[560.840s][info][gc] GC(272) Pause Initial Mark 48M->48M(50M) 0.937ms
[560.841s][info][gc] GC(272) Concurrent Mark
[560.853s][info][gc] GC(272) Concurrent Mark 12.691ms
[560.853s][info][gc] GC(272) Concurrent Preclean
[560.853s][info][gc] GC(272) Concurrent Preclean 0.146ms
[560.853s][info][gc] GC(272) Concurrent Abortable Preclean
[560.854s][info][gc] GC(272) Concurrent Abortable Preclean 0.019ms
[560.859s][info][gc] GC(272) Pause Remark 48M->48M(50M) 5.195ms
[560.859s][info][gc] GC(272) Concurrent Sweep
[560.862s][info][gc] GC(272) Concurrent Sweep 3.260ms
[560.862s][info][gc] GC(272) Concurrent Reset
[560.862s][info][gc] GC(272) Concurrent Reset 0.033ms
[562.867s][info][gc] GC(273) Pause Initial Mark 48M->48M(50M) 1.065ms
[562.867s][info][gc] GC(273) Concurrent Mark
[562.879s][info][gc] GC(273) Concurrent Mark 12.118ms
[562.879s][info][gc] GC(273) Concurrent Preclean
[562.879s][info][gc] GC(273) Concurrent Preclean 0.144ms
[562.879s][info][gc] GC(273) Concurrent Abortable Preclean
[562.879s][info][gc] GC(273) Concurrent Abortable Preclean 0.018ms
[562.886s][info][gc] GC(273) Pause Remark 48M->48M(50M) 6.608ms
[562.886s][info][gc] GC(273) Concurrent Sweep
[562.889s][info][gc] GC(273) Concurrent Sweep 3.417ms
[562.890s][info][gc] GC(273) Concurrent Reset
[562.890s][info][gc] GC(273) Concurrent Reset 0.034ms
[564.891s][info][gc] GC(274) Pause Initial Mark 48M->48M(50M) 0.996ms
[564.891s][info][gc] GC(274) Concurrent Mark
[564.903s][info][gc] GC(274) Concurrent Mark 12.256ms
[564.903s][info][gc] GC(274) Concurrent Preclean
[564.903s][info][gc] GC(274) Concurrent Preclean 0.165ms
[564.903s][info][gc] GC(274) Concurrent Abortable Preclean
[564.903s][info][gc] GC(274) Concurrent Abortable Preclean 0.020ms
[564.911s][info][gc] GC(274) Pause Remark 48M->48M(50M) 7.451ms
[564.911s][info][gc] GC(274) Concurrent Sweep
[564.916s][info][gc] GC(274) Concurrent Sweep 5.327ms
[564.917s][info][gc] GC(274) Concurrent Reset
[564.917s][info][gc] GC(274) Concurrent Reset 0.046ms
[566.918s][info][gc] GC(275) Pause Initial Mark 48M->48M(50M) 1.058ms
[566.918s][info][gc] GC(275) Concurrent Mark
[566.934s][info][gc] GC(275) Concurrent Mark 15.333ms
[566.934s][info][gc] GC(275) Concurrent Preclean
[566.934s][info][gc] GC(275) Concurrent Preclean 0.148ms
[566.934s][info][gc] GC(275) Concurrent Abortable Preclean
[566.934s][info][gc] GC(275) Concurrent Abortable Preclean 0.018ms
[566.939s][info][gc] GC(275) Pause Remark 48M->48M(50M) 5.273ms
[566.939s][info][gc] GC(275) Concurrent Sweep
[566.943s][info][gc] GC(275) Concurrent Sweep 3.301ms
[566.943s][info][gc] GC(275) Concurrent Reset
[566.943s][info][gc] GC(275) Concurrent Reset 0.033ms
[568.948s][info][gc] GC(276) Pause Initial Mark 48M->48M(50M) 1.011ms
[568.948s][info][gc] GC(276) Concurrent Mark
[568.960s][info][gc] GC(276) Concurrent Mark 12.204ms
[568.960s][info][gc] GC(276) Concurrent Preclean
[568.961s][info][gc] GC(276) Concurrent Preclean 0.174ms
[568.961s][info][gc] GC(276) Concurrent Abortable Preclean
[568.961s][info][gc] GC(276) Concurrent Abortable Preclean 0.020ms
[568.966s][info][gc] GC(276) Pause Remark 48M->48M(50M) 5.290ms
[568.966s][info][gc] GC(276) Concurrent Sweep
[568.970s][info][gc] GC(276) Concurrent Sweep 3.410ms
[568.970s][info][gc] GC(276) Concurrent Reset
[568.970s][info][gc] GC(276) Concurrent Reset 0.033ms
[570.973s][info][gc] GC(277) Pause Initial Mark 48M->48M(50M) 1.048ms
[570.973s][info][gc] GC(277) Concurrent Mark
[570.985s][info][gc] GC(277) Concurrent Mark 12.128ms
[570.985s][info][gc] GC(277) Concurrent Preclean
[570.986s][info][gc] GC(277) Concurrent Preclean 0.163ms
[570.986s][info][gc] GC(277) Concurrent Abortable Preclean
[570.986s][info][gc] GC(277) Concurrent Abortable Preclean 0.021ms
[570.991s][info][gc] GC(277) Pause Remark 48M->48M(50M) 5.420ms
[570.991s][info][gc] GC(277) Concurrent Sweep
[570.994s][info][gc] GC(277) Concurrent Sweep 3.059ms
[570.994s][info][gc] GC(277) Concurrent Reset
[570.994s][info][gc] GC(277) Concurrent Reset 0.030ms
[572.997s][info][gc] GC(278) Pause Initial Mark 48M->48M(50M) 0.935ms
[572.997s][info][gc] GC(278) Concurrent Mark
[573.009s][info][gc] GC(278) Concurrent Mark 12.346ms
[573.009s][info][gc] GC(278) Concurrent Preclean
[573.010s][info][gc] GC(278) Concurrent Preclean 0.149ms
[573.010s][info][gc] GC(278) Concurrent Abortable Preclean
[573.010s][info][gc] GC(278) Concurrent Abortable Preclean 0.019ms
[573.015s][info][gc] GC(278) Pause Remark 48M->48M(50M) 5.158ms
[573.015s][info][gc] GC(278) Concurrent Sweep
[573.018s][info][gc] GC(278) Concurrent Sweep 3.366ms
[573.018s][info][gc] GC(278) Concurrent Reset
[573.018s][info][gc] GC(278) Concurrent Reset 0.033ms
[575.023s][info][gc] GC(279) Pause Initial Mark 48M->48M(50M) 0.998ms
[575.023s][info][gc] GC(279) Concurrent Mark
[575.035s][info][gc] GC(279) Concurrent Mark 12.202ms
[575.035s][info][gc] GC(279) Concurrent Preclean
[575.035s][info][gc] GC(279) Concurrent Preclean 0.161ms
[575.036s][info][gc] GC(279) Concurrent Abortable Preclean
[575.036s][info][gc] GC(279) Concurrent Abortable Preclean 0.020ms
[575.041s][info][gc] GC(279) Pause Remark 48M->48M(50M) 5.284ms
[575.041s][info][gc] GC(279) Concurrent Sweep
[575.044s][info][gc] GC(279) Concurrent Sweep 3.295ms
[575.044s][info][gc] GC(279) Concurrent Reset
[575.044s][info][gc] GC(279) Concurrent Reset 0.033ms
[577.045s][info][gc] GC(280) Pause Initial Mark 48M->48M(50M) 0.995ms
[577.045s][info][gc] GC(280) Concurrent Mark
[577.058s][info][gc] GC(280) Concurrent Mark 12.570ms
[577.058s][info][gc] GC(280) Concurrent Preclean
[577.058s][info][gc] GC(280) Concurrent Preclean 0.151ms
[577.058s][info][gc] GC(280) Concurrent Abortable Preclean
[577.058s][info][gc] GC(280) Concurrent Abortable Preclean 0.019ms
[577.064s][info][gc] GC(280) Pause Remark 48M->48M(50M) 5.312ms
[577.064s][info][gc] GC(280) Concurrent Sweep
[577.067s][info][gc] GC(280) Concurrent Sweep 3.246ms
[577.067s][info][gc] GC(280) Concurrent Reset
[577.067s][info][gc] GC(280) Concurrent Reset 0.033ms
[579.072s][info][gc] GC(281) Pause Initial Mark 48M->48M(50M) 0.890ms
[579.072s][info][gc] GC(281) Concurrent Mark
[579.083s][info][gc] GC(281) Concurrent Mark 11.411ms
[579.083s][info][gc] GC(281) Concurrent Preclean
[579.084s][info][gc] GC(281) Concurrent Preclean 0.164ms
[579.084s][info][gc] GC(281) Concurrent Abortable Preclean
[579.084s][info][gc] GC(281) Concurrent Abortable Preclean 0.019ms
[579.089s][info][gc] GC(281) Pause Remark 48M->48M(50M) 5.752ms
[579.090s][info][gc] GC(281) Concurrent Sweep
[579.093s][info][gc] GC(281) Concurrent Sweep 3.253ms
[579.093s][info][gc] GC(281) Concurrent Reset
[579.093s][info][gc] GC(281) Concurrent Reset 0.033ms
[581.094s][info][gc] GC(282) Pause Initial Mark 48M->48M(50M) 1.017ms
[581.094s][info][gc] GC(282) Concurrent Mark
[581.107s][info][gc] GC(282) Concurrent Mark 12.343ms
[581.107s][info][gc] GC(282) Concurrent Preclean
[581.107s][info][gc] GC(282) Concurrent Preclean 0.145ms
[581.107s][info][gc] GC(282) Concurrent Abortable Preclean
[581.107s][info][gc] GC(282) Concurrent Abortable Preclean 0.019ms
[581.113s][info][gc] GC(282) Pause Remark 48M->48M(50M) 5.531ms
[581.113s][info][gc] GC(282) Concurrent Sweep
[581.116s][info][gc] GC(282) Concurrent Sweep 3.204ms
[581.116s][info][gc] GC(282) Concurrent Reset
[581.116s][info][gc] GC(282) Concurrent Reset 0.031ms
[583.119s][info][gc] GC(283) Pause Initial Mark 48M->48M(50M) 1.003ms
[583.119s][info][gc] GC(283) Concurrent Mark
[583.131s][info][gc] GC(283) Concurrent Mark 12.214ms
[583.131s][info][gc] GC(283) Concurrent Preclean
[583.131s][info][gc] GC(283) Concurrent Preclean 0.147ms
[583.131s][info][gc] GC(283) Concurrent Abortable Preclean
[583.131s][info][gc] GC(283) Concurrent Abortable Preclean 0.019ms
[583.137s][info][gc] GC(283) Pause Remark 48M->48M(50M) 5.353ms
[583.137s][info][gc] GC(283) Concurrent Sweep
[583.140s][info][gc] GC(283) Concurrent Sweep 3.174ms
[583.140s][info][gc] GC(283) Concurrent Reset
[583.140s][info][gc] GC(283) Concurrent Reset 0.030ms
[585.145s][info][gc] GC(284) Pause Initial Mark 48M->48M(50M) 0.840ms
[585.145s][info][gc] GC(284) Concurrent Mark
[585.165s][info][gc] GC(284) Concurrent Mark 19.502ms
[585.165s][info][gc] GC(284) Concurrent Preclean
[585.165s][info][gc] GC(284) Concurrent Preclean 0.151ms
[585.165s][info][gc] GC(284) Concurrent Abortable Preclean
[585.165s][info][gc] GC(284) Concurrent Abortable Preclean 0.017ms
[585.169s][info][gc] GC(284) Pause Remark 48M->48M(50M) 4.557ms
[585.170s][info][gc] GC(284) Concurrent Sweep
[585.173s][info][gc] GC(284) Concurrent Sweep 3.263ms
[585.173s][info][gc] GC(284) Concurrent Reset
[585.173s][info][gc] GC(284) Concurrent Reset 0.034ms
[587.176s][info][gc] GC(285) Pause Initial Mark 48M->48M(50M) 1.149ms
[587.176s][info][gc] GC(285) Concurrent Mark
[587.214s][info][gc] GC(285) Concurrent Mark 37.272ms
[587.214s][info][gc] GC(285) Concurrent Preclean
[587.214s][info][gc] GC(285) Concurrent Preclean 0.206ms
[587.214s][info][gc] GC(285) Concurrent Abortable Preclean
[587.214s][info][gc] GC(285) Concurrent Abortable Preclean 0.026ms
[587.230s][info][gc] GC(285) Pause Remark 48M->48M(50M) 15.618ms
[587.230s][info][gc] GC(285) Concurrent Sweep
[587.234s][info][gc] GC(285) Concurrent Sweep 3.443ms
[587.234s][info][gc] GC(285) Concurrent Reset
[587.234s][info][gc] GC(285) Concurrent Reset 0.035ms
[589.236s][info][gc] GC(286) Pause Initial Mark 48M->48M(50M) 2.282ms
[589.237s][info][gc] GC(286) Concurrent Mark
[589.249s][info][gc] GC(286) Concurrent Mark 12.708ms
[589.249s][info][gc] GC(286) Concurrent Preclean
[589.250s][info][gc] GC(286) Concurrent Preclean 0.162ms
[589.250s][info][gc] GC(286) Concurrent Abortable Preclean
[589.250s][info][gc] GC(286) Concurrent Abortable Preclean 0.019ms
[589.255s][info][gc] GC(286) Pause Remark 48M->48M(50M) 5.204ms
[589.255s][info][gc] GC(286) Concurrent Sweep
[589.258s][info][gc] GC(286) Concurrent Sweep 3.267ms
[589.258s][info][gc] GC(286) Concurrent Reset
[589.258s][info][gc] GC(286) Concurrent Reset 0.033ms
[591.260s][info][gc] GC(287) Pause Initial Mark 48M->48M(50M) 1.002ms
[591.260s][info][gc] GC(287) Concurrent Mark
[591.273s][info][gc] GC(287) Concurrent Mark 12.934ms
[591.274s][info][gc] GC(287) Concurrent Preclean
[591.274s][info][gc] GC(287) Concurrent Preclean 0.179ms
[591.274s][info][gc] GC(287) Concurrent Abortable Preclean
[591.274s][info][gc] GC(287) Concurrent Abortable Preclean 0.020ms
[591.279s][info][gc] GC(287) Pause Remark 48M->48M(50M) 5.391ms
[591.279s][info][gc] GC(287) Concurrent Sweep
[591.283s][info][gc] GC(287) Concurrent Sweep 4.120ms
[591.284s][info][gc] GC(287) Concurrent Reset
[591.284s][info][gc] GC(287) Concurrent Reset 0.034ms
[593.289s][info][gc] GC(288) Pause Initial Mark 48M->48M(50M) 0.810ms
[593.289s][info][gc] GC(288) Concurrent Mark
[593.302s][info][gc] GC(288) Concurrent Mark 12.679ms
[593.302s][info][gc] GC(288) Concurrent Preclean
[593.302s][info][gc] GC(288) Concurrent Preclean 0.157ms
[593.302s][info][gc] GC(288) Concurrent Abortable Preclean
[593.302s][info][gc] GC(288) Concurrent Abortable Preclean 0.019ms
[593.307s][info][gc] GC(288) Pause Remark 48M->48M(50M) 5.266ms
[593.307s][info][gc] GC(288) Concurrent Sweep
[593.311s][info][gc] GC(288) Concurrent Sweep 3.419ms
[593.311s][info][gc] GC(288) Concurrent Reset
[593.311s][info][gc] GC(288) Concurrent Reset 0.038ms
[595.312s][info][gc] GC(289) Pause Initial Mark 48M->48M(50M) 0.832ms
[595.312s][info][gc] GC(289) Concurrent Mark
[595.324s][info][gc] GC(289) Concurrent Mark 11.982ms
[595.324s][info][gc] GC(289) Concurrent Preclean
[595.324s][info][gc] GC(289) Concurrent Preclean 0.144ms
[595.324s][info][gc] GC(289) Concurrent Abortable Preclean
[595.324s][info][gc] GC(289) Concurrent Abortable Preclean 0.019ms
[595.330s][info][gc] GC(289) Pause Remark 48M->48M(50M) 5.348ms
[595.330s][info][gc] GC(289) Concurrent Sweep
[595.333s][info][gc] GC(289) Concurrent Sweep 3.368ms
[595.333s][info][gc] GC(289) Concurrent Reset
[595.333s][info][gc] GC(289) Concurrent Reset 0.033ms
[597.335s][info][gc] GC(290) Pause Initial Mark 48M->48M(50M) 1.032ms
[597.336s][info][gc] GC(290) Concurrent Mark
[597.358s][info][gc] GC(290) Concurrent Mark 22.336ms
[597.358s][info][gc] GC(290) Concurrent Preclean
[597.358s][info][gc] GC(290) Concurrent Preclean 0.148ms
[597.358s][info][gc] GC(290) Concurrent Abortable Preclean
[597.358s][info][gc] GC(290) Concurrent Abortable Preclean 0.026ms
[597.371s][info][gc] GC(290) Pause Remark 48M->48M(50M) 12.209ms
[597.371s][info][gc] GC(290) Concurrent Sweep
[597.376s][info][gc] GC(290) Concurrent Sweep 4.798ms
[597.376s][info][gc] GC(290) Concurrent Reset
[597.376s][info][gc] GC(290) Concurrent Reset 0.042ms
[599.382s][info][gc] GC(291) Pause Initial Mark 48M->48M(50M) 2.998ms
[599.382s][info][gc] GC(291) Concurrent Mark
[599.400s][info][gc] GC(291) Concurrent Mark 18.405ms
[599.401s][info][gc] GC(291) Concurrent Preclean
[599.401s][info][gc] GC(291) Concurrent Preclean 0.203ms
[599.401s][info][gc] GC(291) Concurrent Abortable Preclean
[599.401s][info][gc] GC(291) Concurrent Abortable Preclean 0.025ms
[599.430s][info][gc] GC(291) Pause Remark 48M->48M(50M) 29.066ms
[599.430s][info][gc] GC(291) Concurrent Sweep
[599.436s][info][gc] GC(291) Concurrent Sweep 5.771ms
[599.436s][info][gc] GC(291) Concurrent Reset
[599.436s][info][gc] GC(291) Concurrent Reset 0.041ms
[601.438s][info][gc] GC(292) Pause Initial Mark 48M->48M(50M) 0.866ms
[601.438s][info][gc] GC(292) Concurrent Mark
[601.449s][info][gc] GC(292) Concurrent Mark 10.235ms
[601.449s][info][gc] GC(292) Concurrent Preclean
[601.449s][info][gc] GC(292) Concurrent Preclean 0.143ms
[601.449s][info][gc] GC(292) Concurrent Abortable Preclean
[601.449s][info][gc] GC(292) Concurrent Abortable Preclean 0.019ms
[601.455s][info][gc] GC(292) Pause Remark 48M->48M(50M) 5.623ms
[601.455s][info][gc] GC(292) Concurrent Sweep
[601.458s][info][gc] GC(292) Concurrent Sweep 3.293ms
[601.458s][info][gc] GC(292) Concurrent Reset
[601.458s][info][gc] GC(292) Concurrent Reset 0.033ms
[603.460s][info][gc] GC(293) Pause Initial Mark 48M->48M(50M) 0.964ms
[603.460s][info][gc] GC(293) Concurrent Mark
[603.472s][info][gc] GC(293) Concurrent Mark 12.124ms
[603.473s][info][gc] GC(293) Concurrent Preclean
[603.473s][info][gc] GC(293) Concurrent Preclean 0.166ms
[603.473s][info][gc] GC(293) Concurrent Abortable Preclean
[603.473s][info][gc] GC(293) Concurrent Abortable Preclean 0.020ms
[603.478s][info][gc] GC(293) Pause Remark 48M->48M(50M) 5.502ms
[603.478s][info][gc] GC(293) Concurrent Sweep
[603.482s][info][gc] GC(293) Concurrent Sweep 3.224ms
[603.482s][info][gc] GC(293) Concurrent Reset
[603.482s][info][gc] GC(293) Concurrent Reset 0.031ms
[605.487s][info][gc] GC(294) Pause Initial Mark 48M->48M(50M) 0.964ms
[605.487s][info][gc] GC(294) Concurrent Mark
[605.500s][info][gc] GC(294) Concurrent Mark 12.132ms
[605.500s][info][gc] GC(294) Concurrent Preclean
[605.500s][info][gc] GC(294) Concurrent Preclean 0.143ms
[605.500s][info][gc] GC(294) Concurrent Abortable Preclean
[605.500s][info][gc] GC(294) Concurrent Abortable Preclean 0.019ms
[605.505s][info][gc] GC(294) Pause Remark 48M->48M(50M) 5.182ms
[605.505s][info][gc] GC(294) Concurrent Sweep
[605.509s][info][gc] GC(294) Concurrent Sweep 3.253ms
[605.509s][info][gc] GC(294) Concurrent Reset
[605.509s][info][gc] GC(294) Concurrent Reset 0.031ms
[607.510s][info][gc] GC(295) Pause Initial Mark 48M->48M(50M) 0.956ms
[607.510s][info][gc] GC(295) Concurrent Mark
[607.523s][info][gc] GC(295) Concurrent Mark 12.517ms
[607.523s][info][gc] GC(295) Concurrent Preclean
[607.523s][info][gc] GC(295) Concurrent Preclean 0.159ms
[607.523s][info][gc] GC(295) Concurrent Abortable Preclean
[607.523s][info][gc] GC(295) Concurrent Abortable Preclean 0.018ms
[607.529s][info][gc] GC(295) Pause Remark 48M->48M(50M) 5.632ms
[607.529s][info][gc] GC(295) Concurrent Sweep
[607.533s][info][gc] GC(295) Concurrent Sweep 3.736ms
[607.533s][info][gc] GC(295) Concurrent Reset
[607.533s][info][gc] GC(295) Concurrent Reset 0.065ms
[609.538s][info][gc] GC(296) Pause Initial Mark 48M->48M(50M) 1.039ms
[609.539s][info][gc] GC(296) Concurrent Mark
[609.551s][info][gc] GC(296) Concurrent Mark 12.283ms
[609.551s][info][gc] GC(296) Concurrent Preclean
[609.551s][info][gc] GC(296) Concurrent Preclean 0.144ms
[609.551s][info][gc] GC(296) Concurrent Abortable Preclean
[609.551s][info][gc] GC(296) Concurrent Abortable Preclean 0.019ms
[609.557s][info][gc] GC(296) Pause Remark 48M->48M(50M) 5.351ms
[609.557s][info][gc] GC(296) Concurrent Sweep
[609.560s][info][gc] GC(296) Concurrent Sweep 3.209ms
[609.560s][info][gc] GC(296) Concurrent Reset
[609.560s][info][gc] GC(296) Concurrent Reset 0.034ms
[611.564s][info][gc] GC(297) Pause Initial Mark 48M->48M(50M) 0.953ms
[611.564s][info][gc] GC(297) Concurrent Mark
[611.577s][info][gc] GC(297) Concurrent Mark 12.338ms
[611.577s][info][gc] GC(297) Concurrent Preclean
[611.577s][info][gc] GC(297) Concurrent Preclean 0.145ms
[611.577s][info][gc] GC(297) Concurrent Abortable Preclean
[611.577s][info][gc] GC(297) Concurrent Abortable Preclean 0.019ms
[611.583s][info][gc] GC(297) Pause Remark 48M->48M(50M) 5.565ms
[611.583s][info][gc] GC(297) Concurrent Sweep
[611.586s][info][gc] GC(297) Concurrent Sweep 3.065ms
[611.586s][info][gc] GC(297) Concurrent Reset
[611.586s][info][gc] GC(297) Concurrent Reset 0.034ms
[613.591s][info][gc] GC(298) Pause Initial Mark 48M->48M(50M) 1.823ms
[613.592s][info][gc] GC(298) Concurrent Mark
[613.609s][info][gc] GC(298) Concurrent Mark 17.165ms
[613.609s][info][gc] GC(298) Concurrent Preclean
[613.609s][info][gc] GC(298) Concurrent Preclean 0.333ms
[613.609s][info][gc] GC(298) Concurrent Abortable Preclean
[613.609s][info][gc] GC(298) Concurrent Abortable Preclean 0.039ms
[613.616s][info][gc] GC(298) Pause Remark 48M->48M(50M) 5.901ms
[613.616s][info][gc] GC(298) Concurrent Sweep
[613.619s][info][gc] GC(298) Concurrent Sweep 3.276ms
[613.619s][info][gc] GC(298) Concurrent Reset
[613.619s][info][gc] GC(298) Concurrent Reset 0.033ms
[615.625s][info][gc] GC(299) Pause Initial Mark 48M->48M(50M) 3.002ms
[615.625s][info][gc] GC(299) Concurrent Mark
[615.642s][info][gc] GC(299) Concurrent Mark 17.432ms
[615.642s][info][gc] GC(299) Concurrent Preclean
[615.643s][info][gc] GC(299) Concurrent Preclean 0.164ms
[615.643s][info][gc] GC(299) Concurrent Abortable Preclean
[615.643s][info][gc] GC(299) Concurrent Abortable Preclean 0.019ms
[615.649s][info][gc] GC(299) Pause Remark 48M->48M(50M) 6.449ms
[615.649s][info][gc] GC(299) Concurrent Sweep
[615.655s][info][gc] GC(299) Concurrent Sweep 5.573ms
[615.655s][info][gc] GC(299) Concurrent Reset
[615.655s][info][gc] GC(299) Concurrent Reset 0.034ms
[617.656s][info][gc] GC(300) Pause Initial Mark 48M->48M(50M) 1.283ms
[617.656s][info][gc] GC(300) Concurrent Mark
[617.672s][info][gc] GC(300) Concurrent Mark 16.131ms
[617.672s][info][gc] GC(300) Concurrent Preclean
[617.673s][info][gc] GC(300) Concurrent Preclean 0.388ms
[617.673s][info][gc] GC(300) Concurrent Abortable Preclean
[617.673s][info][gc] GC(300) Concurrent Abortable Preclean 0.045ms
[617.679s][info][gc] GC(300) Pause Remark 48M->48M(50M) 5.524ms
[617.679s][info][gc] GC(300) Concurrent Sweep
[617.683s][info][gc] GC(300) Concurrent Sweep 4.776ms
[617.684s][info][gc] GC(300) Concurrent Reset
[617.684s][info][gc] GC(300) Concurrent Reset 0.037ms
[619.690s][info][gc] GC(301) Pause Initial Mark 48M->48M(50M) 2.458ms
[619.690s][info][gc] GC(301) Concurrent Mark
[619.709s][info][gc] GC(301) Concurrent Mark 18.889ms
[619.709s][info][gc] GC(301) Concurrent Preclean
[619.709s][info][gc] GC(301) Concurrent Preclean 0.142ms
[619.709s][info][gc] GC(301) Concurrent Abortable Preclean
[619.710s][info][gc] GC(301) Concurrent Abortable Preclean 0.018ms
[619.717s][info][gc] GC(301) Pause Remark 48M->48M(50M) 7.845ms
[619.718s][info][gc] GC(301) Concurrent Sweep
[619.721s][info][gc] GC(301) Concurrent Sweep 3.460ms
[619.721s][info][gc] GC(301) Concurrent Reset
[619.721s][info][gc] GC(301) Concurrent Reset 0.033ms
[621.725s][info][gc] GC(302) Pause Initial Mark 48M->48M(50M) 1.054ms
[621.725s][info][gc] GC(302) Concurrent Mark
[621.737s][info][gc] GC(302) Concurrent Mark 12.147ms
[621.737s][info][gc] GC(302) Concurrent Preclean
[621.737s][info][gc] GC(302) Concurrent Preclean 0.148ms
[621.738s][info][gc] GC(302) Concurrent Abortable Preclean
[621.738s][info][gc] GC(302) Concurrent Abortable Preclean 0.019ms
[621.743s][info][gc] GC(302) Pause Remark 48M->48M(50M) 5.332ms
[621.743s][info][gc] GC(302) Concurrent Sweep
[621.746s][info][gc] GC(302) Concurrent Sweep 3.242ms
[621.746s][info][gc] GC(302) Concurrent Reset
[621.746s][info][gc] GC(302) Concurrent Reset 0.030ms
[623.751s][info][gc] GC(303) Pause Initial Mark 48M->48M(50M) 1.390ms
[623.752s][info][gc] GC(303) Concurrent Mark
[623.765s][info][gc] GC(303) Concurrent Mark 12.971ms
[623.765s][info][gc] GC(303) Concurrent Preclean
[623.765s][info][gc] GC(303) Concurrent Preclean 0.126ms
[623.765s][info][gc] GC(303) Concurrent Abortable Preclean
[623.765s][info][gc] GC(303) Concurrent Abortable Preclean 0.017ms
[623.772s][info][gc] GC(303) Pause Remark 48M->48M(50M) 6.869ms
[623.772s][info][gc] GC(303) Concurrent Sweep
[623.777s][info][gc] GC(303) Concurrent Sweep 5.012ms
[623.777s][info][gc] GC(303) Concurrent Reset
[623.778s][info][gc] GC(303) Concurrent Reset 0.159ms
[625.781s][info][gc] GC(304) Pause Initial Mark 48M->48M(50M) 0.963ms
[625.781s][info][gc] GC(304) Concurrent Mark
[625.797s][info][gc] GC(304) Concurrent Mark 15.537ms
[625.797s][info][gc] GC(304) Concurrent Preclean
[625.797s][info][gc] GC(304) Concurrent Preclean 0.150ms
[625.797s][info][gc] GC(304) Concurrent Abortable Preclean
[625.797s][info][gc] GC(304) Concurrent Abortable Preclean 0.019ms
[625.805s][info][gc] GC(304) Pause Remark 48M->48M(50M) 7.604ms
[625.805s][info][gc] GC(304) Concurrent Sweep
[625.808s][info][gc] GC(304) Concurrent Sweep 3.346ms
[625.808s][info][gc] GC(304) Concurrent Reset
[625.808s][info][gc] GC(304) Concurrent Reset 0.033ms
[627.814s][info][gc] GC(305) Pause Initial Mark 48M->48M(50M) 1.090ms
[627.814s][info][gc] GC(305) Concurrent Mark
[627.827s][info][gc] GC(305) Concurrent Mark 13.067ms
[627.827s][info][gc] GC(305) Concurrent Preclean
[627.827s][info][gc] GC(305) Concurrent Preclean 0.214ms
[627.827s][info][gc] GC(305) Concurrent Abortable Preclean
[627.827s][info][gc] GC(305) Concurrent Abortable Preclean 0.049ms
[627.836s][info][gc] GC(305) Pause Remark 48M->48M(50M) 7.823ms
[627.836s][info][gc] GC(305) Concurrent Sweep
[627.841s][info][gc] GC(305) Concurrent Sweep 4.453ms
[627.841s][info][gc] GC(305) Concurrent Reset
[627.841s][info][gc] GC(305) Concurrent Reset 0.316ms
[629.843s][info][gc] GC(306) Pause Initial Mark 48M->48M(50M) 1.019ms
[629.843s][info][gc] GC(306) Concurrent Mark
[629.855s][info][gc] GC(306) Concurrent Mark 12.122ms
[629.855s][info][gc] GC(306) Concurrent Preclean
[629.855s][info][gc] GC(306) Concurrent Preclean 0.143ms
[629.855s][info][gc] GC(306) Concurrent Abortable Preclean
[629.855s][info][gc] GC(306) Concurrent Abortable Preclean 0.019ms
[629.867s][info][gc] GC(306) Pause Remark 48M->48M(50M) 11.064ms
[629.867s][info][gc] GC(306) Concurrent Sweep
[629.873s][info][gc] GC(306) Concurrent Sweep 6.293ms
[629.873s][info][gc] GC(306) Concurrent Reset
[629.873s][info][gc] GC(306) Concurrent Reset 0.105ms
[631.875s][info][gc] GC(307) Pause Initial Mark 48M->48M(50M) 1.027ms
[631.877s][info][gc] GC(307) Concurrent Mark
[631.889s][info][gc] GC(307) Concurrent Mark 12.345ms
[631.889s][info][gc] GC(307) Concurrent Preclean
[631.889s][info][gc] GC(307) Concurrent Preclean 0.144ms
[631.889s][info][gc] GC(307) Concurrent Abortable Preclean
[631.889s][info][gc] GC(307) Concurrent Abortable Preclean 0.019ms
[631.894s][info][gc] GC(307) Pause Remark 48M->48M(50M) 5.218ms
[631.895s][info][gc] GC(307) Concurrent Sweep
[631.898s][info][gc] GC(307) Concurrent Sweep 3.295ms
[631.898s][info][gc] GC(307) Concurrent Reset
[631.898s][info][gc] GC(307) Concurrent Reset 0.033ms
[633.901s][info][gc] GC(308) Pause Initial Mark 48M->48M(50M) 1.093ms
[633.901s][info][gc] GC(308) Concurrent Mark
[633.913s][info][gc] GC(308) Concurrent Mark 12.170ms
[633.913s][info][gc] GC(308) Concurrent Preclean
[633.913s][info][gc] GC(308) Concurrent Preclean 0.159ms
[633.913s][info][gc] GC(308) Concurrent Abortable Preclean
[633.913s][info][gc] GC(308) Concurrent Abortable Preclean 0.020ms
[633.919s][info][gc] GC(308) Pause Remark 48M->48M(50M) 5.462ms
[633.919s][info][gc] GC(308) Concurrent Sweep
[633.922s][info][gc] GC(308) Concurrent Sweep 3.295ms
[633.922s][info][gc] GC(308) Concurrent Reset
[633.922s][info][gc] GC(308) Concurrent Reset 0.033ms
[635.928s][info][gc] GC(309) Pause Initial Mark 48M->48M(50M) 1.039ms
[635.928s][info][gc] GC(309) Concurrent Mark
[635.941s][info][gc] GC(309) Concurrent Mark 13.236ms
[635.941s][info][gc] GC(309) Concurrent Preclean
[635.941s][info][gc] GC(309) Concurrent Preclean 0.149ms
[635.941s][info][gc] GC(309) Concurrent Abortable Preclean
[635.941s][info][gc] GC(309) Concurrent Abortable Preclean 0.019ms
[635.947s][info][gc] GC(309) Pause Remark 48M->48M(50M) 5.204ms
[635.947s][info][gc] GC(309) Concurrent Sweep
[635.950s][info][gc] GC(309) Concurrent Sweep 3.319ms
[635.950s][info][gc] GC(309) Concurrent Reset
[635.950s][info][gc] GC(309) Concurrent Reset 0.033ms
[637.956s][info][gc] GC(310) Pause Initial Mark 48M->48M(50M) 0.964ms
[637.956s][info][gc] GC(310) Concurrent Mark
[637.968s][info][gc] GC(310) Concurrent Mark 12.065ms
[637.968s][info][gc] GC(310) Concurrent Preclean
[637.968s][info][gc] GC(310) Concurrent Preclean 0.153ms
[637.968s][info][gc] GC(310) Concurrent Abortable Preclean
[637.968s][info][gc] GC(310) Concurrent Abortable Preclean 0.019ms
[637.974s][info][gc] GC(310) Pause Remark 48M->48M(50M) 5.395ms
[637.974s][info][gc] GC(310) Concurrent Sweep
[637.977s][info][gc] GC(310) Concurrent Sweep 3.248ms
[637.977s][info][gc] GC(310) Concurrent Reset
[637.977s][info][gc] GC(310) Concurrent Reset 0.033ms
[639.983s][info][gc] GC(311) Pause Initial Mark 48M->48M(50M) 0.956ms
[639.983s][info][gc] GC(311) Concurrent Mark
[639.996s][info][gc] GC(311) Concurrent Mark 12.109ms
[639.996s][info][gc] GC(311) Concurrent Preclean
[639.996s][info][gc] GC(311) Concurrent Preclean 0.142ms
[639.996s][info][gc] GC(311) Concurrent Abortable Preclean
[639.996s][info][gc] GC(311) Concurrent Abortable Preclean 0.019ms
[640.001s][info][gc] GC(311) Pause Remark 48M->48M(50M) 5.200ms
[640.001s][info][gc] GC(311) Concurrent Sweep
[640.005s][info][gc] GC(311) Concurrent Sweep 3.279ms
[640.005s][info][gc] GC(311) Concurrent Reset
[640.005s][info][gc] GC(311) Concurrent Reset 0.033ms
[642.012s][info][gc] GC(312) Pause Initial Mark 48M->48M(50M) 2.742ms
[642.012s][info][gc] GC(312) Concurrent Mark
[642.034s][info][gc] GC(312) Concurrent Mark 22.075ms
[642.034s][info][gc] GC(312) Concurrent Preclean
[642.035s][info][gc] GC(312) Concurrent Preclean 0.188ms
[642.035s][info][gc] GC(312) Concurrent Abortable Preclean
[642.035s][info][gc] GC(312) Concurrent Abortable Preclean 0.024ms
[642.043s][info][gc] GC(312) Pause Remark 48M->48M(50M) 7.993ms
[642.043s][info][gc] GC(312) Concurrent Sweep
[642.047s][info][gc] GC(312) Concurrent Sweep 3.692ms
[642.047s][info][gc] GC(312) Concurrent Reset
[642.047s][info][gc] GC(312) Concurrent Reset 0.163ms
[644.052s][info][gc] GC(313) Pause Initial Mark 48M->48M(50M) 1.215ms
[644.052s][info][gc] GC(313) Concurrent Mark
[644.071s][info][gc] GC(313) Concurrent Mark 18.611ms
[644.071s][info][gc] GC(313) Concurrent Preclean
[644.071s][info][gc] GC(313) Concurrent Preclean 0.145ms
[644.071s][info][gc] GC(313) Concurrent Abortable Preclean
[644.071s][info][gc] GC(313) Concurrent Abortable Preclean 0.017ms
[644.077s][info][gc] GC(313) Pause Remark 48M->48M(50M) 5.532ms
[644.077s][info][gc] GC(313) Concurrent Sweep
[644.080s][info][gc] GC(313) Concurrent Sweep 3.352ms
[644.080s][info][gc] GC(313) Concurrent Reset
[644.081s][info][gc] GC(313) Concurrent Reset 0.034ms
[646.084s][info][gc] GC(314) Pause Initial Mark 48M->48M(50M) 1.031ms
[646.084s][info][gc] GC(314) Concurrent Mark
[646.096s][info][gc] GC(314) Concurrent Mark 12.252ms
[646.096s][info][gc] GC(314) Concurrent Preclean
[646.096s][info][gc] GC(314) Concurrent Preclean 0.144ms
[646.096s][info][gc] GC(314) Concurrent Abortable Preclean
[646.096s][info][gc] GC(314) Concurrent Abortable Preclean 0.018ms
[646.102s][info][gc] GC(314) Pause Remark 48M->48M(50M) 5.186ms
[646.102s][info][gc] GC(314) Concurrent Sweep
[646.105s][info][gc] GC(314) Concurrent Sweep 3.293ms
[646.105s][info][gc] GC(314) Concurrent Reset
[646.105s][info][gc] GC(314) Concurrent Reset 0.033ms
[648.110s][info][gc] GC(315) Pause Initial Mark 48M->48M(50M) 1.075ms
[648.111s][info][gc] GC(315) Concurrent Mark
[648.123s][info][gc] GC(315) Concurrent Mark 12.772ms
[648.123s][info][gc] GC(315) Concurrent Preclean
[648.124s][info][gc] GC(315) Concurrent Preclean 0.156ms
[648.124s][info][gc] GC(315) Concurrent Abortable Preclean
[648.124s][info][gc] GC(315) Concurrent Abortable Preclean 0.019ms
[648.131s][info][gc] GC(315) Pause Remark 48M->48M(50M) 7.090ms
[648.131s][info][gc] GC(315) Concurrent Sweep
[648.134s][info][gc] GC(315) Concurrent Sweep 3.293ms
[648.134s][info][gc] GC(315) Concurrent Reset
[648.134s][info][gc] GC(315) Concurrent Reset 0.034ms
[650.138s][info][gc] GC(316) Pause Initial Mark 48M->48M(50M) 2.582ms
[650.138s][info][gc] GC(316) Concurrent Mark
[650.150s][info][gc] GC(316) Concurrent Mark 12.053ms
[650.150s][info][gc] GC(316) Concurrent Preclean
[650.151s][info][gc] GC(316) Concurrent Preclean 0.182ms
[650.151s][info][gc] GC(316) Concurrent Abortable Preclean
[650.151s][info][gc] GC(316) Concurrent Abortable Preclean 0.031ms
[650.157s][info][gc] GC(316) Pause Remark 48M->48M(50M) 6.385ms
[650.157s][info][gc] GC(316) Concurrent Sweep
[650.160s][info][gc] GC(316) Concurrent Sweep 3.217ms
[650.160s][info][gc] GC(316) Concurrent Reset
[650.161s][info][gc] GC(316) Concurrent Reset 0.031ms
[652.167s][info][gc] GC(317) Pause Initial Mark 48M->48M(50M) 1.033ms
[652.167s][info][gc] GC(317) Concurrent Mark
[652.179s][info][gc] GC(317) Concurrent Mark 12.130ms
[652.179s][info][gc] GC(317) Concurrent Preclean
[652.179s][info][gc] GC(317) Concurrent Preclean 0.158ms
[652.179s][info][gc] GC(317) Concurrent Abortable Preclean
[652.179s][info][gc] GC(317) Concurrent Abortable Preclean 0.020ms
[652.185s][info][gc] GC(317) Pause Remark 48M->48M(50M) 5.238ms
[652.185s][info][gc] GC(317) Concurrent Sweep
[652.188s][info][gc] GC(317) Concurrent Sweep 3.256ms
[652.188s][info][gc] GC(317) Concurrent Reset
[652.188s][info][gc] GC(317) Concurrent Reset 0.033ms
[654.193s][info][gc] GC(318) Pause Initial Mark 48M->48M(50M) 0.916ms
[654.193s][info][gc] GC(318) Concurrent Mark
[654.205s][info][gc] GC(318) Concurrent Mark 12.155ms
[654.205s][info][gc] GC(318) Concurrent Preclean
[654.205s][info][gc] GC(318) Concurrent Preclean 0.165ms
[654.205s][info][gc] GC(318) Concurrent Abortable Preclean
[654.205s][info][gc] GC(318) Concurrent Abortable Preclean 0.024ms
[654.211s][info][gc] GC(318) Pause Remark 48M->48M(50M) 5.249ms
[654.211s][info][gc] GC(318) Concurrent Sweep
[654.214s][info][gc] GC(318) Concurrent Sweep 3.237ms
[654.214s][info][gc] GC(318) Concurrent Reset
[654.214s][info][gc] GC(318) Concurrent Reset 0.032ms
[656.218s][info][gc] GC(319) Pause Initial Mark 48M->48M(50M) 0.986ms
[656.218s][info][gc] GC(319) Concurrent Mark
[656.230s][info][gc] GC(319) Concurrent Mark 12.172ms
[656.230s][info][gc] GC(319) Concurrent Preclean
[656.230s][info][gc] GC(319) Concurrent Preclean 0.161ms
[656.230s][info][gc] GC(319) Concurrent Abortable Preclean
[656.230s][info][gc] GC(319) Concurrent Abortable Preclean 0.037ms
[656.236s][info][gc] GC(319) Pause Remark 48M->48M(50M) 5.677ms
[656.236s][info][gc] GC(319) Concurrent Sweep
[656.240s][info][gc] GC(319) Concurrent Sweep 3.235ms
[656.240s][info][gc] GC(319) Concurrent Reset
[656.240s][info][gc] GC(319) Concurrent Reset 0.031ms
[658.246s][info][gc] GC(320) Pause Initial Mark 48M->48M(50M) 1.146ms
[658.246s][info][gc] GC(320) Concurrent Mark
[658.258s][info][gc] GC(320) Concurrent Mark 12.470ms
[658.258s][info][gc] GC(320) Concurrent Preclean
[658.258s][info][gc] GC(320) Concurrent Preclean 0.157ms
[658.258s][info][gc] GC(320) Concurrent Abortable Preclean
[658.258s][info][gc] GC(320) Concurrent Abortable Preclean 0.018ms
[658.264s][info][gc] GC(320) Pause Remark 48M->48M(50M) 5.472ms
[658.264s][info][gc] GC(320) Concurrent Sweep
[658.267s][info][gc] GC(320) Concurrent Sweep 3.012ms
[658.267s][info][gc] GC(320) Concurrent Reset
[658.267s][info][gc] GC(320) Concurrent Reset 0.030ms
[660.269s][info][gc] GC(321) Pause Initial Mark 48M->48M(50M) 1.069ms
[660.269s][info][gc] GC(321) Concurrent Mark
[660.289s][info][gc] GC(321) Concurrent Mark 20.188ms
[660.289s][info][gc] GC(321) Concurrent Preclean
[660.290s][info][gc] GC(321) Concurrent Preclean 0.181ms
[660.290s][info][gc] GC(321) Concurrent Abortable Preclean
[660.290s][info][gc] GC(321) Concurrent Abortable Preclean 0.022ms
[660.309s][info][gc] GC(321) Pause Remark 48M->48M(50M) 19.635ms
[660.310s][info][gc] GC(321) Concurrent Sweep
[660.316s][info][gc] GC(321) Concurrent Sweep 6.053ms
[660.316s][info][gc] GC(321) Concurrent Reset
[660.316s][info][gc] GC(321) Concurrent Reset 0.276ms
[662.316s][info][gc] GC(322) Pause Initial Mark 48M->48M(50M) 0.506ms
[662.317s][info][gc] GC(322) Concurrent Mark
[662.326s][info][gc] GC(322) Concurrent Mark 9.854ms
[662.327s][info][gc] GC(322) Concurrent Preclean
[662.327s][info][gc] GC(322) Concurrent Preclean 0.158ms
[662.327s][info][gc] GC(322) Concurrent Abortable Preclean
[662.327s][info][gc] GC(322) Concurrent Abortable Preclean 0.018ms
[662.340s][info][gc] GC(322) Pause Remark 48M->48M(50M) 13.612ms
[662.341s][info][gc] GC(322) Concurrent Sweep
[662.344s][info][gc] GC(322) Concurrent Sweep 3.930ms
[662.345s][info][gc] GC(322) Concurrent Reset
[662.345s][info][gc] GC(322) Concurrent Reset 0.192ms
[664.347s][info][gc] GC(323) Pause Initial Mark 48M->48M(50M) 1.029ms
[664.347s][info][gc] GC(323) Concurrent Mark
[664.359s][info][gc] GC(323) Concurrent Mark 11.997ms
[664.359s][info][gc] GC(323) Concurrent Preclean
[664.359s][info][gc] GC(323) Concurrent Preclean 0.137ms
[664.359s][info][gc] GC(323) Concurrent Abortable Preclean
[664.359s][info][gc] GC(323) Concurrent Abortable Preclean 0.018ms
[664.364s][info][gc] GC(323) Pause Remark 48M->48M(50M) 4.954ms
[664.364s][info][gc] GC(323) Concurrent Sweep
[664.367s][info][gc] GC(323) Concurrent Sweep 3.009ms
[664.367s][info][gc] GC(323) Concurrent Reset
[664.367s][info][gc] GC(323) Concurrent Reset 0.030ms
[666.371s][info][gc] GC(324) Pause Initial Mark 48M->48M(50M) 0.578ms
[666.371s][info][gc] GC(324) Concurrent Mark
[666.380s][info][gc] GC(324) Concurrent Mark 9.011ms
[666.380s][info][gc] GC(324) Concurrent Preclean
[666.380s][info][gc] GC(324) Concurrent Preclean 0.125ms
[666.380s][info][gc] GC(324) Concurrent Abortable Preclean
[666.380s][info][gc] GC(324) Concurrent Abortable Preclean 0.015ms
[666.386s][info][gc] GC(324) Pause Remark 48M->48M(50M) 5.467ms
[666.386s][info][gc] GC(324) Concurrent Sweep
[666.389s][info][gc] GC(324) Concurrent Sweep 2.995ms
[666.389s][info][gc] GC(324) Concurrent Reset
[666.389s][info][gc] GC(324) Concurrent Reset 0.034ms
[668.391s][info][gc] GC(325) Pause Initial Mark 48M->48M(50M) 0.726ms
[668.391s][info][gc] GC(325) Concurrent Mark
[668.402s][info][gc] GC(325) Concurrent Mark 10.421ms
[668.402s][info][gc] GC(325) Concurrent Preclean
[668.402s][info][gc] GC(325) Concurrent Preclean 0.164ms
[668.402s][info][gc] GC(325) Concurrent Abortable Preclean
[668.402s][info][gc] GC(325) Concurrent Abortable Preclean 0.020ms
[668.408s][info][gc] GC(325) Pause Remark 48M->48M(50M) 6.161ms
[668.408s][info][gc] GC(325) Concurrent Sweep
[668.411s][info][gc] GC(325) Concurrent Sweep 3.011ms
[668.412s][info][gc] GC(325) Concurrent Reset
[668.412s][info][gc] GC(325) Concurrent Reset 0.030ms
[670.413s][info][gc] GC(326) Pause Initial Mark 48M->48M(50M) 0.803ms
[670.413s][info][gc] GC(326) Concurrent Mark
[670.426s][info][gc] GC(326) Concurrent Mark 12.684ms
[670.426s][info][gc] GC(326) Concurrent Preclean
[670.426s][info][gc] GC(326) Concurrent Preclean 0.134ms
[670.426s][info][gc] GC(326) Concurrent Abortable Preclean
[670.426s][info][gc] GC(326) Concurrent Abortable Preclean 0.017ms
[670.431s][info][gc] GC(326) Pause Remark 48M->48M(50M) 4.762ms
[670.431s][info][gc] GC(326) Concurrent Sweep
[670.434s][info][gc] GC(326) Concurrent Sweep 3.098ms
[670.434s][info][gc] GC(326) Concurrent Reset
[670.434s][info][gc] GC(326) Concurrent Reset 0.030ms
[672.434s][info][gc] GC(327) Pause Initial Mark 48M->48M(50M) 0.639ms
[672.434s][info][gc] GC(327) Concurrent Mark
[672.448s][info][gc] GC(327) Concurrent Mark 13.439ms
[672.448s][info][gc] GC(327) Concurrent Preclean
[672.448s][info][gc] GC(327) Concurrent Preclean 0.194ms
[672.448s][info][gc] GC(327) Concurrent Abortable Preclean
[672.448s][info][gc] GC(327) Concurrent Abortable Preclean 0.024ms
[672.464s][info][gc] GC(327) Pause Remark 48M->48M(50M) 15.835ms
[672.464s][info][gc] GC(327) Concurrent Sweep
[672.469s][info][gc] GC(327) Concurrent Sweep 4.631ms
[672.469s][info][gc] GC(327) Concurrent Reset
[672.469s][info][gc] GC(327) Concurrent Reset 0.033ms
[674.475s][info][gc] GC(328) Pause Initial Mark 48M->48M(50M) 1.983ms
[674.475s][info][gc] GC(328) Concurrent Mark
[674.488s][info][gc] GC(328) Concurrent Mark 12.281ms
[674.488s][info][gc] GC(328) Concurrent Preclean
[674.488s][info][gc] GC(328) Concurrent Preclean 0.199ms
[674.488s][info][gc] GC(328) Concurrent Abortable Preclean
[674.488s][info][gc] GC(328) Concurrent Abortable Preclean 0.041ms
[674.495s][info][gc] GC(328) Pause Remark 48M->48M(50M) 7.097ms
[674.495s][info][gc] GC(328) Concurrent Sweep
[674.499s][info][gc] GC(328) Concurrent Sweep 3.899ms
[674.499s][info][gc] GC(328) Concurrent Reset
[674.499s][info][gc] GC(328) Concurrent Reset 0.034ms
[676.505s][info][gc] GC(329) Pause Initial Mark 48M->48M(50M) 1.372ms
[676.505s][info][gc] GC(329) Concurrent Mark
[676.540s][info][gc] GC(329) Concurrent Mark 34.813ms
[676.540s][info][gc] GC(329) Concurrent Preclean
[676.541s][info][gc] GC(329) Concurrent Preclean 0.281ms
[676.541s][info][gc] GC(329) Concurrent Abortable Preclean
[676.541s][info][gc] GC(329) Concurrent Abortable Preclean 0.026ms
[676.560s][info][gc] GC(329) Pause Remark 48M->48M(50M) 18.865ms
[676.560s][info][gc] GC(329) Concurrent Sweep
[676.564s][info][gc] GC(329) Concurrent Sweep 4.116ms
[676.564s][info][gc] GC(329) Concurrent Reset
[676.564s][info][gc] GC(329) Concurrent Reset 0.040ms
[678.572s][info][gc] GC(330) Pause Initial Mark 48M->48M(50M) 1.289ms
[678.573s][info][gc] GC(330) Concurrent Mark
[678.597s][info][gc] GC(330) Concurrent Mark 23.986ms
[678.597s][info][gc] GC(330) Concurrent Preclean
[678.598s][info][gc] GC(330) Concurrent Preclean 0.934ms
[678.598s][info][gc] GC(330) Concurrent Abortable Preclean
[678.598s][info][gc] GC(330) Concurrent Abortable Preclean 0.026ms
[678.611s][info][gc] GC(330) Pause Remark 48M->48M(50M) 12.432ms
[678.611s][info][gc] GC(330) Concurrent Sweep
[678.618s][info][gc] GC(330) Concurrent Sweep 6.901ms
[678.618s][info][gc] GC(330) Concurrent Reset
[678.619s][info][gc] GC(330) Concurrent Reset 0.174ms
[680.620s][info][gc] GC(331) Pause Initial Mark 48M->48M(50M) 1.086ms
[680.620s][info][gc] GC(331) Concurrent Mark
[680.641s][info][gc] GC(331) Concurrent Mark 21.203ms
[680.642s][info][gc] GC(331) Concurrent Preclean
[680.642s][info][gc] GC(331) Concurrent Preclean 0.210ms
[680.642s][info][gc] GC(331) Concurrent Abortable Preclean
[680.642s][info][gc] GC(331) Concurrent Abortable Preclean 0.018ms
[680.649s][info][gc] GC(331) Pause Remark 48M->48M(50M) 7.201ms
[680.649s][info][gc] GC(331) Concurrent Sweep
[680.654s][info][gc] GC(331) Concurrent Sweep 4.264ms
[680.654s][info][gc] GC(331) Concurrent Reset
[680.654s][info][gc] GC(331) Concurrent Reset 0.128ms
[682.655s][info][gc] GC(332) Pause Initial Mark 48M->48M(50M) 0.752ms
[682.655s][info][gc] GC(332) Concurrent Mark
[682.667s][info][gc] GC(332) Concurrent Mark 12.032ms
[682.667s][info][gc] GC(332) Concurrent Preclean
[682.667s][info][gc] GC(332) Concurrent Preclean 0.134ms
[682.667s][info][gc] GC(332) Concurrent Abortable Preclean
[682.667s][info][gc] GC(332) Concurrent Abortable Preclean 0.017ms
[682.672s][info][gc] GC(332) Pause Remark 48M->48M(50M) 5.070ms
[682.672s][info][gc] GC(332) Concurrent Sweep
[682.676s][info][gc] GC(332) Concurrent Sweep 3.164ms
[682.676s][info][gc] GC(332) Concurrent Reset
[682.676s][info][gc] GC(332) Concurrent Reset 0.030ms
[684.677s][info][gc] GC(333) Pause Initial Mark 48M->48M(50M) 0.719ms
[684.677s][info][gc] GC(333) Concurrent Mark
[684.690s][info][gc] GC(333) Concurrent Mark 13.464ms
[684.690s][info][gc] GC(333) Concurrent Preclean
[684.690s][info][gc] GC(333) Concurrent Preclean 0.167ms
[684.690s][info][gc] GC(333) Concurrent Abortable Preclean
[684.690s][info][gc] GC(333) Concurrent Abortable Preclean 0.017ms
[684.698s][info][gc] GC(333) Pause Remark 48M->48M(50M) 7.042ms
[684.698s][info][gc] GC(333) Concurrent Sweep
[684.701s][info][gc] GC(333) Concurrent Sweep 3.060ms
[684.701s][info][gc] GC(333) Concurrent Reset
[684.701s][info][gc] GC(333) Concurrent Reset 0.028ms
[686.706s][info][gc] GC(334) Pause Initial Mark 48M->48M(50M) 1.074ms
[686.707s][info][gc] GC(334) Concurrent Mark
[686.719s][info][gc] GC(334) Concurrent Mark 12.084ms
[686.719s][info][gc] GC(334) Concurrent Preclean
[686.719s][info][gc] GC(334) Concurrent Preclean 0.132ms
[686.719s][info][gc] GC(334) Concurrent Abortable Preclean
[686.719s][info][gc] GC(334) Concurrent Abortable Preclean 0.016ms
[686.724s][info][gc] GC(334) Pause Remark 48M->48M(50M) 4.998ms
[686.724s][info][gc] GC(334) Concurrent Sweep
[686.727s][info][gc] GC(334) Concurrent Sweep 3.033ms
[686.727s][info][gc] GC(334) Concurrent Reset
[686.727s][info][gc] GC(334) Concurrent Reset 0.029ms
[688.728s][info][gc] GC(335) Pause Initial Mark 48M->48M(50M) 0.848ms
[688.728s][info][gc] GC(335) Concurrent Mark
[688.746s][info][gc] GC(335) Concurrent Mark 17.671ms
[688.746s][info][gc] GC(335) Concurrent Preclean
[688.746s][info][gc] GC(335) Concurrent Preclean 0.177ms
[688.746s][info][gc] GC(335) Concurrent Abortable Preclean
[688.746s][info][gc] GC(335) Concurrent Abortable Preclean 0.019ms
[688.754s][info][gc] GC(335) Pause Remark 48M->48M(50M) 7.957ms
[688.754s][info][gc] GC(335) Concurrent Sweep
[688.759s][info][gc] GC(335) Concurrent Sweep 4.229ms
[688.759s][info][gc] GC(335) Concurrent Reset
[688.759s][info][gc] GC(335) Concurrent Reset 0.034ms
[690.762s][info][gc] GC(336) Pause Initial Mark 48M->48M(50M) 1.221ms
[690.762s][info][gc] GC(336) Concurrent Mark
[690.784s][info][gc] GC(336) Concurrent Mark 22.111ms
[690.785s][info][gc] GC(336) Concurrent Preclean
[690.785s][info][gc] GC(336) Concurrent Preclean 0.529ms
[690.785s][info][gc] GC(336) Concurrent Abortable Preclean
[690.785s][info][gc] GC(336) Concurrent Abortable Preclean 0.032ms
[690.799s][info][gc] GC(336) Pause Remark 48M->48M(50M) 13.910ms
[690.800s][info][gc] GC(336) Concurrent Sweep
[690.804s][info][gc] GC(336) Concurrent Sweep 4.340ms
[690.804s][info][gc] GC(336) Concurrent Reset
[690.804s][info][gc] GC(336) Concurrent Reset 0.045ms
[692.805s][info][gc] GC(337) Pause Initial Mark 48M->48M(50M) 1.043ms
[692.805s][info][gc] GC(337) Concurrent Mark
[692.817s][info][gc] GC(337) Concurrent Mark 12.044ms
[692.817s][info][gc] GC(337) Concurrent Preclean
[692.818s][info][gc] GC(337) Concurrent Preclean 0.165ms
[692.818s][info][gc] GC(337) Concurrent Abortable Preclean
[692.818s][info][gc] GC(337) Concurrent Abortable Preclean 0.020ms
[692.823s][info][gc] GC(337) Pause Remark 48M->48M(50M) 5.426ms
[692.823s][info][gc] GC(337) Concurrent Sweep
[692.827s][info][gc] GC(337) Concurrent Sweep 3.262ms
[692.827s][info][gc] GC(337) Concurrent Reset
[692.827s][info][gc] GC(337) Concurrent Reset 0.032ms
[694.829s][info][gc] GC(338) Pause Initial Mark 48M->48M(50M) 1.050ms
[694.829s][info][gc] GC(338) Concurrent Mark
[694.850s][info][gc] GC(338) Concurrent Mark 20.221ms
[694.850s][info][gc] GC(338) Concurrent Preclean
[694.850s][info][gc] GC(338) Concurrent Preclean 0.188ms
[694.850s][info][gc] GC(338) Concurrent Abortable Preclean
[694.850s][info][gc] GC(338) Concurrent Abortable Preclean 0.025ms
[694.870s][info][gc] GC(338) Pause Remark 48M->48M(50M) 19.635ms
[694.871s][info][gc] GC(338) Concurrent Sweep
[694.875s][info][gc] GC(338) Concurrent Sweep 4.505ms
[694.875s][info][gc] GC(338) Concurrent Reset
[694.876s][info][gc] GC(338) Concurrent Reset 0.156ms
[696.881s][info][gc] GC(339) Pause Initial Mark 48M->48M(50M) 1.031ms
[696.881s][info][gc] GC(339) Concurrent Mark
[696.894s][info][gc] GC(339) Concurrent Mark 12.375ms
[696.894s][info][gc] GC(339) Concurrent Preclean
[696.894s][info][gc] GC(339) Concurrent Preclean 0.142ms
[696.894s][info][gc] GC(339) Concurrent Abortable Preclean
[696.894s][info][gc] GC(339) Concurrent Abortable Preclean 0.018ms
[696.899s][info][gc] GC(339) Pause Remark 48M->48M(50M) 5.185ms
[696.899s][info][gc] GC(339) Concurrent Sweep
[696.903s][info][gc] GC(339) Concurrent Sweep 3.420ms
[696.903s][info][gc] GC(339) Concurrent Reset
[696.903s][info][gc] GC(339) Concurrent Reset 0.033ms
[698.909s][info][gc] GC(340) Pause Initial Mark 48M->48M(50M) 1.396ms
[698.909s][info][gc] GC(340) Concurrent Mark
[698.923s][info][gc] GC(340) Concurrent Mark 14.220ms
[698.923s][info][gc] GC(340) Concurrent Preclean
[698.924s][info][gc] GC(340) Concurrent Preclean 0.736ms
[698.924s][info][gc] GC(340) Concurrent Abortable Preclean
[698.924s][info][gc] GC(340) Concurrent Abortable Preclean 0.035ms
[698.944s][info][gc] GC(340) Pause Remark 48M->48M(50M) 19.827ms
[698.945s][info][gc] GC(340) Concurrent Sweep
[698.954s][info][gc] GC(340) Concurrent Sweep 9.424ms
[698.954s][info][gc] GC(340) Concurrent Reset
[698.954s][info][gc] GC(340) Concurrent Reset 0.032ms
[700.956s][info][gc] GC(341) Pause Initial Mark 48M->48M(50M) 1.224ms
[700.956s][info][gc] GC(341) Concurrent Mark
[700.968s][info][gc] GC(341) Concurrent Mark 12.142ms
[700.968s][info][gc] GC(341) Concurrent Preclean
[700.968s][info][gc] GC(341) Concurrent Preclean 0.161ms
[700.968s][info][gc] GC(341) Concurrent Abortable Preclean
[700.968s][info][gc] GC(341) Concurrent Abortable Preclean 0.020ms
[700.975s][info][gc] GC(341) Pause Remark 48M->48M(50M) 6.509ms
[700.975s][info][gc] GC(341) Concurrent Sweep
[700.978s][info][gc] GC(341) Concurrent Sweep 3.410ms
[700.979s][info][gc] GC(341) Concurrent Reset
[700.979s][info][gc] GC(341) Concurrent Reset 0.033ms
[702.981s][info][gc] GC(342) Pause Initial Mark 48M->48M(50M) 1.060ms
[702.981s][info][gc] GC(342) Concurrent Mark
[702.993s][info][gc] GC(342) Concurrent Mark 12.211ms
[702.993s][info][gc] GC(342) Concurrent Preclean
[702.993s][info][gc] GC(342) Concurrent Preclean 0.156ms
[702.993s][info][gc] GC(342) Concurrent Abortable Preclean
[702.993s][info][gc] GC(342) Concurrent Abortable Preclean 0.019ms
[702.999s][info][gc] GC(342) Pause Remark 48M->48M(50M) 5.433ms
[702.999s][info][gc] GC(342) Concurrent Sweep
[703.002s][info][gc] GC(342) Concurrent Sweep 3.399ms
[703.002s][info][gc] GC(342) Concurrent Reset
[703.003s][info][gc] GC(342) Concurrent Reset 0.033ms
[705.006s][info][gc] GC(343) Pause Initial Mark 48M->48M(50M) 1.111ms
[705.006s][info][gc] GC(343) Concurrent Mark
[705.018s][info][gc] GC(343) Concurrent Mark 11.928ms
[705.018s][info][gc] GC(343) Concurrent Preclean
[705.018s][info][gc] GC(343) Concurrent Preclean 0.145ms
[705.018s][info][gc] GC(343) Concurrent Abortable Preclean
[705.018s][info][gc] GC(343) Concurrent Abortable Preclean 0.017ms
[705.024s][info][gc] GC(343) Pause Remark 48M->48M(50M) 6.241ms
[705.025s][info][gc] GC(343) Concurrent Sweep
[705.028s][info][gc] GC(343) Concurrent Sweep 3.792ms
[705.029s][info][gc] GC(343) Concurrent Reset
[705.029s][info][gc] GC(343) Concurrent Reset 0.033ms
[707.033s][info][gc] GC(344) Pause Initial Mark 48M->48M(50M) 1.877ms
[707.033s][info][gc] GC(344) Concurrent Mark
[707.045s][info][gc] GC(344) Concurrent Mark 11.845ms
[707.045s][info][gc] GC(344) Concurrent Preclean
[707.045s][info][gc] GC(344) Concurrent Preclean 0.147ms
[707.045s][info][gc] GC(344) Concurrent Abortable Preclean
[707.045s][info][gc] GC(344) Concurrent Abortable Preclean 0.019ms
[707.051s][info][gc] GC(344) Pause Remark 48M->48M(50M) 5.564ms
[707.051s][info][gc] GC(344) Concurrent Sweep
[707.054s][info][gc] GC(344) Concurrent Sweep 3.671ms
[707.055s][info][gc] GC(344) Concurrent Reset
[707.055s][info][gc] GC(344) Concurrent Reset 0.034ms
[709.057s][info][gc] GC(345) Pause Initial Mark 48M->48M(50M) 2.801ms
[709.057s][info][gc] GC(345) Concurrent Mark
[709.070s][info][gc] GC(345) Concurrent Mark 13.144ms
[709.070s][info][gc] GC(345) Concurrent Preclean
[709.071s][info][gc] GC(345) Concurrent Preclean 0.247ms
[709.071s][info][gc] GC(345) Concurrent Abortable Preclean
[709.071s][info][gc] GC(345) Concurrent Abortable Preclean 0.047ms
[709.078s][info][gc] GC(345) Pause Remark 48M->48M(50M) 7.464ms
[709.078s][info][gc] GC(345) Concurrent Sweep
[709.082s][info][gc] GC(345) Concurrent Sweep 3.250ms
[709.082s][info][gc] GC(345) Concurrent Reset
[709.082s][info][gc] GC(345) Concurrent Reset 0.032ms
[711.083s][info][gc] GC(346) Pause Initial Mark 48M->48M(50M) 1.079ms
[711.084s][info][gc] GC(346) Concurrent Mark
[711.096s][info][gc] GC(346) Concurrent Mark 12.211ms
[711.096s][info][gc] GC(346) Concurrent Preclean
[711.096s][info][gc] GC(346) Concurrent Preclean 0.164ms
[711.096s][info][gc] GC(346) Concurrent Abortable Preclean
[711.096s][info][gc] GC(346) Concurrent Abortable Preclean 0.020ms
[711.102s][info][gc] GC(346) Pause Remark 48M->48M(50M) 5.438ms
[711.102s][info][gc] GC(346) Concurrent Sweep
[711.105s][info][gc] GC(346) Concurrent Sweep 3.126ms
[711.105s][info][gc] GC(346) Concurrent Reset
[711.105s][info][gc] GC(346) Concurrent Reset 0.029ms
[713.110s][info][gc] GC(347) Pause Initial Mark 48M->48M(50M) 1.049ms
[713.111s][info][gc] GC(347) Concurrent Mark
[713.123s][info][gc] GC(347) Concurrent Mark 12.204ms
[713.123s][info][gc] GC(347) Concurrent Preclean
[713.123s][info][gc] GC(347) Concurrent Preclean 0.146ms
[713.123s][info][gc] GC(347) Concurrent Abortable Preclean
[713.123s][info][gc] GC(347) Concurrent Abortable Preclean 0.017ms
[713.129s][info][gc] GC(347) Pause Remark 48M->48M(50M) 5.401ms
[713.129s][info][gc] GC(347) Concurrent Sweep
[713.132s][info][gc] GC(347) Concurrent Sweep 3.320ms
[713.132s][info][gc] GC(347) Concurrent Reset
[713.132s][info][gc] GC(347) Concurrent Reset 0.031ms
[715.133s][info][gc] GC(348) Pause Initial Mark 48M->48M(50M) 1.047ms
[715.134s][info][gc] GC(348) Concurrent Mark
[715.146s][info][gc] GC(348) Concurrent Mark 12.020ms
[715.146s][info][gc] GC(348) Concurrent Preclean
[715.146s][info][gc] GC(348) Concurrent Preclean 0.156ms
[715.146s][info][gc] GC(348) Concurrent Abortable Preclean
[715.146s][info][gc] GC(348) Concurrent Abortable Preclean 0.018ms
[715.151s][info][gc] GC(348) Pause Remark 48M->48M(50M) 5.395ms
[715.152s][info][gc] GC(348) Concurrent Sweep
[715.155s][info][gc] GC(348) Concurrent Sweep 3.277ms
[715.155s][info][gc] GC(348) Concurrent Reset
[715.155s][info][gc] GC(348) Concurrent Reset 0.030ms
[717.161s][info][gc] GC(349) Pause Initial Mark 48M->48M(50M) 1.114ms
[717.161s][info][gc] GC(349) Concurrent Mark
[717.173s][info][gc] GC(349) Concurrent Mark 12.449ms
[717.173s][info][gc] GC(349) Concurrent Preclean
[717.173s][info][gc] GC(349) Concurrent Preclean 0.144ms
[717.173s][info][gc] GC(349) Concurrent Abortable Preclean
[717.173s][info][gc] GC(349) Concurrent Abortable Preclean 0.016ms
[717.179s][info][gc] GC(349) Pause Remark 48M->48M(50M) 5.254ms
[717.179s][info][gc] GC(349) Concurrent Sweep
[717.182s][info][gc] GC(349) Concurrent Sweep 3.310ms
[717.182s][info][gc] GC(349) Concurrent Reset
[717.182s][info][gc] GC(349) Concurrent Reset 0.031ms
[719.186s][info][gc] GC(350) Pause Initial Mark 48M->48M(50M) 1.115ms
[719.186s][info][gc] GC(350) Concurrent Mark
[719.199s][info][gc] GC(350) Concurrent Mark 12.633ms
[719.199s][info][gc] GC(350) Concurrent Preclean
[719.199s][info][gc] GC(350) Concurrent Preclean 0.158ms
[719.199s][info][gc] GC(350) Concurrent Abortable Preclean
[719.199s][info][gc] GC(350) Concurrent Abortable Preclean 0.019ms
[719.206s][info][gc] GC(350) Pause Remark 48M->48M(50M) 6.391ms
[719.206s][info][gc] GC(350) Concurrent Sweep
[719.209s][info][gc] GC(350) Concurrent Sweep 3.263ms
[719.209s][info][gc] GC(350) Concurrent Reset
[719.209s][info][gc] GC(350) Concurrent Reset 0.036ms
[721.211s][info][gc] GC(351) Pause Initial Mark 48M->48M(50M) 0.865ms
[721.212s][info][gc] GC(351) Concurrent Mark
[721.225s][info][gc] GC(351) Concurrent Mark 13.628ms
[721.225s][info][gc] GC(351) Concurrent Preclean
[721.225s][info][gc] GC(351) Concurrent Preclean 0.154ms
[721.225s][info][gc] GC(351) Concurrent Abortable Preclean
[721.225s][info][gc] GC(351) Concurrent Abortable Preclean 0.019ms
[721.232s][info][gc] GC(351) Pause Remark 48M->48M(50M) 6.209ms
[721.232s][info][gc] GC(351) Concurrent Sweep
[721.235s][info][gc] GC(351) Concurrent Sweep 3.051ms
[721.235s][info][gc] GC(351) Concurrent Reset
[721.235s][info][gc] GC(351) Concurrent Reset 0.031ms
[723.241s][info][gc] GC(352) Pause Initial Mark 48M->48M(50M) 1.082ms
[723.241s][info][gc] GC(352) Concurrent Mark
[723.253s][info][gc] GC(352) Concurrent Mark 12.004ms
[723.253s][info][gc] GC(352) Concurrent Preclean
[723.253s][info][gc] GC(352) Concurrent Preclean 0.152ms
[723.253s][info][gc] GC(352) Concurrent Abortable Preclean
[723.253s][info][gc] GC(352) Concurrent Abortable Preclean 0.019ms
[723.259s][info][gc] GC(352) Pause Remark 48M->48M(50M) 5.218ms
[723.259s][info][gc] GC(352) Concurrent Sweep
[723.262s][info][gc] GC(352) Concurrent Sweep 3.260ms
[723.262s][info][gc] GC(352) Concurrent Reset
[723.262s][info][gc] GC(352) Concurrent Reset 0.033ms
[725.265s][info][gc] GC(353) Pause Initial Mark 48M->48M(50M) 1.128ms
[725.265s][info][gc] GC(353) Concurrent Mark
[725.277s][info][gc] GC(353) Concurrent Mark 11.969ms
[725.277s][info][gc] GC(353) Concurrent Preclean
[725.277s][info][gc] GC(353) Concurrent Preclean 0.158ms
[725.277s][info][gc] GC(353) Concurrent Abortable Preclean
[725.277s][info][gc] GC(353) Concurrent Abortable Preclean 0.020ms
[725.283s][info][gc] GC(353) Pause Remark 48M->48M(50M) 5.531ms
[725.283s][info][gc] GC(353) Concurrent Sweep
[725.286s][info][gc] GC(353) Concurrent Sweep 3.031ms
[725.286s][info][gc] GC(353) Concurrent Reset
[725.286s][info][gc] GC(353) Concurrent Reset 0.030ms
[727.288s][info][gc] GC(354) Pause Initial Mark 48M->48M(50M) 1.059ms
[727.288s][info][gc] GC(354) Concurrent Mark
[727.300s][info][gc] GC(354) Concurrent Mark 12.199ms
[727.300s][info][gc] GC(354) Concurrent Preclean
[727.300s][info][gc] GC(354) Concurrent Preclean 0.148ms
[727.300s][info][gc] GC(354) Concurrent Abortable Preclean
[727.300s][info][gc] GC(354) Concurrent Abortable Preclean 0.019ms
[727.306s][info][gc] GC(354) Pause Remark 48M->48M(50M) 5.263ms
[727.306s][info][gc] GC(354) Concurrent Sweep
[727.309s][info][gc] GC(354) Concurrent Sweep 3.247ms
[727.309s][info][gc] GC(354) Concurrent Reset
[727.309s][info][gc] GC(354) Concurrent Reset 0.031ms
[729.313s][info][gc] GC(355) Pause Initial Mark 48M->48M(50M) 0.666ms
[729.313s][info][gc] GC(355) Concurrent Mark
[729.328s][info][gc] GC(355) Concurrent Mark 14.439ms
[729.328s][info][gc] GC(355) Concurrent Preclean
[729.328s][info][gc] GC(355) Concurrent Preclean 0.558ms
[729.328s][info][gc] GC(355) Concurrent Abortable Preclean
[729.329s][info][gc] GC(355) Concurrent Abortable Preclean 0.030ms
[729.334s][info][gc] GC(355) Pause Remark 48M->48M(50M) 5.528ms
[729.334s][info][gc] GC(355) Concurrent Sweep
[729.338s][info][gc] GC(355) Concurrent Sweep 3.466ms
[729.338s][info][gc] GC(355) Concurrent Reset
[729.339s][info][gc] GC(355) Concurrent Reset 0.093ms
[731.343s][info][gc] GC(356) Pause Initial Mark 48M->48M(50M) 0.837ms
[731.343s][info][gc] GC(356) Concurrent Mark
[731.355s][info][gc] GC(356) Concurrent Mark 12.227ms
[731.356s][info][gc] GC(356) Concurrent Preclean
[731.356s][info][gc] GC(356) Concurrent Preclean 0.147ms
[731.356s][info][gc] GC(356) Concurrent Abortable Preclean
[731.356s][info][gc] GC(356) Concurrent Abortable Preclean 0.019ms
[731.361s][info][gc] GC(356) Pause Remark 48M->48M(50M) 5.409ms
[731.361s][info][gc] GC(356) Concurrent Sweep
[731.365s][info][gc] GC(356) Concurrent Sweep 3.782ms
[731.365s][info][gc] GC(356) Concurrent Reset
[731.365s][info][gc] GC(356) Concurrent Reset 0.034ms
[733.369s][info][gc] GC(357) Pause Initial Mark 48M->48M(50M) 1.049ms
[733.369s][info][gc] GC(357) Concurrent Mark
[733.382s][info][gc] GC(357) Concurrent Mark 12.266ms
[733.382s][info][gc] GC(357) Concurrent Preclean
[733.382s][info][gc] GC(357) Concurrent Preclean 0.170ms
[733.382s][info][gc] GC(357) Concurrent Abortable Preclean
[733.382s][info][gc] GC(357) Concurrent Abortable Preclean 0.019ms
[733.387s][info][gc] GC(357) Pause Remark 48M->48M(50M) 5.277ms
[733.387s][info][gc] GC(357) Concurrent Sweep
[733.391s][info][gc] GC(357) Concurrent Sweep 3.247ms
[733.391s][info][gc] GC(357) Concurrent Reset
[733.391s][info][gc] GC(357) Concurrent Reset 0.032ms
[735.393s][info][gc] GC(358) Pause Initial Mark 48M->48M(50M) 1.144ms
[735.393s][info][gc] GC(358) Concurrent Mark
[735.405s][info][gc] GC(358) Concurrent Mark 11.928ms
[735.405s][info][gc] GC(358) Concurrent Preclean
[735.405s][info][gc] GC(358) Concurrent Preclean 0.139ms
[735.405s][info][gc] GC(358) Concurrent Abortable Preclean
[735.405s][info][gc] GC(358) Concurrent Abortable Preclean 0.022ms
[735.411s][info][gc] GC(358) Pause Remark 48M->48M(50M) 5.495ms
[735.411s][info][gc] GC(358) Concurrent Sweep
[735.417s][info][gc] GC(358) Concurrent Sweep 5.841ms
[735.417s][info][gc] GC(358) Concurrent Reset
[735.417s][info][gc] GC(358) Concurrent Reset 0.034ms
[737.419s][info][gc] GC(359) Pause Initial Mark 48M->48M(50M) 1.018ms
[737.419s][info][gc] GC(359) Concurrent Mark
[737.432s][info][gc] GC(359) Concurrent Mark 13.564ms
[737.433s][info][gc] GC(359) Concurrent Preclean
[737.433s][info][gc] GC(359) Concurrent Preclean 0.205ms
[737.433s][info][gc] GC(359) Concurrent Abortable Preclean
[737.433s][info][gc] GC(359) Concurrent Abortable Preclean 0.019ms
[737.441s][info][gc] GC(359) Pause Remark 48M->48M(50M) 8.418ms
[737.441s][info][gc] GC(359) Concurrent Sweep
[737.445s][info][gc] GC(359) Concurrent Sweep 3.355ms
[737.445s][info][gc] GC(359) Concurrent Reset
[737.445s][info][gc] GC(359) Concurrent Reset 0.032ms
[739.445s][info][gc] GC(360) Pause Initial Mark 48M->48M(50M) 1.019ms
[739.445s][info][gc] GC(360) Concurrent Mark
[739.458s][info][gc] GC(360) Concurrent Mark 12.198ms
[739.458s][info][gc] GC(360) Concurrent Preclean
[739.458s][info][gc] GC(360) Concurrent Preclean 0.145ms
[739.458s][info][gc] GC(360) Concurrent Abortable Preclean
[739.458s][info][gc] GC(360) Concurrent Abortable Preclean 0.018ms
[739.463s][info][gc] GC(360) Pause Remark 48M->48M(50M) 5.441ms
[739.463s][info][gc] GC(360) Concurrent Sweep
[739.467s][info][gc] GC(360) Concurrent Sweep 3.096ms
[739.467s][info][gc] GC(360) Concurrent Reset
[739.467s][info][gc] GC(360) Concurrent Reset 0.030ms
[741.470s][info][gc] GC(361) Pause Initial Mark 48M->48M(50M) 1.080ms
[741.471s][info][gc] GC(361) Concurrent Mark
[741.483s][info][gc] GC(361) Concurrent Mark 12.893ms
[741.484s][info][gc] GC(361) Concurrent Preclean
[741.484s][info][gc] GC(361) Concurrent Preclean 0.135ms
[741.484s][info][gc] GC(361) Concurrent Abortable Preclean
[741.484s][info][gc] GC(361) Concurrent Abortable Preclean 0.018ms
[741.489s][info][gc] GC(361) Pause Remark 48M->48M(50M) 5.372ms
[741.489s][info][gc] GC(361) Concurrent Sweep
[741.492s][info][gc] GC(361) Concurrent Sweep 3.015ms
[741.492s][info][gc] GC(361) Concurrent Reset
[741.492s][info][gc] GC(361) Concurrent Reset 0.030ms
[743.496s][info][gc] GC(362) Pause Initial Mark 48M->48M(50M) 1.117ms
[743.496s][info][gc] GC(362) Concurrent Mark
[743.509s][info][gc] GC(362) Concurrent Mark 12.807ms
[743.509s][info][gc] GC(362) Concurrent Preclean
[743.509s][info][gc] GC(362) Concurrent Preclean 0.147ms
[743.509s][info][gc] GC(362) Concurrent Abortable Preclean
[743.509s][info][gc] GC(362) Concurrent Abortable Preclean 0.019ms
[743.514s][info][gc] GC(362) Pause Remark 48M->48M(50M) 5.211ms
[743.514s][info][gc] GC(362) Concurrent Sweep
[743.518s][info][gc] GC(362) Concurrent Sweep 3.515ms
[743.518s][info][gc] GC(362) Concurrent Reset
[743.518s][info][gc] GC(362) Concurrent Reset 0.034ms
[745.523s][info][gc] GC(363) Pause Initial Mark 48M->48M(50M) 1.109ms
[745.523s][info][gc] GC(363) Concurrent Mark
[745.537s][info][gc] GC(363) Concurrent Mark 13.277ms
[745.537s][info][gc] GC(363) Concurrent Preclean
[745.537s][info][gc] GC(363) Concurrent Preclean 0.152ms
[745.537s][info][gc] GC(363) Concurrent Abortable Preclean
[745.537s][info][gc] GC(363) Concurrent Abortable Preclean 0.019ms
[745.543s][info][gc] GC(363) Pause Remark 48M->48M(50M) 5.443ms
[745.543s][info][gc] GC(363) Concurrent Sweep
[745.546s][info][gc] GC(363) Concurrent Sweep 3.238ms
[745.546s][info][gc] GC(363) Concurrent Reset
[745.546s][info][gc] GC(363) Concurrent Reset 0.032ms
[747.549s][info][gc] GC(364) Pause Initial Mark 48M->48M(50M) 1.278ms
[747.550s][info][gc] GC(364) Concurrent Mark
[747.562s][info][gc] GC(364) Concurrent Mark 12.048ms
[747.562s][info][gc] GC(364) Concurrent Preclean
[747.562s][info][gc] GC(364) Concurrent Preclean 0.154ms
[747.562s][info][gc] GC(364) Concurrent Abortable Preclean
[747.562s][info][gc] GC(364) Concurrent Abortable Preclean 0.018ms
[747.568s][info][gc] GC(364) Pause Remark 48M->48M(50M) 5.546ms
[747.568s][info][gc] GC(364) Concurrent Sweep
[747.571s][info][gc] GC(364) Concurrent Sweep 3.247ms
[747.571s][info][gc] GC(364) Concurrent Reset
[747.571s][info][gc] GC(364) Concurrent Reset 0.033ms
[749.576s][info][gc] GC(365) Pause Initial Mark 48M->48M(50M) 0.999ms
[749.576s][info][gc] GC(365) Concurrent Mark
[749.589s][info][gc] GC(365) Concurrent Mark 12.694ms
[749.589s][info][gc] GC(365) Concurrent Preclean
[749.589s][info][gc] GC(365) Concurrent Preclean 0.141ms
[749.589s][info][gc] GC(365) Concurrent Abortable Preclean
[749.589s][info][gc] GC(365) Concurrent Abortable Preclean 0.019ms
[749.594s][info][gc] GC(365) Pause Remark 48M->48M(50M) 5.301ms
[749.595s][info][gc] GC(365) Concurrent Sweep
[749.598s][info][gc] GC(365) Concurrent Sweep 3.281ms
[749.598s][info][gc] GC(365) Concurrent Reset
[749.598s][info][gc] GC(365) Concurrent Reset 0.033ms
[751.600s][info][gc] GC(366) Pause Initial Mark 48M->48M(50M) 1.403ms
[751.601s][info][gc] GC(366) Concurrent Mark
[751.614s][info][gc] GC(366) Concurrent Mark 13.598ms
[751.614s][info][gc] GC(366) Concurrent Preclean
[751.615s][info][gc] GC(366) Concurrent Preclean 0.152ms
[751.615s][info][gc] GC(366) Concurrent Abortable Preclean
[751.615s][info][gc] GC(366) Concurrent Abortable Preclean 0.019ms
[751.620s][info][gc] GC(366) Pause Remark 48M->48M(50M) 5.221ms
[751.620s][info][gc] GC(366) Concurrent Sweep
[751.624s][info][gc] GC(366) Concurrent Sweep 3.821ms
[751.624s][info][gc] GC(366) Concurrent Reset
[751.624s][info][gc] GC(366) Concurrent Reset 0.034ms
[753.628s][info][gc] GC(367) Pause Initial Mark 48M->48M(50M) 0.868ms
[753.629s][info][gc] GC(367) Concurrent Mark
[753.641s][info][gc] GC(367) Concurrent Mark 12.140ms
[753.641s][info][gc] GC(367) Concurrent Preclean
[753.641s][info][gc] GC(367) Concurrent Preclean 0.150ms
[753.641s][info][gc] GC(367) Concurrent Abortable Preclean
[753.641s][info][gc] GC(367) Concurrent Abortable Preclean 0.018ms
[753.646s][info][gc] GC(367) Pause Remark 48M->48M(50M) 5.338ms
[753.646s][info][gc] GC(367) Concurrent Sweep
[753.650s][info][gc] GC(367) Concurrent Sweep 3.934ms
[753.651s][info][gc] GC(367) Concurrent Reset
[753.651s][info][gc] GC(367) Concurrent Reset 0.034ms
[755.654s][info][gc] GC(368) Pause Initial Mark 48M->48M(50M) 1.096ms
[755.654s][info][gc] GC(368) Concurrent Mark
[755.669s][info][gc] GC(368) Concurrent Mark 14.753ms
[755.669s][info][gc] GC(368) Concurrent Preclean
[755.669s][info][gc] GC(368) Concurrent Preclean 0.137ms
[755.669s][info][gc] GC(368) Concurrent Abortable Preclean
[755.669s][info][gc] GC(368) Concurrent Abortable Preclean 0.017ms
[755.676s][info][gc] GC(368) Pause Remark 48M->48M(50M) 6.307ms
[755.676s][info][gc] GC(368) Concurrent Sweep
[755.679s][info][gc] GC(368) Concurrent Sweep 3.044ms
[755.679s][info][gc] GC(368) Concurrent Reset
[755.679s][info][gc] GC(368) Concurrent Reset 0.030ms
[757.679s][info][gc] GC(369) Pause Initial Mark 48M->48M(50M) 0.969ms
[757.679s][info][gc] GC(369) Concurrent Mark
[757.691s][info][gc] GC(369) Concurrent Mark 11.726ms
[757.691s][info][gc] GC(369) Concurrent Preclean
[757.691s][info][gc] GC(369) Concurrent Preclean 0.155ms
[757.691s][info][gc] GC(369) Concurrent Abortable Preclean
[757.691s][info][gc] GC(369) Concurrent Abortable Preclean 0.019ms
[757.697s][info][gc] GC(369) Pause Remark 48M->48M(50M) 5.371ms
[757.697s][info][gc] GC(369) Concurrent Sweep
[757.700s][info][gc] GC(369) Concurrent Sweep 3.361ms
[757.700s][info][gc] GC(369) Concurrent Reset
[757.700s][info][gc] GC(369) Concurrent Reset 0.033ms
[759.708s][info][gc] GC(370) Pause Initial Mark 48M->48M(50M) 2.758ms
[759.708s][info][gc] GC(370) Concurrent Mark
[759.737s][info][gc] GC(370) Concurrent Mark 29.146ms
[759.737s][info][gc] GC(370) Concurrent Preclean
[759.738s][info][gc] GC(370) Concurrent Preclean 0.240ms
[759.738s][info][gc] GC(370) Concurrent Abortable Preclean
[759.738s][info][gc] GC(370) Concurrent Abortable Preclean 0.027ms
[759.750s][info][gc] GC(370) Pause Remark 48M->48M(50M) 11.724ms
[759.750s][info][gc] GC(370) Concurrent Sweep
[759.755s][info][gc] GC(370) Concurrent Sweep 5.249ms
[759.755s][info][gc] GC(370) Concurrent Reset
[759.755s][info][gc] GC(370) Concurrent Reset 0.034ms
[761.755s][info][gc] GC(371) Pause Initial Mark 48M->48M(50M) 0.609ms
[761.755s][info][gc] GC(371) Concurrent Mark
[761.766s][info][gc] GC(371) Concurrent Mark 11.002ms
[761.766s][info][gc] GC(371) Concurrent Preclean
[761.767s][info][gc] GC(371) Concurrent Preclean 0.127ms
[761.767s][info][gc] GC(371) Concurrent Abortable Preclean
[761.767s][info][gc] GC(371) Concurrent Abortable Preclean 0.016ms
[761.773s][info][gc] GC(371) Pause Remark 48M->48M(50M) 6.677ms
[761.773s][info][gc] GC(371) Concurrent Sweep
[761.777s][info][gc] GC(371) Concurrent Sweep 3.220ms
[761.777s][info][gc] GC(371) Concurrent Reset
[761.777s][info][gc] GC(371) Concurrent Reset 0.040ms
[763.781s][info][gc] GC(372) Pause Initial Mark 48M->48M(50M) 1.152ms
[763.781s][info][gc] GC(372) Concurrent Mark
[763.798s][info][gc] GC(372) Concurrent Mark 17.669ms
[763.799s][info][gc] GC(372) Concurrent Preclean
[763.799s][info][gc] GC(372) Concurrent Preclean 0.158ms
[763.799s][info][gc] GC(372) Concurrent Abortable Preclean
[763.799s][info][gc] GC(372) Concurrent Abortable Preclean 0.017ms
[763.811s][info][gc] GC(372) Pause Remark 48M->48M(50M) 11.013ms
[763.811s][info][gc] GC(372) Concurrent Sweep
[763.814s][info][gc] GC(372) Concurrent Sweep 3.129ms
[763.815s][info][gc] GC(372) Concurrent Reset
[763.815s][info][gc] GC(372) Concurrent Reset 0.031ms
[765.820s][info][gc] GC(373) Pause Initial Mark 48M->48M(50M) 1.050ms
[765.820s][info][gc] GC(373) Concurrent Mark
[765.832s][info][gc] GC(373) Concurrent Mark 12.022ms
[765.832s][info][gc] GC(373) Concurrent Preclean
[765.832s][info][gc] GC(373) Concurrent Preclean 0.144ms
[765.832s][info][gc] GC(373) Concurrent Abortable Preclean
[765.832s][info][gc] GC(373) Concurrent Abortable Preclean 0.019ms
[765.838s][info][gc] GC(373) Pause Remark 48M->48M(50M) 5.206ms
[765.838s][info][gc] GC(373) Concurrent Sweep
[765.841s][info][gc] GC(373) Concurrent Sweep 3.134ms
[765.841s][info][gc] GC(373) Concurrent Reset
[765.841s][info][gc] GC(373) Concurrent Reset 0.030ms
[767.843s][info][gc] GC(374) Pause Initial Mark 48M->48M(50M) 1.060ms
[767.843s][info][gc] GC(374) Concurrent Mark
[767.856s][info][gc] GC(374) Concurrent Mark 12.840ms
[767.856s][info][gc] GC(374) Concurrent Preclean
[767.856s][info][gc] GC(374) Concurrent Preclean 0.227ms
[767.856s][info][gc] GC(374) Concurrent Abortable Preclean
[767.857s][info][gc] GC(374) Concurrent Abortable Preclean 0.030ms
[767.863s][info][gc] GC(374) Pause Remark 48M->48M(50M) 5.463ms
[767.863s][info][gc] GC(374) Concurrent Sweep
[767.866s][info][gc] GC(374) Concurrent Sweep 3.268ms
[767.866s][info][gc] GC(374) Concurrent Reset
[767.866s][info][gc] GC(374) Concurrent Reset 0.033ms
[769.872s][info][gc] GC(375) Pause Initial Mark 48M->48M(50M) 0.947ms
[769.872s][info][gc] GC(375) Concurrent Mark
[769.894s][info][gc] GC(375) Concurrent Mark 21.397ms
[769.894s][info][gc] GC(375) Concurrent Preclean
[769.894s][info][gc] GC(375) Concurrent Preclean 0.155ms
[769.894s][info][gc] GC(375) Concurrent Abortable Preclean
[769.894s][info][gc] GC(375) Concurrent Abortable Preclean 0.017ms
[769.909s][info][gc] GC(375) Pause Remark 48M->48M(50M) 15.028ms
[769.909s][info][gc] GC(375) Concurrent Sweep
[769.913s][info][gc] GC(375) Concurrent Sweep 3.916ms
[769.913s][info][gc] GC(375) Concurrent Reset
[769.913s][info][gc] GC(375) Concurrent Reset 0.036ms
[771.916s][info][gc] GC(376) Pause Initial Mark 48M->48M(50M) 1.166ms
[771.916s][info][gc] GC(376) Concurrent Mark
[771.928s][info][gc] GC(376) Concurrent Mark 12.549ms
[771.928s][info][gc] GC(376) Concurrent Preclean
[771.929s][info][gc] GC(376) Concurrent Preclean 0.145ms
[771.929s][info][gc] GC(376) Concurrent Abortable Preclean
[771.929s][info][gc] GC(376) Concurrent Abortable Preclean 0.019ms
[771.934s][info][gc] GC(376) Pause Remark 48M->48M(50M) 5.277ms
[771.934s][info][gc] GC(376) Concurrent Sweep
[771.937s][info][gc] GC(376) Concurrent Sweep 3.257ms
[771.937s][info][gc] GC(376) Concurrent Reset
[771.937s][info][gc] GC(376) Concurrent Reset 0.031ms
[773.943s][info][gc] GC(377) Pause Initial Mark 48M->48M(50M) 1.134ms
[773.943s][info][gc] GC(377) Concurrent Mark
[773.955s][info][gc] GC(377) Concurrent Mark 12.214ms
[773.955s][info][gc] GC(377) Concurrent Preclean
[773.955s][info][gc] GC(377) Concurrent Preclean 0.147ms
[773.955s][info][gc] GC(377) Concurrent Abortable Preclean
[773.955s][info][gc] GC(377) Concurrent Abortable Preclean 0.018ms
[773.961s][info][gc] GC(377) Pause Remark 48M->48M(50M) 5.444ms
[773.961s][info][gc] GC(377) Concurrent Sweep
[773.964s][info][gc] GC(377) Concurrent Sweep 3.260ms
[773.964s][info][gc] GC(377) Concurrent Reset
[773.964s][info][gc] GC(377) Concurrent Reset 0.033ms
[775.966s][info][gc] GC(378) Pause Initial Mark 48M->48M(50M) 1.092ms
[775.966s][info][gc] GC(378) Concurrent Mark
[775.978s][info][gc] GC(378) Concurrent Mark 11.957ms
[775.978s][info][gc] GC(378) Concurrent Preclean
[775.978s][info][gc] GC(378) Concurrent Preclean 0.145ms
[775.978s][info][gc] GC(378) Concurrent Abortable Preclean
[775.979s][info][gc] GC(378) Concurrent Abortable Preclean 0.019ms
[775.984s][info][gc] GC(378) Pause Remark 48M->48M(50M) 5.243ms
[775.984s][info][gc] GC(378) Concurrent Sweep
[775.987s][info][gc] GC(378) Concurrent Sweep 3.248ms
[775.987s][info][gc] GC(378) Concurrent Reset
[775.987s][info][gc] GC(378) Concurrent Reset 0.032ms
[777.994s][info][gc] GC(379) Pause Initial Mark 48M->48M(50M) 1.166ms
[777.994s][info][gc] GC(379) Concurrent Mark
[778.006s][info][gc] GC(379) Concurrent Mark 12.231ms
[778.006s][info][gc] GC(379) Concurrent Preclean
[778.007s][info][gc] GC(379) Concurrent Preclean 0.171ms
[778.007s][info][gc] GC(379) Concurrent Abortable Preclean
[778.007s][info][gc] GC(379) Concurrent Abortable Preclean 0.020ms
[778.012s][info][gc] GC(379) Pause Remark 48M->48M(50M) 5.312ms
[778.012s][info][gc] GC(379) Concurrent Sweep
[778.015s][info][gc] GC(379) Concurrent Sweep 3.276ms
[778.015s][info][gc] GC(379) Concurrent Reset
[778.015s][info][gc] GC(379) Concurrent Reset 0.033ms
[780.019s][info][gc] GC(380) Pause Initial Mark 48M->48M(50M) 1.112ms
[780.019s][info][gc] GC(380) Concurrent Mark
[780.031s][info][gc] GC(380) Concurrent Mark 12.201ms
[780.031s][info][gc] GC(380) Concurrent Preclean
[780.031s][info][gc] GC(380) Concurrent Preclean 0.163ms
[780.031s][info][gc] GC(380) Concurrent Abortable Preclean
[780.031s][info][gc] GC(380) Concurrent Abortable Preclean 0.021ms
[780.037s][info][gc] GC(380) Pause Remark 48M->48M(50M) 5.372ms
[780.037s][info][gc] GC(380) Concurrent Sweep
[780.040s][info][gc] GC(380) Concurrent Sweep 3.230ms
[780.040s][info][gc] GC(380) Concurrent Reset
[780.040s][info][gc] GC(380) Concurrent Reset 0.032ms
[782.051s][info][gc] GC(381) Pause Initial Mark 48M->48M(50M) 4.274ms
[782.051s][info][gc] GC(381) Concurrent Mark
[782.080s][info][gc] GC(381) Concurrent Mark 28.572ms
[782.080s][info][gc] GC(381) Concurrent Preclean
[782.080s][info][gc] GC(381) Concurrent Preclean 0.200ms
[782.080s][info][gc] GC(381) Concurrent Abortable Preclean
[782.080s][info][gc] GC(381) Concurrent Abortable Preclean 0.029ms
[782.096s][info][gc] GC(381) Pause Remark 48M->48M(50M) 15.887ms
[782.096s][info][gc] GC(381) Concurrent Sweep
[782.100s][info][gc] GC(381) Concurrent Sweep 3.414ms
[782.100s][info][gc] GC(381) Concurrent Reset
[782.100s][info][gc] GC(381) Concurrent Reset 0.034ms
[784.105s][info][gc] GC(382) Pause Initial Mark 48M->48M(50M) 1.054ms
[784.105s][info][gc] GC(382) Concurrent Mark
[784.117s][info][gc] GC(382) Concurrent Mark 12.023ms
[784.117s][info][gc] GC(382) Concurrent Preclean
[784.117s][info][gc] GC(382) Concurrent Preclean 0.162ms
[784.117s][info][gc] GC(382) Concurrent Abortable Preclean
[784.117s][info][gc] GC(382) Concurrent Abortable Preclean 0.020ms
[784.123s][info][gc] GC(382) Pause Remark 48M->48M(50M) 5.465ms
[784.123s][info][gc] GC(382) Concurrent Sweep
[784.126s][info][gc] GC(382) Concurrent Sweep 3.200ms
[784.126s][info][gc] GC(382) Concurrent Reset
[784.126s][info][gc] GC(382) Concurrent Reset 0.030ms
[786.131s][info][gc] GC(383) Pause Initial Mark 48M->48M(50M) 1.111ms
[786.131s][info][gc] GC(383) Concurrent Mark
[786.149s][info][gc] GC(383) Concurrent Mark 18.270ms
[786.149s][info][gc] GC(383) Concurrent Preclean
[786.149s][info][gc] GC(383) Concurrent Preclean 0.152ms
[786.149s][info][gc] GC(383) Concurrent Abortable Preclean
[786.149s][info][gc] GC(383) Concurrent Abortable Preclean 0.018ms
[786.155s][info][gc] GC(383) Pause Remark 48M->48M(50M) 5.155ms
[786.155s][info][gc] GC(383) Concurrent Sweep
[786.158s][info][gc] GC(383) Concurrent Sweep 3.298ms
[786.158s][info][gc] GC(383) Concurrent Reset
[786.158s][info][gc] GC(383) Concurrent Reset 0.034ms
[788.160s][info][gc] GC(384) Pause Initial Mark 48M->48M(50M) 1.041ms
[788.161s][info][gc] GC(384) Concurrent Mark
[788.173s][info][gc] GC(384) Concurrent Mark 12.091ms
[788.173s][info][gc] GC(384) Concurrent Preclean
[788.173s][info][gc] GC(384) Concurrent Preclean 0.174ms
[788.173s][info][gc] GC(384) Concurrent Abortable Preclean
[788.173s][info][gc] GC(384) Concurrent Abortable Preclean 0.021ms
[788.178s][info][gc] GC(384) Pause Remark 48M->48M(50M) 5.255ms
[788.178s][info][gc] GC(384) Concurrent Sweep
[788.182s][info][gc] GC(384) Concurrent Sweep 3.248ms
[788.182s][info][gc] GC(384) Concurrent Reset
[788.182s][info][gc] GC(384) Concurrent Reset 0.033ms
[790.186s][info][gc] GC(385) Pause Initial Mark 48M->48M(50M) 0.733ms
[790.186s][info][gc] GC(385) Concurrent Mark
[790.211s][info][gc] GC(385) Concurrent Mark 24.816ms
[790.211s][info][gc] GC(385) Concurrent Preclean
[790.211s][info][gc] GC(385) Concurrent Preclean 0.211ms
[790.211s][info][gc] GC(385) Concurrent Abortable Preclean
[790.211s][info][gc] GC(385) Concurrent Abortable Preclean 0.026ms
[790.239s][info][gc] GC(385) Pause Remark 48M->48M(50M) 26.504ms
[790.239s][info][gc] GC(385) Concurrent Sweep
[790.245s][info][gc] GC(385) Concurrent Sweep 6.088ms
[790.245s][info][gc] GC(385) Concurrent Reset
[790.245s][info][gc] GC(385) Concurrent Reset 0.107ms
[792.251s][info][gc] GC(386) Pause Initial Mark 48M->48M(50M) 2.896ms
[792.251s][info][gc] GC(386) Concurrent Mark
[792.265s][info][gc] GC(386) Concurrent Mark 13.401ms
[792.265s][info][gc] GC(386) Concurrent Preclean
[792.265s][info][gc] GC(386) Concurrent Preclean 0.149ms
[792.265s][info][gc] GC(386) Concurrent Abortable Preclean
[792.265s][info][gc] GC(386) Concurrent Abortable Preclean 0.019ms
[792.271s][info][gc] GC(386) Pause Remark 48M->48M(50M) 5.955ms
[792.271s][info][gc] GC(386) Concurrent Sweep
[792.274s][info][gc] GC(386) Concurrent Sweep 3.242ms
[792.274s][info][gc] GC(386) Concurrent Reset
[792.274s][info][gc] GC(386) Concurrent Reset 0.032ms
[794.276s][info][gc] GC(387) Pause Initial Mark 48M->48M(50M) 0.644ms
[794.276s][info][gc] GC(387) Concurrent Mark
[794.294s][info][gc] GC(387) Concurrent Mark 18.589ms
[794.294s][info][gc] GC(387) Concurrent Preclean
[794.295s][info][gc] GC(387) Concurrent Preclean 0.230ms
[794.295s][info][gc] GC(387) Concurrent Abortable Preclean
[794.295s][info][gc] GC(387) Concurrent Abortable Preclean 0.023ms
[794.315s][info][gc] GC(387) Pause Remark 48M->48M(50M) 20.213ms
[794.316s][info][gc] GC(387) Concurrent Sweep
[794.320s][info][gc] GC(387) Concurrent Sweep 4.450ms
[794.320s][info][gc] GC(387) Concurrent Reset
[794.320s][info][gc] GC(387) Concurrent Reset 0.092ms
[796.322s][info][gc] GC(388) Pause Initial Mark 48M->48M(50M) 1.118ms
[796.322s][info][gc] GC(388) Concurrent Mark
[796.336s][info][gc] GC(388) Concurrent Mark 13.393ms
[796.336s][info][gc] GC(388) Concurrent Preclean
[796.336s][info][gc] GC(388) Concurrent Preclean 0.145ms
[796.336s][info][gc] GC(388) Concurrent Abortable Preclean
[796.336s][info][gc] GC(388) Concurrent Abortable Preclean 0.016ms
[796.341s][info][gc] GC(388) Pause Remark 48M->48M(50M) 5.348ms
[796.341s][info][gc] GC(388) Concurrent Sweep
[796.345s][info][gc] GC(388) Concurrent Sweep 3.321ms
[796.345s][info][gc] GC(388) Concurrent Reset
[796.345s][info][gc] GC(388) Concurrent Reset 0.031ms
[798.347s][info][gc] GC(389) Pause Initial Mark 48M->48M(50M) 1.099ms
[798.347s][info][gc] GC(389) Concurrent Mark
[798.359s][info][gc] GC(389) Concurrent Mark 12.006ms
[798.359s][info][gc] GC(389) Concurrent Preclean
[798.359s][info][gc] GC(389) Concurrent Preclean 0.168ms
[798.359s][info][gc] GC(389) Concurrent Abortable Preclean
[798.359s][info][gc] GC(389) Concurrent Abortable Preclean 0.017ms
[798.365s][info][gc] GC(389) Pause Remark 48M->48M(50M) 5.504ms
[798.365s][info][gc] GC(389) Concurrent Sweep
[798.368s][info][gc] GC(389) Concurrent Sweep 3.240ms
[798.368s][info][gc] GC(389) Concurrent Reset
[798.368s][info][gc] GC(389) Concurrent Reset 0.031ms
[800.372s][info][gc] GC(390) Pause Initial Mark 48M->48M(50M) 1.108ms
[800.372s][info][gc] GC(390) Concurrent Mark
[800.384s][info][gc] GC(390) Concurrent Mark 12.165ms
[800.384s][info][gc] GC(390) Concurrent Preclean
[800.384s][info][gc] GC(390) Concurrent Preclean 0.144ms
[800.384s][info][gc] GC(390) Concurrent Abortable Preclean
[800.384s][info][gc] GC(390) Concurrent Abortable Preclean 0.016ms
[800.390s][info][gc] GC(390) Pause Remark 48M->48M(50M) 5.277ms
[800.390s][info][gc] GC(390) Concurrent Sweep
[800.393s][info][gc] GC(390) Concurrent Sweep 3.307ms
[800.393s][info][gc] GC(390) Concurrent Reset
[800.393s][info][gc] GC(390) Concurrent Reset 0.032ms
[802.396s][info][gc] GC(391) Pause Initial Mark 48M->48M(50M) 1.018ms
[802.396s][info][gc] GC(391) Concurrent Mark
[802.409s][info][gc] GC(391) Concurrent Mark 13.384ms
[802.409s][info][gc] GC(391) Concurrent Preclean
[802.409s][info][gc] GC(391) Concurrent Preclean 0.154ms
[802.409s][info][gc] GC(391) Concurrent Abortable Preclean
[802.409s][info][gc] GC(391) Concurrent Abortable Preclean 0.017ms
[802.415s][info][gc] GC(391) Pause Remark 48M->48M(50M) 5.475ms
[802.415s][info][gc] GC(391) Concurrent Sweep
[802.418s][info][gc] GC(391) Concurrent Sweep 3.240ms
[802.418s][info][gc] GC(391) Concurrent Reset
[802.418s][info][gc] GC(391) Concurrent Reset 0.030ms
[804.422s][info][gc] GC(392) Pause Initial Mark 48M->48M(50M) 1.109ms
[804.422s][info][gc] GC(392) Concurrent Mark
[804.435s][info][gc] GC(392) Concurrent Mark 12.616ms
[804.435s][info][gc] GC(392) Concurrent Preclean
[804.435s][info][gc] GC(392) Concurrent Preclean 0.196ms
[804.435s][info][gc] GC(392) Concurrent Abortable Preclean
[804.435s][info][gc] GC(392) Concurrent Abortable Preclean 0.016ms
[804.441s][info][gc] GC(392) Pause Remark 48M->48M(50M) 5.418ms
[804.441s][info][gc] GC(392) Concurrent Sweep
[804.444s][info][gc] GC(392) Concurrent Sweep 3.302ms
[804.444s][info][gc] GC(392) Concurrent Reset
[804.444s][info][gc] GC(392) Concurrent Reset 0.031ms
[806.444s][info][gc] GC(393) Pause Initial Mark 48M->48M(50M) 0.778ms
[806.444s][info][gc] GC(393) Concurrent Mark
[806.471s][info][gc] GC(393) Concurrent Mark 26.597ms
[806.471s][info][gc] GC(393) Concurrent Preclean
[806.472s][info][gc] GC(393) Concurrent Preclean 0.558ms
[806.472s][info][gc] GC(393) Concurrent Abortable Preclean
[806.472s][info][gc] GC(393) Concurrent Abortable Preclean 0.140ms
[806.500s][info][gc] GC(393) Pause Remark 48M->48M(50M) 27.022ms
[806.501s][info][gc] GC(393) Concurrent Sweep
[806.506s][info][gc] GC(393) Concurrent Sweep 5.697ms
[806.507s][info][gc] GC(393) Concurrent Reset
[806.507s][info][gc] GC(393) Concurrent Reset 0.116ms
[808.510s][info][gc] GC(394) Pause Initial Mark 48M->48M(50M) 1.110ms
[808.511s][info][gc] GC(394) Concurrent Mark
[808.523s][info][gc] GC(394) Concurrent Mark 12.120ms
[808.523s][info][gc] GC(394) Concurrent Preclean
[808.523s][info][gc] GC(394) Concurrent Preclean 0.167ms
[808.523s][info][gc] GC(394) Concurrent Abortable Preclean
[808.523s][info][gc] GC(394) Concurrent Abortable Preclean 0.018ms
[808.528s][info][gc] GC(394) Pause Remark 48M->48M(50M) 5.258ms
[808.529s][info][gc] GC(394) Concurrent Sweep
[808.532s][info][gc] GC(394) Concurrent Sweep 3.259ms
[808.532s][info][gc] GC(394) Concurrent Reset
[808.532s][info][gc] GC(394) Concurrent Reset 0.030ms
[810.534s][info][gc] GC(395) Pause Initial Mark 48M->48M(50M) 1.078ms
[810.534s][info][gc] GC(395) Concurrent Mark
[810.546s][info][gc] GC(395) Concurrent Mark 12.173ms
[810.546s][info][gc] GC(395) Concurrent Preclean
[810.546s][info][gc] GC(395) Concurrent Preclean 0.167ms
[810.546s][info][gc] GC(395) Concurrent Abortable Preclean
[810.546s][info][gc] GC(395) Concurrent Abortable Preclean 0.022ms
[810.552s][info][gc] GC(395) Pause Remark 48M->48M(50M) 5.797ms
[810.552s][info][gc] GC(395) Concurrent Sweep
[810.556s][info][gc] GC(395) Concurrent Sweep 3.126ms
[810.556s][info][gc] GC(395) Concurrent Reset
[810.556s][info][gc] GC(395) Concurrent Reset 0.030ms
[812.559s][info][gc] GC(396) Pause Initial Mark 48M->48M(50M) 1.113ms
[812.559s][info][gc] GC(396) Concurrent Mark
[812.571s][info][gc] GC(396) Concurrent Mark 12.083ms
[812.571s][info][gc] GC(396) Concurrent Preclean
[812.572s][info][gc] GC(396) Concurrent Preclean 0.149ms
[812.572s][info][gc] GC(396) Concurrent Abortable Preclean
[812.572s][info][gc] GC(396) Concurrent Abortable Preclean 0.019ms
[812.577s][info][gc] GC(396) Pause Remark 48M->48M(50M) 5.387ms
[812.577s][info][gc] GC(396) Concurrent Sweep
[812.581s][info][gc] GC(396) Concurrent Sweep 3.308ms
[812.581s][info][gc] GC(396) Concurrent Reset
[812.581s][info][gc] GC(396) Concurrent Reset 0.032ms
[814.585s][info][gc] GC(397) Pause Initial Mark 48M->48M(50M) 1.163ms
[814.585s][info][gc] GC(397) Concurrent Mark
[814.597s][info][gc] GC(397) Concurrent Mark 12.037ms
[814.597s][info][gc] GC(397) Concurrent Preclean
[814.597s][info][gc] GC(397) Concurrent Preclean 0.158ms
[814.597s][info][gc] GC(397) Concurrent Abortable Preclean
[814.597s][info][gc] GC(397) Concurrent Abortable Preclean 0.020ms
[814.603s][info][gc] GC(397) Pause Remark 48M->48M(50M) 5.468ms
[814.603s][info][gc] GC(397) Concurrent Sweep
[814.607s][info][gc] GC(397) Concurrent Sweep 3.451ms
[814.607s][info][gc] GC(397) Concurrent Reset
[814.607s][info][gc] GC(397) Concurrent Reset 0.045ms
[816.611s][info][gc] GC(398) Pause Initial Mark 48M->48M(50M) 1.090ms
[816.611s][info][gc] GC(398) Concurrent Mark
[816.623s][info][gc] GC(398) Concurrent Mark 12.188ms
[816.623s][info][gc] GC(398) Concurrent Preclean
[816.624s][info][gc] GC(398) Concurrent Preclean 0.159ms
[816.624s][info][gc] GC(398) Concurrent Abortable Preclean
[816.624s][info][gc] GC(398) Concurrent Abortable Preclean 0.020ms
[816.629s][info][gc] GC(398) Pause Remark 48M->48M(50M) 5.450ms
[816.629s][info][gc] GC(398) Concurrent Sweep
[816.633s][info][gc] GC(398) Concurrent Sweep 3.210ms
[816.633s][info][gc] GC(398) Concurrent Reset
[816.633s][info][gc] GC(398) Concurrent Reset 0.031ms
[818.639s][info][gc] GC(399) Pause Initial Mark 48M->48M(50M) 1.104ms
[818.639s][info][gc] GC(399) Concurrent Mark
[818.651s][info][gc] GC(399) Concurrent Mark 11.952ms
[818.651s][info][gc] GC(399) Concurrent Preclean
[818.651s][info][gc] GC(399) Concurrent Preclean 0.168ms
[818.651s][info][gc] GC(399) Concurrent Abortable Preclean
[818.651s][info][gc] GC(399) Concurrent Abortable Preclean 0.020ms
[818.657s][info][gc] GC(399) Pause Remark 48M->48M(50M) 5.475ms
[818.657s][info][gc] GC(399) Concurrent Sweep
[818.660s][info][gc] GC(399) Concurrent Sweep 3.213ms
[818.660s][info][gc] GC(399) Concurrent Reset
[818.660s][info][gc] GC(399) Concurrent Reset 0.031ms
[820.661s][info][gc] GC(400) Pause Initial Mark 48M->48M(50M) 1.066ms
[820.661s][info][gc] GC(400) Concurrent Mark
[820.673s][info][gc] GC(400) Concurrent Mark 12.111ms
[820.673s][info][gc] GC(400) Concurrent Preclean
[820.673s][info][gc] GC(400) Concurrent Preclean 0.164ms
[820.673s][info][gc] GC(400) Concurrent Abortable Preclean
[820.673s][info][gc] GC(400) Concurrent Abortable Preclean 0.020ms
[820.679s][info][gc] GC(400) Pause Remark 48M->48M(50M) 5.303ms
[820.679s][info][gc] GC(400) Concurrent Sweep
[820.682s][info][gc] GC(400) Concurrent Sweep 3.207ms
[820.682s][info][gc] GC(400) Concurrent Reset
[820.682s][info][gc] GC(400) Concurrent Reset 0.031ms
[822.688s][info][gc] GC(401) Pause Initial Mark 48M->48M(50M) 1.172ms
[822.688s][info][gc] GC(401) Concurrent Mark
[822.700s][info][gc] GC(401) Concurrent Mark 12.090ms
[822.700s][info][gc] GC(401) Concurrent Preclean
[822.700s][info][gc] GC(401) Concurrent Preclean 0.161ms
[822.700s][info][gc] GC(401) Concurrent Abortable Preclean
[822.700s][info][gc] GC(401) Concurrent Abortable Preclean 0.020ms
[822.706s][info][gc] GC(401) Pause Remark 48M->48M(50M) 5.589ms
[822.706s][info][gc] GC(401) Concurrent Sweep
[822.709s][info][gc] GC(401) Concurrent Sweep 3.130ms
[822.709s][info][gc] GC(401) Concurrent Reset
[822.709s][info][gc] GC(401) Concurrent Reset 0.030ms
[824.711s][info][gc] GC(402) Pause Initial Mark 48M->48M(50M) 1.109ms
[824.711s][info][gc] GC(402) Concurrent Mark
[824.723s][info][gc] GC(402) Concurrent Mark 12.211ms
[824.723s][info][gc] GC(402) Concurrent Preclean
[824.723s][info][gc] GC(402) Concurrent Preclean 0.160ms
[824.723s][info][gc] GC(402) Concurrent Abortable Preclean
[824.723s][info][gc] GC(402) Concurrent Abortable Preclean 0.020ms
[824.729s][info][gc] GC(402) Pause Remark 48M->48M(50M) 5.299ms
[824.729s][info][gc] GC(402) Concurrent Sweep
[824.732s][info][gc] GC(402) Concurrent Sweep 3.194ms
[824.732s][info][gc] GC(402) Concurrent Reset
[824.732s][info][gc] GC(402) Concurrent Reset 0.030ms
[826.734s][info][gc] GC(403) Pause Initial Mark 48M->48M(50M) 0.596ms
[826.734s][info][gc] GC(403) Concurrent Mark
[826.748s][info][gc] GC(403) Concurrent Mark 14.108ms
[826.748s][info][gc] GC(403) Concurrent Preclean
[826.748s][info][gc] GC(403) Concurrent Preclean 0.194ms
[826.748s][info][gc] GC(403) Concurrent Abortable Preclean
[826.748s][info][gc] GC(403) Concurrent Abortable Preclean 0.024ms
[826.757s][info][gc] GC(403) Pause Remark 48M->48M(50M) 9.078ms
[826.758s][info][gc] GC(403) Concurrent Sweep
[826.761s][info][gc] GC(403) Concurrent Sweep 3.142ms
[826.761s][info][gc] GC(403) Concurrent Reset
[826.761s][info][gc] GC(403) Concurrent Reset 0.031ms
[828.764s][info][gc] GC(404) Pause Initial Mark 48M->48M(50M) 0.823ms
[828.764s][info][gc] GC(404) Concurrent Mark
[828.774s][info][gc] GC(404) Concurrent Mark 10.197ms
[828.774s][info][gc] GC(404) Concurrent Preclean
[828.775s][info][gc] GC(404) Concurrent Preclean 0.158ms
[828.775s][info][gc] GC(404) Concurrent Abortable Preclean
[828.775s][info][gc] GC(404) Concurrent Abortable Preclean 0.017ms
[828.780s][info][gc] GC(404) Pause Remark 48M->48M(50M) 4.907ms
[828.780s][info][gc] GC(404) Concurrent Sweep
[828.783s][info][gc] GC(404) Concurrent Sweep 3.311ms
[828.783s][info][gc] GC(404) Concurrent Reset
[828.783s][info][gc] GC(404) Concurrent Reset 0.032ms
[830.784s][info][gc] GC(405) Pause Initial Mark 48M->48M(50M) 1.105ms
[830.784s][info][gc] GC(405) Concurrent Mark
[830.797s][info][gc] GC(405) Concurrent Mark 12.027ms
[830.797s][info][gc] GC(405) Concurrent Preclean
[830.797s][info][gc] GC(405) Concurrent Preclean 0.176ms
[830.797s][info][gc] GC(405) Concurrent Abortable Preclean
[830.797s][info][gc] GC(405) Concurrent Abortable Preclean 0.020ms
[830.802s][info][gc] GC(405) Pause Remark 48M->48M(50M) 5.249ms
[830.802s][info][gc] GC(405) Concurrent Sweep
[830.806s][info][gc] GC(405) Concurrent Sweep 3.260ms
[830.806s][info][gc] GC(405) Concurrent Reset
[830.806s][info][gc] GC(405) Concurrent Reset 0.033ms
[832.811s][info][gc] GC(406) Pause Initial Mark 48M->48M(50M) 1.825ms
[832.811s][info][gc] GC(406) Concurrent Mark
[832.824s][info][gc] GC(406) Concurrent Mark 12.140ms
[832.824s][info][gc] GC(406) Concurrent Preclean
[832.824s][info][gc] GC(406) Concurrent Preclean 0.148ms
[832.824s][info][gc] GC(406) Concurrent Abortable Preclean
[832.824s][info][gc] GC(406) Concurrent Abortable Preclean 0.019ms
[832.830s][info][gc] GC(406) Pause Remark 48M->48M(50M) 5.963ms
[832.830s][info][gc] GC(406) Concurrent Sweep
[832.833s][info][gc] GC(406) Concurrent Sweep 3.056ms
[832.833s][info][gc] GC(406) Concurrent Reset
[832.833s][info][gc] GC(406) Concurrent Reset 0.031ms
[834.837s][info][gc] GC(407) Pause Initial Mark 48M->48M(50M) 0.786ms
[834.837s][info][gc] GC(407) Concurrent Mark
[834.848s][info][gc] GC(407) Concurrent Mark 10.771ms
[834.848s][info][gc] GC(407) Concurrent Preclean
[834.848s][info][gc] GC(407) Concurrent Preclean 0.143ms
[834.848s][info][gc] GC(407) Concurrent Abortable Preclean
[834.848s][info][gc] GC(407) Concurrent Abortable Preclean 0.016ms
[834.864s][info][gc] GC(407) Pause Remark 48M->48M(50M) 15.018ms
[834.864s][info][gc] GC(407) Concurrent Sweep
[834.868s][info][gc] GC(407) Concurrent Sweep 3.798ms
[834.868s][info][gc] GC(407) Concurrent Reset
[834.868s][info][gc] GC(407) Concurrent Reset 0.032ms
[836.870s][info][gc] GC(408) Pause Initial Mark 48M->48M(50M) 1.112ms
[836.871s][info][gc] GC(408) Concurrent Mark
[836.883s][info][gc] GC(408) Concurrent Mark 12.536ms
[836.883s][info][gc] GC(408) Concurrent Preclean
[836.883s][info][gc] GC(408) Concurrent Preclean 0.192ms
[836.883s][info][gc] GC(408) Concurrent Abortable Preclean
[836.883s][info][gc] GC(408) Concurrent Abortable Preclean 0.019ms
[836.889s][info][gc] GC(408) Pause Remark 48M->48M(50M) 5.307ms
[836.889s][info][gc] GC(408) Concurrent Sweep
[836.892s][info][gc] GC(408) Concurrent Sweep 3.261ms
[836.892s][info][gc] GC(408) Concurrent Reset
[836.892s][info][gc] GC(408) Concurrent Reset 0.033ms
[838.892s][info][gc] GC(409) Pause Initial Mark 48M->48M(50M) 0.962ms
[838.892s][info][gc] GC(409) Concurrent Mark
[838.906s][info][gc] GC(409) Concurrent Mark 13.310ms
[838.906s][info][gc] GC(409) Concurrent Preclean
[838.906s][info][gc] GC(409) Concurrent Preclean 0.159ms
[838.906s][info][gc] GC(409) Concurrent Abortable Preclean
[838.906s][info][gc] GC(409) Concurrent Abortable Preclean 0.019ms
[838.915s][info][gc] GC(409) Pause Remark 48M->48M(50M) 8.810ms
[838.915s][info][gc] GC(409) Concurrent Sweep
[838.918s][info][gc] GC(409) Concurrent Sweep 3.150ms
[838.918s][info][gc] GC(409) Concurrent Reset
[838.918s][info][gc] GC(409) Concurrent Reset 0.030ms
[840.920s][info][gc] GC(410) Pause Initial Mark 48M->48M(50M) 1.205ms
[840.920s][info][gc] GC(410) Concurrent Mark
[840.933s][info][gc] GC(410) Concurrent Mark 12.043ms
[840.933s][info][gc] GC(410) Concurrent Preclean
[840.933s][info][gc] GC(410) Concurrent Preclean 0.163ms
[840.933s][info][gc] GC(410) Concurrent Abortable Preclean
[840.933s][info][gc] GC(410) Concurrent Abortable Preclean 0.020ms
[840.938s][info][gc] GC(410) Pause Remark 48M->48M(50M) 5.411ms
[840.938s][info][gc] GC(410) Concurrent Sweep
[840.942s][info][gc] GC(410) Concurrent Sweep 3.254ms
[840.942s][info][gc] GC(410) Concurrent Reset
[840.942s][info][gc] GC(410) Concurrent Reset 0.033ms
[842.948s][info][gc] GC(411) Pause Initial Mark 48M->48M(50M) 1.084ms
[842.948s][info][gc] GC(411) Concurrent Mark
[842.960s][info][gc] GC(411) Concurrent Mark 12.074ms
[842.960s][info][gc] GC(411) Concurrent Preclean
[842.960s][info][gc] GC(411) Concurrent Preclean 0.155ms
[842.960s][info][gc] GC(411) Concurrent Abortable Preclean
[842.960s][info][gc] GC(411) Concurrent Abortable Preclean 0.019ms
[842.970s][info][gc] GC(411) Pause Remark 48M->48M(50M) 9.458ms
[842.970s][info][gc] GC(411) Concurrent Sweep
[842.973s][info][gc] GC(411) Concurrent Sweep 3.419ms
[842.973s][info][gc] GC(411) Concurrent Reset
[842.973s][info][gc] GC(411) Concurrent Reset 0.033ms
[844.973s][info][gc] GC(412) Pause Initial Mark 48M->48M(50M) 0.894ms
[844.974s][info][gc] GC(412) Concurrent Mark
[844.987s][info][gc] GC(412) Concurrent Mark 13.234ms
[844.987s][info][gc] GC(412) Concurrent Preclean
[844.987s][info][gc] GC(412) Concurrent Preclean 0.132ms
[844.987s][info][gc] GC(412) Concurrent Abortable Preclean
[844.987s][info][gc] GC(412) Concurrent Abortable Preclean 0.017ms
[844.992s][info][gc] GC(412) Pause Remark 48M->48M(50M) 5.022ms
[844.992s][info][gc] GC(412) Concurrent Sweep
[844.995s][info][gc] GC(412) Concurrent Sweep 3.069ms
[844.995s][info][gc] GC(412) Concurrent Reset
[844.995s][info][gc] GC(412) Concurrent Reset 0.030ms
[847.000s][info][gc] GC(413) Pause Initial Mark 48M->48M(50M) 1.181ms
[847.000s][info][gc] GC(413) Concurrent Mark
[847.012s][info][gc] GC(413) Concurrent Mark 11.542ms
[847.012s][info][gc] GC(413) Concurrent Preclean
[847.012s][info][gc] GC(413) Concurrent Preclean 0.143ms
[847.012s][info][gc] GC(413) Concurrent Abortable Preclean
[847.012s][info][gc] GC(413) Concurrent Abortable Preclean 0.019ms
[847.018s][info][gc] GC(413) Pause Remark 48M->48M(50M) 5.525ms
[847.018s][info][gc] GC(413) Concurrent Sweep
[847.021s][info][gc] GC(413) Concurrent Sweep 3.244ms
[847.021s][info][gc] GC(413) Concurrent Reset
[847.021s][info][gc] GC(413) Concurrent Reset 0.035ms
[849.024s][info][gc] GC(414) Pause Initial Mark 48M->48M(50M) 1.083ms
[849.024s][info][gc] GC(414) Concurrent Mark
[849.036s][info][gc] GC(414) Concurrent Mark 12.011ms
[849.037s][info][gc] GC(414) Concurrent Preclean
[849.037s][info][gc] GC(414) Concurrent Preclean 0.156ms
[849.037s][info][gc] GC(414) Concurrent Abortable Preclean
[849.037s][info][gc] GC(414) Concurrent Abortable Preclean 0.019ms
[849.042s][info][gc] GC(414) Pause Remark 48M->48M(50M) 5.284ms
[849.042s][info][gc] GC(414) Concurrent Sweep
[849.046s][info][gc] GC(414) Concurrent Sweep 3.259ms
[849.046s][info][gc] GC(414) Concurrent Reset
[849.046s][info][gc] GC(414) Concurrent Reset 0.031ms
[851.049s][info][gc] GC(415) Pause Initial Mark 48M->48M(50M) 1.119ms
[851.049s][info][gc] GC(415) Concurrent Mark
[851.061s][info][gc] GC(415) Concurrent Mark 12.065ms
[851.061s][info][gc] GC(415) Concurrent Preclean
[851.061s][info][gc] GC(415) Concurrent Preclean 0.164ms
[851.062s][info][gc] GC(415) Concurrent Abortable Preclean
[851.062s][info][gc] GC(415) Concurrent Abortable Preclean 0.020ms
[851.067s][info][gc] GC(415) Pause Remark 48M->48M(50M) 5.323ms
[851.067s][info][gc] GC(415) Concurrent Sweep
[851.071s][info][gc] GC(415) Concurrent Sweep 3.404ms
[851.071s][info][gc] GC(415) Concurrent Reset
[851.071s][info][gc] GC(415) Concurrent Reset 0.031ms
[853.073s][info][gc] GC(416) Pause Initial Mark 48M->48M(50M) 1.107ms
[853.073s][info][gc] GC(416) Concurrent Mark
[853.085s][info][gc] GC(416) Concurrent Mark 12.019ms
[853.086s][info][gc] GC(416) Concurrent Preclean
[853.086s][info][gc] GC(416) Concurrent Preclean 0.147ms
[853.086s][info][gc] GC(416) Concurrent Abortable Preclean
[853.086s][info][gc] GC(416) Concurrent Abortable Preclean 0.019ms
[853.091s][info][gc] GC(416) Pause Remark 48M->48M(50M) 5.262ms
[853.091s][info][gc] GC(416) Concurrent Sweep
[853.094s][info][gc] GC(416) Concurrent Sweep 3.238ms
[853.095s][info][gc] GC(416) Concurrent Reset
[853.095s][info][gc] GC(416) Concurrent Reset 0.032ms
[855.099s][info][gc] GC(417) Pause Initial Mark 48M->48M(50M) 0.793ms
[855.099s][info][gc] GC(417) Concurrent Mark
[855.110s][info][gc] GC(417) Concurrent Mark 11.435ms
[855.110s][info][gc] GC(417) Concurrent Preclean
[855.110s][info][gc] GC(417) Concurrent Preclean 0.149ms
[855.110s][info][gc] GC(417) Concurrent Abortable Preclean
[855.110s][info][gc] GC(417) Concurrent Abortable Preclean 0.019ms
[855.116s][info][gc] GC(417) Pause Remark 48M->48M(50M) 5.467ms
[855.116s][info][gc] GC(417) Concurrent Sweep
[855.119s][info][gc] GC(417) Concurrent Sweep 3.008ms
[855.119s][info][gc] GC(417) Concurrent Reset
[855.119s][info][gc] GC(417) Concurrent Reset 0.030ms
[857.122s][info][gc] GC(418) Pause Initial Mark 48M->48M(50M) 1.111ms
[857.122s][info][gc] GC(418) Concurrent Mark
[857.134s][info][gc] GC(418) Concurrent Mark 11.997ms
[857.134s][info][gc] GC(418) Concurrent Preclean
[857.134s][info][gc] GC(418) Concurrent Preclean 0.145ms
[857.134s][info][gc] GC(418) Concurrent Abortable Preclean
[857.134s][info][gc] GC(418) Concurrent Abortable Preclean 0.018ms
[857.139s][info][gc] GC(418) Pause Remark 48M->48M(50M) 5.278ms
[857.139s][info][gc] GC(418) Concurrent Sweep
[857.143s][info][gc] GC(418) Concurrent Sweep 3.157ms
[857.143s][info][gc] GC(418) Concurrent Reset
[857.143s][info][gc] GC(418) Concurrent Reset 0.033ms
[859.145s][info][gc] GC(419) Pause Initial Mark 48M->48M(50M) 1.097ms
[859.145s][info][gc] GC(419) Concurrent Mark
[859.157s][info][gc] GC(419) Concurrent Mark 12.204ms
[859.157s][info][gc] GC(419) Concurrent Preclean
[859.158s][info][gc] GC(419) Concurrent Preclean 0.172ms
[859.158s][info][gc] GC(419) Concurrent Abortable Preclean
[859.158s][info][gc] GC(419) Concurrent Abortable Preclean 0.020ms
[859.163s][info][gc] GC(419) Pause Remark 48M->48M(50M) 5.277ms
[859.163s][info][gc] GC(419) Concurrent Sweep
[859.166s][info][gc] GC(419) Concurrent Sweep 3.127ms
[859.166s][info][gc] GC(419) Concurrent Reset
[859.166s][info][gc] GC(419) Concurrent Reset 0.031ms
[861.170s][info][gc] GC(420) Pause Initial Mark 48M->48M(50M) 1.183ms
[861.171s][info][gc] GC(420) Concurrent Mark
[861.183s][info][gc] GC(420) Concurrent Mark 12.071ms
[861.183s][info][gc] GC(420) Concurrent Preclean
[861.183s][info][gc] GC(420) Concurrent Preclean 0.143ms
[861.183s][info][gc] GC(420) Concurrent Abortable Preclean
[861.183s][info][gc] GC(420) Concurrent Abortable Preclean 0.019ms
[861.188s][info][gc] GC(420) Pause Remark 48M->48M(50M) 5.405ms
[861.188s][info][gc] GC(420) Concurrent Sweep
[861.192s][info][gc] GC(420) Concurrent Sweep 3.204ms
[861.192s][info][gc] GC(420) Concurrent Reset
[861.192s][info][gc] GC(420) Concurrent Reset 0.030ms
[863.198s][info][gc] GC(421) Pause Initial Mark 48M->48M(50M) 1.124ms
[863.198s][info][gc] GC(421) Concurrent Mark
[863.211s][info][gc] GC(421) Concurrent Mark 12.242ms
[863.211s][info][gc] GC(421) Concurrent Preclean
[863.211s][info][gc] GC(421) Concurrent Preclean 0.168ms
[863.211s][info][gc] GC(421) Concurrent Abortable Preclean
[863.211s][info][gc] GC(421) Concurrent Abortable Preclean 0.020ms
[863.216s][info][gc] GC(421) Pause Remark 48M->48M(50M) 5.279ms
[863.216s][info][gc] GC(421) Concurrent Sweep
[863.220s][info][gc] GC(421) Concurrent Sweep 3.209ms
[863.220s][info][gc] GC(421) Concurrent Reset
[863.220s][info][gc] GC(421) Concurrent Reset 0.031ms
[865.225s][info][gc] GC(422) Pause Initial Mark 48M->48M(50M) 1.127ms
[865.225s][info][gc] GC(422) Concurrent Mark
[865.238s][info][gc] GC(422) Concurrent Mark 12.050ms
[865.238s][info][gc] GC(422) Concurrent Preclean
[865.238s][info][gc] GC(422) Concurrent Preclean 0.158ms
[865.238s][info][gc] GC(422) Concurrent Abortable Preclean
[865.238s][info][gc] GC(422) Concurrent Abortable Preclean 0.020ms
[865.243s][info][gc] GC(422) Pause Remark 48M->48M(50M) 5.342ms
[865.243s][info][gc] GC(422) Concurrent Sweep
[865.247s][info][gc] GC(422) Concurrent Sweep 3.205ms
[865.247s][info][gc] GC(422) Concurrent Reset
[865.247s][info][gc] GC(422) Concurrent Reset 0.031ms
[867.249s][info][gc] GC(423) Pause Initial Mark 48M->48M(50M) 1.110ms
[867.249s][info][gc] GC(423) Concurrent Mark
[867.261s][info][gc] GC(423) Concurrent Mark 12.144ms
[867.261s][info][gc] GC(423) Concurrent Preclean
[867.261s][info][gc] GC(423) Concurrent Preclean 0.161ms
[867.261s][info][gc] GC(423) Concurrent Abortable Preclean
[867.261s][info][gc] GC(423) Concurrent Abortable Preclean 0.020ms
[867.267s][info][gc] GC(423) Pause Remark 48M->48M(50M) 5.286ms
[867.267s][info][gc] GC(423) Concurrent Sweep
[867.270s][info][gc] GC(423) Concurrent Sweep 3.329ms
[867.270s][info][gc] GC(423) Concurrent Reset
[867.270s][info][gc] GC(423) Concurrent Reset 0.031ms
[869.276s][info][gc] GC(424) Pause Initial Mark 48M->48M(50M) 1.218ms
[869.276s][info][gc] GC(424) Concurrent Mark
[869.288s][info][gc] GC(424) Concurrent Mark 12.177ms
[869.288s][info][gc] GC(424) Concurrent Preclean
[869.289s][info][gc] GC(424) Concurrent Preclean 0.170ms
[869.289s][info][gc] GC(424) Concurrent Abortable Preclean
[869.289s][info][gc] GC(424) Concurrent Abortable Preclean 0.020ms
[869.294s][info][gc] GC(424) Pause Remark 48M->48M(50M) 5.335ms
[869.294s][info][gc] GC(424) Concurrent Sweep
[869.297s][info][gc] GC(424) Concurrent Sweep 3.235ms
[869.298s][info][gc] GC(424) Concurrent Reset
[869.298s][info][gc] GC(424) Concurrent Reset 0.031ms
[871.299s][info][gc] GC(425) Pause Initial Mark 48M->48M(50M) 1.124ms
[871.299s][info][gc] GC(425) Concurrent Mark
[871.311s][info][gc] GC(425) Concurrent Mark 12.063ms
[871.312s][info][gc] GC(425) Concurrent Preclean
[871.312s][info][gc] GC(425) Concurrent Preclean 0.164ms
[871.312s][info][gc] GC(425) Concurrent Abortable Preclean
[871.312s][info][gc] GC(425) Concurrent Abortable Preclean 0.020ms
[871.317s][info][gc] GC(425) Pause Remark 48M->48M(50M) 5.344ms
[871.317s][info][gc] GC(425) Concurrent Sweep
[871.320s][info][gc] GC(425) Concurrent Sweep 3.039ms
[871.320s][info][gc] GC(425) Concurrent Reset
[871.320s][info][gc] GC(425) Concurrent Reset 0.030ms
[873.321s][info][gc] GC(426) Pause Initial Mark 48M->48M(50M) 0.978ms
[873.321s][info][gc] GC(426) Concurrent Mark
[873.333s][info][gc] GC(426) Concurrent Mark 12.133ms
[873.333s][info][gc] GC(426) Concurrent Preclean
[873.334s][info][gc] GC(426) Concurrent Preclean 0.166ms
[873.334s][info][gc] GC(426) Concurrent Abortable Preclean
[873.334s][info][gc] GC(426) Concurrent Abortable Preclean 0.020ms
[873.339s][info][gc] GC(426) Pause Remark 48M->48M(50M) 5.273ms
[873.339s][info][gc] GC(426) Concurrent Sweep
[873.342s][info][gc] GC(426) Concurrent Sweep 3.246ms
[873.342s][info][gc] GC(426) Concurrent Reset
[873.342s][info][gc] GC(426) Concurrent Reset 0.032ms
[875.349s][info][gc] GC(427) Pause Initial Mark 48M->48M(50M) 1.220ms
[875.349s][info][gc] GC(427) Concurrent Mark
[875.361s][info][gc] GC(427) Concurrent Mark 12.160ms
[875.361s][info][gc] GC(427) Concurrent Preclean
[875.361s][info][gc] GC(427) Concurrent Preclean 0.143ms
[875.361s][info][gc] GC(427) Concurrent Abortable Preclean
[875.361s][info][gc] GC(427) Concurrent Abortable Preclean 0.019ms
[875.367s][info][gc] GC(427) Pause Remark 48M->48M(50M) 5.418ms
[875.367s][info][gc] GC(427) Concurrent Sweep
[875.370s][info][gc] GC(427) Concurrent Sweep 3.200ms
[875.370s][info][gc] GC(427) Concurrent Reset
[875.370s][info][gc] GC(427) Concurrent Reset 0.031ms
[877.376s][info][gc] GC(428) Pause Initial Mark 48M->48M(50M) 1.119ms
[877.376s][info][gc] GC(428) Concurrent Mark
[877.388s][info][gc] GC(428) Concurrent Mark 12.088ms
[877.388s][info][gc] GC(428) Concurrent Preclean
[877.388s][info][gc] GC(428) Concurrent Preclean 0.174ms
[877.388s][info][gc] GC(428) Concurrent Abortable Preclean
[877.388s][info][gc] GC(428) Concurrent Abortable Preclean 0.021ms
[877.394s][info][gc] GC(428) Pause Remark 48M->48M(50M) 5.325ms
[877.394s][info][gc] GC(428) Concurrent Sweep
[877.397s][info][gc] GC(428) Concurrent Sweep 3.240ms
[877.397s][info][gc] GC(428) Concurrent Reset
[877.397s][info][gc] GC(428) Concurrent Reset 0.033ms
[879.400s][info][gc] GC(429) Pause Initial Mark 48M->48M(50M) 1.031ms
[879.400s][info][gc] GC(429) Concurrent Mark
[879.411s][info][gc] GC(429) Concurrent Mark 11.302ms
[879.411s][info][gc] GC(429) Concurrent Preclean
[879.412s][info][gc] GC(429) Concurrent Preclean 0.156ms
[879.412s][info][gc] GC(429) Concurrent Abortable Preclean
[879.412s][info][gc] GC(429) Concurrent Abortable Preclean 0.016ms
[879.417s][info][gc] GC(429) Pause Remark 48M->48M(50M) 5.588ms
[879.417s][info][gc] GC(429) Concurrent Sweep
[879.421s][info][gc] GC(429) Concurrent Sweep 3.423ms
[879.421s][info][gc] GC(429) Concurrent Reset
[879.421s][info][gc] GC(429) Concurrent Reset 0.031ms
[881.421s][info][gc] GC(430) Pause Initial Mark 48M->48M(50M) 1.134ms
[881.422s][info][gc] GC(430) Concurrent Mark
[881.434s][info][gc] GC(430) Concurrent Mark 12.103ms
[881.434s][info][gc] GC(430) Concurrent Preclean
[881.434s][info][gc] GC(430) Concurrent Preclean 0.143ms
[881.434s][info][gc] GC(430) Concurrent Abortable Preclean
[881.434s][info][gc] GC(430) Concurrent Abortable Preclean 0.016ms
[881.439s][info][gc] GC(430) Pause Remark 48M->48M(50M) 5.426ms
[881.440s][info][gc] GC(430) Concurrent Sweep
[881.443s][info][gc] GC(430) Concurrent Sweep 3.208ms
[881.443s][info][gc] GC(430) Concurrent Reset
[881.443s][info][gc] GC(430) Concurrent Reset 0.028ms
[883.444s][info][gc] GC(431) Pause Initial Mark 48M->48M(50M) 1.125ms
[883.444s][info][gc] GC(431) Concurrent Mark
[883.456s][info][gc] GC(431) Concurrent Mark 12.233ms
[883.456s][info][gc] GC(431) Concurrent Preclean
[883.457s][info][gc] GC(431) Concurrent Preclean 0.160ms
[883.457s][info][gc] GC(431) Concurrent Abortable Preclean
[883.457s][info][gc] GC(431) Concurrent Abortable Preclean 0.017ms
[883.462s][info][gc] GC(431) Pause Remark 48M->48M(50M) 5.416ms
[883.462s][info][gc] GC(431) Concurrent Sweep
[883.466s][info][gc] GC(431) Concurrent Sweep 3.242ms
[883.466s][info][gc] GC(431) Concurrent Reset
[883.466s][info][gc] GC(431) Concurrent Reset 0.030ms
[885.472s][info][gc] GC(432) Pause Initial Mark 48M->48M(50M) 1.091ms
[885.472s][info][gc] GC(432) Concurrent Mark
[885.484s][info][gc] GC(432) Concurrent Mark 12.100ms
[885.484s][info][gc] GC(432) Concurrent Preclean
[885.484s][info][gc] GC(432) Concurrent Preclean 0.154ms
[885.484s][info][gc] GC(432) Concurrent Abortable Preclean
[885.484s][info][gc] GC(432) Concurrent Abortable Preclean 0.015ms
[885.490s][info][gc] GC(432) Pause Remark 48M->48M(50M) 5.521ms
[885.490s][info][gc] GC(432) Concurrent Sweep
[885.493s][info][gc] GC(432) Concurrent Sweep 3.306ms
[885.493s][info][gc] GC(432) Concurrent Reset
[885.493s][info][gc] GC(432) Concurrent Reset 0.028ms
[887.494s][info][gc] GC(433) Pause Initial Mark 48M->48M(50M) 0.669ms
[887.494s][info][gc] GC(433) Concurrent Mark
[887.504s][info][gc] GC(433) Concurrent Mark 10.718ms
[887.505s][info][gc] GC(433) Concurrent Preclean
[887.505s][info][gc] GC(433) Concurrent Preclean 0.487ms
[887.505s][info][gc] GC(433) Concurrent Abortable Preclean
[887.505s][info][gc] GC(433) Concurrent Abortable Preclean 0.013ms
[887.510s][info][gc] GC(433) Pause Remark 48M->48M(50M) 5.041ms
[887.510s][info][gc] GC(433) Concurrent Sweep
[887.514s][info][gc] GC(433) Concurrent Sweep 3.110ms
[887.514s][info][gc] GC(433) Concurrent Reset
[887.514s][info][gc] GC(433) Concurrent Reset 0.025ms
[889.515s][info][gc] GC(434) Pause Initial Mark 48M->48M(50M) 0.871ms
[889.515s][info][gc] GC(434) Concurrent Mark
[889.527s][info][gc] GC(434) Concurrent Mark 12.267ms
[889.527s][info][gc] GC(434) Concurrent Preclean
[889.527s][info][gc] GC(434) Concurrent Preclean 0.147ms
[889.527s][info][gc] GC(434) Concurrent Abortable Preclean
[889.527s][info][gc] GC(434) Concurrent Abortable Preclean 0.015ms
[889.533s][info][gc] GC(434) Pause Remark 48M->48M(50M) 5.912ms
[889.534s][info][gc] GC(434) Concurrent Sweep
[889.537s][info][gc] GC(434) Concurrent Sweep 3.251ms
[889.537s][info][gc] GC(434) Concurrent Reset
[889.537s][info][gc] GC(434) Concurrent Reset 0.026ms
[891.540s][info][gc] GC(435) Pause Initial Mark 48M->48M(50M) 1.149ms
[891.540s][info][gc] GC(435) Concurrent Mark
[891.552s][info][gc] GC(435) Concurrent Mark 12.288ms
[891.552s][info][gc] GC(435) Concurrent Preclean
[891.552s][info][gc] GC(435) Concurrent Preclean 0.137ms
[891.552s][info][gc] GC(435) Concurrent Abortable Preclean
[891.552s][info][gc] GC(435) Concurrent Abortable Preclean 0.014ms
[891.558s][info][gc] GC(435) Pause Remark 48M->48M(50M) 5.304ms
[891.558s][info][gc] GC(435) Concurrent Sweep
[891.561s][info][gc] GC(435) Concurrent Sweep 3.219ms
[891.561s][info][gc] GC(435) Concurrent Reset
[891.561s][info][gc] GC(435) Concurrent Reset 0.027ms
[893.563s][info][gc] GC(436) Pause Initial Mark 48M->48M(50M) 1.122ms
[893.563s][info][gc] GC(436) Concurrent Mark
[893.575s][info][gc] GC(436) Concurrent Mark 12.168ms
[893.575s][info][gc] GC(436) Concurrent Preclean
[893.575s][info][gc] GC(436) Concurrent Preclean 0.140ms
[893.575s][info][gc] GC(436) Concurrent Abortable Preclean
[893.575s][info][gc] GC(436) Concurrent Abortable Preclean 0.014ms
[893.581s][info][gc] GC(436) Pause Remark 48M->48M(50M) 5.328ms
[893.581s][info][gc] GC(436) Concurrent Sweep
[893.584s][info][gc] GC(436) Concurrent Sweep 3.370ms
[893.584s][info][gc] GC(436) Concurrent Reset
[893.584s][info][gc] GC(436) Concurrent Reset 0.030ms
[895.587s][info][gc] GC(437) Pause Initial Mark 48M->48M(50M) 1.145ms
[895.587s][info][gc] GC(437) Concurrent Mark
[895.599s][info][gc] GC(437) Concurrent Mark 12.141ms
[895.599s][info][gc] GC(437) Concurrent Preclean
[895.599s][info][gc] GC(437) Concurrent Preclean 0.136ms
[895.599s][info][gc] GC(437) Concurrent Abortable Preclean
[895.599s][info][gc] GC(437) Concurrent Abortable Preclean 0.013ms
[895.605s][info][gc] GC(437) Pause Remark 48M->48M(50M) 5.372ms
[895.605s][info][gc] GC(437) Concurrent Sweep
[895.608s][info][gc] GC(437) Concurrent Sweep 3.117ms
[895.608s][info][gc] GC(437) Concurrent Reset
[895.608s][info][gc] GC(437) Concurrent Reset 0.025ms
[897.613s][info][gc] GC(438) Pause Initial Mark 48M->48M(50M) 1.211ms
[897.613s][info][gc] GC(438) Concurrent Mark
[897.625s][info][gc] GC(438) Concurrent Mark 12.234ms
[897.625s][info][gc] GC(438) Concurrent Preclean
[897.625s][info][gc] GC(438) Concurrent Preclean 0.166ms
[897.625s][info][gc] GC(438) Concurrent Abortable Preclean
[897.625s][info][gc] GC(438) Concurrent Abortable Preclean 0.015ms
[897.631s][info][gc] GC(438) Pause Remark 48M->48M(50M) 5.342ms
[897.631s][info][gc] GC(438) Concurrent Sweep
[897.634s][info][gc] GC(438) Concurrent Sweep 3.044ms
[897.634s][info][gc] GC(438) Concurrent Reset
[897.634s][info][gc] GC(438) Concurrent Reset 0.026ms
[899.635s][info][gc] GC(439) Pause Initial Mark 48M->48M(50M) 1.150ms
[899.635s][info][gc] GC(439) Concurrent Mark
[899.647s][info][gc] GC(439) Concurrent Mark 12.150ms
[899.648s][info][gc] GC(439) Concurrent Preclean
[899.648s][info][gc] GC(439) Concurrent Preclean 0.158ms
[899.648s][info][gc] GC(439) Concurrent Abortable Preclean
[899.648s][info][gc] GC(439) Concurrent Abortable Preclean 0.025ms
[899.653s][info][gc] GC(439) Pause Remark 48M->48M(50M) 5.467ms
[899.653s][info][gc] GC(439) Concurrent Sweep
[899.657s][info][gc] GC(439) Concurrent Sweep 3.201ms
[899.657s][info][gc] GC(439) Concurrent Reset
[899.657s][info][gc] GC(439) Concurrent Reset 0.031ms
[901.668s][info][gc] GC(440) Pause Initial Mark 48M->48M(50M) 11.031ms
[901.668s][info][gc] GC(440) Concurrent Mark
[901.683s][info][gc] GC(440) Concurrent Mark 15.340ms
[901.683s][info][gc] GC(440) Concurrent Preclean
[901.684s][info][gc] GC(440) Concurrent Preclean 0.143ms
[901.684s][info][gc] GC(440) Concurrent Abortable Preclean
[901.684s][info][gc] GC(440) Concurrent Abortable Preclean 0.017ms
[901.689s][info][gc] GC(440) Pause Remark 48M->48M(50M) 5.302ms
[901.689s][info][gc] GC(440) Concurrent Sweep
[901.697s][info][gc] GC(440) Concurrent Sweep 8.236ms
[901.698s][info][gc] GC(440) Concurrent Reset
[901.698s][info][gc] GC(440) Concurrent Reset 0.111ms
[903.699s][info][gc] GC(441) Pause Initial Mark 48M->48M(50M) 1.163ms
[903.699s][info][gc] GC(441) Concurrent Mark
[903.714s][info][gc] GC(441) Concurrent Mark 15.037ms
[903.715s][info][gc] GC(441) Concurrent Preclean
[903.715s][info][gc] GC(441) Concurrent Preclean 0.160ms
[903.715s][info][gc] GC(441) Concurrent Abortable Preclean
[903.715s][info][gc] GC(441) Concurrent Abortable Preclean 0.020ms
[903.732s][info][gc] GC(441) Pause Remark 48M->48M(50M) 17.303ms
[903.732s][info][gc] GC(441) Concurrent Sweep
[903.736s][info][gc] GC(441) Concurrent Sweep 3.267ms
[903.736s][info][gc] GC(441) Concurrent Reset
[903.736s][info][gc] GC(441) Concurrent Reset 0.032ms
[905.739s][info][gc] GC(442) Pause Initial Mark 48M->48M(50M) 1.042ms
[905.740s][info][gc] GC(442) Concurrent Mark
[905.752s][info][gc] GC(442) Concurrent Mark 12.201ms
[905.752s][info][gc] GC(442) Concurrent Preclean
[905.752s][info][gc] GC(442) Concurrent Preclean 0.145ms
[905.752s][info][gc] GC(442) Concurrent Abortable Preclean
[905.752s][info][gc] GC(442) Concurrent Abortable Preclean 0.019ms
[905.757s][info][gc] GC(442) Pause Remark 48M->48M(50M) 5.366ms
[905.758s][info][gc] GC(442) Concurrent Sweep
[905.761s][info][gc] GC(442) Concurrent Sweep 3.166ms
[905.761s][info][gc] GC(442) Concurrent Reset
[905.761s][info][gc] GC(442) Concurrent Reset 0.031ms
[907.765s][info][gc] GC(443) Pause Initial Mark 48M->48M(50M) 1.137ms
[907.766s][info][gc] GC(443) Concurrent Mark
[907.778s][info][gc] GC(443) Concurrent Mark 12.071ms
[907.778s][info][gc] GC(443) Concurrent Preclean
[907.778s][info][gc] GC(443) Concurrent Preclean 0.148ms
[907.778s][info][gc] GC(443) Concurrent Abortable Preclean
[907.778s][info][gc] GC(443) Concurrent Abortable Preclean 0.017ms
[907.783s][info][gc] GC(443) Pause Remark 48M->48M(50M) 4.966ms
[907.783s][info][gc] GC(443) Concurrent Sweep
[907.786s][info][gc] GC(443) Concurrent Sweep 3.266ms
[907.786s][info][gc] GC(443) Concurrent Reset
[907.786s][info][gc] GC(443) Concurrent Reset 0.031ms
[909.789s][info][gc] GC(444) Pause Initial Mark 48M->48M(50M) 1.111ms
[909.789s][info][gc] GC(444) Concurrent Mark
[909.801s][info][gc] GC(444) Concurrent Mark 12.055ms
[909.801s][info][gc] GC(444) Concurrent Preclean
[909.801s][info][gc] GC(444) Concurrent Preclean 0.144ms
[909.801s][info][gc] GC(444) Concurrent Abortable Preclean
[909.801s][info][gc] GC(444) Concurrent Abortable Preclean 0.018ms
[909.806s][info][gc] GC(444) Pause Remark 48M->48M(50M) 5.306ms
[909.807s][info][gc] GC(444) Concurrent Sweep
[909.810s][info][gc] GC(444) Concurrent Sweep 3.222ms
[909.810s][info][gc] GC(444) Concurrent Reset
[909.810s][info][gc] GC(444) Concurrent Reset 0.031ms
[911.813s][info][gc] GC(445) Pause Initial Mark 48M->48M(50M) 1.190ms
[911.813s][info][gc] GC(445) Concurrent Mark
[911.826s][info][gc] GC(445) Concurrent Mark 12.708ms
[911.826s][info][gc] GC(445) Concurrent Preclean
[911.826s][info][gc] GC(445) Concurrent Preclean 0.144ms
[911.826s][info][gc] GC(445) Concurrent Abortable Preclean
[911.826s][info][gc] GC(445) Concurrent Abortable Preclean 0.018ms
[911.832s][info][gc] GC(445) Pause Remark 48M->48M(50M) 5.373ms
[911.832s][info][gc] GC(445) Concurrent Sweep
[911.835s][info][gc] GC(445) Concurrent Sweep 3.085ms
[911.835s][info][gc] GC(445) Concurrent Reset
[911.835s][info][gc] GC(445) Concurrent Reset 0.030ms
[913.841s][info][gc] GC(446) Pause Initial Mark 48M->48M(50M) 1.145ms
[913.841s][info][gc] GC(446) Concurrent Mark
[913.853s][info][gc] GC(446) Concurrent Mark 12.137ms
[913.853s][info][gc] GC(446) Concurrent Preclean
[913.853s][info][gc] GC(446) Concurrent Preclean 0.163ms
[913.853s][info][gc] GC(446) Concurrent Abortable Preclean
[913.853s][info][gc] GC(446) Concurrent Abortable Preclean 0.020ms
[913.859s][info][gc] GC(446) Pause Remark 48M->48M(50M) 5.466ms
[913.859s][info][gc] GC(446) Concurrent Sweep
[913.862s][info][gc] GC(446) Concurrent Sweep 3.125ms
[913.862s][info][gc] GC(446) Concurrent Reset
[913.862s][info][gc] GC(446) Concurrent Reset 0.030ms
[915.868s][info][gc] GC(447) Pause Initial Mark 48M->48M(50M) 1.189ms
[915.868s][info][gc] GC(447) Concurrent Mark
[915.880s][info][gc] GC(447) Concurrent Mark 12.048ms
[915.880s][info][gc] GC(447) Concurrent Preclean
[915.880s][info][gc] GC(447) Concurrent Preclean 0.141ms
[915.880s][info][gc] GC(447) Concurrent Abortable Preclean
[915.880s][info][gc] GC(447) Concurrent Abortable Preclean 0.019ms
[915.886s][info][gc] GC(447) Pause Remark 48M->48M(50M) 5.419ms
[915.886s][info][gc] GC(447) Concurrent Sweep
[915.889s][info][gc] GC(447) Concurrent Sweep 3.223ms
[915.889s][info][gc] GC(447) Concurrent Reset
[915.889s][info][gc] GC(447) Concurrent Reset 0.031ms
[917.893s][info][gc] GC(448) Pause Initial Mark 48M->48M(50M) 1.101ms
[917.893s][info][gc] GC(448) Concurrent Mark
[917.905s][info][gc] GC(448) Concurrent Mark 12.148ms
[917.905s][info][gc] GC(448) Concurrent Preclean
[917.905s][info][gc] GC(448) Concurrent Preclean 0.172ms
[917.905s][info][gc] GC(448) Concurrent Abortable Preclean
[917.905s][info][gc] GC(448) Concurrent Abortable Preclean 0.021ms
[917.911s][info][gc] GC(448) Pause Remark 48M->48M(50M) 5.359ms
[917.911s][info][gc] GC(448) Concurrent Sweep
[917.914s][info][gc] GC(448) Concurrent Sweep 3.216ms
[917.914s][info][gc] GC(448) Concurrent Reset
[917.914s][info][gc] GC(448) Concurrent Reset 0.030ms
[919.920s][info][gc] GC(449) Pause Initial Mark 48M->48M(50M) 1.144ms
[919.920s][info][gc] GC(449) Concurrent Mark
[919.932s][info][gc] GC(449) Concurrent Mark 12.027ms
[919.932s][info][gc] GC(449) Concurrent Preclean
[919.932s][info][gc] GC(449) Concurrent Preclean 0.165ms
[919.932s][info][gc] GC(449) Concurrent Abortable Preclean
[919.932s][info][gc] GC(449) Concurrent Abortable Preclean 0.020ms
[919.938s][info][gc] GC(449) Pause Remark 48M->48M(50M) 5.572ms
[919.938s][info][gc] GC(449) Concurrent Sweep
[919.941s][info][gc] GC(449) Concurrent Sweep 3.250ms
[919.941s][info][gc] GC(449) Concurrent Reset
[919.941s][info][gc] GC(449) Concurrent Reset 0.033ms
[921.943s][info][gc] GC(450) Pause Initial Mark 48M->48M(50M) 1.134ms
[921.944s][info][gc] GC(450) Concurrent Mark
[921.956s][info][gc] GC(450) Concurrent Mark 12.137ms
[921.956s][info][gc] GC(450) Concurrent Preclean
[921.956s][info][gc] GC(450) Concurrent Preclean 0.165ms
[921.956s][info][gc] GC(450) Concurrent Abortable Preclean
[921.956s][info][gc] GC(450) Concurrent Abortable Preclean 0.020ms
[921.962s][info][gc] GC(450) Pause Remark 48M->48M(50M) 5.424ms
[921.962s][info][gc] GC(450) Concurrent Sweep
[921.965s][info][gc] GC(450) Concurrent Sweep 3.204ms
[921.965s][info][gc] GC(450) Concurrent Reset
[921.965s][info][gc] GC(450) Concurrent Reset 0.031ms
[923.967s][info][gc] GC(451) Pause Initial Mark 48M->48M(50M) 0.731ms
[923.967s][info][gc] GC(451) Concurrent Mark
[923.978s][info][gc] GC(451) Concurrent Mark 11.273ms
[923.978s][info][gc] GC(451) Concurrent Preclean
[923.978s][info][gc] GC(451) Concurrent Preclean 0.151ms
[923.978s][info][gc] GC(451) Concurrent Abortable Preclean
[923.978s][info][gc] GC(451) Concurrent Abortable Preclean 0.018ms
[923.984s][info][gc] GC(451) Pause Remark 48M->48M(50M) 5.226ms
[923.984s][info][gc] GC(451) Concurrent Sweep
[923.987s][info][gc] GC(451) Concurrent Sweep 3.126ms
[923.987s][info][gc] GC(451) Concurrent Reset
[923.987s][info][gc] GC(451) Concurrent Reset 0.031ms
[925.990s][info][gc] GC(452) Pause Initial Mark 48M->48M(50M) 1.134ms
[925.990s][info][gc] GC(452) Concurrent Mark
[926.003s][info][gc] GC(452) Concurrent Mark 12.693ms
[926.003s][info][gc] GC(452) Concurrent Preclean
[926.003s][info][gc] GC(452) Concurrent Preclean 0.167ms
[926.003s][info][gc] GC(452) Concurrent Abortable Preclean
[926.003s][info][gc] GC(452) Concurrent Abortable Preclean 0.020ms
[926.009s][info][gc] GC(452) Pause Remark 48M->48M(50M) 5.474ms
[926.009s][info][gc] GC(452) Concurrent Sweep
[926.012s][info][gc] GC(452) Concurrent Sweep 3.245ms
[926.012s][info][gc] GC(452) Concurrent Reset
[926.012s][info][gc] GC(452) Concurrent Reset 0.031ms
[928.014s][info][gc] GC(453) Pause Initial Mark 48M->48M(50M) 1.198ms
[928.014s][info][gc] GC(453) Concurrent Mark
[928.026s][info][gc] GC(453) Concurrent Mark 11.980ms
[928.026s][info][gc] GC(453) Concurrent Preclean
[928.026s][info][gc] GC(453) Concurrent Preclean 0.170ms
[928.026s][info][gc] GC(453) Concurrent Abortable Preclean
[928.026s][info][gc] GC(453) Concurrent Abortable Preclean 0.018ms
[928.032s][info][gc] GC(453) Pause Remark 48M->48M(50M) 5.551ms
[928.032s][info][gc] GC(453) Concurrent Sweep
[928.035s][info][gc] GC(453) Concurrent Sweep 3.080ms
[928.035s][info][gc] GC(453) Concurrent Reset
[928.035s][info][gc] GC(453) Concurrent Reset 0.030ms
[930.039s][info][gc] GC(454) Pause Initial Mark 48M->48M(50M) 1.184ms
[930.039s][info][gc] GC(454) Concurrent Mark
[930.051s][info][gc] GC(454) Concurrent Mark 12.099ms
[930.052s][info][gc] GC(454) Concurrent Preclean
[930.052s][info][gc] GC(454) Concurrent Preclean 0.162ms
[930.052s][info][gc] GC(454) Concurrent Abortable Preclean
[930.052s][info][gc] GC(454) Concurrent Abortable Preclean 0.020ms
[930.057s][info][gc] GC(454) Pause Remark 48M->48M(50M) 5.327ms
[930.057s][info][gc] GC(454) Concurrent Sweep
[930.061s][info][gc] GC(454) Concurrent Sweep 3.239ms
[930.061s][info][gc] GC(454) Concurrent Reset
[930.061s][info][gc] GC(454) Concurrent Reset 0.033ms
[932.064s][info][gc] GC(455) Pause Initial Mark 48M->48M(50M) 1.036ms
[932.064s][info][gc] GC(455) Concurrent Mark
[932.076s][info][gc] GC(455) Concurrent Mark 11.867ms
[932.076s][info][gc] GC(455) Concurrent Preclean
[932.076s][info][gc] GC(455) Concurrent Preclean 0.144ms
[932.076s][info][gc] GC(455) Concurrent Abortable Preclean
[932.076s][info][gc] GC(455) Concurrent Abortable Preclean 0.019ms
[932.082s][info][gc] GC(455) Pause Remark 48M->48M(50M) 5.436ms
[932.082s][info][gc] GC(455) Concurrent Sweep
[932.085s][info][gc] GC(455) Concurrent Sweep 3.238ms
[932.085s][info][gc] GC(455) Concurrent Reset
[932.085s][info][gc] GC(455) Concurrent Reset 0.033ms
[934.087s][info][gc] GC(456) Pause Initial Mark 48M->48M(50M) 1.231ms
[934.087s][info][gc] GC(456) Concurrent Mark
[934.100s][info][gc] GC(456) Concurrent Mark 12.325ms
[934.100s][info][gc] GC(456) Concurrent Preclean
[934.100s][info][gc] GC(456) Concurrent Preclean 0.169ms
[934.100s][info][gc] GC(456) Concurrent Abortable Preclean
[934.100s][info][gc] GC(456) Concurrent Abortable Preclean 0.020ms
[934.107s][info][gc] GC(456) Pause Remark 48M->48M(50M) 6.938ms
[934.107s][info][gc] GC(456) Concurrent Sweep
[934.110s][info][gc] GC(456) Concurrent Sweep 2.999ms
[934.110s][info][gc] GC(456) Concurrent Reset
[934.110s][info][gc] GC(456) Concurrent Reset 0.030ms
[936.113s][info][gc] GC(457) Pause Initial Mark 48M->48M(50M) 1.102ms
[936.113s][info][gc] GC(457) Concurrent Mark
[936.125s][info][gc] GC(457) Concurrent Mark 12.055ms
[936.125s][info][gc] GC(457) Concurrent Preclean
[936.125s][info][gc] GC(457) Concurrent Preclean 0.143ms
[936.125s][info][gc] GC(457) Concurrent Abortable Preclean
[936.125s][info][gc] GC(457) Concurrent Abortable Preclean 0.023ms
[936.131s][info][gc] GC(457) Pause Remark 48M->48M(50M) 5.356ms
[936.131s][info][gc] GC(457) Concurrent Sweep
[936.134s][info][gc] GC(457) Concurrent Sweep 3.312ms
[936.134s][info][gc] GC(457) Concurrent Reset
[936.134s][info][gc] GC(457) Concurrent Reset 0.033ms
[938.140s][info][gc] GC(458) Pause Initial Mark 49M->49M(50M) 1.178ms
[938.140s][info][gc] GC(458) Concurrent Mark
[938.152s][info][gc] GC(458) Concurrent Mark 11.973ms
[938.152s][info][gc] GC(458) Concurrent Preclean
[938.152s][info][gc] GC(458) Concurrent Preclean 0.169ms
[938.152s][info][gc] GC(458) Concurrent Abortable Preclean
[938.152s][info][gc] GC(458) Concurrent Abortable Preclean 0.020ms
[938.158s][info][gc] GC(458) Pause Remark 49M->49M(50M) 5.428ms
[938.158s][info][gc] GC(458) Concurrent Sweep
[938.161s][info][gc] GC(458) Concurrent Sweep 3.238ms
[938.161s][info][gc] GC(458) Concurrent Reset
[938.161s][info][gc] GC(458) Concurrent Reset 0.033ms
[940.168s][info][gc] GC(459) Pause Initial Mark 49M->49M(50M) 1.124ms
[940.168s][info][gc] GC(459) Concurrent Mark
[940.180s][info][gc] GC(459) Concurrent Mark 12.067ms
[940.180s][info][gc] GC(459) Concurrent Preclean
[940.180s][info][gc] GC(459) Concurrent Preclean 0.159ms
[940.180s][info][gc] GC(459) Concurrent Abortable Preclean
[940.180s][info][gc] GC(459) Concurrent Abortable Preclean 0.020ms
[940.186s][info][gc] GC(459) Pause Remark 49M->49M(50M) 5.328ms
[940.186s][info][gc] GC(459) Concurrent Sweep
[940.189s][info][gc] GC(459) Concurrent Sweep 3.296ms
[940.189s][info][gc] GC(459) Concurrent Reset
[940.189s][info][gc] GC(459) Concurrent Reset 0.033ms
[942.194s][info][gc] GC(460) Pause Initial Mark 49M->49M(50M) 1.177ms
[942.194s][info][gc] GC(460) Concurrent Mark
[942.207s][info][gc] GC(460) Concurrent Mark 12.269ms
[942.207s][info][gc] GC(460) Concurrent Preclean
[942.207s][info][gc] GC(460) Concurrent Preclean 0.164ms
[942.207s][info][gc] GC(460) Concurrent Abortable Preclean
[942.207s][info][gc] GC(460) Concurrent Abortable Preclean 0.020ms
[942.212s][info][gc] GC(460) Pause Remark 49M->49M(50M) 5.334ms
[942.212s][info][gc] GC(460) Concurrent Sweep
[942.215s][info][gc] GC(460) Concurrent Sweep 3.020ms
[942.216s][info][gc] GC(460) Concurrent Reset
[942.216s][info][gc] GC(460) Concurrent Reset 0.030ms
[944.218s][info][gc] GC(461) Pause Initial Mark 49M->49M(50M) 1.155ms
[944.218s][info][gc] GC(461) Concurrent Mark
[944.230s][info][gc] GC(461) Concurrent Mark 12.084ms
[944.230s][info][gc] GC(461) Concurrent Preclean
[944.231s][info][gc] GC(461) Concurrent Preclean 0.166ms
[944.231s][info][gc] GC(461) Concurrent Abortable Preclean
[944.231s][info][gc] GC(461) Concurrent Abortable Preclean 0.020ms
[944.236s][info][gc] GC(461) Pause Remark 49M->49M(50M) 5.387ms
[944.236s][info][gc] GC(461) Concurrent Sweep
[944.240s][info][gc] GC(461) Concurrent Sweep 3.271ms
[944.240s][info][gc] GC(461) Concurrent Reset
[944.240s][info][gc] GC(461) Concurrent Reset 0.032ms
[946.245s][info][gc] GC(462) Pause Initial Mark 49M->49M(50M) 1.150ms
[946.245s][info][gc] GC(462) Concurrent Mark
[946.257s][info][gc] GC(462) Concurrent Mark 11.955ms
[946.257s][info][gc] GC(462) Concurrent Preclean
[946.257s][info][gc] GC(462) Concurrent Preclean 0.157ms
[946.257s][info][gc] GC(462) Concurrent Abortable Preclean
[946.257s][info][gc] GC(462) Concurrent Abortable Preclean 0.019ms
[946.263s][info][gc] GC(462) Pause Remark 49M->49M(50M) 5.470ms
[946.263s][info][gc] GC(462) Concurrent Sweep
[946.266s][info][gc] GC(462) Concurrent Sweep 3.246ms
[946.266s][info][gc] GC(462) Concurrent Reset
[946.266s][info][gc] GC(462) Concurrent Reset 0.033ms
[948.270s][info][gc] GC(463) Pause Initial Mark 49M->49M(50M) 1.161ms
[948.271s][info][gc] GC(463) Concurrent Mark
[948.283s][info][gc] GC(463) Concurrent Mark 12.078ms
[948.283s][info][gc] GC(463) Concurrent Preclean
[948.283s][info][gc] GC(463) Concurrent Preclean 0.174ms
[948.283s][info][gc] GC(463) Concurrent Abortable Preclean
[948.283s][info][gc] GC(463) Concurrent Abortable Preclean 0.020ms
[948.288s][info][gc] GC(463) Pause Remark 49M->49M(50M) 5.372ms
[948.289s][info][gc] GC(463) Concurrent Sweep
[948.292s][info][gc] GC(463) Concurrent Sweep 3.241ms
[948.292s][info][gc] GC(463) Concurrent Reset
[948.292s][info][gc] GC(463) Concurrent Reset 0.033ms
[950.299s][info][gc] GC(464) Pause Initial Mark 49M->49M(50M) 1.215ms
[950.299s][info][gc] GC(464) Concurrent Mark
[950.311s][info][gc] GC(464) Concurrent Mark 12.062ms
[950.311s][info][gc] GC(464) Concurrent Preclean
[950.311s][info][gc] GC(464) Concurrent Preclean 0.162ms
[950.311s][info][gc] GC(464) Concurrent Abortable Preclean
[950.311s][info][gc] GC(464) Concurrent Abortable Preclean 0.020ms
[950.317s][info][gc] GC(464) Pause Remark 49M->49M(50M) 5.545ms
[950.317s][info][gc] GC(464) Concurrent Sweep
[950.320s][info][gc] GC(464) Concurrent Sweep 3.155ms
[950.320s][info][gc] GC(464) Concurrent Reset
[950.320s][info][gc] GC(464) Concurrent Reset 0.031ms
[952.322s][info][gc] GC(465) Pause Initial Mark 49M->49M(50M) 1.160ms
[952.322s][info][gc] GC(465) Concurrent Mark
[952.334s][info][gc] GC(465) Concurrent Mark 12.123ms
[952.334s][info][gc] GC(465) Concurrent Preclean
[952.334s][info][gc] GC(465) Concurrent Preclean 0.164ms
[952.334s][info][gc] GC(465) Concurrent Abortable Preclean
[952.334s][info][gc] GC(465) Concurrent Abortable Preclean 0.020ms
[952.340s][info][gc] GC(465) Pause Remark 49M->49M(50M) 5.326ms
[952.340s][info][gc] GC(465) Concurrent Sweep
[952.343s][info][gc] GC(465) Concurrent Sweep 3.005ms
[952.343s][info][gc] GC(465) Concurrent Reset
[952.343s][info][gc] GC(465) Concurrent Reset 0.030ms
[954.345s][info][gc] GC(466) Pause Initial Mark 49M->49M(50M) 1.131ms
[954.345s][info][gc] GC(466) Concurrent Mark
[954.358s][info][gc] GC(466) Concurrent Mark 12.107ms
[954.358s][info][gc] GC(466) Concurrent Preclean
[954.358s][info][gc] GC(466) Concurrent Preclean 0.168ms
[954.358s][info][gc] GC(466) Concurrent Abortable Preclean
[954.358s][info][gc] GC(466) Concurrent Abortable Preclean 0.020ms
[954.363s][info][gc] GC(466) Pause Remark 49M->49M(50M) 5.338ms
[954.363s][info][gc] GC(466) Concurrent Sweep
[954.367s][info][gc] GC(466) Concurrent Sweep 3.239ms
[954.367s][info][gc] GC(466) Concurrent Reset
[954.367s][info][gc] GC(466) Concurrent Reset 0.032ms
[956.371s][info][gc] GC(467) Pause Initial Mark 49M->49M(50M) 1.229ms
[956.371s][info][gc] GC(467) Concurrent Mark
[956.383s][info][gc] GC(467) Concurrent Mark 12.245ms
[956.383s][info][gc] GC(467) Concurrent Preclean
[956.383s][info][gc] GC(467) Concurrent Preclean 0.161ms
[956.384s][info][gc] GC(467) Concurrent Abortable Preclean
[956.384s][info][gc] GC(467) Concurrent Abortable Preclean 0.020ms
[956.389s][info][gc] GC(467) Pause Remark 49M->49M(50M) 5.621ms
[956.389s][info][gc] GC(467) Concurrent Sweep
[956.393s][info][gc] GC(467) Concurrent Sweep 3.226ms
[956.393s][info][gc] GC(467) Concurrent Reset
[956.393s][info][gc] GC(467) Concurrent Reset 0.030ms
[958.395s][info][gc] GC(468) Pause Initial Mark 49M->49M(50M) 1.176ms
[958.395s][info][gc] GC(468) Concurrent Mark
[958.407s][info][gc] GC(468) Concurrent Mark 12.039ms
[958.407s][info][gc] GC(468) Concurrent Preclean
[958.407s][info][gc] GC(468) Concurrent Preclean 0.154ms
[958.407s][info][gc] GC(468) Concurrent Abortable Preclean
[958.407s][info][gc] GC(468) Concurrent Abortable Preclean 0.019ms
[958.413s][info][gc] GC(468) Pause Remark 49M->49M(50M) 5.347ms
[958.413s][info][gc] GC(468) Concurrent Sweep
[958.416s][info][gc] GC(468) Concurrent Sweep 3.256ms
[958.416s][info][gc] GC(468) Concurrent Reset
[958.416s][info][gc] GC(468) Concurrent Reset 0.032ms
[960.422s][info][gc] GC(469) Pause Initial Mark 49M->49M(50M) 1.294ms
[960.423s][info][gc] GC(469) Concurrent Mark
[960.435s][info][gc] GC(469) Concurrent Mark 12.504ms
[960.435s][info][gc] GC(469) Concurrent Preclean
[960.435s][info][gc] GC(469) Concurrent Preclean 0.171ms
[960.435s][info][gc] GC(469) Concurrent Abortable Preclean
[960.435s][info][gc] GC(469) Concurrent Abortable Preclean 0.020ms
[960.441s][info][gc] GC(469) Pause Remark 49M->49M(50M) 5.531ms
[960.441s][info][gc] GC(469) Concurrent Sweep
[960.444s][info][gc] GC(469) Concurrent Sweep 3.336ms
[960.445s][info][gc] GC(469) Concurrent Reset
[960.445s][info][gc] GC(469) Concurrent Reset 0.034ms
[962.445s][info][gc] GC(470) Pause Initial Mark 49M->49M(50M) 0.823ms
[962.445s][info][gc] GC(470) Concurrent Mark
[962.460s][info][gc] GC(470) Concurrent Mark 14.586ms
[962.460s][info][gc] GC(470) Concurrent Preclean
[962.460s][info][gc] GC(470) Concurrent Preclean 0.135ms
[962.460s][info][gc] GC(470) Concurrent Abortable Preclean
[962.460s][info][gc] GC(470) Concurrent Abortable Preclean 0.014ms
[962.468s][info][gc] GC(470) Pause Remark 49M->49M(50M) 8.194ms
[962.468s][info][gc] GC(470) Concurrent Sweep
[962.472s][info][gc] GC(470) Concurrent Sweep 3.347ms
[962.472s][info][gc] GC(470) Concurrent Reset
[962.472s][info][gc] GC(470) Concurrent Reset 0.031ms
[964.473s][info][gc] GC(471) Pause Initial Mark 49M->49M(50M) 1.141ms
[964.473s][info][gc] GC(471) Concurrent Mark
[964.484s][info][gc] GC(471) Concurrent Mark 11.454ms
[964.484s][info][gc] GC(471) Concurrent Preclean
[964.484s][info][gc] GC(471) Concurrent Preclean 0.148ms
[964.485s][info][gc] GC(471) Concurrent Abortable Preclean
[964.485s][info][gc] GC(471) Concurrent Abortable Preclean 0.017ms
[964.490s][info][gc] GC(471) Pause Remark 49M->49M(50M) 5.461ms
[964.490s][info][gc] GC(471) Concurrent Sweep
[964.493s][info][gc] GC(471) Concurrent Sweep 3.298ms
[964.494s][info][gc] GC(471) Concurrent Reset
[964.494s][info][gc] GC(471) Concurrent Reset 0.030ms
[966.495s][info][gc] GC(472) Pause Initial Mark 49M->49M(50M) 1.163ms
[966.495s][info][gc] GC(472) Concurrent Mark
[966.507s][info][gc] GC(472) Concurrent Mark 12.024ms
[966.507s][info][gc] GC(472) Concurrent Preclean
[966.507s][info][gc] GC(472) Concurrent Preclean 0.143ms
[966.507s][info][gc] GC(472) Concurrent Abortable Preclean
[966.507s][info][gc] GC(472) Concurrent Abortable Preclean 0.016ms
[966.513s][info][gc] GC(472) Pause Remark 49M->49M(50M) 5.425ms
[966.513s][info][gc] GC(472) Concurrent Sweep
[966.516s][info][gc] GC(472) Concurrent Sweep 3.197ms
[966.516s][info][gc] GC(472) Concurrent Reset
[966.516s][info][gc] GC(472) Concurrent Reset 0.029ms
[968.520s][info][gc] GC(473) Pause Initial Mark 49M->49M(50M) 1.130ms
[968.520s][info][gc] GC(473) Concurrent Mark
[968.532s][info][gc] GC(473) Concurrent Mark 12.138ms
[968.532s][info][gc] GC(473) Concurrent Preclean
[968.532s][info][gc] GC(473) Concurrent Preclean 0.155ms
[968.532s][info][gc] GC(473) Concurrent Abortable Preclean
[968.532s][info][gc] GC(473) Concurrent Abortable Preclean 0.016ms
[968.538s][info][gc] GC(473) Pause Remark 49M->49M(50M) 5.897ms
[968.539s][info][gc] GC(473) Concurrent Sweep
[968.542s][info][gc] GC(473) Concurrent Sweep 3.233ms
[968.542s][info][gc] GC(473) Concurrent Reset
[968.542s][info][gc] GC(473) Concurrent Reset 0.028ms
[970.548s][info][gc] GC(474) Pause Initial Mark 49M->49M(50M) 1.190ms
[970.548s][info][gc] GC(474) Concurrent Mark
[970.560s][info][gc] GC(474) Concurrent Mark 12.048ms
[970.560s][info][gc] GC(474) Concurrent Preclean
[970.560s][info][gc] GC(474) Concurrent Preclean 0.141ms
[970.560s][info][gc] GC(474) Concurrent Abortable Preclean
[970.560s][info][gc] GC(474) Concurrent Abortable Preclean 0.016ms
[970.566s][info][gc] GC(474) Pause Remark 49M->49M(50M) 5.582ms
[970.566s][info][gc] GC(474) Concurrent Sweep
[970.569s][info][gc] GC(474) Concurrent Sweep 3.232ms
[970.569s][info][gc] GC(474) Concurrent Reset
[970.570s][info][gc] GC(474) Concurrent Reset 0.030ms
[972.573s][info][gc] GC(475) Pause Initial Mark 49M->49M(50M) 1.159ms
[972.573s][info][gc] GC(475) Concurrent Mark
[972.586s][info][gc] GC(475) Concurrent Mark 12.311ms
[972.586s][info][gc] GC(475) Concurrent Preclean
[972.586s][info][gc] GC(475) Concurrent Preclean 0.149ms
[972.586s][info][gc] GC(475) Concurrent Abortable Preclean
[972.586s][info][gc] GC(475) Concurrent Abortable Preclean 0.020ms
[972.593s][info][gc] GC(475) Pause Remark 49M->49M(50M) 6.434ms
[972.593s][info][gc] GC(475) Concurrent Sweep
[972.596s][info][gc] GC(475) Concurrent Sweep 3.000ms
[972.596s][info][gc] GC(475) Concurrent Reset
[972.596s][info][gc] GC(475) Concurrent Reset 0.028ms
[974.601s][info][gc] GC(476) Pause Initial Mark 49M->49M(50M) 1.200ms
[974.601s][info][gc] GC(476) Concurrent Mark
[974.613s][info][gc] GC(476) Concurrent Mark 12.037ms
[974.613s][info][gc] GC(476) Concurrent Preclean
[974.613s][info][gc] GC(476) Concurrent Preclean 0.158ms
[974.613s][info][gc] GC(476) Concurrent Abortable Preclean
[974.613s][info][gc] GC(476) Concurrent Abortable Preclean 0.018ms
[974.619s][info][gc] GC(476) Pause Remark 49M->49M(50M) 5.487ms
[974.619s][info][gc] GC(476) Concurrent Sweep
[974.622s][info][gc] GC(476) Concurrent Sweep 3.228ms
[974.622s][info][gc] GC(476) Concurrent Reset
[974.622s][info][gc] GC(476) Concurrent Reset 0.029ms
[976.625s][info][gc] GC(477) Pause Initial Mark 49M->49M(50M) 1.177ms
[976.625s][info][gc] GC(477) Concurrent Mark
[976.637s][info][gc] GC(477) Concurrent Mark 12.136ms
[976.637s][info][gc] GC(477) Concurrent Preclean
[976.638s][info][gc] GC(477) Concurrent Preclean 0.142ms
[976.638s][info][gc] GC(477) Concurrent Abortable Preclean
[976.638s][info][gc] GC(477) Concurrent Abortable Preclean 0.016ms
[976.643s][info][gc] GC(477) Pause Remark 49M->49M(50M) 5.327ms
[976.643s][info][gc] GC(477) Concurrent Sweep
[976.646s][info][gc] GC(477) Concurrent Sweep 3.213ms
[976.646s][info][gc] GC(477) Concurrent Reset
[976.646s][info][gc] GC(477) Concurrent Reset 0.028ms
[978.649s][info][gc] GC(478) Pause Initial Mark 49M->49M(50M) 0.708ms
[978.649s][info][gc] GC(478) Concurrent Mark
[978.659s][info][gc] GC(478) Concurrent Mark 10.234ms
[978.659s][info][gc] GC(478) Concurrent Preclean
[978.659s][info][gc] GC(478) Concurrent Preclean 0.141ms
[978.659s][info][gc] GC(478) Concurrent Abortable Preclean
[978.659s][info][gc] GC(478) Concurrent Abortable Preclean 0.014ms
[978.664s][info][gc] GC(478) Pause Remark 49M->49M(50M) 4.889ms
[978.664s][info][gc] GC(478) Concurrent Sweep
[978.667s][info][gc] GC(478) Concurrent Sweep 3.055ms
[978.667s][info][gc] GC(478) Concurrent Reset
[978.667s][info][gc] GC(478) Concurrent Reset 0.028ms
[980.674s][info][gc] GC(479) Pause Initial Mark 49M->49M(50M) 1.181ms
[980.674s][info][gc] GC(479) Concurrent Mark
[980.686s][info][gc] GC(479) Concurrent Mark 12.088ms
[980.686s][info][gc] GC(479) Concurrent Preclean
[980.686s][info][gc] GC(479) Concurrent Preclean 0.156ms
[980.686s][info][gc] GC(479) Concurrent Abortable Preclean
[980.686s][info][gc] GC(479) Concurrent Abortable Preclean 0.018ms
[980.692s][info][gc] GC(479) Pause Remark 49M->49M(50M) 5.526ms
[980.692s][info][gc] GC(479) Concurrent Sweep
[980.695s][info][gc] GC(479) Concurrent Sweep 3.213ms
[980.695s][info][gc] GC(479) Concurrent Reset
[980.695s][info][gc] GC(479) Concurrent Reset 0.030ms
[982.696s][info][gc] GC(480) Pause Initial Mark 49M->49M(50M) 1.095ms
[982.696s][info][gc] GC(480) Concurrent Mark
[982.708s][info][gc] GC(480) Concurrent Mark 12.064ms
[982.708s][info][gc] GC(480) Concurrent Preclean
[982.708s][info][gc] GC(480) Concurrent Preclean 0.167ms
[982.708s][info][gc] GC(480) Concurrent Abortable Preclean
[982.708s][info][gc] GC(480) Concurrent Abortable Preclean 0.015ms
[982.714s][info][gc] GC(480) Pause Remark 49M->49M(50M) 5.571ms
[982.714s][info][gc] GC(480) Concurrent Sweep
[982.719s][info][gc] GC(480) Concurrent Sweep 4.512ms
[982.719s][info][gc] GC(480) Concurrent Reset
[982.719s][info][gc] GC(480) Concurrent Reset 0.030ms
[984.721s][info][gc] GC(481) Pause Initial Mark 49M->49M(50M) 1.405ms
[984.721s][info][gc] GC(481) Concurrent Mark
[984.733s][info][gc] GC(481) Concurrent Mark 11.426ms
[984.733s][info][gc] GC(481) Concurrent Preclean
[984.733s][info][gc] GC(481) Concurrent Preclean 0.146ms
[984.733s][info][gc] GC(481) Concurrent Abortable Preclean
[984.733s][info][gc] GC(481) Concurrent Abortable Preclean 0.016ms
[984.742s][info][gc] GC(481) Pause Remark 49M->49M(50M) 8.486ms
[984.742s][info][gc] GC(481) Concurrent Sweep
[984.745s][info][gc] GC(481) Concurrent Sweep 3.290ms
[984.745s][info][gc] GC(481) Concurrent Reset
[984.745s][info][gc] GC(481) Concurrent Reset 0.030ms
[986.747s][info][gc] GC(482) Pause Initial Mark 49M->49M(50M) 1.243ms
[986.747s][info][gc] GC(482) Concurrent Mark
[986.759s][info][gc] GC(482) Concurrent Mark 12.128ms
[986.759s][info][gc] GC(482) Concurrent Preclean
[986.759s][info][gc] GC(482) Concurrent Preclean 0.141ms
[986.759s][info][gc] GC(482) Concurrent Abortable Preclean
[986.759s][info][gc] GC(482) Concurrent Abortable Preclean 0.016ms
[986.765s][info][gc] GC(482) Pause Remark 49M->49M(50M) 5.390ms
[986.765s][info][gc] GC(482) Concurrent Sweep
[986.768s][info][gc] GC(482) Concurrent Sweep 3.209ms
[986.768s][info][gc] GC(482) Concurrent Reset
[986.768s][info][gc] GC(482) Concurrent Reset 0.028ms
[988.772s][info][gc] GC(483) Pause Initial Mark 49M->49M(50M) 1.249ms
[988.773s][info][gc] GC(483) Concurrent Mark
[988.785s][info][gc] GC(483) Concurrent Mark 12.778ms
[988.785s][info][gc] GC(483) Concurrent Preclean
[988.786s][info][gc] GC(483) Concurrent Preclean 0.155ms
[988.786s][info][gc] GC(483) Concurrent Abortable Preclean
[988.786s][info][gc] GC(483) Concurrent Abortable Preclean 0.019ms
[988.791s][info][gc] GC(483) Pause Remark 49M->49M(50M) 5.353ms
[988.791s][info][gc] GC(483) Concurrent Sweep
[988.795s][info][gc] GC(483) Concurrent Sweep 3.377ms
[988.795s][info][gc] GC(483) Concurrent Reset
[988.795s][info][gc] GC(483) Concurrent Reset 0.033ms
[990.799s][info][gc] GC(484) Pause Initial Mark 49M->49M(50M) 1.237ms
[990.799s][info][gc] GC(484) Concurrent Mark
[990.811s][info][gc] GC(484) Concurrent Mark 11.875ms
[990.811s][info][gc] GC(484) Concurrent Preclean
[990.812s][info][gc] GC(484) Concurrent Preclean 0.142ms
[990.812s][info][gc] GC(484) Concurrent Abortable Preclean
[990.812s][info][gc] GC(484) Concurrent Abortable Preclean 0.019ms
[990.818s][info][gc] GC(484) Pause Remark 49M->49M(50M) 6.240ms
[990.818s][info][gc] GC(484) Concurrent Sweep
[990.821s][info][gc] GC(484) Concurrent Sweep 3.239ms
[990.821s][info][gc] GC(484) Concurrent Reset
[990.821s][info][gc] GC(484) Concurrent Reset 0.030ms
[992.828s][info][gc] GC(485) Pause Initial Mark 49M->49M(50M) 1.198ms
[992.828s][info][gc] GC(485) Concurrent Mark
[992.840s][info][gc] GC(485) Concurrent Mark 12.036ms
[992.840s][info][gc] GC(485) Concurrent Preclean
[992.840s][info][gc] GC(485) Concurrent Preclean 0.146ms
[992.840s][info][gc] GC(485) Concurrent Abortable Preclean
[992.840s][info][gc] GC(485) Concurrent Abortable Preclean 0.019ms
[992.846s][info][gc] GC(485) Pause Remark 49M->49M(50M) 5.323ms
[992.846s][info][gc] GC(485) Concurrent Sweep
[992.849s][info][gc] GC(485) Concurrent Sweep 3.222ms
[992.849s][info][gc] GC(485) Concurrent Reset
[992.849s][info][gc] GC(485) Concurrent Reset 0.031ms
[994.854s][info][gc] GC(486) Pause Initial Mark 49M->49M(50M) 1.234ms
[994.854s][info][gc] GC(486) Concurrent Mark
[994.866s][info][gc] GC(486) Concurrent Mark 11.963ms
[994.866s][info][gc] GC(486) Concurrent Preclean
[994.866s][info][gc] GC(486) Concurrent Preclean 0.159ms
[994.866s][info][gc] GC(486) Concurrent Abortable Preclean
[994.866s][info][gc] GC(486) Concurrent Abortable Preclean 0.020ms
[994.872s][info][gc] GC(486) Pause Remark 49M->49M(50M) 5.525ms
[994.872s][info][gc] GC(486) Concurrent Sweep
[994.875s][info][gc] GC(486) Concurrent Sweep 3.241ms
[994.875s][info][gc] GC(486) Concurrent Reset
[994.875s][info][gc] GC(486) Concurrent Reset 0.032ms
[996.877s][info][gc] GC(487) Pause Initial Mark 49M->49M(50M) 1.183ms
[996.878s][info][gc] GC(487) Concurrent Mark
[996.890s][info][gc] GC(487) Concurrent Mark 12.192ms
[996.890s][info][gc] GC(487) Concurrent Preclean
[996.890s][info][gc] GC(487) Concurrent Preclean 0.144ms
[996.890s][info][gc] GC(487) Concurrent Abortable Preclean
[996.890s][info][gc] GC(487) Concurrent Abortable Preclean 0.019ms
[996.895s][info][gc] GC(487) Pause Remark 49M->49M(50M) 5.319ms
[996.896s][info][gc] GC(487) Concurrent Sweep
[996.899s][info][gc] GC(487) Concurrent Sweep 3.291ms
[996.899s][info][gc] GC(487) Concurrent Reset
[996.899s][info][gc] GC(487) Concurrent Reset 0.038ms
[998.903s][info][gc] GC(488) Pause Initial Mark 49M->49M(50M) 1.193ms
[998.903s][info][gc] GC(488) Concurrent Mark
[998.915s][info][gc] GC(488) Concurrent Mark 12.153ms
[998.915s][info][gc] GC(488) Concurrent Preclean
[998.915s][info][gc] GC(488) Concurrent Preclean 0.155ms
[998.915s][info][gc] GC(488) Concurrent Abortable Preclean
[998.915s][info][gc] GC(488) Concurrent Abortable Preclean 0.019ms
[998.920s][info][gc] GC(488) Pause Remark 49M->49M(50M) 5.249ms
[998.921s][info][gc] GC(488) Concurrent Sweep
[998.924s][info][gc] GC(488) Concurrent Sweep 3.115ms
[998.924s][info][gc] GC(488) Concurrent Reset
[998.924s][info][gc] GC(488) Concurrent Reset 0.031ms
[1000.925s][info][gc] GC(489) Pause Initial Mark 49M->49M(50M) 0.985ms
[1000.925s][info][gc] GC(489) Concurrent Mark
[1000.937s][info][gc] GC(489) Concurrent Mark 11.961ms
[1000.938s][info][gc] GC(489) Concurrent Preclean
[1000.938s][info][gc] GC(489) Concurrent Preclean 0.158ms
[1000.938s][info][gc] GC(489) Concurrent Abortable Preclean
[1000.938s][info][gc] GC(489) Concurrent Abortable Preclean 0.020ms
[1000.943s][info][gc] GC(489) Pause Remark 49M->49M(50M) 5.624ms
[1000.944s][info][gc] GC(489) Concurrent Sweep
[1000.947s][info][gc] GC(489) Concurrent Sweep 3.220ms
[1000.947s][info][gc] GC(489) Concurrent Reset
[1000.947s][info][gc] GC(489) Concurrent Reset 0.030ms
[1002.952s][info][gc] GC(490) Pause Initial Mark 49M->49M(50M) 1.194ms
[1002.952s][info][gc] GC(490) Concurrent Mark
[1002.964s][info][gc] GC(490) Concurrent Mark 12.143ms
[1002.964s][info][gc] GC(490) Concurrent Preclean
[1002.964s][info][gc] GC(490) Concurrent Preclean 0.145ms
[1002.964s][info][gc] GC(490) Concurrent Abortable Preclean
[1002.964s][info][gc] GC(490) Concurrent Abortable Preclean 0.019ms
[1002.970s][info][gc] GC(490) Pause Remark 49M->49M(50M) 5.309ms
[1002.970s][info][gc] GC(490) Concurrent Sweep
[1002.973s][info][gc] GC(490) Concurrent Sweep 3.239ms
[1002.973s][info][gc] GC(490) Concurrent Reset
[1002.973s][info][gc] GC(490) Concurrent Reset 0.032ms
[1004.980s][info][gc] GC(491) Pause Initial Mark 49M->49M(50M) 1.275ms
[1004.980s][info][gc] GC(491) Concurrent Mark
[1004.992s][info][gc] GC(491) Concurrent Mark 12.080ms
[1004.992s][info][gc] GC(491) Concurrent Preclean
[1004.992s][info][gc] GC(491) Concurrent Preclean 0.167ms
[1004.992s][info][gc] GC(491) Concurrent Abortable Preclean
[1004.992s][info][gc] GC(491) Concurrent Abortable Preclean 0.020ms
[1004.998s][info][gc] GC(491) Pause Remark 49M->49M(50M) 5.531ms
[1004.998s][info][gc] GC(491) Concurrent Sweep
[1005.001s][info][gc] GC(491) Concurrent Sweep 3.246ms
[1005.001s][info][gc] GC(491) Concurrent Reset
[1005.001s][info][gc] GC(491) Concurrent Reset 0.032ms
[1007.001s][info][gc] GC(492) Pause Initial Mark 49M->49M(50M) 1.181ms
[1007.002s][info][gc] GC(492) Concurrent Mark
[1007.014s][info][gc] GC(492) Concurrent Mark 12.286ms
[1007.014s][info][gc] GC(492) Concurrent Preclean
[1007.014s][info][gc] GC(492) Concurrent Preclean 0.144ms
[1007.014s][info][gc] GC(492) Concurrent Abortable Preclean
[1007.014s][info][gc] GC(492) Concurrent Abortable Preclean 0.019ms
[1007.020s][info][gc] GC(492) Pause Remark 49M->49M(50M) 5.379ms
[1007.020s][info][gc] GC(492) Concurrent Sweep
[1007.023s][info][gc] GC(492) Concurrent Sweep 3.274ms
[1007.023s][info][gc] GC(492) Concurrent Reset
[1007.023s][info][gc] GC(492) Concurrent Reset 0.032ms
[1009.025s][info][gc] GC(493) Pause Initial Mark 49M->49M(50M) 1.189ms
[1009.025s][info][gc] GC(493) Concurrent Mark
[1009.037s][info][gc] GC(493) Concurrent Mark 12.147ms
[1009.037s][info][gc] GC(493) Concurrent Preclean
[1009.038s][info][gc] GC(493) Concurrent Preclean 0.171ms
[1009.038s][info][gc] GC(493) Concurrent Abortable Preclean
[1009.038s][info][gc] GC(493) Concurrent Abortable Preclean 0.024ms
[1009.043s][info][gc] GC(493) Pause Remark 49M->49M(50M) 5.347ms
[1009.043s][info][gc] GC(493) Concurrent Sweep
[1009.046s][info][gc] GC(493) Concurrent Sweep 3.244ms
[1009.047s][info][gc] GC(493) Concurrent Reset
[1009.047s][info][gc] GC(493) Concurrent Reset 0.035ms
[1011.051s][info][gc] GC(494) Pause Initial Mark 49M->49M(50M) 1.275ms
[1011.051s][info][gc] GC(494) Concurrent Mark
[1011.063s][info][gc] GC(494) Concurrent Mark 12.054ms
[1011.063s][info][gc] GC(494) Concurrent Preclean
[1011.063s][info][gc] GC(494) Concurrent Preclean 0.162ms
[1011.063s][info][gc] GC(494) Concurrent Abortable Preclean
[1011.063s][info][gc] GC(494) Concurrent Abortable Preclean 0.020ms
[1011.069s][info][gc] GC(494) Pause Remark 49M->49M(50M) 5.804ms
[1011.069s][info][gc] GC(494) Concurrent Sweep
[1011.072s][info][gc] GC(494) Concurrent Sweep 3.244ms
[1011.072s][info][gc] GC(494) Concurrent Reset
[1011.072s][info][gc] GC(494) Concurrent Reset 0.032ms
[1013.077s][info][gc] GC(495) Pause Initial Mark 49M->49M(50M) 1.153ms
[1013.077s][info][gc] GC(495) Concurrent Mark
[1013.089s][info][gc] GC(495) Concurrent Mark 12.156ms
[1013.089s][info][gc] GC(495) Concurrent Preclean
[1013.089s][info][gc] GC(495) Concurrent Preclean 0.166ms
[1013.089s][info][gc] GC(495) Concurrent Abortable Preclean
[1013.089s][info][gc] GC(495) Concurrent Abortable Preclean 0.020ms
[1013.095s][info][gc] GC(495) Pause Remark 49M->49M(50M) 5.341ms
[1013.095s][info][gc] GC(495) Concurrent Sweep
[1013.098s][info][gc] GC(495) Concurrent Sweep 3.057ms
[1013.098s][info][gc] GC(495) Concurrent Reset
[1013.098s][info][gc] GC(495) Concurrent Reset 0.030ms
[1015.103s][info][gc] GC(496) Pause Initial Mark 49M->49M(50M) 1.204ms
[1015.104s][info][gc] GC(496) Concurrent Mark
[1015.116s][info][gc] GC(496) Concurrent Mark 11.964ms
[1015.116s][info][gc] GC(496) Concurrent Preclean
[1015.116s][info][gc] GC(496) Concurrent Preclean 0.158ms
[1015.116s][info][gc] GC(496) Concurrent Abortable Preclean
[1015.116s][info][gc] GC(496) Concurrent Abortable Preclean 0.020ms
[1015.121s][info][gc] GC(496) Pause Remark 49M->49M(50M) 5.429ms
[1015.122s][info][gc] GC(496) Concurrent Sweep
[1015.125s][info][gc] GC(496) Concurrent Sweep 3.005ms
[1015.125s][info][gc] GC(496) Concurrent Reset
[1015.125s][info][gc] GC(496) Concurrent Reset 0.030ms
[1017.126s][info][gc] GC(497) Pause Initial Mark 49M->49M(50M) 1.187ms
[1017.126s][info][gc] GC(497) Concurrent Mark
[1017.138s][info][gc] GC(497) Concurrent Mark 11.952ms
[1017.138s][info][gc] GC(497) Concurrent Preclean
[1017.138s][info][gc] GC(497) Concurrent Preclean 0.144ms
[1017.138s][info][gc] GC(497) Concurrent Abortable Preclean
[1017.138s][info][gc] GC(497) Concurrent Abortable Preclean 0.019ms
[1017.144s][info][gc] GC(497) Pause Remark 49M->49M(50M) 5.324ms
[1017.144s][info][gc] GC(497) Concurrent Sweep
[1017.147s][info][gc] GC(497) Concurrent Sweep 3.243ms
[1017.147s][info][gc] GC(497) Concurrent Reset
[1017.147s][info][gc] GC(497) Concurrent Reset 0.032ms
[1019.153s][info][gc] GC(498) Pause Initial Mark 49M->49M(50M) 1.258ms
[1019.154s][info][gc] GC(498) Concurrent Mark
[1019.166s][info][gc] GC(498) Concurrent Mark 12.123ms
[1019.166s][info][gc] GC(498) Concurrent Preclean
[1019.166s][info][gc] GC(498) Concurrent Preclean 0.170ms
[1019.166s][info][gc] GC(498) Concurrent Abortable Preclean
[1019.166s][info][gc] GC(498) Concurrent Abortable Preclean 0.020ms
[1019.172s][info][gc] GC(498) Pause Remark 49M->49M(50M) 5.384ms
[1019.172s][info][gc] GC(498) Concurrent Sweep
[1019.175s][info][gc] GC(498) Concurrent Sweep 3.273ms
[1019.175s][info][gc] GC(498) Concurrent Reset
[1019.175s][info][gc] GC(498) Concurrent Reset 0.033ms
[1021.177s][info][gc] GC(499) Pause Initial Mark 49M->49M(50M) 1.186ms
[1021.177s][info][gc] GC(499) Concurrent Mark
[1021.189s][info][gc] GC(499) Concurrent Mark 12.087ms
[1021.189s][info][gc] GC(499) Concurrent Preclean
[1021.189s][info][gc] GC(499) Concurrent Preclean 0.162ms
[1021.189s][info][gc] GC(499) Concurrent Abortable Preclean
[1021.189s][info][gc] GC(499) Concurrent Abortable Preclean 0.020ms
[1021.195s][info][gc] GC(499) Pause Remark 49M->49M(50M) 5.310ms
[1021.195s][info][gc] GC(499) Concurrent Sweep
[1021.198s][info][gc] GC(499) Concurrent Sweep 3.246ms
[1021.198s][info][gc] GC(499) Concurrent Reset
[1021.198s][info][gc] GC(499) Concurrent Reset 0.036ms
[1023.205s][info][gc] GC(500) Pause Initial Mark 49M->49M(50M) 1.175ms
[1023.205s][info][gc] GC(500) Concurrent Mark
[1023.221s][info][gc] GC(500) Concurrent Mark 15.267ms
[1023.221s][info][gc] GC(500) Concurrent Preclean
[1023.221s][info][gc] GC(500) Concurrent Preclean 0.312ms
[1023.221s][info][gc] GC(500) Concurrent Abortable Preclean
[1023.221s][info][gc] GC(500) Concurrent Abortable Preclean 0.035ms
[1023.227s][info][gc] GC(500) Pause Remark 49M->49M(50M) 5.588ms
[1023.227s][info][gc] GC(500) Concurrent Sweep
[1023.230s][info][gc] GC(500) Concurrent Sweep 3.260ms
[1023.230s][info][gc] GC(500) Concurrent Reset
[1023.230s][info][gc] GC(500) Concurrent Reset 0.033ms
[1025.234s][info][gc] GC(501) Pause Initial Mark 49M->49M(50M) 1.283ms
[1025.234s][info][gc] GC(501) Concurrent Mark
[1025.248s][info][gc] GC(501) Concurrent Mark 13.056ms
[1025.248s][info][gc] GC(501) Concurrent Preclean
[1025.248s][info][gc] GC(501) Concurrent Preclean 0.142ms
[1025.248s][info][gc] GC(501) Concurrent Abortable Preclean
[1025.248s][info][gc] GC(501) Concurrent Abortable Preclean 0.019ms
[1025.253s][info][gc] GC(501) Pause Remark 49M->49M(50M) 5.353ms
[1025.253s][info][gc] GC(501) Concurrent Sweep
[1025.257s][info][gc] GC(501) Concurrent Sweep 3.308ms
[1025.257s][info][gc] GC(501) Concurrent Reset
[1025.257s][info][gc] GC(501) Concurrent Reset 0.033ms
[1027.260s][info][gc] GC(502) Pause Initial Mark 49M->49M(50M) 1.144ms
[1027.260s][info][gc] GC(502) Concurrent Mark
[1027.272s][info][gc] GC(502) Concurrent Mark 11.886ms
[1027.272s][info][gc] GC(502) Concurrent Preclean
[1027.272s][info][gc] GC(502) Concurrent Preclean 0.142ms
[1027.272s][info][gc] GC(502) Concurrent Abortable Preclean
[1027.272s][info][gc] GC(502) Concurrent Abortable Preclean 0.017ms
[1027.278s][info][gc] GC(502) Pause Remark 49M->49M(50M) 5.543ms
[1027.278s][info][gc] GC(502) Concurrent Sweep
[1027.281s][info][gc] GC(502) Concurrent Sweep 3.171ms
[1027.281s][info][gc] GC(502) Concurrent Reset
[1027.281s][info][gc] GC(502) Concurrent Reset 0.031ms
[1029.285s][info][gc] GC(503) Pause Initial Mark 49M->49M(50M) 1.157ms
[1029.285s][info][gc] GC(503) Concurrent Mark
[1029.297s][info][gc] GC(503) Concurrent Mark 11.950ms
[1029.297s][info][gc] GC(503) Concurrent Preclean
[1029.297s][info][gc] GC(503) Concurrent Preclean 0.156ms
[1029.297s][info][gc] GC(503) Concurrent Abortable Preclean
[1029.297s][info][gc] GC(503) Concurrent Abortable Preclean 0.019ms
[1029.303s][info][gc] GC(503) Pause Remark 49M->49M(50M) 5.347ms
[1029.303s][info][gc] GC(503) Concurrent Sweep
[1029.306s][info][gc] GC(503) Concurrent Sweep 3.224ms
[1029.306s][info][gc] GC(503) Concurrent Reset
[1029.306s][info][gc] GC(503) Concurrent Reset 0.031ms
[1031.309s][info][gc] GC(504) Pause Initial Mark 49M->49M(50M) 1.212ms
[1031.309s][info][gc] GC(504) Concurrent Mark
[1031.321s][info][gc] GC(504) Concurrent Mark 12.192ms
[1031.321s][info][gc] GC(504) Concurrent Preclean
[1031.321s][info][gc] GC(504) Concurrent Preclean 0.143ms
[1031.322s][info][gc] GC(504) Concurrent Abortable Preclean
[1031.322s][info][gc] GC(504) Concurrent Abortable Preclean 0.019ms
[1031.327s][info][gc] GC(504) Pause Remark 49M->49M(50M) 5.500ms
[1031.327s][info][gc] GC(504) Concurrent Sweep
[1031.330s][info][gc] GC(504) Concurrent Sweep 3.128ms
[1031.330s][info][gc] GC(504) Concurrent Reset
[1031.330s][info][gc] GC(504) Concurrent Reset 0.030ms
[1033.332s][info][gc] GC(505) Pause Initial Mark 49M->49M(50M) 1.017ms
[1033.333s][info][gc] GC(505) Concurrent Mark
[1033.344s][info][gc] GC(505) Concurrent Mark 11.858ms
[1033.344s][info][gc] GC(505) Concurrent Preclean
[1033.345s][info][gc] GC(505) Concurrent Preclean 0.163ms
[1033.345s][info][gc] GC(505) Concurrent Abortable Preclean
[1033.345s][info][gc] GC(505) Concurrent Abortable Preclean 0.020ms
[1033.350s][info][gc] GC(505) Pause Remark 49M->49M(50M) 5.493ms
[1033.350s][info][gc] GC(505) Concurrent Sweep
[1033.354s][info][gc] GC(505) Concurrent Sweep 3.135ms
[1033.354s][info][gc] GC(505) Concurrent Reset
[1033.354s][info][gc] GC(505) Concurrent Reset 0.031ms
[1035.359s][info][gc] GC(506) Pause Initial Mark 49M->49M(50M) 1.151ms
[1035.359s][info][gc] GC(506) Concurrent Mark
[1035.371s][info][gc] GC(506) Concurrent Mark 12.018ms
[1035.371s][info][gc] GC(506) Concurrent Preclean
[1035.371s][info][gc] GC(506) Concurrent Preclean 0.143ms
[1035.371s][info][gc] GC(506) Concurrent Abortable Preclean
[1035.371s][info][gc] GC(506) Concurrent Abortable Preclean 0.019ms
[1035.377s][info][gc] GC(506) Pause Remark 49M->49M(50M) 5.321ms
[1035.377s][info][gc] GC(506) Concurrent Sweep
[1035.380s][info][gc] GC(506) Concurrent Sweep 3.158ms
[1035.380s][info][gc] GC(506) Concurrent Reset
[1035.380s][info][gc] GC(506) Concurrent Reset 0.031ms
[1037.384s][info][gc] GC(507) Pause Initial Mark 49M->49M(50M) 0.723ms
[1037.384s][info][gc] GC(507) Concurrent Mark
[1037.396s][info][gc] GC(507) Concurrent Mark 11.933ms
[1037.396s][info][gc] GC(507) Concurrent Preclean
[1037.396s][info][gc] GC(507) Concurrent Preclean 0.186ms
[1037.396s][info][gc] GC(507) Concurrent Abortable Preclean
[1037.396s][info][gc] GC(507) Concurrent Abortable Preclean 0.024ms
[1037.403s][info][gc] GC(507) Pause Remark 49M->49M(50M) 6.860ms
[1037.403s][info][gc] GC(507) Concurrent Sweep
[1037.407s][info][gc] GC(507) Concurrent Sweep 3.688ms
[1037.407s][info][gc] GC(507) Concurrent Reset
[1037.407s][info][gc] GC(507) Concurrent Reset 0.031ms
[1039.411s][info][gc] GC(508) Pause Initial Mark 49M->49M(50M) 1.228ms
[1039.411s][info][gc] GC(508) Concurrent Mark
[1039.423s][info][gc] GC(508) Concurrent Mark 12.046ms
[1039.423s][info][gc] GC(508) Concurrent Preclean
[1039.423s][info][gc] GC(508) Concurrent Preclean 0.152ms
[1039.423s][info][gc] GC(508) Concurrent Abortable Preclean
[1039.423s][info][gc] GC(508) Concurrent Abortable Preclean 0.019ms
[1039.429s][info][gc] GC(508) Pause Remark 49M->49M(50M) 5.318ms
[1039.429s][info][gc] GC(508) Concurrent Sweep
[1039.432s][info][gc] GC(508) Concurrent Sweep 3.243ms
[1039.432s][info][gc] GC(508) Concurrent Reset
[1039.432s][info][gc] GC(508) Concurrent Reset 0.032ms
[1041.437s][info][gc] GC(509) Pause Initial Mark 49M->49M(50M) 1.180ms
[1041.437s][info][gc] GC(509) Concurrent Mark
[1041.449s][info][gc] GC(509) Concurrent Mark 11.985ms
[1041.449s][info][gc] GC(509) Concurrent Preclean
[1041.450s][info][gc] GC(509) Concurrent Preclean 0.157ms
[1041.450s][info][gc] GC(509) Concurrent Abortable Preclean
[1041.450s][info][gc] GC(509) Concurrent Abortable Preclean 0.020ms
[1041.455s][info][gc] GC(509) Pause Remark 49M->49M(50M) 5.608ms
[1041.456s][info][gc] GC(509) Concurrent Sweep
[1041.459s][info][gc] GC(509) Concurrent Sweep 3.218ms
[1041.459s][info][gc] GC(509) Concurrent Reset
[1041.459s][info][gc] GC(509) Concurrent Reset 0.031ms
[1043.463s][info][gc] GC(510) Pause Initial Mark 49M->49M(50M) 1.198ms
[1043.463s][info][gc] GC(510) Concurrent Mark
[1043.476s][info][gc] GC(510) Concurrent Mark 12.167ms
[1043.476s][info][gc] GC(510) Concurrent Preclean
[1043.476s][info][gc] GC(510) Concurrent Preclean 0.165ms
[1043.476s][info][gc] GC(510) Concurrent Abortable Preclean
[1043.476s][info][gc] GC(510) Concurrent Abortable Preclean 0.020ms
[1043.481s][info][gc] GC(510) Pause Remark 49M->49M(50M) 5.378ms
[1043.481s][info][gc] GC(510) Concurrent Sweep
[1043.485s][info][gc] GC(510) Concurrent Sweep 3.233ms
[1043.485s][info][gc] GC(510) Concurrent Reset
[1043.485s][info][gc] GC(510) Concurrent Reset 0.032ms
[1045.490s][info][gc] GC(511) Pause Initial Mark 49M->49M(50M) 1.201ms
[1045.490s][info][gc] GC(511) Concurrent Mark
[1045.502s][info][gc] GC(511) Concurrent Mark 12.220ms
[1045.502s][info][gc] GC(511) Concurrent Preclean
[1045.502s][info][gc] GC(511) Concurrent Preclean 0.141ms
[1045.502s][info][gc] GC(511) Concurrent Abortable Preclean
[1045.502s][info][gc] GC(511) Concurrent Abortable Preclean 0.015ms
[1045.508s][info][gc] GC(511) Pause Remark 49M->49M(50M) 5.416ms
[1045.508s][info][gc] GC(511) Concurrent Sweep
[1045.511s][info][gc] GC(511) Concurrent Sweep 3.248ms
[1045.511s][info][gc] GC(511) Concurrent Reset
[1045.511s][info][gc] GC(511) Concurrent Reset 0.029ms
[1047.514s][info][gc] GC(512) Pause Initial Mark 49M->49M(50M) 1.239ms
[1047.514s][info][gc] GC(512) Concurrent Mark
[1047.526s][info][gc] GC(512) Concurrent Mark 12.104ms
[1047.526s][info][gc] GC(512) Concurrent Preclean
[1047.526s][info][gc] GC(512) Concurrent Preclean 0.168ms
[1047.526s][info][gc] GC(512) Concurrent Abortable Preclean
[1047.526s][info][gc] GC(512) Concurrent Abortable Preclean 0.017ms
[1047.532s][info][gc] GC(512) Pause Remark 49M->49M(50M) 5.354ms
[1047.532s][info][gc] GC(512) Concurrent Sweep
[1047.535s][info][gc] GC(512) Concurrent Sweep 3.032ms
[1047.535s][info][gc] GC(512) Concurrent Reset
[1047.535s][info][gc] GC(512) Concurrent Reset 0.028ms
[1049.541s][info][gc] GC(513) Pause Initial Mark 49M->49M(50M) 1.214ms
[1049.541s][info][gc] GC(513) Concurrent Mark
[1049.553s][info][gc] GC(513) Concurrent Mark 12.213ms
[1049.554s][info][gc] GC(513) Concurrent Preclean
[1049.554s][info][gc] GC(513) Concurrent Preclean 0.160ms
[1049.554s][info][gc] GC(513) Concurrent Abortable Preclean
[1049.554s][info][gc] GC(513) Concurrent Abortable Preclean 0.020ms
[1049.559s][info][gc] GC(513) Pause Remark 49M->49M(50M) 5.527ms
[1049.559s][info][gc] GC(513) Concurrent Sweep
[1049.563s][info][gc] GC(513) Concurrent Sweep 3.238ms
[1049.563s][info][gc] GC(513) Concurrent Reset
[1049.563s][info][gc] GC(513) Concurrent Reset 0.033ms
[1051.563s][info][gc] GC(514) Pause Initial Mark 49M->49M(50M) 1.023ms
[1051.564s][info][gc] GC(514) Concurrent Mark
[1051.575s][info][gc] GC(514) Concurrent Mark 11.791ms
[1051.575s][info][gc] GC(514) Concurrent Preclean
[1051.576s][info][gc] GC(514) Concurrent Preclean 0.157ms
[1051.576s][info][gc] GC(514) Concurrent Abortable Preclean
[1051.576s][info][gc] GC(514) Concurrent Abortable Preclean 0.022ms
[1051.581s][info][gc] GC(514) Pause Remark 49M->49M(50M) 5.458ms
[1051.581s][info][gc] GC(514) Concurrent Sweep
[1051.585s][info][gc] GC(514) Concurrent Sweep 3.185ms
[1051.585s][info][gc] GC(514) Concurrent Reset
[1051.585s][info][gc] GC(514) Concurrent Reset 0.030ms
[1053.589s][info][gc] GC(515) Pause Initial Mark 49M->49M(50M) 1.244ms
[1053.590s][info][gc] GC(515) Concurrent Mark
[1053.602s][info][gc] GC(515) Concurrent Mark 12.203ms
[1053.602s][info][gc] GC(515) Concurrent Preclean
[1053.602s][info][gc] GC(515) Concurrent Preclean 0.166ms
[1053.602s][info][gc] GC(515) Concurrent Abortable Preclean
[1053.602s][info][gc] GC(515) Concurrent Abortable Preclean 0.020ms
[1053.607s][info][gc] GC(515) Pause Remark 49M->49M(50M) 5.330ms
[1053.608s][info][gc] GC(515) Concurrent Sweep
[1053.611s][info][gc] GC(515) Concurrent Sweep 3.243ms
[1053.611s][info][gc] GC(515) Concurrent Reset
[1053.611s][info][gc] GC(515) Concurrent Reset 0.031ms
[1055.614s][info][gc] GC(516) Pause Initial Mark 49M->49M(50M) 1.148ms
[1055.614s][info][gc] GC(516) Concurrent Mark
[1055.626s][info][gc] GC(516) Concurrent Mark 12.099ms
[1055.626s][info][gc] GC(516) Concurrent Preclean
[1055.626s][info][gc] GC(516) Concurrent Preclean 0.164ms
[1055.626s][info][gc] GC(516) Concurrent Abortable Preclean
[1055.626s][info][gc] GC(516) Concurrent Abortable Preclean 0.020ms
[1055.632s][info][gc] GC(516) Pause Remark 49M->49M(50M) 5.603ms
[1055.632s][info][gc] GC(516) Concurrent Sweep
[1055.635s][info][gc] GC(516) Concurrent Sweep 3.238ms
[1055.635s][info][gc] GC(516) Concurrent Reset
[1055.635s][info][gc] GC(516) Concurrent Reset 0.031ms
[1057.642s][info][gc] GC(517) Pause Initial Mark 49M->49M(50M) 1.288ms
[1057.642s][info][gc] GC(517) Concurrent Mark
[1057.655s][info][gc] GC(517) Concurrent Mark 12.290ms
[1057.655s][info][gc] GC(517) Concurrent Preclean
[1057.655s][info][gc] GC(517) Concurrent Preclean 0.154ms
[1057.655s][info][gc] GC(517) Concurrent Abortable Preclean
[1057.655s][info][gc] GC(517) Concurrent Abortable Preclean 0.018ms
[1057.660s][info][gc] GC(517) Pause Remark 49M->49M(50M) 5.315ms
[1057.660s][info][gc] GC(517) Concurrent Sweep
[1057.664s][info][gc] GC(517) Concurrent Sweep 3.155ms
[1057.664s][info][gc] GC(517) Concurrent Reset
[1057.664s][info][gc] GC(517) Concurrent Reset 0.051ms
[1059.668s][info][gc] GC(518) Pause Initial Mark 49M->49M(50M) 1.196ms
[1059.668s][info][gc] GC(518) Concurrent Mark
[1059.680s][info][gc] GC(518) Concurrent Mark 12.068ms
[1059.680s][info][gc] GC(518) Concurrent Preclean
[1059.680s][info][gc] GC(518) Concurrent Preclean 0.159ms
[1059.680s][info][gc] GC(518) Concurrent Abortable Preclean
[1059.681s][info][gc] GC(518) Concurrent Abortable Preclean 0.021ms
[1059.686s][info][gc] GC(518) Pause Remark 49M->49M(50M) 5.610ms
[1059.686s][info][gc] GC(518) Concurrent Sweep
[1059.690s][info][gc] GC(518) Concurrent Sweep 3.237ms
[1059.690s][info][gc] GC(518) Concurrent Reset
[1059.690s][info][gc] GC(518) Concurrent Reset 0.031ms
[1061.691s][info][gc] GC(519) Pause Initial Mark 49M->49M(50M) 1.239ms
[1061.691s][info][gc] GC(519) Concurrent Mark
[1061.703s][info][gc] GC(519) Concurrent Mark 12.095ms
[1061.704s][info][gc] GC(519) Concurrent Preclean
[1061.704s][info][gc] GC(519) Concurrent Preclean 0.143ms
[1061.704s][info][gc] GC(519) Concurrent Abortable Preclean
[1061.704s][info][gc] GC(519) Concurrent Abortable Preclean 0.019ms
[1061.709s][info][gc] GC(519) Pause Remark 49M->49M(50M) 5.280ms
[1061.709s][info][gc] GC(519) Concurrent Sweep
[1061.712s][info][gc] GC(519) Concurrent Sweep 3.162ms
[1061.712s][info][gc] GC(519) Concurrent Reset
[1061.712s][info][gc] GC(519) Concurrent Reset 0.031ms
[1063.715s][info][gc] GC(520) Pause Initial Mark 49M->49M(50M) 1.199ms
[1063.715s][info][gc] GC(520) Concurrent Mark
[1063.727s][info][gc] GC(520) Concurrent Mark 12.042ms
[1063.727s][info][gc] GC(520) Concurrent Preclean
[1063.727s][info][gc] GC(520) Concurrent Preclean 0.151ms
[1063.727s][info][gc] GC(520) Concurrent Abortable Preclean
[1063.727s][info][gc] GC(520) Concurrent Abortable Preclean 0.018ms
[1063.733s][info][gc] GC(520) Pause Remark 49M->49M(50M) 5.314ms
[1063.733s][info][gc] GC(520) Concurrent Sweep
[1063.736s][info][gc] GC(520) Concurrent Sweep 3.115ms
[1063.736s][info][gc] GC(520) Concurrent Reset
[1063.736s][info][gc] GC(520) Concurrent Reset 0.030ms
[1065.739s][info][gc] GC(521) Pause Initial Mark 49M->49M(50M) 1.286ms
[1065.739s][info][gc] GC(521) Concurrent Mark
[1065.752s][info][gc] GC(521) Concurrent Mark 12.541ms
[1065.752s][info][gc] GC(521) Concurrent Preclean
[1065.752s][info][gc] GC(521) Concurrent Preclean 0.146ms
[1065.752s][info][gc] GC(521) Concurrent Abortable Preclean
[1065.752s][info][gc] GC(521) Concurrent Abortable Preclean 0.019ms
[1065.758s][info][gc] GC(521) Pause Remark 49M->49M(50M) 5.586ms
[1065.758s][info][gc] GC(521) Concurrent Sweep
[1065.761s][info][gc] GC(521) Concurrent Sweep 3.207ms
[1065.761s][info][gc] GC(521) Concurrent Reset
[1065.761s][info][gc] GC(521) Concurrent Reset 0.031ms
[1067.766s][info][gc] GC(522) Pause Initial Mark 49M->49M(50M) 1.119ms
[1067.766s][info][gc] GC(522) Concurrent Mark
[1067.778s][info][gc] GC(522) Concurrent Mark 11.798ms
[1067.778s][info][gc] GC(522) Concurrent Preclean
[1067.778s][info][gc] GC(522) Concurrent Preclean 0.154ms
[1067.778s][info][gc] GC(522) Concurrent Abortable Preclean
[1067.778s][info][gc] GC(522) Concurrent Abortable Preclean 0.019ms
[1067.784s][info][gc] GC(522) Pause Remark 49M->49M(50M) 5.316ms
[1067.784s][info][gc] GC(522) Concurrent Sweep
[1067.787s][info][gc] GC(522) Concurrent Sweep 3.229ms
[1067.787s][info][gc] GC(522) Concurrent Reset
[1067.787s][info][gc] GC(522) Concurrent Reset 0.031ms
[1069.793s][info][gc] GC(523) Pause Initial Mark 49M->49M(50M) 1.238ms
[1069.793s][info][gc] GC(523) Concurrent Mark
[1069.805s][info][gc] GC(523) Concurrent Mark 12.172ms
[1069.805s][info][gc] GC(523) Concurrent Preclean
[1069.806s][info][gc] GC(523) Concurrent Preclean 0.161ms
[1069.806s][info][gc] GC(523) Concurrent Abortable Preclean
[1069.806s][info][gc] GC(523) Concurrent Abortable Preclean 0.020ms
[1069.811s][info][gc] GC(523) Pause Remark 49M->49M(50M) 5.622ms
[1069.811s][info][gc] GC(523) Concurrent Sweep
[1069.815s][info][gc] GC(523) Concurrent Sweep 3.230ms
[1069.815s][info][gc] GC(523) Concurrent Reset
[1069.815s][info][gc] GC(523) Concurrent Reset 0.031ms
[1071.816s][info][gc] GC(524) Pause Initial Mark 49M->49M(50M) 1.193ms
[1071.816s][info][gc] GC(524) Concurrent Mark
[1071.828s][info][gc] GC(524) Concurrent Mark 12.028ms
[1071.828s][info][gc] GC(524) Concurrent Preclean
[1071.829s][info][gc] GC(524) Concurrent Preclean 0.145ms
[1071.829s][info][gc] GC(524) Concurrent Abortable Preclean
[1071.829s][info][gc] GC(524) Concurrent Abortable Preclean 0.020ms
[1071.834s][info][gc] GC(524) Pause Remark 49M->49M(50M) 5.392ms
[1071.834s][info][gc] GC(524) Concurrent Sweep
[1071.837s][info][gc] GC(524) Concurrent Sweep 3.131ms
[1071.837s][info][gc] GC(524) Concurrent Reset
[1071.837s][info][gc] GC(524) Concurrent Reset 0.031ms
[1073.844s][info][gc] GC(525) Pause Initial Mark 49M->49M(50M) 1.194ms
[1073.844s][info][gc] GC(525) Concurrent Mark
[1073.856s][info][gc] GC(525) Concurrent Mark 12.101ms
[1073.856s][info][gc] GC(525) Concurrent Preclean
[1073.856s][info][gc] GC(525) Concurrent Preclean 0.167ms
[1073.856s][info][gc] GC(525) Concurrent Abortable Preclean
[1073.856s][info][gc] GC(525) Concurrent Abortable Preclean 0.020ms
[1073.862s][info][gc] GC(525) Pause Remark 49M->49M(50M) 5.355ms
[1073.862s][info][gc] GC(525) Concurrent Sweep
[1073.866s][info][gc] GC(525) Concurrent Sweep 4.161ms
[1073.866s][info][gc] GC(525) Concurrent Reset
[1073.867s][info][gc] GC(525) Concurrent Reset 0.235ms
[1075.871s][info][gc] GC(526) Pause Initial Mark 49M->49M(50M) 1.319ms
[1075.871s][info][gc] GC(526) Concurrent Mark
[1075.884s][info][gc] GC(526) Concurrent Mark 13.128ms
[1075.884s][info][gc] GC(526) Concurrent Preclean
[1075.885s][info][gc] GC(526) Concurrent Preclean 0.144ms
[1075.885s][info][gc] GC(526) Concurrent Abortable Preclean
[1075.885s][info][gc] GC(526) Concurrent Abortable Preclean 0.023ms
[1075.893s][info][gc] GC(526) Pause Remark 49M->49M(50M) 8.751ms
[1075.894s][info][gc] GC(526) Concurrent Sweep
[1075.898s][info][gc] GC(526) Concurrent Sweep 4.948ms
[1075.899s][info][gc] GC(526) Concurrent Reset
[1075.899s][info][gc] GC(526) Concurrent Reset 0.034ms
[1077.903s][info][gc] GC(527) Pause Initial Mark 49M->49M(50M) 2.270ms
[1077.904s][info][gc] GC(527) Concurrent Mark
[1077.917s][info][gc] GC(527) Concurrent Mark 13.260ms
[1077.917s][info][gc] GC(527) Concurrent Preclean
[1077.917s][info][gc] GC(527) Concurrent Preclean 0.155ms
[1077.917s][info][gc] GC(527) Concurrent Abortable Preclean
[1077.917s][info][gc] GC(527) Concurrent Abortable Preclean 0.019ms
[1077.923s][info][gc] GC(527) Pause Remark 49M->49M(50M) 5.231ms
[1077.923s][info][gc] GC(527) Concurrent Sweep
[1077.926s][info][gc] GC(527) Concurrent Sweep 3.272ms
[1077.926s][info][gc] GC(527) Concurrent Reset
[1077.926s][info][gc] GC(527) Concurrent Reset 0.032ms
[1079.927s][info][gc] GC(528) Pause Initial Mark 49M->49M(50M) 1.109ms
[1079.927s][info][gc] GC(528) Concurrent Mark
[1079.940s][info][gc] GC(528) Concurrent Mark 12.564ms
[1079.940s][info][gc] GC(528) Concurrent Preclean
[1079.940s][info][gc] GC(528) Concurrent Preclean 0.144ms
[1079.940s][info][gc] GC(528) Concurrent Abortable Preclean
[1079.940s][info][gc] GC(528) Concurrent Abortable Preclean 0.019ms
[1079.946s][info][gc] GC(528) Pause Remark 49M->49M(50M) 5.345ms
[1079.946s][info][gc] GC(528) Concurrent Sweep
[1079.949s][info][gc] GC(528) Concurrent Sweep 3.065ms
[1079.949s][info][gc] GC(528) Concurrent Reset
[1079.949s][info][gc] GC(528) Concurrent Reset 0.030ms
[1081.954s][info][gc] GC(529) Pause Initial Mark 49M->49M(50M) 1.214ms
[1081.954s][info][gc] GC(529) Concurrent Mark
[1081.966s][info][gc] GC(529) Concurrent Mark 12.024ms
[1081.966s][info][gc] GC(529) Concurrent Preclean
[1081.966s][info][gc] GC(529) Concurrent Preclean 0.143ms
[1081.966s][info][gc] GC(529) Concurrent Abortable Preclean
[1081.966s][info][gc] GC(529) Concurrent Abortable Preclean 0.019ms
[1081.972s][info][gc] GC(529) Pause Remark 49M->49M(50M) 5.610ms
[1081.972s][info][gc] GC(529) Concurrent Sweep
[1081.975s][info][gc] GC(529) Concurrent Sweep 3.137ms
[1081.975s][info][gc] GC(529) Concurrent Reset
[1081.975s][info][gc] GC(529) Concurrent Reset 0.030ms
[1083.977s][info][gc] GC(530) Pause Initial Mark 49M->49M(50M) 1.233ms
[1083.977s][info][gc] GC(530) Concurrent Mark
[1083.989s][info][gc] GC(530) Concurrent Mark 12.177ms
[1083.989s][info][gc] GC(530) Concurrent Preclean
[1083.990s][info][gc] GC(530) Concurrent Preclean 0.151ms
[1083.990s][info][gc] GC(530) Concurrent Abortable Preclean
[1083.990s][info][gc] GC(530) Concurrent Abortable Preclean 0.016ms
[1083.995s][info][gc] GC(530) Pause Remark 49M->49M(50M) 5.372ms
[1083.995s][info][gc] GC(530) Concurrent Sweep
[1083.998s][info][gc] GC(530) Concurrent Sweep 3.218ms
[1083.998s][info][gc] GC(530) Concurrent Reset
[1083.998s][info][gc] GC(530) Concurrent Reset 0.029ms
[1086.004s][info][gc] GC(531) Pause Initial Mark 49M->49M(50M) 1.196ms
[1086.005s][info][gc] GC(531) Concurrent Mark
[1086.016s][info][gc] GC(531) Concurrent Mark 11.893ms
[1086.017s][info][gc] GC(531) Concurrent Preclean
[1086.017s][info][gc] GC(531) Concurrent Preclean 0.139ms
[1086.017s][info][gc] GC(531) Concurrent Abortable Preclean
[1086.017s][info][gc] GC(531) Concurrent Abortable Preclean 0.016ms
[1086.022s][info][gc] GC(531) Pause Remark 49M->49M(50M) 5.552ms
[1086.022s][info][gc] GC(531) Concurrent Sweep
[1086.026s][info][gc] GC(531) Concurrent Sweep 3.141ms
[1086.026s][info][gc] GC(531) Concurrent Reset
[1086.026s][info][gc] GC(531) Concurrent Reset 0.028ms
[1088.030s][info][gc] GC(532) Pause Initial Mark 49M->49M(50M) 1.120ms
[1088.030s][info][gc] GC(532) Concurrent Mark
[1088.042s][info][gc] GC(532) Concurrent Mark 12.105ms
[1088.042s][info][gc] GC(532) Concurrent Preclean
[1088.043s][info][gc] GC(532) Concurrent Preclean 0.192ms
[1088.043s][info][gc] GC(532) Concurrent Abortable Preclean
[1088.043s][info][gc] GC(532) Concurrent Abortable Preclean 0.018ms
[1088.049s][info][gc] GC(532) Pause Remark 49M->49M(50M) 5.653ms
[1088.049s][info][gc] GC(532) Concurrent Sweep
[1088.052s][info][gc] GC(532) Concurrent Sweep 3.124ms
[1088.052s][info][gc] GC(532) Concurrent Reset
[1088.052s][info][gc] GC(532) Concurrent Reset 0.028ms
[1090.054s][info][gc] GC(533) Pause Initial Mark 49M->49M(50M) 1.206ms
[1090.054s][info][gc] GC(533) Concurrent Mark
[1090.066s][info][gc] GC(533) Concurrent Mark 12.100ms
[1090.067s][info][gc] GC(533) Concurrent Preclean
[1090.067s][info][gc] GC(533) Concurrent Preclean 0.158ms
[1090.067s][info][gc] GC(533) Concurrent Abortable Preclean
[1090.067s][info][gc] GC(533) Concurrent Abortable Preclean 0.018ms
[1090.072s][info][gc] GC(533) Pause Remark 49M->49M(50M) 5.356ms
[1090.072s][info][gc] GC(533) Concurrent Sweep
[1090.076s][info][gc] GC(533) Concurrent Sweep 3.239ms
[1090.076s][info][gc] GC(533) Concurrent Reset
[1090.076s][info][gc] GC(533) Concurrent Reset 0.030ms
[1092.081s][info][gc] GC(534) Pause Initial Mark 49M->49M(50M) 1.204ms
[1092.081s][info][gc] GC(534) Concurrent Mark
[1092.093s][info][gc] GC(534) Concurrent Mark 11.935ms
[1092.093s][info][gc] GC(534) Concurrent Preclean
[1092.093s][info][gc] GC(534) Concurrent Preclean 0.140ms
[1092.093s][info][gc] GC(534) Concurrent Abortable Preclean
[1092.093s][info][gc] GC(534) Concurrent Abortable Preclean 0.016ms
[1092.099s][info][gc] GC(534) Pause Remark 49M->49M(50M) 5.320ms
[1092.099s][info][gc] GC(534) Concurrent Sweep
[1092.102s][info][gc] GC(534) Concurrent Sweep 3.145ms
[1092.102s][info][gc] GC(534) Concurrent Reset
[1092.102s][info][gc] GC(534) Concurrent Reset 0.029ms
[1094.107s][info][gc] GC(535) Pause Initial Mark 49M->49M(50M) 3.069ms
[1094.108s][info][gc] GC(535) Concurrent Mark
[1094.120s][info][gc] GC(535) Concurrent Mark 11.992ms
[1094.120s][info][gc] GC(535) Concurrent Preclean
[1094.120s][info][gc] GC(535) Concurrent Preclean 0.146ms
[1094.120s][info][gc] GC(535) Concurrent Abortable Preclean
[1094.120s][info][gc] GC(535) Concurrent Abortable Preclean 0.016ms
[1094.126s][info][gc] GC(535) Pause Remark 49M->49M(50M) 5.779ms
[1094.126s][info][gc] GC(535) Concurrent Sweep
[1094.129s][info][gc] GC(535) Concurrent Sweep 3.163ms
[1094.129s][info][gc] GC(535) Concurrent Reset
[1094.129s][info][gc] GC(535) Concurrent Reset 0.028ms
[1096.131s][info][gc] GC(536) Pause Initial Mark 49M->49M(50M) 1.047ms
[1096.131s][info][gc] GC(536) Concurrent Mark
[1096.143s][info][gc] GC(536) Concurrent Mark 11.771ms
[1096.143s][info][gc] GC(536) Concurrent Preclean
[1096.143s][info][gc] GC(536) Concurrent Preclean 0.157ms
[1096.143s][info][gc] GC(536) Concurrent Abortable Preclean
[1096.143s][info][gc] GC(536) Concurrent Abortable Preclean 0.018ms
[1096.149s][info][gc] GC(536) Pause Remark 49M->49M(50M) 5.461ms
[1096.149s][info][gc] GC(536) Concurrent Sweep
[1096.152s][info][gc] GC(536) Concurrent Sweep 3.115ms
[1096.152s][info][gc] GC(536) Concurrent Reset
[1096.152s][info][gc] GC(536) Concurrent Reset 0.028ms
[1098.156s][info][gc] GC(537) Pause Initial Mark 49M->49M(50M) 1.235ms
[1098.156s][info][gc] GC(537) Concurrent Mark
[1098.168s][info][gc] GC(537) Concurrent Mark 12.091ms
[1098.168s][info][gc] GC(537) Concurrent Preclean
[1098.169s][info][gc] GC(537) Concurrent Preclean 0.173ms
[1098.169s][info][gc] GC(537) Concurrent Abortable Preclean
[1098.169s][info][gc] GC(537) Concurrent Abortable Preclean 0.018ms
[1098.174s][info][gc] GC(537) Pause Remark 49M->49M(50M) 5.463ms
[1098.174s][info][gc] GC(537) Concurrent Sweep
[1098.177s][info][gc] GC(537) Concurrent Sweep 3.127ms
[1098.177s][info][gc] GC(537) Concurrent Reset
[1098.177s][info][gc] GC(537) Concurrent Reset 0.028ms
[1100.183s][info][gc] GC(538) Pause Initial Mark 49M->49M(50M) 1.246ms
[1100.183s][info][gc] GC(538) Concurrent Mark
[1100.195s][info][gc] GC(538) Concurrent Mark 11.853ms
[1100.195s][info][gc] GC(538) Concurrent Preclean
[1100.195s][info][gc] GC(538) Concurrent Preclean 0.158ms
[1100.195s][info][gc] GC(538) Concurrent Abortable Preclean
[1100.195s][info][gc] GC(538) Concurrent Abortable Preclean 0.018ms
[1100.201s][info][gc] GC(538) Pause Remark 49M->49M(50M) 5.502ms
[1100.201s][info][gc] GC(538) Concurrent Sweep
[1100.204s][info][gc] GC(538) Concurrent Sweep 3.246ms
[1100.205s][info][gc] GC(538) Concurrent Reset
[1100.205s][info][gc] GC(538) Concurrent Reset 0.029ms
[1102.211s][info][gc] GC(539) Pause Initial Mark 49M->49M(50M) 1.211ms
[1102.211s][info][gc] GC(539) Concurrent Mark
[1102.223s][info][gc] GC(539) Concurrent Mark 11.991ms
[1102.223s][info][gc] GC(539) Concurrent Preclean
[1102.223s][info][gc] GC(539) Concurrent Preclean 0.142ms
[1102.223s][info][gc] GC(539) Concurrent Abortable Preclean
[1102.223s][info][gc] GC(539) Concurrent Abortable Preclean 0.015ms
[1102.228s][info][gc] GC(539) Pause Remark 49M->49M(50M) 5.286ms
[1102.228s][info][gc] GC(539) Concurrent Sweep
[1102.232s][info][gc] GC(539) Concurrent Sweep 3.044ms
[1102.232s][info][gc] GC(539) Concurrent Reset
[1102.232s][info][gc] GC(539) Concurrent Reset 0.028ms
[1104.238s][info][gc] GC(540) Pause Initial Mark 49M->49M(50M) 1.221ms
[1104.238s][info][gc] GC(540) Concurrent Mark
[1104.250s][info][gc] GC(540) Concurrent Mark 12.102ms
[1104.250s][info][gc] GC(540) Concurrent Preclean
[1104.250s][info][gc] GC(540) Concurrent Preclean 0.158ms
[1104.250s][info][gc] GC(540) Concurrent Abortable Preclean
[1104.250s][info][gc] GC(540) Concurrent Abortable Preclean 0.018ms
[1104.256s][info][gc] GC(540) Pause Remark 49M->49M(50M) 5.656ms
[1104.256s][info][gc] GC(540) Concurrent Sweep
[1104.259s][info][gc] GC(540) Concurrent Sweep 3.151ms
[1104.259s][info][gc] GC(540) Concurrent Reset
[1104.259s][info][gc] GC(540) Concurrent Reset 0.029ms
[1106.261s][info][gc] GC(541) Pause Initial Mark 49M->49M(50M) 1.233ms
[1106.261s][info][gc] GC(541) Concurrent Mark
[1106.273s][info][gc] GC(541) Concurrent Mark 12.076ms
[1106.273s][info][gc] GC(541) Concurrent Preclean
[1106.273s][info][gc] GC(541) Concurrent Preclean 0.185ms
[1106.274s][info][gc] GC(541) Concurrent Abortable Preclean
[1106.274s][info][gc] GC(541) Concurrent Abortable Preclean 0.018ms
[1106.279s][info][gc] GC(541) Pause Remark 49M->49M(50M) 5.376ms
[1106.279s][info][gc] GC(541) Concurrent Sweep
[1106.282s][info][gc] GC(541) Concurrent Sweep 3.258ms
[1106.282s][info][gc] GC(541) Concurrent Reset
[1106.282s][info][gc] GC(541) Concurrent Reset 0.030ms
[1108.287s][info][gc] GC(542) Pause Initial Mark 49M->49M(50M) 0.867ms
[1108.287s][info][gc] GC(542) Concurrent Mark
[1108.298s][info][gc] GC(542) Concurrent Mark 11.316ms
[1108.298s][info][gc] GC(542) Concurrent Preclean
[1108.299s][info][gc] GC(542) Concurrent Preclean 0.158ms
[1108.299s][info][gc] GC(542) Concurrent Abortable Preclean
[1108.299s][info][gc] GC(542) Concurrent Abortable Preclean 0.017ms
[1108.304s][info][gc] GC(542) Pause Remark 49M->49M(50M) 5.105ms
[1108.304s][info][gc] GC(542) Concurrent Sweep
[1108.307s][info][gc] GC(542) Concurrent Sweep 2.998ms
[1108.307s][info][gc] GC(542) Concurrent Reset
[1108.307s][info][gc] GC(542) Concurrent Reset 0.028ms
[1110.309s][info][gc] GC(543) Pause Initial Mark 49M->49M(50M) 1.239ms
[1110.309s][info][gc] GC(543) Concurrent Mark
[1110.321s][info][gc] GC(543) Concurrent Mark 11.973ms
[1110.321s][info][gc] GC(543) Concurrent Preclean
[1110.322s][info][gc] GC(543) Concurrent Preclean 0.142ms
[1110.322s][info][gc] GC(543) Concurrent Abortable Preclean
[1110.322s][info][gc] GC(543) Concurrent Abortable Preclean 0.019ms
[1110.327s][info][gc] GC(543) Pause Remark 49M->49M(50M) 5.316ms
[1110.327s][info][gc] GC(543) Concurrent Sweep
[1110.330s][info][gc] GC(543) Concurrent Sweep 3.160ms
[1110.330s][info][gc] GC(543) Concurrent Reset
[1110.330s][info][gc] GC(543) Concurrent Reset 0.031ms
[1112.331s][info][gc] GC(544) Pause Initial Mark 49M->49M(50M) 1.317ms
[1112.331s][info][gc] GC(544) Concurrent Mark
[1112.343s][info][gc] GC(544) Concurrent Mark 12.095ms
[1112.343s][info][gc] GC(544) Concurrent Preclean
[1112.343s][info][gc] GC(544) Concurrent Preclean 0.158ms
[1112.343s][info][gc] GC(544) Concurrent Abortable Preclean
[1112.343s][info][gc] GC(544) Concurrent Abortable Preclean 0.020ms
[1112.349s][info][gc] GC(544) Pause Remark 49M->49M(50M) 5.439ms
[1112.349s][info][gc] GC(544) Concurrent Sweep
[1112.353s][info][gc] GC(544) Concurrent Sweep 3.316ms
[1112.353s][info][gc] GC(544) Concurrent Reset
[1112.353s][info][gc] GC(544) Concurrent Reset 0.031ms
[1114.354s][info][gc] GC(545) Pause Initial Mark 49M->49M(50M) 1.017ms
[1114.354s][info][gc] GC(545) Concurrent Mark
[1114.366s][info][gc] GC(545) Concurrent Mark 11.986ms
[1114.366s][info][gc] GC(545) Concurrent Preclean
[1114.366s][info][gc] GC(545) Concurrent Preclean 0.160ms
[1114.366s][info][gc] GC(545) Concurrent Abortable Preclean
[1114.366s][info][gc] GC(545) Concurrent Abortable Preclean 0.020ms
[1114.372s][info][gc] GC(545) Pause Remark 49M->49M(50M) 5.503ms
[1114.372s][info][gc] GC(545) Concurrent Sweep
[1114.375s][info][gc] GC(545) Concurrent Sweep 3.204ms
[1114.375s][info][gc] GC(545) Concurrent Reset
[1114.375s][info][gc] GC(545) Concurrent Reset 0.031ms
[1116.380s][info][gc] GC(546) Pause Initial Mark 49M->49M(50M) 1.238ms
[1116.380s][info][gc] GC(546) Concurrent Mark
[1116.392s][info][gc] GC(546) Concurrent Mark 12.146ms
[1116.393s][info][gc] GC(546) Concurrent Preclean
[1116.393s][info][gc] GC(546) Concurrent Preclean 0.144ms
[1116.393s][info][gc] GC(546) Concurrent Abortable Preclean
[1116.393s][info][gc] GC(546) Concurrent Abortable Preclean 0.019ms
[1116.398s][info][gc] GC(546) Pause Remark 49M->49M(50M) 5.318ms
[1116.398s][info][gc] GC(546) Concurrent Sweep
[1116.402s][info][gc] GC(546) Concurrent Sweep 3.313ms
[1116.402s][info][gc] GC(546) Concurrent Reset
[1116.402s][info][gc] GC(546) Concurrent Reset 0.032ms
[1118.407s][info][gc] GC(547) Pause Initial Mark 49M->49M(50M) 1.289ms
[1118.407s][info][gc] GC(547) Concurrent Mark
[1118.420s][info][gc] GC(547) Concurrent Mark 12.082ms
[1118.420s][info][gc] GC(547) Concurrent Preclean
[1118.420s][info][gc] GC(547) Concurrent Preclean 0.171ms
[1118.420s][info][gc] GC(547) Concurrent Abortable Preclean
[1118.420s][info][gc] GC(547) Concurrent Abortable Preclean 0.020ms
[1118.425s][info][gc] GC(547) Pause Remark 49M->49M(50M) 5.429ms
[1118.425s][info][gc] GC(547) Concurrent Sweep
[1118.429s][info][gc] GC(547) Concurrent Sweep 3.134ms
[1118.429s][info][gc] GC(547) Concurrent Reset
[1118.429s][info][gc] GC(547) Concurrent Reset 0.030ms
[1120.434s][info][gc] GC(548) Pause Initial Mark 49M->49M(50M) 1.253ms
[1120.434s][info][gc] GC(548) Concurrent Mark
[1120.447s][info][gc] GC(548) Concurrent Mark 12.184ms
[1120.447s][info][gc] GC(548) Concurrent Preclean
[1120.447s][info][gc] GC(548) Concurrent Preclean 0.165ms
[1120.447s][info][gc] GC(548) Concurrent Abortable Preclean
[1120.447s][info][gc] GC(548) Concurrent Abortable Preclean 0.020ms
[1120.452s][info][gc] GC(548) Pause Remark 49M->49M(50M) 5.410ms
[1120.453s][info][gc] GC(548) Concurrent Sweep
[1120.456s][info][gc] GC(548) Concurrent Sweep 3.267ms
[1120.456s][info][gc] GC(548) Concurrent Reset
[1120.456s][info][gc] GC(548) Concurrent Reset 0.032ms
[1122.457s][info][gc] GC(549) Pause Initial Mark 49M->49M(50M) 0.882ms
[1122.457s][info][gc] GC(549) Concurrent Mark
[1122.467s][info][gc] GC(549) Concurrent Mark 10.413ms
[1122.468s][info][gc] GC(549) Concurrent Preclean
[1122.468s][info][gc] GC(549) Concurrent Preclean 0.155ms
[1122.468s][info][gc] GC(549) Concurrent Abortable Preclean
[1122.468s][info][gc] GC(549) Concurrent Abortable Preclean 0.018ms
[1122.473s][info][gc] GC(549) Pause Remark 49M->49M(50M) 5.474ms
[1122.473s][info][gc] GC(549) Concurrent Sweep
[1122.476s][info][gc] GC(549) Concurrent Sweep 3.017ms
[1122.476s][info][gc] GC(549) Concurrent Reset
[1122.477s][info][gc] GC(549) Concurrent Reset 0.030ms
[1124.478s][info][gc] GC(550) Pause Initial Mark 49M->49M(50M) 1.198ms
[1124.478s][info][gc] GC(550) Concurrent Mark
[1124.490s][info][gc] GC(550) Concurrent Mark 12.051ms
[1124.490s][info][gc] GC(550) Concurrent Preclean
[1124.490s][info][gc] GC(550) Concurrent Preclean 0.151ms
[1124.490s][info][gc] GC(550) Concurrent Abortable Preclean
[1124.490s][info][gc] GC(550) Concurrent Abortable Preclean 0.019ms
[1124.496s][info][gc] GC(550) Pause Remark 49M->49M(50M) 5.821ms
[1124.496s][info][gc] GC(550) Concurrent Sweep
[1124.499s][info][gc] GC(550) Concurrent Sweep 3.085ms
[1124.499s][info][gc] GC(550) Concurrent Reset
[1124.499s][info][gc] GC(550) Concurrent Reset 0.030ms
[1126.501s][info][gc] GC(551) Pause Initial Mark 49M->49M(50M) 1.233ms
[1126.501s][info][gc] GC(551) Concurrent Mark
[1126.513s][info][gc] GC(551) Concurrent Mark 12.137ms
[1126.513s][info][gc] GC(551) Concurrent Preclean
[1126.514s][info][gc] GC(551) Concurrent Preclean 0.159ms
[1126.514s][info][gc] GC(551) Concurrent Abortable Preclean
[1126.514s][info][gc] GC(551) Concurrent Abortable Preclean 0.020ms
[1126.519s][info][gc] GC(551) Pause Remark 49M->49M(50M) 5.344ms
[1126.519s][info][gc] GC(551) Concurrent Sweep
[1126.522s][info][gc] GC(551) Concurrent Sweep 3.158ms
[1126.522s][info][gc] GC(551) Concurrent Reset
[1126.522s][info][gc] GC(551) Concurrent Reset 0.061ms
[1128.528s][info][gc] GC(552) Pause Initial Mark 49M->49M(50M) 1.306ms
[1128.528s][info][gc] GC(552) Concurrent Mark
[1128.540s][info][gc] GC(552) Concurrent Mark 12.149ms
[1128.540s][info][gc] GC(552) Concurrent Preclean
[1128.540s][info][gc] GC(552) Concurrent Preclean 0.167ms
[1128.540s][info][gc] GC(552) Concurrent Abortable Preclean
[1128.540s][info][gc] GC(552) Concurrent Abortable Preclean 0.017ms
[1128.546s][info][gc] GC(552) Pause Remark 49M->49M(50M) 5.588ms
[1128.546s][info][gc] GC(552) Concurrent Sweep
[1128.549s][info][gc] GC(552) Concurrent Sweep 3.205ms
[1128.549s][info][gc] GC(552) Concurrent Reset
[1128.549s][info][gc] GC(552) Concurrent Reset 0.029ms
[1130.553s][info][gc] GC(553) Pause Initial Mark 49M->49M(50M) 1.232ms
[1130.553s][info][gc] GC(553) Concurrent Mark
[1130.565s][info][gc] GC(553) Concurrent Mark 12.076ms
[1130.565s][info][gc] GC(553) Concurrent Preclean
[1130.566s][info][gc] GC(553) Concurrent Preclean 0.142ms
[1130.566s][info][gc] GC(553) Concurrent Abortable Preclean
[1130.566s][info][gc] GC(553) Concurrent Abortable Preclean 0.016ms
[1130.571s][info][gc] GC(553) Pause Remark 49M->49M(50M) 5.387ms
[1130.571s][info][gc] GC(553) Concurrent Sweep
[1130.574s][info][gc] GC(553) Concurrent Sweep 3.242ms
[1130.574s][info][gc] GC(553) Concurrent Reset
[1130.575s][info][gc] GC(553) Concurrent Reset 0.030ms
[1132.579s][info][gc] GC(554) Pause Initial Mark 49M->49M(50M) 1.269ms
[1132.579s][info][gc] GC(554) Concurrent Mark
[1132.591s][info][gc] GC(554) Concurrent Mark 12.063ms
[1132.591s][info][gc] GC(554) Concurrent Preclean
[1132.591s][info][gc] GC(554) Concurrent Preclean 0.162ms
[1132.591s][info][gc] GC(554) Concurrent Abortable Preclean
[1132.591s][info][gc] GC(554) Concurrent Abortable Preclean 0.017ms
[1132.597s][info][gc] GC(554) Pause Remark 49M->49M(50M) 5.734ms
[1132.597s][info][gc] GC(554) Concurrent Sweep
[1132.601s][info][gc] GC(554) Concurrent Sweep 3.168ms
[1132.601s][info][gc] GC(554) Concurrent Reset
[1132.601s][info][gc] GC(554) Concurrent Reset 0.028ms
[1134.607s][info][gc] GC(555) Pause Initial Mark 49M->49M(50M) 1.252ms
[1134.607s][info][gc] GC(555) Concurrent Mark
[1134.621s][info][gc] GC(555) Concurrent Mark 14.120ms
[1134.621s][info][gc] GC(555) Concurrent Preclean
[1134.622s][info][gc] GC(555) Concurrent Preclean 0.144ms
[1134.622s][info][gc] GC(555) Concurrent Abortable Preclean
[1134.622s][info][gc] GC(555) Concurrent Abortable Preclean 0.016ms
[1134.630s][info][gc] GC(555) Pause Remark 49M->49M(50M) 8.727ms
[1134.631s][info][gc] GC(555) Concurrent Sweep
[1134.634s][info][gc] GC(555) Concurrent Sweep 3.303ms
[1134.634s][info][gc] GC(555) Concurrent Reset
[1134.634s][info][gc] GC(555) Concurrent Reset 0.031ms
[1136.636s][info][gc] GC(556) Pause Initial Mark 49M->49M(50M) 1.235ms
[1136.636s][info][gc] GC(556) Concurrent Mark
[1136.649s][info][gc] GC(556) Concurrent Mark 13.483ms
[1136.649s][info][gc] GC(556) Concurrent Preclean
[1136.650s][info][gc] GC(556) Concurrent Preclean 0.147ms
[1136.650s][info][gc] GC(556) Concurrent Abortable Preclean
[1136.650s][info][gc] GC(556) Concurrent Abortable Preclean 0.016ms
[1136.655s][info][gc] GC(556) Pause Remark 49M->49M(50M) 5.404ms
[1136.655s][info][gc] GC(556) Concurrent Sweep
[1136.658s][info][gc] GC(556) Concurrent Sweep 3.059ms
[1136.658s][info][gc] GC(556) Concurrent Reset
[1136.658s][info][gc] GC(556) Concurrent Reset 0.028ms
[1138.664s][info][gc] GC(557) Pause Initial Mark 49M->49M(50M) 1.277ms
[1138.664s][info][gc] GC(557) Concurrent Mark
[1138.677s][info][gc] GC(557) Concurrent Mark 12.155ms
[1138.677s][info][gc] GC(557) Concurrent Preclean
[1138.677s][info][gc] GC(557) Concurrent Preclean 0.153ms
[1138.677s][info][gc] GC(557) Concurrent Abortable Preclean
[1138.677s][info][gc] GC(557) Concurrent Abortable Preclean 0.016ms
[1138.682s][info][gc] GC(557) Pause Remark 49M->49M(50M) 5.354ms
[1138.682s][info][gc] GC(557) Concurrent Sweep
[1138.686s][info][gc] GC(557) Concurrent Sweep 3.163ms
[1138.686s][info][gc] GC(557) Concurrent Reset
[1138.686s][info][gc] GC(557) Concurrent Reset 0.028ms
[1140.688s][info][gc] GC(558) Pause Initial Mark 49M->49M(50M) 1.289ms
[1140.688s][info][gc] GC(558) Concurrent Mark
[1140.700s][info][gc] GC(558) Concurrent Mark 11.914ms
[1140.700s][info][gc] GC(558) Concurrent Preclean
[1140.700s][info][gc] GC(558) Concurrent Preclean 0.144ms
[1140.700s][info][gc] GC(558) Concurrent Abortable Preclean
[1140.700s][info][gc] GC(558) Concurrent Abortable Preclean 0.019ms
[1140.706s][info][gc] GC(558) Pause Remark 49M->49M(50M) 5.529ms
[1140.706s][info][gc] GC(558) Concurrent Sweep
[1140.709s][info][gc] GC(558) Concurrent Sweep 3.112ms
[1140.709s][info][gc] GC(558) Concurrent Reset
[1140.709s][info][gc] GC(558) Concurrent Reset 0.030ms
[1142.713s][info][gc] GC(559) Pause Initial Mark 49M->49M(50M) 1.200ms
[1142.713s][info][gc] GC(559) Concurrent Mark
[1142.725s][info][gc] GC(559) Concurrent Mark 11.981ms
[1142.725s][info][gc] GC(559) Concurrent Preclean
[1142.725s][info][gc] GC(559) Concurrent Preclean 0.150ms
[1142.725s][info][gc] GC(559) Concurrent Abortable Preclean
[1142.725s][info][gc] GC(559) Concurrent Abortable Preclean 0.023ms
[1142.730s][info][gc] GC(559) Pause Remark 49M->49M(50M) 5.454ms
[1142.731s][info][gc] GC(559) Concurrent Sweep
[1142.734s][info][gc] GC(559) Concurrent Sweep 3.086ms
[1142.734s][info][gc] GC(559) Concurrent Reset
[1142.734s][info][gc] GC(559) Concurrent Reset 0.030ms
[1144.736s][info][gc] GC(560) Pause Initial Mark 49M->49M(50M) 1.254ms
[1144.736s][info][gc] GC(560) Concurrent Mark
[1144.748s][info][gc] GC(560) Concurrent Mark 12.279ms
[1144.748s][info][gc] GC(560) Concurrent Preclean
[1144.749s][info][gc] GC(560) Concurrent Preclean 0.157ms
[1144.749s][info][gc] GC(560) Concurrent Abortable Preclean
[1144.749s][info][gc] GC(560) Concurrent Abortable Preclean 0.025ms
[1144.754s][info][gc] GC(560) Pause Remark 49M->49M(50M) 5.378ms
[1144.754s][info][gc] GC(560) Concurrent Sweep
[1144.757s][info][gc] GC(560) Concurrent Sweep 3.177ms
[1144.758s][info][gc] GC(560) Concurrent Reset
[1144.758s][info][gc] GC(560) Concurrent Reset 0.031ms
[1146.758s][info][gc] GC(561) Pause Initial Mark 49M->49M(50M) 1.068ms
[1146.758s][info][gc] GC(561) Concurrent Mark
[1146.770s][info][gc] GC(561) Concurrent Mark 11.314ms
[1146.770s][info][gc] GC(561) Concurrent Preclean
[1146.770s][info][gc] GC(561) Concurrent Preclean 0.159ms
[1146.770s][info][gc] GC(561) Concurrent Abortable Preclean
[1146.770s][info][gc] GC(561) Concurrent Abortable Preclean 0.019ms
[1146.776s][info][gc] GC(561) Pause Remark 49M->49M(50M) 5.646ms
[1146.776s][info][gc] GC(561) Concurrent Sweep
[1146.779s][info][gc] GC(561) Concurrent Sweep 3.223ms
[1146.779s][info][gc] GC(561) Concurrent Reset
[1146.779s][info][gc] GC(561) Concurrent Reset 0.031ms
[1148.785s][info][gc] GC(562) Pause Initial Mark 49M->49M(50M) 1.214ms
[1148.785s][info][gc] GC(562) Concurrent Mark
[1148.797s][info][gc] GC(562) Concurrent Mark 12.032ms
[1148.797s][info][gc] GC(562) Concurrent Preclean
[1148.798s][info][gc] GC(562) Concurrent Preclean 0.156ms
[1148.798s][info][gc] GC(562) Concurrent Abortable Preclean
[1148.798s][info][gc] GC(562) Concurrent Abortable Preclean 0.019ms
[1148.803s][info][gc] GC(562) Pause Remark 49M->49M(50M) 5.397ms
[1148.803s][info][gc] GC(562) Concurrent Sweep
[1148.806s][info][gc] GC(562) Concurrent Sweep 3.075ms
[1148.806s][info][gc] GC(562) Concurrent Reset
[1148.806s][info][gc] GC(562) Concurrent Reset 0.030ms
[1150.809s][info][gc] GC(563) Pause Initial Mark 49M->49M(50M) 1.261ms
[1150.809s][info][gc] GC(563) Concurrent Mark
[1150.822s][info][gc] GC(563) Concurrent Mark 12.190ms
[1150.822s][info][gc] GC(563) Concurrent Preclean
[1150.822s][info][gc] GC(563) Concurrent Preclean 0.166ms
[1150.822s][info][gc] GC(563) Concurrent Abortable Preclean
[1150.822s][info][gc] GC(563) Concurrent Abortable Preclean 0.020ms
[1150.827s][info][gc] GC(563) Pause Remark 49M->49M(50M) 5.437ms
[1150.828s][info][gc] GC(563) Concurrent Sweep
[1150.831s][info][gc] GC(563) Concurrent Sweep 3.060ms
[1150.831s][info][gc] GC(563) Concurrent Reset
[1150.831s][info][gc] GC(563) Concurrent Reset 0.030ms
[1152.837s][info][gc] GC(564) Pause Initial Mark 49M->49M(50M) 1.267ms
[1152.837s][info][gc] GC(564) Concurrent Mark
[1152.849s][info][gc] GC(564) Concurrent Mark 11.972ms
[1152.849s][info][gc] GC(564) Concurrent Preclean
[1152.849s][info][gc] GC(564) Concurrent Preclean 0.146ms
[1152.849s][info][gc] GC(564) Concurrent Abortable Preclean
[1152.849s][info][gc] GC(564) Concurrent Abortable Preclean 0.019ms
[1152.855s][info][gc] GC(564) Pause Remark 49M->49M(50M) 5.303ms
[1152.855s][info][gc] GC(564) Concurrent Sweep
[1152.858s][info][gc] GC(564) Concurrent Sweep 3.160ms
[1152.858s][info][gc] GC(564) Concurrent Reset
[1152.858s][info][gc] GC(564) Concurrent Reset 0.030ms
[1154.864s][info][gc] GC(565) Pause Initial Mark 49M->49M(50M) 1.271ms
[1154.864s][info][gc] GC(565) Concurrent Mark
[1154.876s][info][gc] GC(565) Concurrent Mark 12.121ms
[1154.876s][info][gc] GC(565) Concurrent Preclean
[1154.877s][info][gc] GC(565) Concurrent Preclean 0.158ms
[1154.877s][info][gc] GC(565) Concurrent Abortable Preclean
[1154.877s][info][gc] GC(565) Concurrent Abortable Preclean 0.020ms
[1154.883s][info][gc] GC(565) Pause Remark 49M->49M(50M) 5.786ms
[1154.883s][info][gc] GC(565) Concurrent Sweep
[1154.886s][info][gc] GC(565) Concurrent Sweep 3.206ms
[1154.886s][info][gc] GC(565) Concurrent Reset
[1154.886s][info][gc] GC(565) Concurrent Reset 0.030ms
[1156.892s][info][gc] GC(566) Pause Initial Mark 49M->49M(50M) 1.245ms
[1156.892s][info][gc] GC(566) Concurrent Mark
[1156.904s][info][gc] GC(566) Concurrent Mark 12.052ms
[1156.904s][info][gc] GC(566) Concurrent Preclean
[1156.904s][info][gc] GC(566) Concurrent Preclean 0.142ms
[1156.904s][info][gc] GC(566) Concurrent Abortable Preclean
[1156.904s][info][gc] GC(566) Concurrent Abortable Preclean 0.022ms
[1156.910s][info][gc] GC(566) Pause Remark 49M->49M(50M) 5.388ms
[1156.910s][info][gc] GC(566) Concurrent Sweep
[1156.913s][info][gc] GC(566) Concurrent Sweep 3.000ms
[1156.913s][info][gc] GC(566) Concurrent Reset
[1156.913s][info][gc] GC(566) Concurrent Reset 0.030ms
[1158.918s][info][gc] GC(567) Pause Initial Mark 49M->49M(50M) 1.235ms
[1158.918s][info][gc] GC(567) Concurrent Mark
[1158.931s][info][gc] GC(567) Concurrent Mark 12.261ms
[1158.931s][info][gc] GC(567) Concurrent Preclean
[1158.931s][info][gc] GC(567) Concurrent Preclean 0.171ms
[1158.931s][info][gc] GC(567) Concurrent Abortable Preclean
[1158.931s][info][gc] GC(567) Concurrent Abortable Preclean 0.020ms
[1158.936s][info][gc] GC(567) Pause Remark 49M->49M(50M) 5.378ms
[1158.937s][info][gc] GC(567) Concurrent Sweep
[1158.940s][info][gc] GC(567) Concurrent Sweep 3.270ms
[1158.940s][info][gc] GC(567) Concurrent Reset
[1158.940s][info][gc] GC(567) Concurrent Reset 0.032ms
[1160.941s][info][gc] GC(568) Pause Initial Mark 49M->49M(50M) 1.272ms
[1160.941s][info][gc] GC(568) Concurrent Mark
[1160.955s][info][gc] GC(568) Concurrent Mark 13.856ms
[1160.955s][info][gc] GC(568) Concurrent Preclean
[1160.955s][info][gc] GC(568) Concurrent Preclean 0.202ms
[1160.955s][info][gc] GC(568) Concurrent Abortable Preclean
[1160.955s][info][gc] GC(568) Concurrent Abortable Preclean 0.028ms
[1160.963s][info][gc] GC(568) Pause Remark 49M->49M(50M) 8.008ms
[1160.963s][info][gc] GC(568) Concurrent Sweep
[1160.966s][info][gc] GC(568) Concurrent Sweep 3.010ms
[1160.966s][info][gc] GC(568) Concurrent Reset
[1160.966s][info][gc] GC(568) Concurrent Reset 0.030ms
[1162.972s][info][gc] GC(569) Pause Initial Mark 49M->49M(50M) 1.322ms
[1162.972s][info][gc] GC(569) Concurrent Mark
[1162.984s][info][gc] GC(569) Concurrent Mark 11.967ms
[1162.984s][info][gc] GC(569) Concurrent Preclean
[1162.984s][info][gc] GC(569) Concurrent Preclean 0.160ms
[1162.984s][info][gc] GC(569) Concurrent Abortable Preclean
[1162.984s][info][gc] GC(569) Concurrent Abortable Preclean 0.020ms
[1162.990s][info][gc] GC(569) Pause Remark 49M->49M(50M) 5.568ms
[1162.990s][info][gc] GC(569) Concurrent Sweep
[1162.993s][info][gc] GC(569) Concurrent Sweep 3.146ms
[1162.993s][info][gc] GC(569) Concurrent Reset
[1162.993s][info][gc] GC(569) Concurrent Reset 0.031ms
[1164.994s][info][gc] GC(570) Pause Initial Mark 49M->49M(50M) 1.103ms
[1164.994s][info][gc] GC(570) Concurrent Mark
[1165.007s][info][gc] GC(570) Concurrent Mark 12.584ms
[1165.007s][info][gc] GC(570) Concurrent Preclean
[1165.007s][info][gc] GC(570) Concurrent Preclean 0.165ms
[1165.007s][info][gc] GC(570) Concurrent Abortable Preclean
[1165.007s][info][gc] GC(570) Concurrent Abortable Preclean 0.020ms
[1165.013s][info][gc] GC(570) Pause Remark 49M->49M(50M) 5.401ms
[1165.013s][info][gc] GC(570) Concurrent Sweep
[1165.016s][info][gc] GC(570) Concurrent Sweep 3.214ms
[1165.016s][info][gc] GC(570) Concurrent Reset
[1165.016s][info][gc] GC(570) Concurrent Reset 0.031ms
[1167.021s][info][gc] GC(571) Pause Initial Mark 49M->49M(50M) 1.322ms
[1167.021s][info][gc] GC(571) Concurrent Mark
[1167.033s][info][gc] GC(571) Concurrent Mark 12.101ms
[1167.033s][info][gc] GC(571) Concurrent Preclean
[1167.033s][info][gc] GC(571) Concurrent Preclean 0.143ms
[1167.033s][info][gc] GC(571) Concurrent Abortable Preclean
[1167.033s][info][gc] GC(571) Concurrent Abortable Preclean 0.018ms
[1167.039s][info][gc] GC(571) Pause Remark 49M->49M(50M) 5.414ms
[1167.039s][info][gc] GC(571) Concurrent Sweep
[1167.042s][info][gc] GC(571) Concurrent Sweep 3.121ms
[1167.042s][info][gc] GC(571) Concurrent Reset
[1167.042s][info][gc] GC(571) Concurrent Reset 0.030ms
[1169.049s][info][gc] GC(572) Pause Initial Mark 49M->49M(50M) 1.280ms
[1169.049s][info][gc] GC(572) Concurrent Mark
[1169.061s][info][gc] GC(572) Concurrent Mark 12.114ms
[1169.061s][info][gc] GC(572) Concurrent Preclean
[1169.061s][info][gc] GC(572) Concurrent Preclean 0.170ms
[1169.061s][info][gc] GC(572) Concurrent Abortable Preclean
[1169.061s][info][gc] GC(572) Concurrent Abortable Preclean 0.020ms
[1169.070s][info][gc] GC(572) Pause Remark 49M->49M(50M) 8.523ms
[1169.070s][info][gc] GC(572) Concurrent Sweep
[1169.074s][info][gc] GC(572) Concurrent Sweep 3.888ms
[1169.074s][info][gc] GC(572) Concurrent Reset
[1169.074s][info][gc] GC(572) Concurrent Reset 0.103ms
[1171.076s][info][gc] GC(573) Pause Initial Mark 49M->49M(50M) 1.262ms
[1171.077s][info][gc] GC(573) Concurrent Mark
[1171.088s][info][gc] GC(573) Concurrent Mark 11.337ms
[1171.088s][info][gc] GC(573) Concurrent Preclean
[1171.088s][info][gc] GC(573) Concurrent Preclean 0.143ms
[1171.088s][info][gc] GC(573) Concurrent Abortable Preclean
[1171.088s][info][gc] GC(573) Concurrent Abortable Preclean 0.019ms
[1171.094s][info][gc] GC(573) Pause Remark 49M->49M(50M) 5.443ms
[1171.094s][info][gc] GC(573) Concurrent Sweep
[1171.097s][info][gc] GC(573) Concurrent Sweep 3.017ms
[1171.097s][info][gc] GC(573) Concurrent Reset
[1171.097s][info][gc] GC(573) Concurrent Reset 0.030ms
[1173.099s][info][gc] GC(574) Pause Initial Mark 49M->49M(50M) 1.312ms
[1173.099s][info][gc] GC(574) Concurrent Mark
[1173.111s][info][gc] GC(574) Concurrent Mark 11.891ms
[1173.111s][info][gc] GC(574) Concurrent Preclean
[1173.111s][info][gc] GC(574) Concurrent Preclean 0.166ms
[1173.111s][info][gc] GC(574) Concurrent Abortable Preclean
[1173.111s][info][gc] GC(574) Concurrent Abortable Preclean 0.019ms
[1173.117s][info][gc] GC(574) Pause Remark 49M->49M(50M) 5.744ms
[1173.117s][info][gc] GC(574) Concurrent Sweep
[1173.120s][info][gc] GC(574) Concurrent Sweep 3.011ms
[1173.120s][info][gc] GC(574) Concurrent Reset
[1173.120s][info][gc] GC(574) Concurrent Reset 0.030ms
[1175.122s][info][gc] GC(575) Pause Initial Mark 49M->49M(50M) 1.259ms
[1175.122s][info][gc] GC(575) Concurrent Mark
[1175.134s][info][gc] GC(575) Concurrent Mark 11.988ms
[1175.134s][info][gc] GC(575) Concurrent Preclean
[1175.134s][info][gc] GC(575) Concurrent Preclean 0.144ms
[1175.134s][info][gc] GC(575) Concurrent Abortable Preclean
[1175.134s][info][gc] GC(575) Concurrent Abortable Preclean 0.018ms
[1175.140s][info][gc] GC(575) Pause Remark 49M->49M(50M) 5.563ms
[1175.140s][info][gc] GC(575) Concurrent Sweep
[1175.143s][info][gc] GC(575) Concurrent Sweep 3.001ms
[1175.143s][info][gc] GC(575) Concurrent Reset
[1175.143s][info][gc] GC(575) Concurrent Reset 0.030ms
[1177.145s][info][gc] GC(576) Pause Initial Mark 49M->49M(50M) 1.258ms
[1177.145s][info][gc] GC(576) Concurrent Mark
[1177.157s][info][gc] GC(576) Concurrent Mark 11.974ms
[1177.157s][info][gc] GC(576) Concurrent Preclean
[1177.157s][info][gc] GC(576) Concurrent Preclean 0.142ms
[1177.157s][info][gc] GC(576) Concurrent Abortable Preclean
[1177.157s][info][gc] GC(576) Concurrent Abortable Preclean 0.019ms
[1177.163s][info][gc] GC(576) Pause Remark 49M->49M(50M) 5.530ms
[1177.163s][info][gc] GC(576) Concurrent Sweep
[1177.166s][info][gc] GC(576) Concurrent Sweep 3.201ms
[1177.166s][info][gc] GC(576) Concurrent Reset
[1177.166s][info][gc] GC(576) Concurrent Reset 0.030ms
[1179.172s][info][gc] GC(577) Pause Initial Mark 49M->49M(50M) 1.236ms
[1179.172s][info][gc] GC(577) Concurrent Mark
[1179.184s][info][gc] GC(577) Concurrent Mark 11.994ms
[1179.184s][info][gc] GC(577) Concurrent Preclean
[1179.185s][info][gc] GC(577) Concurrent Preclean 0.168ms
[1179.185s][info][gc] GC(577) Concurrent Abortable Preclean
[1179.185s][info][gc] GC(577) Concurrent Abortable Preclean 0.021ms
[1179.190s][info][gc] GC(577) Pause Remark 49M->49M(50M) 5.688ms
[1179.191s][info][gc] GC(577) Concurrent Sweep
[1179.194s][info][gc] GC(577) Concurrent Sweep 3.123ms
[1179.194s][info][gc] GC(577) Concurrent Reset
[1179.194s][info][gc] GC(577) Concurrent Reset 0.030ms
[1181.195s][info][gc] GC(578) Pause Initial Mark 49M->49M(50M) 1.295ms
[1181.195s][info][gc] GC(578) Concurrent Mark
[1181.207s][info][gc] GC(578) Concurrent Mark 12.463ms
[1181.208s][info][gc] GC(578) Concurrent Preclean
[1181.208s][info][gc] GC(578) Concurrent Preclean 0.146ms
[1181.208s][info][gc] GC(578) Concurrent Abortable Preclean
[1181.208s][info][gc] GC(578) Concurrent Abortable Preclean 0.019ms
[1181.213s][info][gc] GC(578) Pause Remark 49M->49M(50M) 5.463ms
[1181.213s][info][gc] GC(578) Concurrent Sweep
[1181.217s][info][gc] GC(578) Concurrent Sweep 3.121ms
[1181.217s][info][gc] GC(578) Concurrent Reset
[1181.217s][info][gc] GC(578) Concurrent Reset 0.030ms
[1183.222s][info][gc] GC(579) Pause Initial Mark 49M->49M(50M) 1.283ms
[1183.222s][info][gc] GC(579) Concurrent Mark
[1183.235s][info][gc] GC(579) Concurrent Mark 12.118ms
[1183.235s][info][gc] GC(579) Concurrent Preclean
[1183.235s][info][gc] GC(579) Concurrent Preclean 0.145ms
[1183.235s][info][gc] GC(579) Concurrent Abortable Preclean
[1183.235s][info][gc] GC(579) Concurrent Abortable Preclean 0.019ms
[1183.240s][info][gc] GC(579) Pause Remark 49M->49M(50M) 5.405ms
[1183.241s][info][gc] GC(579) Concurrent Sweep
[1183.244s][info][gc] GC(579) Concurrent Sweep 3.081ms
[1183.244s][info][gc] GC(579) Concurrent Reset
[1183.244s][info][gc] GC(579) Concurrent Reset 0.030ms
[1185.246s][info][gc] GC(580) Pause Initial Mark 49M->49M(50M) 1.243ms
[1185.246s][info][gc] GC(580) Concurrent Mark
[1185.258s][info][gc] GC(580) Concurrent Mark 11.967ms
[1185.258s][info][gc] GC(580) Concurrent Preclean
[1185.259s][info][gc] GC(580) Concurrent Preclean 0.156ms
[1185.259s][info][gc] GC(580) Concurrent Abortable Preclean
[1185.259s][info][gc] GC(580) Concurrent Abortable Preclean 0.020ms
[1185.264s][info][gc] GC(580) Pause Remark 49M->49M(50M) 5.554ms
[1185.265s][info][gc] GC(580) Concurrent Sweep
[1185.268s][info][gc] GC(580) Concurrent Sweep 3.245ms
[1185.268s][info][gc] GC(580) Concurrent Reset
[1185.268s][info][gc] GC(580) Concurrent Reset 0.030ms
[1187.274s][info][gc] GC(581) Pause Initial Mark 49M->49M(50M) 1.282ms
[1187.274s][info][gc] GC(581) Concurrent Mark
[1187.286s][info][gc] GC(581) Concurrent Mark 12.334ms
[1187.286s][info][gc] GC(581) Concurrent Preclean
[1187.287s][info][gc] GC(581) Concurrent Preclean 0.178ms
[1187.287s][info][gc] GC(581) Concurrent Abortable Preclean
[1187.287s][info][gc] GC(581) Concurrent Abortable Preclean 0.019ms
[1187.292s][info][gc] GC(581) Pause Remark 49M->49M(50M) 5.461ms
[1187.292s][info][gc] GC(581) Concurrent Sweep
[1187.296s][info][gc] GC(581) Concurrent Sweep 3.149ms
[1187.296s][info][gc] GC(581) Concurrent Reset
[1187.296s][info][gc] GC(581) Concurrent Reset 0.030ms
[1189.301s][info][gc] GC(582) Pause Initial Mark 49M->49M(50M) 1.351ms
[1189.301s][info][gc] GC(582) Concurrent Mark
[1189.314s][info][gc] GC(582) Concurrent Mark 12.149ms
[1189.314s][info][gc] GC(582) Concurrent Preclean
[1189.314s][info][gc] GC(582) Concurrent Preclean 0.161ms
[1189.314s][info][gc] GC(582) Concurrent Abortable Preclean
[1189.314s][info][gc] GC(582) Concurrent Abortable Preclean 0.019ms
[1189.320s][info][gc] GC(582) Pause Remark 49M->49M(50M) 6.065ms
[1189.320s][info][gc] GC(582) Concurrent Sweep
[1189.323s][info][gc] GC(582) Concurrent Sweep 3.278ms
[1189.323s][info][gc] GC(582) Concurrent Reset
[1189.324s][info][gc] GC(582) Concurrent Reset 0.030ms
[1191.325s][info][gc] GC(583) Pause Initial Mark 49M->49M(50M) 1.146ms
[1191.325s][info][gc] GC(583) Concurrent Mark
[1191.339s][info][gc] GC(583) Concurrent Mark 13.932ms
[1191.339s][info][gc] GC(583) Concurrent Preclean
[1191.339s][info][gc] GC(583) Concurrent Preclean 0.145ms
[1191.339s][info][gc] GC(583) Concurrent Abortable Preclean
[1191.339s][info][gc] GC(583) Concurrent Abortable Preclean 0.019ms
[1191.345s][info][gc] GC(583) Pause Remark 49M->49M(50M) 5.303ms
[1191.345s][info][gc] GC(583) Concurrent Sweep
[1191.349s][info][gc] GC(583) Concurrent Sweep 3.714ms
[1191.349s][info][gc] GC(583) Concurrent Reset
[1191.349s][info][gc] GC(583) Concurrent Reset 0.230ms
[1193.352s][info][gc] GC(584) Pause Initial Mark 49M->49M(50M) 1.271ms
[1193.353s][info][gc] GC(584) Concurrent Mark
[1193.368s][info][gc] GC(584) Concurrent Mark 15.176ms
[1193.368s][info][gc] GC(584) Concurrent Preclean
[1193.368s][info][gc] GC(584) Concurrent Preclean 0.152ms
[1193.368s][info][gc] GC(584) Concurrent Abortable Preclean
[1193.368s][info][gc] GC(584) Concurrent Abortable Preclean 0.028ms
[1193.373s][info][gc] GC(584) Pause Remark 49M->49M(50M) 5.271ms
[1193.374s][info][gc] GC(584) Concurrent Sweep
[1193.377s][info][gc] GC(584) Concurrent Sweep 3.248ms
[1193.377s][info][gc] GC(584) Concurrent Reset
[1193.377s][info][gc] GC(584) Concurrent Reset 0.032ms
[1195.380s][info][gc] GC(585) Pause Initial Mark 49M->49M(50M) 1.375ms
[1195.381s][info][gc] GC(585) Concurrent Mark
[1195.392s][info][gc] GC(585) Concurrent Mark 11.557ms
[1195.392s][info][gc] GC(585) Concurrent Preclean
[1195.392s][info][gc] GC(585) Concurrent Preclean 0.148ms
[1195.392s][info][gc] GC(585) Concurrent Abortable Preclean
[1195.392s][info][gc] GC(585) Concurrent Abortable Preclean 0.019ms
[1195.398s][info][gc] GC(585) Pause Remark 49M->49M(50M) 5.654ms
[1195.398s][info][gc] GC(585) Concurrent Sweep
[1195.402s][info][gc] GC(585) Concurrent Sweep 3.278ms
[1195.402s][info][gc] GC(585) Concurrent Reset
[1195.402s][info][gc] GC(585) Concurrent Reset 0.031ms
[1197.407s][info][gc] GC(586) Pause Initial Mark 49M->49M(50M) 1.347ms
[1197.408s][info][gc] GC(586) Concurrent Mark
[1197.420s][info][gc] GC(586) Concurrent Mark 12.324ms
[1197.420s][info][gc] GC(586) Concurrent Preclean
[1197.420s][info][gc] GC(586) Concurrent Preclean 0.146ms
[1197.420s][info][gc] GC(586) Concurrent Abortable Preclean
[1197.420s][info][gc] GC(586) Concurrent Abortable Preclean 0.019ms
[1197.430s][info][gc] GC(586) Pause Remark 49M->49M(50M) 9.604ms
[1197.430s][info][gc] GC(586) Concurrent Sweep
[1197.433s][info][gc] GC(586) Concurrent Sweep 3.141ms
[1197.433s][info][gc] GC(586) Concurrent Reset
[1197.433s][info][gc] GC(586) Concurrent Reset 0.032ms
[1199.437s][info][gc] GC(587) Pause Initial Mark 49M->49M(50M) 1.366ms
[1199.437s][info][gc] GC(587) Concurrent Mark
[1199.449s][info][gc] GC(587) Concurrent Mark 12.080ms
[1199.449s][info][gc] GC(587) Concurrent Preclean
[1199.449s][info][gc] GC(587) Concurrent Preclean 0.154ms
[1199.449s][info][gc] GC(587) Concurrent Abortable Preclean
[1199.449s][info][gc] GC(587) Concurrent Abortable Preclean 0.019ms
[1199.455s][info][gc] GC(587) Pause Remark 49M->49M(50M) 5.900ms
[1199.455s][info][gc] GC(587) Concurrent Sweep
[1199.458s][info][gc] GC(587) Concurrent Sweep 3.290ms
[1199.459s][info][gc] GC(587) Concurrent Reset
[1199.459s][info][gc] GC(587) Concurrent Reset 0.031ms
[1201.462s][info][gc] GC(588) Pause Initial Mark 49M->49M(50M) 1.270ms
[1201.462s][info][gc] GC(588) Concurrent Mark
[1201.474s][info][gc] GC(588) Concurrent Mark 12.144ms
[1201.474s][info][gc] GC(588) Concurrent Preclean
[1201.474s][info][gc] GC(588) Concurrent Preclean 0.158ms
[1201.474s][info][gc] GC(588) Concurrent Abortable Preclean
[1201.474s][info][gc] GC(588) Concurrent Abortable Preclean 0.020ms
[1201.480s][info][gc] GC(588) Pause Remark 49M->49M(50M) 5.590ms
[1201.480s][info][gc] GC(588) Concurrent Sweep
[1201.483s][info][gc] GC(588) Concurrent Sweep 3.119ms
[1201.483s][info][gc] GC(588) Concurrent Reset
[1201.483s][info][gc] GC(588) Concurrent Reset 0.030ms
[1203.488s][info][gc] GC(589) Pause Initial Mark 49M->49M(50M) 1.283ms
[1203.488s][info][gc] GC(589) Concurrent Mark
[1203.501s][info][gc] GC(589) Concurrent Mark 12.107ms
[1203.501s][info][gc] GC(589) Concurrent Preclean
[1203.501s][info][gc] GC(589) Concurrent Preclean 0.148ms
[1203.501s][info][gc] GC(589) Concurrent Abortable Preclean
[1203.501s][info][gc] GC(589) Concurrent Abortable Preclean 0.019ms
[1203.506s][info][gc] GC(589) Pause Remark 49M->49M(50M) 5.514ms
[1203.507s][info][gc] GC(589) Concurrent Sweep
[1203.510s][info][gc] GC(589) Concurrent Sweep 3.202ms
[1203.510s][info][gc] GC(589) Concurrent Reset
[1203.510s][info][gc] GC(589) Concurrent Reset 0.032ms
[1205.516s][info][gc] GC(590) Pause Initial Mark 49M->49M(50M) 1.324ms
[1205.516s][info][gc] GC(590) Concurrent Mark
[1205.528s][info][gc] GC(590) Concurrent Mark 12.152ms
[1205.528s][info][gc] GC(590) Concurrent Preclean
[1205.528s][info][gc] GC(590) Concurrent Preclean 0.160ms
[1205.528s][info][gc] GC(590) Concurrent Abortable Preclean
[1205.528s][info][gc] GC(590) Concurrent Abortable Preclean 0.020ms
[1205.535s][info][gc] GC(590) Pause Remark 49M->49M(50M) 6.204ms
[1205.535s][info][gc] GC(590) Concurrent Sweep
[1205.538s][info][gc] GC(590) Concurrent Sweep 3.096ms
[1205.538s][info][gc] GC(590) Concurrent Reset
[1205.538s][info][gc] GC(590) Concurrent Reset 0.030ms
[1207.542s][info][gc] GC(591) Pause Initial Mark 49M->49M(50M) 1.365ms
[1207.542s][info][gc] GC(591) Concurrent Mark
[1207.554s][info][gc] GC(591) Concurrent Mark 12.101ms
[1207.554s][info][gc] GC(591) Concurrent Preclean
[1207.554s][info][gc] GC(591) Concurrent Preclean 0.157ms
[1207.554s][info][gc] GC(591) Concurrent Abortable Preclean
[1207.554s][info][gc] GC(591) Concurrent Abortable Preclean 0.018ms
[1207.560s][info][gc] GC(591) Pause Remark 49M->49M(50M) 5.409ms
[1207.560s][info][gc] GC(591) Concurrent Sweep
[1207.563s][info][gc] GC(591) Concurrent Sweep 3.006ms
[1207.563s][info][gc] GC(591) Concurrent Reset
[1207.563s][info][gc] GC(591) Concurrent Reset 0.030ms
[1209.567s][info][gc] GC(592) Pause Initial Mark 49M->49M(50M) 3.894ms
[1209.567s][info][gc] GC(592) Concurrent Mark
[1209.579s][info][gc] GC(592) Concurrent Mark 12.401ms
[1209.580s][info][gc] GC(592) Concurrent Preclean
[1209.580s][info][gc] GC(592) Concurrent Preclean 0.163ms
[1209.580s][info][gc] GC(592) Concurrent Abortable Preclean
[1209.580s][info][gc] GC(592) Concurrent Abortable Preclean 0.019ms
[1209.585s][info][gc] GC(592) Pause Remark 49M->49M(50M) 5.410ms
[1209.585s][info][gc] GC(592) Concurrent Sweep
[1209.589s][info][gc] GC(592) Concurrent Sweep 3.275ms
[1209.589s][info][gc] GC(592) Concurrent Reset
[1209.589s][info][gc] GC(592) Concurrent Reset 0.029ms
[1211.592s][info][gc] GC(593) Pause Initial Mark 49M->49M(50M) 1.097ms
[1211.593s][info][gc] GC(593) Concurrent Mark
[1211.606s][info][gc] GC(593) Concurrent Mark 12.953ms
[1211.606s][info][gc] GC(593) Concurrent Preclean
[1211.606s][info][gc] GC(593) Concurrent Preclean 0.136ms
[1211.606s][info][gc] GC(593) Concurrent Abortable Preclean
[1211.606s][info][gc] GC(593) Concurrent Abortable Preclean 0.016ms
[1211.614s][info][gc] GC(593) Pause Remark 49M->49M(50M) 7.797ms
[1211.614s][info][gc] GC(593) Concurrent Sweep
[1211.617s][info][gc] GC(593) Concurrent Sweep 3.690ms
[1211.618s][info][gc] GC(593) Concurrent Reset
[1211.618s][info][gc] GC(593) Concurrent Reset 0.031ms
[1213.623s][info][gc] GC(594) Pause Initial Mark 49M->49M(50M) 1.318ms
[1213.623s][info][gc] GC(594) Concurrent Mark
[1213.635s][info][gc] GC(594) Concurrent Mark 12.149ms
[1213.635s][info][gc] GC(594) Concurrent Preclean
[1213.635s][info][gc] GC(594) Concurrent Preclean 0.163ms
[1213.635s][info][gc] GC(594) Concurrent Abortable Preclean
[1213.635s][info][gc] GC(594) Concurrent Abortable Preclean 0.020ms
[1213.641s][info][gc] GC(594) Pause Remark 49M->49M(50M) 5.558ms
[1213.641s][info][gc] GC(594) Concurrent Sweep
[1213.645s][info][gc] GC(594) Concurrent Sweep 3.291ms
[1213.645s][info][gc] GC(594) Concurrent Reset
[1213.645s][info][gc] GC(594) Concurrent Reset 0.031ms
[1215.653s][info][gc] GC(595) Pause Initial Mark 49M->49M(50M) 2.969ms
[1215.653s][info][gc] GC(595) Concurrent Mark
[1215.665s][info][gc] GC(595) Concurrent Mark 12.075ms
[1215.665s][info][gc] GC(595) Concurrent Preclean
[1215.665s][info][gc] GC(595) Concurrent Preclean 0.144ms
[1215.665s][info][gc] GC(595) Concurrent Abortable Preclean
[1215.665s][info][gc] GC(595) Concurrent Abortable Preclean 0.018ms
[1215.671s][info][gc] GC(595) Pause Remark 49M->49M(50M) 5.658ms
[1215.671s][info][gc] GC(595) Concurrent Sweep
[1215.674s][info][gc] GC(595) Concurrent Sweep 3.064ms
[1215.674s][info][gc] GC(595) Concurrent Reset
[1215.674s][info][gc] GC(595) Concurrent Reset 0.030ms
[1217.678s][info][gc] GC(596) Pause Initial Mark 49M->49M(50M) 1.100ms
[1217.679s][info][gc] GC(596) Concurrent Mark
[1217.691s][info][gc] GC(596) Concurrent Mark 12.889ms
[1217.692s][info][gc] GC(596) Concurrent Preclean
[1217.692s][info][gc] GC(596) Concurrent Preclean 0.157ms
[1217.692s][info][gc] GC(596) Concurrent Abortable Preclean
[1217.692s][info][gc] GC(596) Concurrent Abortable Preclean 0.018ms
[1217.697s][info][gc] GC(596) Pause Remark 49M->49M(50M) 5.529ms
[1217.697s][info][gc] GC(596) Concurrent Sweep
[1217.701s][info][gc] GC(596) Concurrent Sweep 3.681ms
[1217.701s][info][gc] GC(596) Concurrent Reset
[1217.701s][info][gc] GC(596) Concurrent Reset 0.051ms
[1219.703s][info][gc] GC(597) Pause Initial Mark 49M->49M(50M) 1.359ms
[1219.703s][info][gc] GC(597) Concurrent Mark
[1219.715s][info][gc] GC(597) Concurrent Mark 12.541ms
[1219.715s][info][gc] GC(597) Concurrent Preclean
[1219.715s][info][gc] GC(597) Concurrent Preclean 0.149ms
[1219.715s][info][gc] GC(597) Concurrent Abortable Preclean
[1219.716s][info][gc] GC(597) Concurrent Abortable Preclean 0.019ms
[1219.722s][info][gc] GC(597) Pause Remark 49M->49M(50M) 5.896ms
[1219.722s][info][gc] GC(597) Concurrent Sweep
[1219.725s][info][gc] GC(597) Concurrent Sweep 3.003ms
[1219.725s][info][gc] GC(597) Concurrent Reset
[1219.725s][info][gc] GC(597) Concurrent Reset 0.030ms
[1221.726s][info][gc] GC(598) Pause Initial Mark 49M->49M(50M) 1.117ms
[1221.726s][info][gc] GC(598) Concurrent Mark
[1221.740s][info][gc] GC(598) Concurrent Mark 13.693ms
[1221.740s][info][gc] GC(598) Concurrent Preclean
[1221.740s][info][gc] GC(598) Concurrent Preclean 0.162ms
[1221.740s][info][gc] GC(598) Concurrent Abortable Preclean
[1221.740s][info][gc] GC(598) Concurrent Abortable Preclean 0.017ms
[1221.746s][info][gc] GC(598) Pause Remark 49M->49M(50M) 5.637ms
[1221.746s][info][gc] GC(598) Concurrent Sweep
[1221.749s][info][gc] GC(598) Concurrent Sweep 3.013ms
[1221.749s][info][gc] GC(598) Concurrent Reset
[1221.749s][info][gc] GC(598) Concurrent Reset 0.030ms
[1223.755s][info][gc] GC(599) Pause Initial Mark 49M->49M(50M) 1.318ms
[1223.755s][info][gc] GC(599) Concurrent Mark
[1223.767s][info][gc] GC(599) Concurrent Mark 12.046ms
[1223.768s][info][gc] GC(599) Concurrent Preclean
[1223.768s][info][gc] GC(599) Concurrent Preclean 0.161ms
[1223.768s][info][gc] GC(599) Concurrent Abortable Preclean
[1223.768s][info][gc] GC(599) Concurrent Abortable Preclean 0.020ms
[1223.773s][info][gc] GC(599) Pause Remark 49M->49M(50M) 5.589ms
[1223.774s][info][gc] GC(599) Concurrent Sweep
[1223.777s][info][gc] GC(599) Concurrent Sweep 3.150ms
[1223.777s][info][gc] GC(599) Concurrent Reset
[1223.777s][info][gc] GC(599) Concurrent Reset 0.030ms
[1225.782s][info][gc] GC(600) Pause Initial Mark 49M->49M(50M) 1.172ms
[1225.782s][info][gc] GC(600) Concurrent Mark
[1225.795s][info][gc] GC(600) Concurrent Mark 12.718ms
[1225.795s][info][gc] GC(600) Concurrent Preclean
[1225.795s][info][gc] GC(600) Concurrent Preclean 0.160ms
[1225.795s][info][gc] GC(600) Concurrent Abortable Preclean
[1225.795s][info][gc] GC(600) Concurrent Abortable Preclean 0.019ms
[1225.801s][info][gc] GC(600) Pause Remark 49M->49M(50M) 5.883ms
[1225.801s][info][gc] GC(600) Concurrent Sweep
[1225.805s][info][gc] GC(600) Concurrent Sweep 3.154ms
[1225.805s][info][gc] GC(600) Concurrent Reset
[1225.805s][info][gc] GC(600) Concurrent Reset 0.030ms
[1227.805s][info][gc] GC(601) Pause Initial Mark 49M->49M(50M) 0.908ms
[1227.805s][info][gc] GC(601) Concurrent Mark
[1227.820s][info][gc] GC(601) Concurrent Mark 14.355ms
[1227.820s][info][gc] GC(601) Concurrent Preclean
[1227.820s][info][gc] GC(601) Concurrent Preclean 0.179ms
[1227.820s][info][gc] GC(601) Concurrent Abortable Preclean
[1227.820s][info][gc] GC(601) Concurrent Abortable Preclean 0.018ms
[1227.827s][info][gc] GC(601) Pause Remark 49M->49M(50M) 6.951ms
[1227.827s][info][gc] GC(601) Concurrent Sweep
[1227.832s][info][gc] GC(601) Concurrent Sweep 4.508ms
[1227.832s][info][gc] GC(601) Concurrent Reset
[1227.832s][info][gc] GC(601) Concurrent Reset 0.036ms
[1229.834s][info][gc] GC(602) Pause Initial Mark 49M->49M(50M) 1.164ms
[1229.836s][info][gc] GC(602) Concurrent Mark
[1229.847s][info][gc] GC(602) Concurrent Mark 11.426ms
[1229.847s][info][gc] GC(602) Concurrent Preclean
[1229.847s][info][gc] GC(602) Concurrent Preclean 0.245ms
[1229.847s][info][gc] GC(602) Concurrent Abortable Preclean
[1229.847s][info][gc] GC(602) Concurrent Abortable Preclean 0.017ms
[1229.855s][info][gc] GC(602) Pause Remark 49M->49M(50M) 7.717ms
[1229.855s][info][gc] GC(602) Concurrent Sweep
[1229.859s][info][gc] GC(602) Concurrent Sweep 3.060ms
[1229.859s][info][gc] GC(602) Concurrent Reset
[1229.859s][info][gc] GC(602) Concurrent Reset 0.031ms
[1231.859s][info][gc] GC(603) Pause Initial Mark 49M->49M(50M) 0.802ms
[1231.859s][info][gc] GC(603) Concurrent Mark
[1231.871s][info][gc] GC(603) Concurrent Mark 12.043ms
[1231.871s][info][gc] GC(603) Concurrent Preclean
[1231.871s][info][gc] GC(603) Concurrent Preclean 0.157ms
[1231.871s][info][gc] GC(603) Concurrent Abortable Preclean
[1231.871s][info][gc] GC(603) Concurrent Abortable Preclean 0.016ms
[1231.880s][info][gc] GC(603) Pause Remark 49M->49M(50M) 9.175ms
[1231.880s][info][gc] GC(603) Concurrent Sweep
[1231.884s][info][gc] GC(603) Concurrent Sweep 3.949ms
[1231.885s][info][gc] GC(603) Concurrent Reset
[1231.885s][info][gc] GC(603) Concurrent Reset 0.043ms
[1233.887s][info][gc] GC(604) Pause Initial Mark 49M->49M(50M) 2.282ms
[1233.887s][info][gc] GC(604) Concurrent Mark
[1233.899s][info][gc] GC(604) Concurrent Mark 12.085ms
[1233.899s][info][gc] GC(604) Concurrent Preclean
[1233.900s][info][gc] GC(604) Concurrent Preclean 0.174ms
[1233.900s][info][gc] GC(604) Concurrent Abortable Preclean
[1233.900s][info][gc] GC(604) Concurrent Abortable Preclean 0.017ms
[1233.907s][info][gc] GC(604) Pause Remark 49M->49M(50M) 7.755ms
[1233.908s][info][gc] GC(604) Concurrent Sweep
[1233.911s][info][gc] GC(604) Concurrent Sweep 3.191ms
[1233.911s][info][gc] GC(604) Concurrent Reset
[1233.911s][info][gc] GC(604) Concurrent Reset 0.030ms
[1235.915s][info][gc] GC(605) Pause Initial Mark 49M->49M(50M) 2.387ms
[1235.916s][info][gc] GC(605) Concurrent Mark
[1235.928s][info][gc] GC(605) Concurrent Mark 12.391ms
[1235.928s][info][gc] GC(605) Concurrent Preclean
[1235.928s][info][gc] GC(605) Concurrent Preclean 0.179ms
[1235.928s][info][gc] GC(605) Concurrent Abortable Preclean
[1235.928s][info][gc] GC(605) Concurrent Abortable Preclean 0.024ms
[1235.945s][info][gc] GC(605) Pause Remark 49M->49M(50M) 16.801ms
[1235.945s][info][gc] GC(605) Concurrent Sweep
[1235.950s][info][gc] GC(605) Concurrent Sweep 4.283ms
[1235.950s][info][gc] GC(605) Concurrent Reset
[1235.950s][info][gc] GC(605) Concurrent Reset 0.043ms
[1237.950s][info][gc] GC(606) Pause Initial Mark 49M->49M(50M) 0.944ms
[1237.950s][info][gc] GC(606) Concurrent Mark
[1237.964s][info][gc] GC(606) Concurrent Mark 13.520ms
[1237.964s][info][gc] GC(606) Concurrent Preclean
[1237.964s][info][gc] GC(606) Concurrent Preclean 0.216ms
[1237.964s][info][gc] GC(606) Concurrent Abortable Preclean
[1237.964s][info][gc] GC(606) Concurrent Abortable Preclean 0.030ms
[1237.972s][info][gc] GC(606) Pause Remark 49M->49M(50M) 7.172ms
[1237.972s][info][gc] GC(606) Concurrent Sweep
[1237.975s][info][gc] GC(606) Concurrent Sweep 3.505ms
[1237.975s][info][gc] GC(606) Concurrent Reset
[1237.975s][info][gc] GC(606) Concurrent Reset 0.032ms
[1239.975s][info][gc] GC(607) Pause Initial Mark 49M->49M(50M) 0.750ms
[1239.975s][info][gc] GC(607) Concurrent Mark
[1239.988s][info][gc] GC(607) Concurrent Mark 12.678ms
[1239.988s][info][gc] GC(607) Concurrent Preclean
[1239.988s][info][gc] GC(607) Concurrent Preclean 0.134ms
[1239.988s][info][gc] GC(607) Concurrent Abortable Preclean
[1239.988s][info][gc] GC(607) Concurrent Abortable Preclean 0.017ms
[1239.997s][info][gc] GC(607) Pause Remark 49M->49M(50M) 8.816ms
[1239.997s][info][gc] GC(607) Concurrent Sweep
[1240.001s][info][gc] GC(607) Concurrent Sweep 3.909ms
[1240.001s][info][gc] GC(607) Concurrent Reset
[1240.001s][info][gc] GC(607) Concurrent Reset 0.031ms
[1242.004s][info][gc] GC(608) Pause Initial Mark 49M->49M(50M) 0.996ms
[1242.004s][info][gc] GC(608) Concurrent Mark
[1242.017s][info][gc] GC(608) Concurrent Mark 12.492ms
[1242.017s][info][gc] GC(608) Concurrent Preclean
[1242.017s][info][gc] GC(608) Concurrent Preclean 0.140ms
[1242.017s][info][gc] GC(608) Concurrent Abortable Preclean
[1242.017s][info][gc] GC(608) Concurrent Abortable Preclean 0.019ms
[1242.022s][info][gc] GC(608) Pause Remark 49M->49M(50M) 4.986ms
[1242.022s][info][gc] GC(608) Concurrent Sweep
[1242.025s][info][gc] GC(608) Concurrent Sweep 2.987ms
[1242.025s][info][gc] GC(608) Concurrent Reset
[1242.025s][info][gc] GC(608) Concurrent Reset 0.030ms
[1244.029s][info][gc] GC(609) Pause Initial Mark 49M->49M(50M) 1.226ms
[1244.030s][info][gc] GC(609) Concurrent Mark
[1244.041s][info][gc] GC(609) Concurrent Mark 11.381ms
[1244.041s][info][gc] GC(609) Concurrent Preclean
[1244.042s][info][gc] GC(609) Concurrent Preclean 0.132ms
[1244.042s][info][gc] GC(609) Concurrent Abortable Preclean
[1244.042s][info][gc] GC(609) Concurrent Abortable Preclean 0.016ms
[1244.047s][info][gc] GC(609) Pause Remark 49M->49M(50M) 5.237ms
[1244.047s][info][gc] GC(609) Concurrent Sweep
[1244.050s][info][gc] GC(609) Concurrent Sweep 3.098ms
[1244.050s][info][gc] GC(609) Concurrent Reset
[1244.050s][info][gc] GC(609) Concurrent Reset 0.030ms
[1246.051s][info][gc] GC(610) Pause Initial Mark 49M->49M(50M) 0.969ms
[1246.051s][info][gc] GC(610) Concurrent Mark
[1246.064s][info][gc] GC(610) Concurrent Mark 13.177ms
[1246.064s][info][gc] GC(610) Concurrent Preclean
[1246.065s][info][gc] GC(610) Concurrent Preclean 0.140ms
[1246.065s][info][gc] GC(610) Concurrent Abortable Preclean
[1246.065s][info][gc] GC(610) Concurrent Abortable Preclean 0.017ms
[1246.071s][info][gc] GC(610) Pause Remark 49M->49M(50M) 6.370ms
[1246.071s][info][gc] GC(610) Concurrent Sweep
[1246.074s][info][gc] GC(610) Concurrent Sweep 3.228ms
[1246.075s][info][gc] GC(610) Concurrent Reset
[1246.075s][info][gc] GC(610) Concurrent Reset 0.031ms
[1248.078s][info][gc] GC(611) Pause Initial Mark 49M->49M(50M) 1.339ms
[1248.078s][info][gc] GC(611) Concurrent Mark
[1248.092s][info][gc] GC(611) Concurrent Mark 13.215ms
[1248.092s][info][gc] GC(611) Concurrent Preclean
[1248.092s][info][gc] GC(611) Concurrent Preclean 0.215ms
[1248.092s][info][gc] GC(611) Concurrent Abortable Preclean
[1248.092s][info][gc] GC(611) Concurrent Abortable Preclean 0.019ms
[1248.098s][info][gc] GC(611) Pause Remark 49M->49M(50M) 6.180ms
[1248.098s][info][gc] GC(611) Concurrent Sweep
[1248.102s][info][gc] GC(611) Concurrent Sweep 3.305ms
[1248.102s][info][gc] GC(611) Concurrent Reset
[1248.102s][info][gc] GC(611) Concurrent Reset 0.032ms
[1250.107s][info][gc] GC(612) Pause Initial Mark 49M->49M(50M) 1.125ms
[1250.107s][info][gc] GC(612) Concurrent Mark
[1250.119s][info][gc] GC(612) Concurrent Mark 11.621ms
[1250.119s][info][gc] GC(612) Concurrent Preclean
[1250.119s][info][gc] GC(612) Concurrent Preclean 0.162ms
[1250.119s][info][gc] GC(612) Concurrent Abortable Preclean
[1250.119s][info][gc] GC(612) Concurrent Abortable Preclean 0.020ms
[1250.125s][info][gc] GC(612) Pause Remark 49M->49M(50M) 5.492ms
[1250.125s][info][gc] GC(612) Concurrent Sweep
[1250.128s][info][gc] GC(612) Concurrent Sweep 3.021ms
[1250.128s][info][gc] GC(612) Concurrent Reset
[1250.128s][info][gc] GC(612) Concurrent Reset 0.030ms
[1252.133s][info][gc] GC(613) Pause Initial Mark 49M->49M(50M) 1.254ms
[1252.133s][info][gc] GC(613) Concurrent Mark
[1252.145s][info][gc] GC(613) Concurrent Mark 12.108ms
[1252.145s][info][gc] GC(613) Concurrent Preclean
[1252.146s][info][gc] GC(613) Concurrent Preclean 0.144ms
[1252.146s][info][gc] GC(613) Concurrent Abortable Preclean
[1252.146s][info][gc] GC(613) Concurrent Abortable Preclean 0.019ms
[1252.154s][info][gc] GC(613) Pause Remark 49M->49M(50M) 7.944ms
[1252.154s][info][gc] GC(613) Concurrent Sweep
[1252.160s][info][gc] GC(613) Concurrent Sweep 6.157ms
[1252.161s][info][gc] GC(613) Concurrent Reset
[1252.161s][info][gc] GC(613) Concurrent Reset 0.051ms
[1254.163s][info][gc] GC(614) Pause Initial Mark 49M->49M(50M) 1.235ms
[1254.163s][info][gc] GC(614) Concurrent Mark
[1254.175s][info][gc] GC(614) Concurrent Mark 11.963ms
[1254.175s][info][gc] GC(614) Concurrent Preclean
[1254.175s][info][gc] GC(614) Concurrent Preclean 0.148ms
[1254.176s][info][gc] GC(614) Concurrent Abortable Preclean
[1254.176s][info][gc] GC(614) Concurrent Abortable Preclean 0.019ms
[1254.181s][info][gc] GC(614) Pause Remark 49M->49M(50M) 5.407ms
[1254.181s][info][gc] GC(614) Concurrent Sweep
[1254.184s][info][gc] GC(614) Concurrent Sweep 3.249ms
[1254.184s][info][gc] GC(614) Concurrent Reset
[1254.184s][info][gc] GC(614) Concurrent Reset 0.038ms
[1256.191s][info][gc] GC(615) Pause Initial Mark 49M->49M(50M) 1.325ms
[1256.191s][info][gc] GC(615) Concurrent Mark
[1256.203s][info][gc] GC(615) Concurrent Mark 12.467ms
[1256.203s][info][gc] GC(615) Concurrent Preclean
[1256.203s][info][gc] GC(615) Concurrent Preclean 0.153ms
[1256.203s][info][gc] GC(615) Concurrent Abortable Preclean
[1256.204s][info][gc] GC(615) Concurrent Abortable Preclean 0.019ms
[1256.209s][info][gc] GC(615) Pause Remark 49M->49M(50M) 5.457ms
[1256.209s][info][gc] GC(615) Concurrent Sweep
[1256.212s][info][gc] GC(615) Concurrent Sweep 3.003ms
[1256.212s][info][gc] GC(615) Concurrent Reset
[1256.212s][info][gc] GC(615) Concurrent Reset 0.030ms
[1258.214s][info][gc] GC(616) Pause Initial Mark 49M->49M(50M) 1.121ms
[1258.214s][info][gc] GC(616) Concurrent Mark
[1258.225s][info][gc] GC(616) Concurrent Mark 11.661ms
[1258.226s][info][gc] GC(616) Concurrent Preclean
[1258.226s][info][gc] GC(616) Concurrent Preclean 0.154ms
[1258.226s][info][gc] GC(616) Concurrent Abortable Preclean
[1258.226s][info][gc] GC(616) Concurrent Abortable Preclean 0.019ms
[1258.231s][info][gc] GC(616) Pause Remark 49M->49M(50M) 5.492ms
[1258.231s][info][gc] GC(616) Concurrent Sweep
[1258.235s][info][gc] GC(616) Concurrent Sweep 3.294ms
[1258.235s][info][gc] GC(616) Concurrent Reset
[1258.235s][info][gc] GC(616) Concurrent Reset 0.032ms
[1260.240s][info][gc] GC(617) Pause Initial Mark 49M->49M(50M) 1.352ms
[1260.241s][info][gc] GC(617) Concurrent Mark
[1260.253s][info][gc] GC(617) Concurrent Mark 12.027ms
[1260.253s][info][gc] GC(617) Concurrent Preclean
[1260.253s][info][gc] GC(617) Concurrent Preclean 0.158ms
[1260.253s][info][gc] GC(617) Concurrent Abortable Preclean
[1260.253s][info][gc] GC(617) Concurrent Abortable Preclean 0.020ms
[1260.259s][info][gc] GC(617) Pause Remark 49M->49M(50M) 5.518ms
[1260.259s][info][gc] GC(617) Concurrent Sweep
[1260.262s][info][gc] GC(617) Concurrent Sweep 3.354ms
[1260.262s][info][gc] GC(617) Concurrent Reset
[1260.262s][info][gc] GC(617) Concurrent Reset 0.035ms
[1262.266s][info][gc] GC(618) Pause Initial Mark 49M->49M(50M) 1.235ms
[1262.266s][info][gc] GC(618) Concurrent Mark
[1262.278s][info][gc] GC(618) Concurrent Mark 11.659ms
[1262.278s][info][gc] GC(618) Concurrent Preclean
[1262.278s][info][gc] GC(618) Concurrent Preclean 0.131ms
[1262.278s][info][gc] GC(618) Concurrent Abortable Preclean
[1262.278s][info][gc] GC(618) Concurrent Abortable Preclean 0.016ms
[1262.285s][info][gc] GC(618) Pause Remark 49M->49M(50M) 6.377ms
[1262.285s][info][gc] GC(618) Concurrent Sweep
[1262.288s][info][gc] GC(618) Concurrent Sweep 3.078ms
[1262.288s][info][gc] GC(618) Concurrent Reset
[1262.288s][info][gc] GC(618) Concurrent Reset 0.031ms
[1264.290s][info][gc] GC(619) Pause Initial Mark 49M->49M(50M) 1.392ms
[1264.291s][info][gc] GC(619) Concurrent Mark
[1264.306s][info][gc] GC(619) Concurrent Mark 14.868ms
[1264.306s][info][gc] GC(619) Concurrent Preclean
[1264.306s][info][gc] GC(619) Concurrent Preclean 0.211ms
[1264.306s][info][gc] GC(619) Concurrent Abortable Preclean
[1264.306s][info][gc] GC(619) Concurrent Abortable Preclean 0.019ms
[1264.311s][info][gc] GC(619) Pause Remark 49M->49M(50M) 5.385ms
[1264.312s][info][gc] GC(619) Concurrent Sweep
[1264.315s][info][gc] GC(619) Concurrent Sweep 3.300ms
[1264.315s][info][gc] GC(619) Concurrent Reset
[1264.315s][info][gc] GC(619) Concurrent Reset 0.031ms
[1266.317s][info][gc] GC(620) Pause Initial Mark 49M->49M(50M) 1.292ms
[1266.317s][info][gc] GC(620) Concurrent Mark
[1266.329s][info][gc] GC(620) Concurrent Mark 12.074ms
[1266.329s][info][gc] GC(620) Concurrent Preclean
[1266.329s][info][gc] GC(620) Concurrent Preclean 0.142ms
[1266.329s][info][gc] GC(620) Concurrent Abortable Preclean
[1266.330s][info][gc] GC(620) Concurrent Abortable Preclean 0.019ms
[1266.335s][info][gc] GC(620) Pause Remark 49M->49M(50M) 5.436ms
[1266.335s][info][gc] GC(620) Concurrent Sweep
[1266.338s][info][gc] GC(620) Concurrent Sweep 3.262ms
[1266.338s][info][gc] GC(620) Concurrent Reset
[1266.338s][info][gc] GC(620) Concurrent Reset 0.033ms
[1268.343s][info][gc] GC(621) Pause Initial Mark 49M->49M(50M) 1.304ms
[1268.343s][info][gc] GC(621) Concurrent Mark
[1268.355s][info][gc] GC(621) Concurrent Mark 12.116ms
[1268.355s][info][gc] GC(621) Concurrent Preclean
[1268.355s][info][gc] GC(621) Concurrent Preclean 0.156ms
[1268.355s][info][gc] GC(621) Concurrent Abortable Preclean
[1268.355s][info][gc] GC(621) Concurrent Abortable Preclean 0.019ms
[1268.361s][info][gc] GC(621) Pause Remark 49M->49M(50M) 5.593ms
[1268.361s][info][gc] GC(621) Concurrent Sweep
[1268.364s][info][gc] GC(621) Concurrent Sweep 3.301ms
[1268.364s][info][gc] GC(621) Concurrent Reset
[1268.364s][info][gc] GC(621) Concurrent Reset 0.033ms
[1270.366s][info][gc] GC(622) Pause Initial Mark 49M->49M(50M) 1.310ms
[1270.367s][info][gc] GC(622) Concurrent Mark
[1270.379s][info][gc] GC(622) Concurrent Mark 12.182ms
[1270.379s][info][gc] GC(622) Concurrent Preclean
[1270.379s][info][gc] GC(622) Concurrent Preclean 0.186ms
[1270.379s][info][gc] GC(622) Concurrent Abortable Preclean
[1270.379s][info][gc] GC(622) Concurrent Abortable Preclean 0.020ms
[1270.385s][info][gc] GC(622) Pause Remark 49M->49M(50M) 5.799ms
[1270.385s][info][gc] GC(622) Concurrent Sweep
[1270.388s][info][gc] GC(622) Concurrent Sweep 3.199ms
[1270.388s][info][gc] GC(622) Concurrent Reset
[1270.388s][info][gc] GC(622) Concurrent Reset 0.031ms
[1272.389s][info][gc] GC(623) Pause Initial Mark 49M->49M(50M) 1.299ms
[1272.389s][info][gc] GC(623) Concurrent Mark
[1272.401s][info][gc] GC(623) Concurrent Mark 12.169ms
[1272.401s][info][gc] GC(623) Concurrent Preclean
[1272.402s][info][gc] GC(623) Concurrent Preclean 0.144ms
[1272.402s][info][gc] GC(623) Concurrent Abortable Preclean
[1272.402s][info][gc] GC(623) Concurrent Abortable Preclean 0.018ms
[1272.407s][info][gc] GC(623) Pause Remark 49M->49M(50M) 5.441ms
[1272.407s][info][gc] GC(623) Concurrent Sweep
[1272.410s][info][gc] GC(623) Concurrent Sweep 3.146ms
[1272.411s][info][gc] GC(623) Concurrent Reset
[1272.411s][info][gc] GC(623) Concurrent Reset 0.030ms
[1274.412s][info][gc] GC(624) Pause Initial Mark 49M->49M(50M) 1.287ms
[1274.412s][info][gc] GC(624) Concurrent Mark
[1274.424s][info][gc] GC(624) Concurrent Mark 12.151ms
[1274.425s][info][gc] GC(624) Concurrent Preclean
[1274.425s][info][gc] GC(624) Concurrent Preclean 0.182ms
[1274.425s][info][gc] GC(624) Concurrent Abortable Preclean
[1274.425s][info][gc] GC(624) Concurrent Abortable Preclean 0.019ms
[1274.430s][info][gc] GC(624) Pause Remark 49M->49M(50M) 5.497ms
[1274.431s][info][gc] GC(624) Concurrent Sweep
[1274.434s][info][gc] GC(624) Concurrent Sweep 3.442ms
[1274.434s][info][gc] GC(624) Concurrent Reset
[1274.434s][info][gc] GC(624) Concurrent Reset 0.034ms
[1276.438s][info][gc] GC(625) Pause Initial Mark 49M->49M(50M) 1.148ms
[1276.438s][info][gc] GC(625) Concurrent Mark
[1276.457s][info][gc] GC(625) Concurrent Mark 19.641ms
[1276.457s][info][gc] GC(625) Concurrent Preclean
[1276.458s][info][gc] GC(625) Concurrent Preclean 0.139ms
[1276.458s][info][gc] GC(625) Concurrent Abortable Preclean
[1276.458s][info][gc] GC(625) Concurrent Abortable Preclean 0.017ms
[1276.463s][info][gc] GC(625) Pause Remark 49M->49M(50M) 5.335ms
[1276.463s][info][gc] GC(625) Concurrent Sweep
[1276.467s][info][gc] GC(625) Concurrent Sweep 3.586ms
[1276.467s][info][gc] GC(625) Concurrent Reset
[1276.467s][info][gc] GC(625) Concurrent Reset 0.161ms
[1278.469s][info][gc] GC(626) Pause Initial Mark 49M->49M(50M) 1.038ms
[1278.469s][info][gc] GC(626) Concurrent Mark
[1278.481s][info][gc] GC(626) Concurrent Mark 11.479ms
[1278.481s][info][gc] GC(626) Concurrent Preclean
[1278.481s][info][gc] GC(626) Concurrent Preclean 0.145ms
[1278.481s][info][gc] GC(626) Concurrent Abortable Preclean
[1278.481s][info][gc] GC(626) Concurrent Abortable Preclean 0.016ms
[1278.486s][info][gc] GC(626) Pause Remark 49M->49M(50M) 5.105ms
[1278.486s][info][gc] GC(626) Concurrent Sweep
[1278.490s][info][gc] GC(626) Concurrent Sweep 3.114ms
[1278.490s][info][gc] GC(626) Concurrent Reset
[1278.490s][info][gc] GC(626) Concurrent Reset 0.030ms
[1280.495s][info][gc] GC(627) Pause Initial Mark 49M->49M(50M) 1.340ms
[1280.495s][info][gc] GC(627) Concurrent Mark
[1280.507s][info][gc] GC(627) Concurrent Mark 12.236ms
[1280.507s][info][gc] GC(627) Concurrent Preclean
[1280.507s][info][gc] GC(627) Concurrent Preclean 0.156ms
[1280.507s][info][gc] GC(627) Concurrent Abortable Preclean
[1280.507s][info][gc] GC(627) Concurrent Abortable Preclean 0.018ms
[1280.513s][info][gc] GC(627) Pause Remark 49M->49M(50M) 5.556ms
[1280.513s][info][gc] GC(627) Concurrent Sweep
[1280.516s][info][gc] GC(627) Concurrent Sweep 3.237ms
[1280.516s][info][gc] GC(627) Concurrent Reset
[1280.516s][info][gc] GC(627) Concurrent Reset 0.030ms
[1282.520s][info][gc] GC(628) Pause Initial Mark 49M->49M(50M) 1.269ms
[1282.520s][info][gc] GC(628) Concurrent Mark
[1282.532s][info][gc] GC(628) Concurrent Mark 11.881ms
[1282.532s][info][gc] GC(628) Concurrent Preclean
[1282.532s][info][gc] GC(628) Concurrent Preclean 0.146ms
[1282.532s][info][gc] GC(628) Concurrent Abortable Preclean
[1282.532s][info][gc] GC(628) Concurrent Abortable Preclean 0.016ms
[1282.538s][info][gc] GC(628) Pause Remark 49M->49M(50M) 5.423ms
[1282.538s][info][gc] GC(628) Concurrent Sweep
[1282.541s][info][gc] GC(628) Concurrent Sweep 3.293ms
[1282.541s][info][gc] GC(628) Concurrent Reset
[1282.541s][info][gc] GC(628) Concurrent Reset 0.030ms
[1284.546s][info][gc] GC(629) Pause Initial Mark 49M->49M(50M) 1.505ms
[1284.546s][info][gc] GC(629) Concurrent Mark
[1284.557s][info][gc] GC(629) Concurrent Mark 11.511ms
[1284.557s][info][gc] GC(629) Concurrent Preclean
[1284.557s][info][gc] GC(629) Concurrent Preclean 0.140ms
[1284.557s][info][gc] GC(629) Concurrent Abortable Preclean
[1284.557s][info][gc] GC(629) Concurrent Abortable Preclean 0.016ms
[1284.563s][info][gc] GC(629) Pause Remark 49M->49M(50M) 5.341ms
[1284.563s][info][gc] GC(629) Concurrent Sweep
[1284.566s][info][gc] GC(629) Concurrent Sweep 3.295ms
[1284.566s][info][gc] GC(629) Concurrent Reset
[1284.566s][info][gc] GC(629) Concurrent Reset 0.031ms
[1286.035s][info][gc] GC(631) Pause Full (Allocation Failure) 49M->47M(50M) 60.234ms
[1286.035s][info][gc] GC(630) Pause Young (Allocation Failure) 49M->47M(50M) 60.446ms
[1286.062s][info][gc] GC(632) Pause Full (Allocation Failure) 47M->47M(50M) 27.301ms
[1286.063s][info][gc] GC(633) Pause Initial Mark 47M->47M(50M) 0.284ms
[1286.063s][info][gc] GC(633) Concurrent Mark
[1286.074s][info][gc] GC(633) Concurrent Mark 11.158ms
[1286.074s][info][gc] GC(633) Concurrent Preclean
[1286.081s][info][gc] GC(633) Concurrent Preclean 7.512ms
[1286.081s][info][gc] GC(633) Concurrent Abortable Preclean
[1286.081s][info][gc] GC(633) Concurrent Abortable Preclean 0.012ms
[1286.089s][info][gc] GC(633) Pause Remark 48M->48M(50M) 6.035ms
[1286.089s][info][gc] GC(633) Concurrent Sweep
[1286.093s][info][gc] GC(633) Concurrent Sweep 3.385ms
[1286.093s][info][gc] GC(633) Concurrent Reset
[1286.093s][info][gc] GC(633) Concurrent Reset 0.030ms
[1288.095s][info][gc] GC(634) Pause Initial Mark 49M->49M(50M) 1.082ms
[1288.095s][info][gc] GC(634) Concurrent Mark
[1288.107s][info][gc] GC(634) Concurrent Mark 12.219ms
[1288.107s][info][gc] GC(634) Concurrent Preclean
[1288.108s][info][gc] GC(634) Concurrent Preclean 0.377ms
[1288.108s][info][gc] GC(634) Concurrent Abortable Preclean
[1288.108s][info][gc] GC(634) Concurrent Abortable Preclean 0.013ms
[1288.113s][info][gc] GC(634) Pause Remark 49M->49M(50M) 5.294ms
[1288.113s][info][gc] GC(634) Concurrent Sweep
[1288.116s][info][gc] GC(634) Concurrent Sweep 3.295ms
[1288.117s][info][gc] GC(634) Concurrent Reset
[1288.117s][info][gc] GC(634) Concurrent Reset 0.028ms
[1290.120s][info][gc] GC(635) Pause Initial Mark 49M->49M(50M) 1.145ms
[1290.120s][info][gc] GC(635) Concurrent Mark
[1290.132s][info][gc] GC(635) Concurrent Mark 11.986ms
[1290.132s][info][gc] GC(635) Concurrent Preclean
[1290.132s][info][gc] GC(635) Concurrent Preclean 0.160ms
[1290.132s][info][gc] GC(635) Concurrent Abortable Preclean
[1290.132s][info][gc] GC(635) Concurrent Abortable Preclean 0.020ms
[1290.138s][info][gc] GC(635) Pause Remark 49M->49M(50M) 5.478ms
[1290.138s][info][gc] GC(635) Concurrent Sweep
[1290.141s][info][gc] GC(635) Concurrent Sweep 3.286ms
[1290.141s][info][gc] GC(635) Concurrent Reset
[1290.141s][info][gc] GC(635) Concurrent Reset 0.030ms
[1292.147s][info][gc] GC(636) Pause Initial Mark 49M->49M(50M) 1.038ms
[1292.147s][info][gc] GC(636) Concurrent Mark
[1292.159s][info][gc] GC(636) Concurrent Mark 12.255ms
[1292.159s][info][gc] GC(636) Concurrent Preclean
[1292.160s][info][gc] GC(636) Concurrent Preclean 0.159ms
[1292.160s][info][gc] GC(636) Concurrent Abortable Preclean
[1292.160s][info][gc] GC(636) Concurrent Abortable Preclean 0.020ms
[1292.165s][info][gc] GC(636) Pause Remark 49M->49M(50M) 5.255ms
[1292.165s][info][gc] GC(636) Concurrent Sweep
[1292.169s][info][gc] GC(636) Concurrent Sweep 3.410ms
[1292.169s][info][gc] GC(636) Concurrent Reset
[1292.169s][info][gc] GC(636) Concurrent Reset 0.034ms
[1294.175s][info][gc] GC(637) Pause Initial Mark 49M->49M(50M) 0.907ms
[1294.175s][info][gc] GC(637) Concurrent Mark
[1294.187s][info][gc] GC(637) Concurrent Mark 12.368ms
[1294.187s][info][gc] GC(637) Concurrent Preclean
[1294.188s][info][gc] GC(637) Concurrent Preclean 0.167ms
[1294.188s][info][gc] GC(637) Concurrent Abortable Preclean
[1294.188s][info][gc] GC(637) Concurrent Abortable Preclean 0.020ms
[1294.193s][info][gc] GC(637) Pause Remark 49M->49M(50M) 5.435ms
[1294.193s][info][gc] GC(637) Concurrent Sweep
[1294.197s][info][gc] GC(637) Concurrent Sweep 3.241ms
[1294.197s][info][gc] GC(637) Concurrent Reset
[1294.197s][info][gc] GC(637) Concurrent Reset 0.032ms
[1296.203s][info][gc] GC(638) Pause Initial Mark 49M->49M(50M) 1.063ms
[1296.203s][info][gc] GC(638) Concurrent Mark
[1296.215s][info][gc] GC(638) Concurrent Mark 12.300ms
[1296.215s][info][gc] GC(638) Concurrent Preclean
[1296.215s][info][gc] GC(638) Concurrent Preclean 0.157ms
[1296.215s][info][gc] GC(638) Concurrent Abortable Preclean
[1296.216s][info][gc] GC(638) Concurrent Abortable Preclean 0.021ms
[1296.221s][info][gc] GC(638) Pause Remark 49M->49M(50M) 5.325ms
[1296.221s][info][gc] GC(638) Concurrent Sweep
[1296.224s][info][gc] GC(638) Concurrent Sweep 3.292ms
[1296.224s][info][gc] GC(638) Concurrent Reset
[1296.224s][info][gc] GC(638) Concurrent Reset 0.033ms
[1298.226s][info][gc] GC(639) Pause Initial Mark 49M->49M(50M) 1.080ms
[1298.226s][info][gc] GC(639) Concurrent Mark
[1298.238s][info][gc] GC(639) Concurrent Mark 12.021ms
[1298.238s][info][gc] GC(639) Concurrent Preclean
[1298.238s][info][gc] GC(639) Concurrent Preclean 0.173ms
[1298.238s][info][gc] GC(639) Concurrent Abortable Preclean
[1298.238s][info][gc] GC(639) Concurrent Abortable Preclean 0.025ms
[1298.244s][info][gc] GC(639) Pause Remark 49M->49M(50M) 5.425ms
[1298.244s][info][gc] GC(639) Concurrent Sweep
[1298.247s][info][gc] GC(639) Concurrent Sweep 3.320ms
[1298.247s][info][gc] GC(639) Concurrent Reset
[1298.247s][info][gc] GC(639) Concurrent Reset 0.033ms
[1300.253s][info][gc] GC(640) Pause Initial Mark 49M->49M(50M) 1.186ms
[1300.253s][info][gc] GC(640) Concurrent Mark
[1300.266s][info][gc] GC(640) Concurrent Mark 12.463ms
[1300.266s][info][gc] GC(640) Concurrent Preclean
[1300.266s][info][gc] GC(640) Concurrent Preclean 0.144ms
[1300.266s][info][gc] GC(640) Concurrent Abortable Preclean
[1300.266s][info][gc] GC(640) Concurrent Abortable Preclean 0.019ms
[1300.273s][info][gc] GC(640) Pause Remark 49M->49M(50M) 6.692ms
[1300.273s][info][gc] GC(640) Concurrent Sweep
[1300.276s][info][gc] GC(640) Concurrent Sweep 3.317ms
[1300.276s][info][gc] GC(640) Concurrent Reset
[1300.276s][info][gc] GC(640) Concurrent Reset 0.057ms
[1302.281s][info][gc] GC(641) Pause Initial Mark 49M->49M(50M) 2.331ms
[1302.282s][info][gc] GC(641) Concurrent Mark
[1302.295s][info][gc] GC(641) Concurrent Mark 13.165ms
[1302.295s][info][gc] GC(641) Concurrent Preclean
[1302.295s][info][gc] GC(641) Concurrent Preclean 0.137ms
[1302.295s][info][gc] GC(641) Concurrent Abortable Preclean
[1302.295s][info][gc] GC(641) Concurrent Abortable Preclean 0.017ms
[1302.300s][info][gc] GC(641) Pause Remark 49M->49M(50M) 4.870ms
[1302.300s][info][gc] GC(641) Concurrent Sweep
[1302.305s][info][gc] GC(641) Concurrent Sweep 4.504ms
[1302.305s][info][gc] GC(641) Concurrent Reset
[1302.305s][info][gc] GC(641) Concurrent Reset 0.052ms
[1304.308s][info][gc] GC(642) Pause Initial Mark 49M->49M(50M) 2.499ms
[1304.308s][info][gc] GC(642) Concurrent Mark
[1304.319s][info][gc] GC(642) Concurrent Mark 11.391ms
[1304.319s][info][gc] GC(642) Concurrent Preclean
[1304.319s][info][gc] GC(642) Concurrent Preclean 0.144ms
[1304.319s][info][gc] GC(642) Concurrent Abortable Preclean
[1304.319s][info][gc] GC(642) Concurrent Abortable Preclean 0.017ms
[1304.325s][info][gc] GC(642) Pause Remark 49M->49M(50M) 5.538ms
[1304.325s][info][gc] GC(642) Concurrent Sweep
[1304.328s][info][gc] GC(642) Concurrent Sweep 3.080ms
[1304.328s][info][gc] GC(642) Concurrent Reset
[1304.328s][info][gc] GC(642) Concurrent Reset 0.030ms
[1306.331s][info][gc] GC(643) Pause Initial Mark 49M->49M(50M) 0.677ms
[1306.331s][info][gc] GC(643) Concurrent Mark
[1306.342s][info][gc] GC(643) Concurrent Mark 11.727ms
[1306.343s][info][gc] GC(643) Concurrent Preclean
[1306.343s][info][gc] GC(643) Concurrent Preclean 0.437ms
[1306.343s][info][gc] GC(643) Concurrent Abortable Preclean
[1306.343s][info][gc] GC(643) Concurrent Abortable Preclean 0.018ms
[1306.349s][info][gc] GC(643) Pause Remark 49M->49M(50M) 5.869ms
[1306.349s][info][gc] GC(643) Concurrent Sweep
[1306.352s][info][gc] GC(643) Concurrent Sweep 3.129ms
[1306.352s][info][gc] GC(643) Concurrent Reset
[1306.352s][info][gc] GC(643) Concurrent Reset 0.031ms
[1308.355s][info][gc] GC(644) Pause Initial Mark 49M->49M(50M) 0.704ms
[1308.355s][info][gc] GC(644) Concurrent Mark
[1308.368s][info][gc] GC(644) Concurrent Mark 12.509ms
[1308.368s][info][gc] GC(644) Concurrent Preclean
[1308.368s][info][gc] GC(644) Concurrent Preclean 0.147ms
[1308.368s][info][gc] GC(644) Concurrent Abortable Preclean
[1308.368s][info][gc] GC(644) Concurrent Abortable Preclean 0.017ms
[1308.376s][info][gc] GC(644) Pause Remark 49M->49M(50M) 7.414ms
[1308.376s][info][gc] GC(644) Concurrent Sweep
[1308.380s][info][gc] GC(644) Concurrent Sweep 3.954ms
[1308.380s][info][gc] GC(644) Concurrent Reset
[1308.380s][info][gc] GC(644) Concurrent Reset 0.170ms
[1310.381s][info][gc] GC(645) Pause Initial Mark 49M->49M(50M) 1.205ms
[1310.381s][info][gc] GC(645) Concurrent Mark
[1310.394s][info][gc] GC(645) Concurrent Mark 12.514ms
[1310.394s][info][gc] GC(645) Concurrent Preclean
[1310.394s][info][gc] GC(645) Concurrent Preclean 0.143ms
[1310.394s][info][gc] GC(645) Concurrent Abortable Preclean
[1310.394s][info][gc] GC(645) Concurrent Abortable Preclean 0.018ms
[1310.400s][info][gc] GC(645) Pause Remark 49M->49M(50M) 6.047ms
[1310.400s][info][gc] GC(645) Concurrent Sweep
[1310.404s][info][gc] GC(645) Concurrent Sweep 3.193ms
[1310.404s][info][gc] GC(645) Concurrent Reset
[1310.404s][info][gc] GC(645) Concurrent Reset 0.031ms
[1312.408s][info][gc] GC(646) Pause Initial Mark 49M->49M(50M) 0.815ms
[1312.408s][info][gc] GC(646) Concurrent Mark
[1312.421s][info][gc] GC(646) Concurrent Mark 13.315ms
[1312.421s][info][gc] GC(646) Concurrent Preclean
[1312.421s][info][gc] GC(646) Concurrent Preclean 0.145ms
[1312.421s][info][gc] GC(646) Concurrent Abortable Preclean
[1312.421s][info][gc] GC(646) Concurrent Abortable Preclean 0.018ms
[1312.429s][info][gc] GC(646) Pause Remark 49M->49M(50M) 7.648ms
[1312.430s][info][gc] GC(646) Concurrent Sweep
[1312.434s][info][gc] GC(646) Concurrent Sweep 4.290ms
[1312.434s][info][gc] GC(646) Concurrent Reset
[1312.434s][info][gc] GC(646) Concurrent Reset 0.040ms
[1314.435s][info][gc] GC(647) Pause Initial Mark 49M->49M(50M) 1.070ms
[1314.435s][info][gc] GC(647) Concurrent Mark
[1314.447s][info][gc] GC(647) Concurrent Mark 11.987ms
[1314.448s][info][gc] GC(647) Concurrent Preclean
[1314.448s][info][gc] GC(647) Concurrent Preclean 0.143ms
[1314.448s][info][gc] GC(647) Concurrent Abortable Preclean
[1314.448s][info][gc] GC(647) Concurrent Abortable Preclean 0.018ms
[1314.453s][info][gc] GC(647) Pause Remark 49M->49M(50M) 5.281ms
[1314.453s][info][gc] GC(647) Concurrent Sweep
[1314.456s][info][gc] GC(647) Concurrent Sweep 3.272ms
[1314.457s][info][gc] GC(647) Concurrent Reset
[1314.457s][info][gc] GC(647) Concurrent Reset 0.044ms
[1316.459s][info][gc] GC(648) Pause Initial Mark 49M->49M(50M) 1.381ms
[1316.459s][info][gc] GC(648) Concurrent Mark
[1316.471s][info][gc] GC(648) Concurrent Mark 12.315ms
[1316.471s][info][gc] GC(648) Concurrent Preclean
[1316.471s][info][gc] GC(648) Concurrent Preclean 0.142ms
[1316.471s][info][gc] GC(648) Concurrent Abortable Preclean
[1316.471s][info][gc] GC(648) Concurrent Abortable Preclean 0.018ms
[1316.477s][info][gc] GC(648) Pause Remark 49M->49M(50M) 5.970ms
[1316.478s][info][gc] GC(648) Concurrent Sweep
[1316.481s][info][gc] GC(648) Concurrent Sweep 3.050ms
[1316.481s][info][gc] GC(648) Concurrent Reset
[1316.481s][info][gc] GC(648) Concurrent Reset 0.030ms
[1318.484s][info][gc] GC(649) Pause Initial Mark 49M->49M(50M) 0.685ms
[1318.484s][info][gc] GC(649) Concurrent Mark
[1318.498s][info][gc] GC(649) Concurrent Mark 13.507ms
[1318.498s][info][gc] GC(649) Concurrent Preclean
[1318.498s][info][gc] GC(649) Concurrent Preclean 0.158ms
[1318.498s][info][gc] GC(649) Concurrent Abortable Preclean
[1318.498s][info][gc] GC(649) Concurrent Abortable Preclean 0.016ms
[1318.507s][info][gc] GC(649) Pause Remark 49M->49M(50M) 8.860ms
[1318.507s][info][gc] GC(649) Concurrent Sweep
[1318.511s][info][gc] GC(649) Concurrent Sweep 3.443ms
[1318.511s][info][gc] GC(649) Concurrent Reset
[1318.511s][info][gc] GC(649) Concurrent Reset 0.030ms
[1320.513s][info][gc] GC(650) Pause Initial Mark 49M->49M(50M) 1.990ms
[1320.514s][info][gc] GC(650) Concurrent Mark
[1320.526s][info][gc] GC(650) Concurrent Mark 12.026ms
[1320.526s][info][gc] GC(650) Concurrent Preclean
[1320.526s][info][gc] GC(650) Concurrent Preclean 0.131ms
[1320.526s][info][gc] GC(650) Concurrent Abortable Preclean
[1320.526s][info][gc] GC(650) Concurrent Abortable Preclean 0.016ms
[1320.532s][info][gc] GC(650) Pause Remark 49M->49M(50M) 5.530ms
[1320.532s][info][gc] GC(650) Concurrent Sweep
[1320.535s][info][gc] GC(650) Concurrent Sweep 3.018ms
[1320.535s][info][gc] GC(650) Concurrent Reset
[1320.535s][info][gc] GC(650) Concurrent Reset 0.030ms
[1322.536s][info][gc] GC(651) Pause Initial Mark 49M->49M(50M) 1.049ms
[1322.536s][info][gc] GC(651) Concurrent Mark
[1322.549s][info][gc] GC(651) Concurrent Mark 12.167ms
[1322.549s][info][gc] GC(651) Concurrent Preclean
[1322.549s][info][gc] GC(651) Concurrent Preclean 0.168ms
[1322.549s][info][gc] GC(651) Concurrent Abortable Preclean
[1322.549s][info][gc] GC(651) Concurrent Abortable Preclean 0.020ms
[1322.554s][info][gc] GC(651) Pause Remark 49M->49M(50M) 5.279ms
[1322.554s][info][gc] GC(651) Concurrent Sweep
[1322.558s][info][gc] GC(651) Concurrent Sweep 3.045ms
[1322.558s][info][gc] GC(651) Concurrent Reset
[1322.558s][info][gc] GC(651) Concurrent Reset 0.030ms
[1324.561s][info][gc] GC(652) Pause Initial Mark 49M->49M(50M) 1.425ms
[1324.561s][info][gc] GC(652) Concurrent Mark
[1324.579s][info][gc] GC(652) Concurrent Mark 17.910ms
[1324.579s][info][gc] GC(652) Concurrent Preclean
[1324.580s][info][gc] GC(652) Concurrent Preclean 0.321ms
[1324.580s][info][gc] GC(652) Concurrent Abortable Preclean
[1324.580s][info][gc] GC(652) Concurrent Abortable Preclean 0.026ms
[1324.596s][info][gc] GC(652) Pause Remark 49M->49M(50M) 15.515ms
[1324.596s][info][gc] GC(652) Concurrent Sweep
[1324.599s][info][gc] GC(652) Concurrent Sweep 3.753ms
[1324.599s][info][gc] GC(652) Concurrent Reset
[1324.600s][info][gc] GC(652) Concurrent Reset 0.032ms
[1326.606s][info][gc] GC(653) Pause Initial Mark 49M->49M(50M) 1.168ms
[1326.606s][info][gc] GC(653) Concurrent Mark
[1326.618s][info][gc] GC(653) Concurrent Mark 12.168ms
[1326.618s][info][gc] GC(653) Concurrent Preclean
[1326.619s][info][gc] GC(653) Concurrent Preclean 0.144ms
[1326.619s][info][gc] GC(653) Concurrent Abortable Preclean
[1326.619s][info][gc] GC(653) Concurrent Abortable Preclean 0.019ms
[1326.624s][info][gc] GC(653) Pause Remark 49M->49M(50M) 5.266ms
[1326.624s][info][gc] GC(653) Concurrent Sweep
[1326.627s][info][gc] GC(653) Concurrent Sweep 3.191ms
[1326.627s][info][gc] GC(653) Concurrent Reset
[1326.627s][info][gc] GC(653) Concurrent Reset 0.030ms
[1328.628s][info][gc] GC(654) Pause Initial Mark 49M->49M(50M) 1.039ms
[1328.628s][info][gc] GC(654) Concurrent Mark
[1328.640s][info][gc] GC(654) Concurrent Mark 11.949ms
[1328.640s][info][gc] GC(654) Concurrent Preclean
[1328.641s][info][gc] GC(654) Concurrent Preclean 0.153ms
[1328.641s][info][gc] GC(654) Concurrent Abortable Preclean
[1328.641s][info][gc] GC(654) Concurrent Abortable Preclean 0.019ms
[1328.647s][info][gc] GC(654) Pause Remark 49M->49M(50M) 6.498ms
[1328.647s][info][gc] GC(654) Concurrent Sweep
[1328.650s][info][gc] GC(654) Concurrent Sweep 3.055ms
[1328.650s][info][gc] GC(654) Concurrent Reset
[1328.650s][info][gc] GC(654) Concurrent Reset 0.030ms
[1330.653s][info][gc] GC(655) Pause Initial Mark 49M->49M(50M) 0.824ms
[1330.653s][info][gc] GC(655) Concurrent Mark
[1330.667s][info][gc] GC(655) Concurrent Mark 13.359ms
[1330.667s][info][gc] GC(655) Concurrent Preclean
[1330.667s][info][gc] GC(655) Concurrent Preclean 0.145ms
[1330.667s][info][gc] GC(655) Concurrent Abortable Preclean
[1330.667s][info][gc] GC(655) Concurrent Abortable Preclean 0.017ms
[1330.674s][info][gc] GC(655) Pause Remark 49M->49M(50M) 7.084ms
[1330.674s][info][gc] GC(655) Concurrent Sweep
[1330.677s][info][gc] GC(655) Concurrent Sweep 3.061ms
[1330.677s][info][gc] GC(655) Concurrent Reset
[1330.677s][info][gc] GC(655) Concurrent Reset 0.045ms
[1332.680s][info][gc] GC(656) Pause Initial Mark 49M->49M(50M) 0.887ms
[1332.680s][info][gc] GC(656) Concurrent Mark
[1332.692s][info][gc] GC(656) Concurrent Mark 12.674ms
[1332.693s][info][gc] GC(656) Concurrent Preclean
[1332.693s][info][gc] GC(656) Concurrent Preclean 0.151ms
[1332.693s][info][gc] GC(656) Concurrent Abortable Preclean
[1332.693s][info][gc] GC(656) Concurrent Abortable Preclean 0.019ms
[1332.699s][info][gc] GC(656) Pause Remark 49M->49M(50M) 5.957ms
[1332.699s][info][gc] GC(656) Concurrent Sweep
[1332.702s][info][gc] GC(656) Concurrent Sweep 3.190ms
[1332.702s][info][gc] GC(656) Concurrent Reset
[1332.702s][info][gc] GC(656) Concurrent Reset 0.064ms
[1334.705s][info][gc] GC(657) Pause Initial Mark 49M->49M(50M) 0.549ms
[1334.705s][info][gc] GC(657) Concurrent Mark
[1334.718s][info][gc] GC(657) Concurrent Mark 13.183ms
[1334.718s][info][gc] GC(657) Concurrent Preclean
[1334.719s][info][gc] GC(657) Concurrent Preclean 0.151ms
[1334.719s][info][gc] GC(657) Concurrent Abortable Preclean
[1334.719s][info][gc] GC(657) Concurrent Abortable Preclean 0.024ms
[1334.725s][info][gc] GC(657) Pause Remark 49M->49M(50M) 6.475ms
[1334.725s][info][gc] GC(657) Concurrent Sweep
[1334.728s][info][gc] GC(657) Concurrent Sweep 3.120ms
[1334.729s][info][gc] GC(657) Concurrent Reset
[1334.729s][info][gc] GC(657) Concurrent Reset 0.041ms
[1336.732s][info][gc] GC(658) Pause Initial Mark 49M->49M(50M) 0.690ms
[1336.732s][info][gc] GC(658) Concurrent Mark
[1336.742s][info][gc] GC(658) Concurrent Mark 10.739ms
[1336.743s][info][gc] GC(658) Concurrent Preclean
[1336.743s][info][gc] GC(658) Concurrent Preclean 0.138ms
[1336.743s][info][gc] GC(658) Concurrent Abortable Preclean
[1336.743s][info][gc] GC(658) Concurrent Abortable Preclean 0.016ms
[1336.752s][info][gc] GC(658) Pause Remark 49M->49M(50M) 8.761ms
[1336.752s][info][gc] GC(658) Concurrent Sweep
[1336.755s][info][gc] GC(658) Concurrent Sweep 3.444ms
[1336.755s][info][gc] GC(658) Concurrent Reset
[1336.755s][info][gc] GC(658) Concurrent Reset 0.031ms
[1338.760s][info][gc] GC(659) Pause Initial Mark 49M->49M(50M) 2.998ms
[1338.761s][info][gc] GC(659) Concurrent Mark
[1338.776s][info][gc] GC(659) Concurrent Mark 15.032ms
[1338.776s][info][gc] GC(659) Concurrent Preclean
[1338.776s][info][gc] GC(659) Concurrent Preclean 0.188ms
[1338.776s][info][gc] GC(659) Concurrent Abortable Preclean
[1338.776s][info][gc] GC(659) Concurrent Abortable Preclean 0.017ms
[1338.783s][info][gc] GC(659) Pause Remark 49M->49M(50M) 6.964ms
[1338.783s][info][gc] GC(659) Concurrent Sweep
[1338.786s][info][gc] GC(659) Concurrent Sweep 3.080ms
[1338.786s][info][gc] GC(659) Concurrent Reset
[1338.786s][info][gc] GC(659) Concurrent Reset 0.031ms
[1340.790s][info][gc] GC(660) Pause Initial Mark 49M->49M(50M) 0.954ms
[1340.790s][info][gc] GC(660) Concurrent Mark
[1340.803s][info][gc] GC(660) Concurrent Mark 13.159ms
[1340.804s][info][gc] GC(660) Concurrent Preclean
[1340.804s][info][gc] GC(660) Concurrent Preclean 0.331ms
[1340.804s][info][gc] GC(660) Concurrent Abortable Preclean
[1340.804s][info][gc] GC(660) Concurrent Abortable Preclean 0.018ms
[1340.810s][info][gc] GC(660) Pause Remark 49M->49M(50M) 5.987ms
[1340.810s][info][gc] GC(660) Concurrent Sweep
[1340.813s][info][gc] GC(660) Concurrent Sweep 3.099ms
[1340.813s][info][gc] GC(660) Concurrent Reset
[1340.814s][info][gc] GC(660) Concurrent Reset 0.031ms
[1342.814s][info][gc] GC(661) Pause Initial Mark 49M->49M(50M) 0.695ms
[1342.814s][info][gc] GC(661) Concurrent Mark
[1342.825s][info][gc] GC(661) Concurrent Mark 10.811ms
[1342.825s][info][gc] GC(661) Concurrent Preclean
[1342.825s][info][gc] GC(661) Concurrent Preclean 0.150ms
[1342.825s][info][gc] GC(661) Concurrent Abortable Preclean
[1342.825s][info][gc] GC(661) Concurrent Abortable Preclean 0.026ms
[1342.832s][info][gc] GC(661) Pause Remark 49M->49M(50M) 6.285ms
[1342.832s][info][gc] GC(661) Concurrent Sweep
[1342.835s][info][gc] GC(661) Concurrent Sweep 3.076ms
[1342.835s][info][gc] GC(661) Concurrent Reset
[1342.835s][info][gc] GC(661) Concurrent Reset 0.030ms
[1344.836s][info][gc] GC(662) Pause Initial Mark 49M->49M(50M) 0.893ms
[1344.836s][info][gc] GC(662) Concurrent Mark
[1344.847s][info][gc] GC(662) Concurrent Mark 10.668ms
[1344.847s][info][gc] GC(662) Concurrent Preclean
[1344.847s][info][gc] GC(662) Concurrent Preclean 0.149ms
[1344.847s][info][gc] GC(662) Concurrent Abortable Preclean
[1344.847s][info][gc] GC(662) Concurrent Abortable Preclean 0.041ms
[1344.854s][info][gc] GC(662) Pause Remark 49M->49M(50M) 6.780ms
[1344.854s][info][gc] GC(662) Concurrent Sweep
[1344.858s][info][gc] GC(662) Concurrent Sweep 3.353ms
[1344.858s][info][gc] GC(662) Concurrent Reset
[1344.858s][info][gc] GC(662) Concurrent Reset 0.031ms
[1346.860s][info][gc] GC(663) Pause Initial Mark 49M->49M(50M) 0.906ms
[1346.860s][info][gc] GC(663) Concurrent Mark
[1346.874s][info][gc] GC(663) Concurrent Mark 13.392ms
[1346.874s][info][gc] GC(663) Concurrent Preclean
[1346.874s][info][gc] GC(663) Concurrent Preclean 0.163ms
[1346.874s][info][gc] GC(663) Concurrent Abortable Preclean
[1346.874s][info][gc] GC(663) Concurrent Abortable Preclean 0.023ms
[1346.885s][info][gc] GC(663) Pause Remark 49M->49M(50M) 10.320ms
[1346.885s][info][gc] GC(663) Concurrent Sweep
[1346.889s][info][gc] GC(663) Concurrent Sweep 4.182ms
[1346.889s][info][gc] GC(663) Concurrent Reset
[1346.889s][info][gc] GC(663) Concurrent Reset 0.033ms
[1348.891s][info][gc] GC(664) Pause Initial Mark 49M->49M(50M) 0.958ms
[1348.891s][info][gc] GC(664) Concurrent Mark
[1348.903s][info][gc] GC(664) Concurrent Mark 11.727ms
[1348.903s][info][gc] GC(664) Concurrent Preclean
[1348.903s][info][gc] GC(664) Concurrent Preclean 0.161ms
[1348.903s][info][gc] GC(664) Concurrent Abortable Preclean
[1348.903s][info][gc] GC(664) Concurrent Abortable Preclean 0.019ms
[1348.908s][info][gc] GC(664) Pause Remark 49M->49M(50M) 4.963ms
[1348.908s][info][gc] GC(664) Concurrent Sweep
[1348.912s][info][gc] GC(664) Concurrent Sweep 3.128ms
[1348.912s][info][gc] GC(664) Concurrent Reset
[1348.912s][info][gc] GC(664) Concurrent Reset 0.030ms
[1350.916s][info][gc] GC(665) Pause Initial Mark 49M->49M(50M) 1.091ms
[1350.916s][info][gc] GC(665) Concurrent Mark
[1350.928s][info][gc] GC(665) Concurrent Mark 12.524ms
[1350.928s][info][gc] GC(665) Concurrent Preclean
[1350.929s][info][gc] GC(665) Concurrent Preclean 0.144ms
[1350.929s][info][gc] GC(665) Concurrent Abortable Preclean
[1350.929s][info][gc] GC(665) Concurrent Abortable Preclean 0.019ms
[1350.934s][info][gc] GC(665) Pause Remark 49M->49M(50M) 5.311ms
[1350.934s][info][gc] GC(665) Concurrent Sweep
[1350.937s][info][gc] GC(665) Concurrent Sweep 3.113ms
[1350.937s][info][gc] GC(665) Concurrent Reset
[1350.937s][info][gc] GC(665) Concurrent Reset 0.034ms
[1352.940s][info][gc] GC(666) Pause Initial Mark 49M->49M(50M) 1.341ms
[1352.940s][info][gc] GC(666) Concurrent Mark
[1352.953s][info][gc] GC(666) Concurrent Mark 13.059ms
[1352.954s][info][gc] GC(666) Concurrent Preclean
[1352.954s][info][gc] GC(666) Concurrent Preclean 0.177ms
[1352.954s][info][gc] GC(666) Concurrent Abortable Preclean
[1352.954s][info][gc] GC(666) Concurrent Abortable Preclean 0.020ms
[1352.962s][info][gc] GC(666) Pause Remark 49M->49M(50M) 7.829ms
[1352.962s][info][gc] GC(666) Concurrent Sweep
[1352.965s][info][gc] GC(666) Concurrent Sweep 3.048ms
[1352.965s][info][gc] GC(666) Concurrent Reset
[1352.965s][info][gc] GC(666) Concurrent Reset 0.030ms
[1354.970s][info][gc] GC(667) Pause Initial Mark 49M->49M(50M) 1.008ms
[1354.970s][info][gc] GC(667) Concurrent Mark
[1354.983s][info][gc] GC(667) Concurrent Mark 12.847ms
[1354.983s][info][gc] GC(667) Concurrent Preclean
[1354.983s][info][gc] GC(667) Concurrent Preclean 0.127ms
[1354.983s][info][gc] GC(667) Concurrent Abortable Preclean
[1354.983s][info][gc] GC(667) Concurrent Abortable Preclean 0.021ms
[1354.990s][info][gc] GC(667) Pause Remark 49M->49M(50M) 6.829ms
[1354.991s][info][gc] GC(667) Concurrent Sweep
[1354.995s][info][gc] GC(667) Concurrent Sweep 4.518ms
[1354.995s][info][gc] GC(667) Concurrent Reset
[1354.995s][info][gc] GC(667) Concurrent Reset 0.035ms
[1356.996s][info][gc] GC(668) Pause Initial Mark 49M->49M(50M) 0.933ms
[1356.996s][info][gc] GC(668) Concurrent Mark
[1357.011s][info][gc] GC(668) Concurrent Mark 15.028ms
[1357.011s][info][gc] GC(668) Concurrent Preclean
[1357.012s][info][gc] GC(668) Concurrent Preclean 0.179ms
[1357.012s][info][gc] GC(668) Concurrent Abortable Preclean
[1357.012s][info][gc] GC(668) Concurrent Abortable Preclean 0.020ms
[1357.017s][info][gc] GC(668) Pause Remark 49M->49M(50M) 5.641ms
[1357.017s][info][gc] GC(668) Concurrent Sweep
[1357.021s][info][gc] GC(668) Concurrent Sweep 3.268ms
[1357.021s][info][gc] GC(668) Concurrent Reset
[1357.021s][info][gc] GC(668) Concurrent Reset 0.031ms
[1359.024s][info][gc] GC(669) Pause Initial Mark 49M->49M(50M) 1.335ms
[1359.024s][info][gc] GC(669) Concurrent Mark
[1359.038s][info][gc] GC(669) Concurrent Mark 13.924ms
[1359.038s][info][gc] GC(669) Concurrent Preclean
[1359.039s][info][gc] GC(669) Concurrent Preclean 0.156ms
[1359.039s][info][gc] GC(669) Concurrent Abortable Preclean
[1359.039s][info][gc] GC(669) Concurrent Abortable Preclean 0.018ms
[1359.048s][info][gc] GC(669) Pause Remark 49M->49M(50M) 9.513ms
[1359.048s][info][gc] GC(669) Concurrent Sweep
[1359.053s][info][gc] GC(669) Concurrent Sweep 4.107ms
[1359.053s][info][gc] GC(669) Concurrent Reset
[1359.053s][info][gc] GC(669) Concurrent Reset 0.042ms
[1361.054s][info][gc] GC(670) Pause Initial Mark 49M->49M(50M) 1.561ms
[1361.055s][info][gc] GC(670) Concurrent Mark
[1361.069s][info][gc] GC(670) Concurrent Mark 13.862ms
[1361.069s][info][gc] GC(670) Concurrent Preclean
[1361.069s][info][gc] GC(670) Concurrent Preclean 0.143ms
[1361.069s][info][gc] GC(670) Concurrent Abortable Preclean
[1361.069s][info][gc] GC(670) Concurrent Abortable Preclean 0.018ms
[1361.075s][info][gc] GC(670) Pause Remark 49M->49M(50M) 5.751ms
[1361.075s][info][gc] GC(670) Concurrent Sweep
[1361.079s][info][gc] GC(670) Concurrent Sweep 3.689ms
[1361.080s][info][gc] GC(670) Concurrent Reset
[1361.080s][info][gc] GC(670) Concurrent Reset 0.095ms
[1363.082s][info][gc] GC(671) Pause Initial Mark 49M->49M(50M) 0.734ms
[1363.082s][info][gc] GC(671) Concurrent Mark
[1363.092s][info][gc] GC(671) Concurrent Mark 10.280ms
[1363.092s][info][gc] GC(671) Concurrent Preclean
[1363.092s][info][gc] GC(671) Concurrent Preclean 0.132ms
[1363.092s][info][gc] GC(671) Concurrent Abortable Preclean
[1363.092s][info][gc] GC(671) Concurrent Abortable Preclean 0.017ms
[1363.097s][info][gc] GC(671) Pause Remark 49M->49M(50M) 4.829ms
[1363.097s][info][gc] GC(671) Concurrent Sweep
[1363.100s][info][gc] GC(671) Concurrent Sweep 3.003ms
[1363.100s][info][gc] GC(671) Concurrent Reset
[1363.100s][info][gc] GC(671) Concurrent Reset 0.030ms
[1365.104s][info][gc] GC(672) Pause Initial Mark 49M->49M(50M) 1.118ms
[1365.104s][info][gc] GC(672) Concurrent Mark
[1365.116s][info][gc] GC(672) Concurrent Mark 12.325ms
[1365.116s][info][gc] GC(672) Concurrent Preclean
[1365.117s][info][gc] GC(672) Concurrent Preclean 0.142ms
[1365.117s][info][gc] GC(672) Concurrent Abortable Preclean
[1365.117s][info][gc] GC(672) Concurrent Abortable Preclean 0.023ms
[1365.122s][info][gc] GC(672) Pause Remark 49M->49M(50M) 5.356ms
[1365.122s][info][gc] GC(672) Concurrent Sweep
[1365.125s][info][gc] GC(672) Concurrent Sweep 3.208ms
[1365.126s][info][gc] GC(672) Concurrent Reset
[1365.126s][info][gc] GC(672) Concurrent Reset 0.030ms
[1367.127s][info][gc] GC(673) Pause Initial Mark 49M->49M(50M) 1.087ms
[1367.127s][info][gc] GC(673) Concurrent Mark
[1367.139s][info][gc] GC(673) Concurrent Mark 11.992ms
[1367.139s][info][gc] GC(673) Concurrent Preclean
[1367.139s][info][gc] GC(673) Concurrent Preclean 0.161ms
[1367.139s][info][gc] GC(673) Concurrent Abortable Preclean
[1367.139s][info][gc] GC(673) Concurrent Abortable Preclean 0.020ms
[1367.145s][info][gc] GC(673) Pause Remark 49M->49M(50M) 5.408ms
[1367.145s][info][gc] GC(673) Concurrent Sweep
[1367.148s][info][gc] GC(673) Concurrent Sweep 3.143ms
[1367.148s][info][gc] GC(673) Concurrent Reset
[1367.148s][info][gc] GC(673) Concurrent Reset 0.030ms
[1369.153s][info][gc] GC(674) Pause Initial Mark 49M->49M(50M) 1.101ms
[1369.155s][info][gc] GC(674) Concurrent Mark
[1369.168s][info][gc] GC(674) Concurrent Mark 13.330ms
[1369.169s][info][gc] GC(674) Concurrent Preclean
[1369.169s][info][gc] GC(674) Concurrent Preclean 0.163ms
[1369.169s][info][gc] GC(674) Concurrent Abortable Preclean
[1369.169s][info][gc] GC(674) Concurrent Abortable Preclean 0.024ms
[1369.177s][info][gc] GC(674) Pause Remark 49M->49M(50M) 7.742ms
[1369.177s][info][gc] GC(674) Concurrent Sweep
[1369.181s][info][gc] GC(674) Concurrent Sweep 4.169ms
[1369.181s][info][gc] GC(674) Concurrent Reset
[1369.181s][info][gc] GC(674) Concurrent Reset 0.041ms
[1371.183s][info][gc] GC(675) Pause Initial Mark 49M->49M(50M) 0.924ms
[1371.183s][info][gc] GC(675) Concurrent Mark
[1371.195s][info][gc] GC(675) Concurrent Mark 11.896ms
[1371.195s][info][gc] GC(675) Concurrent Preclean
[1371.195s][info][gc] GC(675) Concurrent Preclean 0.146ms
[1371.195s][info][gc] GC(675) Concurrent Abortable Preclean
[1371.195s][info][gc] GC(675) Concurrent Abortable Preclean 0.017ms
[1371.202s][info][gc] GC(675) Pause Remark 49M->49M(50M) 6.382ms
[1371.202s][info][gc] GC(675) Concurrent Sweep
[1371.205s][info][gc] GC(675) Concurrent Sweep 3.347ms
[1371.205s][info][gc] GC(675) Concurrent Reset
[1371.205s][info][gc] GC(675) Concurrent Reset 0.029ms
[1373.208s][info][gc] GC(676) Pause Initial Mark 49M->49M(50M) 1.418ms
[1373.208s][info][gc] GC(676) Concurrent Mark
[1373.221s][info][gc] GC(676) Concurrent Mark 12.765ms
[1373.221s][info][gc] GC(676) Concurrent Preclean
[1373.221s][info][gc] GC(676) Concurrent Preclean 0.151ms
[1373.221s][info][gc] GC(676) Concurrent Abortable Preclean
[1373.221s][info][gc] GC(676) Concurrent Abortable Preclean 0.019ms
[1373.227s][info][gc] GC(676) Pause Remark 49M->49M(50M) 5.649ms
[1373.227s][info][gc] GC(676) Concurrent Sweep
[1373.230s][info][gc] GC(676) Concurrent Sweep 3.115ms
[1373.230s][info][gc] GC(676) Concurrent Reset
[1373.230s][info][gc] GC(676) Concurrent Reset 0.030ms
[1375.232s][info][gc] GC(677) Pause Initial Mark 49M->49M(50M) 0.897ms
[1375.232s][info][gc] GC(677) Concurrent Mark
[1375.246s][info][gc] GC(677) Concurrent Mark 13.529ms
[1375.246s][info][gc] GC(677) Concurrent Preclean
[1375.246s][info][gc] GC(677) Concurrent Preclean 0.171ms
[1375.246s][info][gc] GC(677) Concurrent Abortable Preclean
[1375.246s][info][gc] GC(677) Concurrent Abortable Preclean 0.025ms
[1375.252s][info][gc] GC(677) Pause Remark 49M->49M(50M) 5.953ms
[1375.252s][info][gc] GC(677) Concurrent Sweep
[1375.257s][info][gc] GC(677) Concurrent Sweep 4.062ms
[1375.257s][info][gc] GC(677) Concurrent Reset
[1375.257s][info][gc] GC(677) Concurrent Reset 0.039ms
[1377.258s][info][gc] GC(678) Pause Initial Mark 49M->49M(50M) 1.003ms
[1377.258s][info][gc] GC(678) Concurrent Mark
[1377.269s][info][gc] GC(678) Concurrent Mark 10.702ms
[1377.269s][info][gc] GC(678) Concurrent Preclean
[1377.269s][info][gc] GC(678) Concurrent Preclean 0.132ms
[1377.269s][info][gc] GC(678) Concurrent Abortable Preclean
[1377.269s][info][gc] GC(678) Concurrent Abortable Preclean 0.016ms
[1377.276s][info][gc] GC(678) Pause Remark 49M->49M(50M) 6.916ms
[1377.276s][info][gc] GC(678) Concurrent Sweep
[1377.281s][info][gc] GC(678) Concurrent Sweep 4.293ms
[1377.281s][info][gc] GC(678) Concurrent Reset
[1377.281s][info][gc] GC(678) Concurrent Reset 0.032ms
[1379.283s][info][gc] GC(679) Pause Initial Mark 49M->49M(50M) 1.956ms
[1379.284s][info][gc] GC(679) Concurrent Mark
[1379.297s][info][gc] GC(679) Concurrent Mark 13.515ms
[1379.297s][info][gc] GC(679) Concurrent Preclean
[1379.297s][info][gc] GC(679) Concurrent Preclean 0.156ms
[1379.297s][info][gc] GC(679) Concurrent Abortable Preclean
[1379.297s][info][gc] GC(679) Concurrent Abortable Preclean 0.017ms
[1379.307s][info][gc] GC(679) Pause Remark 49M->49M(50M) 9.367ms
[1379.307s][info][gc] GC(679) Concurrent Sweep
[1379.312s][info][gc] GC(679) Concurrent Sweep 4.661ms
[1379.312s][info][gc] GC(679) Concurrent Reset
[1379.312s][info][gc] GC(679) Concurrent Reset 0.033ms
[1381.312s][info][gc] GC(680) Pause Initial Mark 49M->49M(50M) 0.767ms
[1381.312s][info][gc] GC(680) Concurrent Mark
[1381.329s][info][gc] GC(680) Concurrent Mark 16.171ms
[1381.329s][info][gc] GC(680) Concurrent Preclean
[1381.329s][info][gc] GC(680) Concurrent Preclean 0.151ms
[1381.329s][info][gc] GC(680) Concurrent Abortable Preclean
[1381.329s][info][gc] GC(680) Concurrent Abortable Preclean 0.019ms
[1381.339s][info][gc] GC(680) Pause Remark 49M->49M(50M) 9.743ms
[1381.339s][info][gc] GC(680) Concurrent Sweep
[1381.343s][info][gc] GC(680) Concurrent Sweep 4.220ms
[1381.344s][info][gc] GC(680) Concurrent Reset
[1381.344s][info][gc] GC(680) Concurrent Reset 0.045ms
[1383.345s][info][gc] GC(681) Pause Initial Mark 49M->49M(50M) 1.051ms
[1383.345s][info][gc] GC(681) Concurrent Mark
[1383.357s][info][gc] GC(681) Concurrent Mark 12.032ms
[1383.358s][info][gc] GC(681) Concurrent Preclean
[1383.358s][info][gc] GC(681) Concurrent Preclean 0.148ms
[1383.358s][info][gc] GC(681) Concurrent Abortable Preclean
[1383.358s][info][gc] GC(681) Concurrent Abortable Preclean 0.019ms
[1383.363s][info][gc] GC(681) Pause Remark 49M->49M(50M) 5.438ms
[1383.363s][info][gc] GC(681) Concurrent Sweep
[1383.367s][info][gc] GC(681) Concurrent Sweep 3.213ms
[1383.367s][info][gc] GC(681) Concurrent Reset
[1383.367s][info][gc] GC(681) Concurrent Reset 0.031ms
[1385.368s][info][gc] GC(682) Pause Initial Mark 49M->49M(50M) 0.853ms
[1385.368s][info][gc] GC(682) Concurrent Mark
[1385.380s][info][gc] GC(682) Concurrent Mark 12.794ms
[1385.380s][info][gc] GC(682) Concurrent Preclean
[1385.381s][info][gc] GC(682) Concurrent Preclean 0.135ms
[1385.381s][info][gc] GC(682) Concurrent Abortable Preclean
[1385.381s][info][gc] GC(682) Concurrent Abortable Preclean 0.016ms
[1385.389s][info][gc] GC(682) Pause Remark 49M->49M(50M) 8.187ms
[1385.389s][info][gc] GC(682) Concurrent Sweep
[1385.393s][info][gc] GC(682) Concurrent Sweep 3.445ms
[1385.393s][info][gc] GC(682) Concurrent Reset
[1385.393s][info][gc] GC(682) Concurrent Reset 0.031ms
[1387.398s][info][gc] GC(683) Pause Initial Mark 49M->49M(50M) 1.102ms
[1387.398s][info][gc] GC(683) Concurrent Mark
[1387.411s][info][gc] GC(683) Concurrent Mark 12.211ms
[1387.411s][info][gc] GC(683) Concurrent Preclean
[1387.411s][info][gc] GC(683) Concurrent Preclean 0.167ms
[1387.411s][info][gc] GC(683) Concurrent Abortable Preclean
[1387.411s][info][gc] GC(683) Concurrent Abortable Preclean 0.020ms
[1387.416s][info][gc] GC(683) Pause Remark 49M->49M(50M) 5.320ms
[1387.416s][info][gc] GC(683) Concurrent Sweep
[1387.420s][info][gc] GC(683) Concurrent Sweep 3.280ms
[1387.420s][info][gc] GC(683) Concurrent Reset
[1387.420s][info][gc] GC(683) Concurrent Reset 0.033ms
[1389.426s][info][gc] GC(684) Pause Initial Mark 49M->49M(50M) 1.063ms
[1389.426s][info][gc] GC(684) Concurrent Mark
[1389.438s][info][gc] GC(684) Concurrent Mark 11.930ms
[1389.438s][info][gc] GC(684) Concurrent Preclean
[1389.438s][info][gc] GC(684) Concurrent Preclean 0.168ms
[1389.438s][info][gc] GC(684) Concurrent Abortable Preclean
[1389.438s][info][gc] GC(684) Concurrent Abortable Preclean 0.020ms
[1389.444s][info][gc] GC(684) Pause Remark 49M->49M(50M) 5.740ms
[1389.444s][info][gc] GC(684) Concurrent Sweep
[1389.447s][info][gc] GC(684) Concurrent Sweep 3.244ms
[1389.448s][info][gc] GC(684) Concurrent Reset
[1389.448s][info][gc] GC(684) Concurrent Reset 0.033ms
[1391.448s][info][gc] GC(685) Pause Initial Mark 49M->49M(50M) 1.081ms
[1391.448s][info][gc] GC(685) Concurrent Mark
[1391.460s][info][gc] GC(685) Concurrent Mark 12.248ms
[1391.461s][info][gc] GC(685) Concurrent Preclean
[1391.461s][info][gc] GC(685) Concurrent Preclean 0.145ms
[1391.461s][info][gc] GC(685) Concurrent Abortable Preclean
[1391.461s][info][gc] GC(685) Concurrent Abortable Preclean 0.018ms
[1391.466s][info][gc] GC(685) Pause Remark 49M->49M(50M) 5.250ms
[1391.466s][info][gc] GC(685) Concurrent Sweep
[1391.469s][info][gc] GC(685) Concurrent Sweep 3.271ms
[1391.469s][info][gc] GC(685) Concurrent Reset
[1391.470s][info][gc] GC(685) Concurrent Reset 0.032ms
[1393.475s][info][gc] GC(686) Pause Initial Mark 49M->49M(50M) 0.979ms
[1393.475s][info][gc] GC(686) Concurrent Mark
[1393.489s][info][gc] GC(686) Concurrent Mark 13.514ms
[1393.489s][info][gc] GC(686) Concurrent Preclean
[1393.489s][info][gc] GC(686) Concurrent Preclean 0.153ms
[1393.489s][info][gc] GC(686) Concurrent Abortable Preclean
[1393.489s][info][gc] GC(686) Concurrent Abortable Preclean 0.019ms
[1393.495s][info][gc] GC(686) Pause Remark 49M->49M(50M) 5.746ms
[1393.495s][info][gc] GC(686) Concurrent Sweep
[1393.499s][info][gc] GC(686) Concurrent Sweep 3.606ms
[1393.499s][info][gc] GC(686) Concurrent Reset
[1393.499s][info][gc] GC(686) Concurrent Reset 0.055ms
[1395.500s][info][gc] GC(687) Pause Initial Mark 49M->49M(50M) 1.081ms
[1395.500s][info][gc] GC(687) Concurrent Mark
[1395.512s][info][gc] GC(687) Concurrent Mark 12.094ms
[1395.512s][info][gc] GC(687) Concurrent Preclean
[1395.512s][info][gc] GC(687) Concurrent Preclean 0.161ms
[1395.512s][info][gc] GC(687) Concurrent Abortable Preclean
[1395.512s][info][gc] GC(687) Concurrent Abortable Preclean 0.020ms
[1395.518s][info][gc] GC(687) Pause Remark 49M->49M(50M) 5.375ms
[1395.518s][info][gc] GC(687) Concurrent Sweep
[1395.521s][info][gc] GC(687) Concurrent Sweep 3.289ms
[1395.521s][info][gc] GC(687) Concurrent Reset
[1395.521s][info][gc] GC(687) Concurrent Reset 0.032ms
[1397.527s][info][gc] GC(688) Pause Initial Mark 49M->49M(50M) 2.640ms
[1397.527s][info][gc] GC(688) Concurrent Mark
[1397.547s][info][gc] GC(688) Concurrent Mark 20.226ms
[1397.547s][info][gc] GC(688) Concurrent Preclean
[1397.548s][info][gc] GC(688) Concurrent Preclean 0.172ms
[1397.548s][info][gc] GC(688) Concurrent Abortable Preclean
[1397.548s][info][gc] GC(688) Concurrent Abortable Preclean 0.020ms
[1397.555s][info][gc] GC(688) Pause Remark 49M->49M(50M) 6.832ms
[1397.555s][info][gc] GC(688) Concurrent Sweep
[1397.558s][info][gc] GC(688) Concurrent Sweep 3.550ms
[1397.558s][info][gc] GC(688) Concurrent Reset
[1397.558s][info][gc] GC(688) Concurrent Reset 0.031ms
[1399.561s][info][gc] GC(689) Pause Initial Mark 49M->49M(50M) 0.785ms
[1399.561s][info][gc] GC(689) Concurrent Mark
[1399.573s][info][gc] GC(689) Concurrent Mark 12.252ms
[1399.574s][info][gc] GC(689) Concurrent Preclean
[1399.574s][info][gc] GC(689) Concurrent Preclean 0.160ms
[1399.574s][info][gc] GC(689) Concurrent Abortable Preclean
[1399.574s][info][gc] GC(689) Concurrent Abortable Preclean 0.019ms
[1399.580s][info][gc] GC(689) Pause Remark 49M->49M(50M) 6.004ms
[1399.580s][info][gc] GC(689) Concurrent Sweep
[1399.583s][info][gc] GC(689) Concurrent Sweep 3.173ms
[1399.583s][info][gc] GC(689) Concurrent Reset
[1399.583s][info][gc] GC(689) Concurrent Reset 0.031ms
[1401.584s][info][gc] GC(690) Pause Initial Mark 49M->49M(50M) 0.586ms
[1401.584s][info][gc] GC(690) Concurrent Mark
[1401.594s][info][gc] GC(690) Concurrent Mark 10.225ms
[1401.594s][info][gc] GC(690) Concurrent Preclean
[1401.594s][info][gc] GC(690) Concurrent Preclean 0.138ms
[1401.594s][info][gc] GC(690) Concurrent Abortable Preclean
[1401.594s][info][gc] GC(690) Concurrent Abortable Preclean 0.017ms
[1401.600s][info][gc] GC(690) Pause Remark 49M->49M(50M) 5.785ms
[1401.600s][info][gc] GC(690) Concurrent Sweep
[1401.603s][info][gc] GC(690) Concurrent Sweep 3.206ms
[1401.604s][info][gc] GC(690) Concurrent Reset
[1401.604s][info][gc] GC(690) Concurrent Reset 0.031ms
[1403.605s][info][gc] GC(691) Pause Initial Mark 49M->49M(50M) 0.858ms
[1403.606s][info][gc] GC(691) Concurrent Mark
[1403.619s][info][gc] GC(691) Concurrent Mark 13.853ms
[1403.619s][info][gc] GC(691) Concurrent Preclean
[1403.620s][info][gc] GC(691) Concurrent Preclean 0.155ms
[1403.620s][info][gc] GC(691) Concurrent Abortable Preclean
[1403.620s][info][gc] GC(691) Concurrent Abortable Preclean 0.018ms
[1403.626s][info][gc] GC(691) Pause Remark 49M->49M(50M) 6.365ms
[1403.626s][info][gc] GC(691) Concurrent Sweep
[1403.629s][info][gc] GC(691) Concurrent Sweep 3.116ms
[1403.629s][info][gc] GC(691) Concurrent Reset
[1403.629s][info][gc] GC(691) Concurrent Reset 0.031ms
[1405.631s][info][gc] GC(692) Pause Initial Mark 49M->49M(50M) 1.607ms
[1405.631s][info][gc] GC(692) Concurrent Mark
[1405.646s][info][gc] GC(692) Concurrent Mark 15.482ms
[1405.646s][info][gc] GC(692) Concurrent Preclean
[1405.647s][info][gc] GC(692) Concurrent Preclean 0.199ms
[1405.647s][info][gc] GC(692) Concurrent Abortable Preclean
[1405.647s][info][gc] GC(692) Concurrent Abortable Preclean 0.024ms
[1405.660s][info][gc] GC(692) Pause Remark 49M->49M(50M) 13.067ms
[1405.660s][info][gc] GC(692) Concurrent Sweep
[1405.664s][info][gc] GC(692) Concurrent Sweep 3.829ms
[1405.664s][info][gc] GC(692) Concurrent Reset
[1405.664s][info][gc] GC(692) Concurrent Reset 0.133ms
[1407.666s][info][gc] GC(693) Pause Initial Mark 49M->49M(50M) 0.887ms
[1407.666s][info][gc] GC(693) Concurrent Mark
[1407.679s][info][gc] GC(693) Concurrent Mark 13.585ms
[1407.679s][info][gc] GC(693) Concurrent Preclean
[1407.679s][info][gc] GC(693) Concurrent Preclean 0.152ms
[1407.679s][info][gc] GC(693) Concurrent Abortable Preclean
[1407.680s][info][gc] GC(693) Concurrent Abortable Preclean 0.018ms
[1407.685s][info][gc] GC(693) Pause Remark 49M->49M(50M) 5.162ms
[1407.685s][info][gc] GC(693) Concurrent Sweep
[1407.689s][info][gc] GC(693) Concurrent Sweep 3.866ms
[1407.689s][info][gc] GC(693) Concurrent Reset
[1407.689s][info][gc] GC(693) Concurrent Reset 0.034ms
[1409.693s][info][gc] GC(694) Pause Initial Mark 49M->49M(50M) 1.229ms
[1409.693s][info][gc] GC(694) Concurrent Mark
[1409.707s][info][gc] GC(694) Concurrent Mark 13.550ms
[1409.707s][info][gc] GC(694) Concurrent Preclean
[1409.707s][info][gc] GC(694) Concurrent Preclean 0.213ms
[1409.707s][info][gc] GC(694) Concurrent Abortable Preclean
[1409.707s][info][gc] GC(694) Concurrent Abortable Preclean 0.027ms
[1409.715s][info][gc] GC(694) Pause Remark 49M->49M(50M) 8.026ms
[1409.715s][info][gc] GC(694) Concurrent Sweep
[1409.719s][info][gc] GC(694) Concurrent Sweep 3.072ms
[1409.719s][info][gc] GC(694) Concurrent Reset
[1409.719s][info][gc] GC(694) Concurrent Reset 0.031ms
[1411.724s][info][gc] GC(695) Pause Initial Mark 49M->49M(50M) 1.055ms
[1411.724s][info][gc] GC(695) Concurrent Mark
[1411.737s][info][gc] GC(695) Concurrent Mark 13.375ms
[1411.737s][info][gc] GC(695) Concurrent Preclean
[1411.737s][info][gc] GC(695) Concurrent Preclean 0.151ms
[1411.738s][info][gc] GC(695) Concurrent Abortable Preclean
[1411.738s][info][gc] GC(695) Concurrent Abortable Preclean 0.019ms
[1411.745s][info][gc] GC(695) Pause Remark 49M->49M(50M) 6.985ms
[1411.745s][info][gc] GC(695) Concurrent Sweep
[1411.751s][info][gc] GC(695) Concurrent Sweep 6.144ms
[1411.751s][info][gc] GC(695) Concurrent Reset
[1411.751s][info][gc] GC(695) Concurrent Reset 0.046ms
[1413.752s][info][gc] GC(696) Pause Initial Mark 49M->49M(50M) 0.782ms
[1413.752s][info][gc] GC(696) Concurrent Mark
[1413.769s][info][gc] GC(696) Concurrent Mark 17.300ms
[1413.769s][info][gc] GC(696) Concurrent Preclean
[1413.770s][info][gc] GC(696) Concurrent Preclean 0.148ms
[1413.770s][info][gc] GC(696) Concurrent Abortable Preclean
[1413.770s][info][gc] GC(696) Concurrent Abortable Preclean 0.016ms
[1413.775s][info][gc] GC(696) Pause Remark 49M->49M(50M) 5.676ms
[1413.776s][info][gc] GC(696) Concurrent Sweep
[1413.779s][info][gc] GC(696) Concurrent Sweep 3.812ms
[1413.779s][info][gc] GC(696) Concurrent Reset
[1413.779s][info][gc] GC(696) Concurrent Reset 0.030ms
[1415.784s][info][gc] GC(697) Pause Initial Mark 49M->49M(50M) 1.111ms
[1415.784s][info][gc] GC(697) Concurrent Mark
[1415.796s][info][gc] GC(697) Concurrent Mark 12.000ms
[1415.796s][info][gc] GC(697) Concurrent Preclean
[1415.796s][info][gc] GC(697) Concurrent Preclean 0.140ms
[1415.796s][info][gc] GC(697) Concurrent Abortable Preclean
[1415.796s][info][gc] GC(697) Concurrent Abortable Preclean 0.019ms
[1415.804s][info][gc] GC(697) Pause Remark 49M->49M(50M) 7.907ms
[1415.804s][info][gc] GC(697) Concurrent Sweep
[1415.807s][info][gc] GC(697) Concurrent Sweep 3.262ms
[1415.807s][info][gc] GC(697) Concurrent Reset
[1415.807s][info][gc] GC(697) Concurrent Reset 0.032ms
[1417.809s][info][gc] GC(698) Pause Initial Mark 49M->49M(50M) 1.110ms
[1417.809s][info][gc] GC(698) Concurrent Mark
[1417.821s][info][gc] GC(698) Concurrent Mark 11.983ms
[1417.821s][info][gc] GC(698) Concurrent Preclean
[1417.821s][info][gc] GC(698) Concurrent Preclean 0.151ms
[1417.821s][info][gc] GC(698) Concurrent Abortable Preclean
[1417.821s][info][gc] GC(698) Concurrent Abortable Preclean 0.019ms
[1417.827s][info][gc] GC(698) Pause Remark 49M->49M(50M) 5.761ms
[1417.827s][info][gc] GC(698) Concurrent Sweep
[1417.830s][info][gc] GC(698) Concurrent Sweep 3.260ms
[1417.830s][info][gc] GC(698) Concurrent Reset
[1417.830s][info][gc] GC(698) Concurrent Reset 0.033ms
[1419.832s][info][gc] GC(699) Pause Initial Mark 49M->49M(50M) 1.241ms
[1419.832s][info][gc] GC(699) Concurrent Mark
[1419.845s][info][gc] GC(699) Concurrent Mark 12.458ms
[1419.845s][info][gc] GC(699) Concurrent Preclean
[1419.845s][info][gc] GC(699) Concurrent Preclean 0.145ms
[1419.845s][info][gc] GC(699) Concurrent Abortable Preclean
[1419.845s][info][gc] GC(699) Concurrent Abortable Preclean 0.019ms
[1419.851s][info][gc] GC(699) Pause Remark 49M->49M(50M) 5.586ms
[1419.851s][info][gc] GC(699) Concurrent Sweep
[1419.854s][info][gc] GC(699) Concurrent Sweep 3.263ms
[1419.854s][info][gc] GC(699) Concurrent Reset
[1419.854s][info][gc] GC(699) Concurrent Reset 0.033ms
[1421.857s][info][gc] GC(700) Pause Initial Mark 49M->49M(50M) 0.711ms
[1421.857s][info][gc] GC(700) Concurrent Mark
[1421.868s][info][gc] GC(700) Concurrent Mark 10.897ms
[1421.868s][info][gc] GC(700) Concurrent Preclean
[1421.868s][info][gc] GC(700) Concurrent Preclean 0.147ms
[1421.868s][info][gc] GC(700) Concurrent Abortable Preclean
[1421.868s][info][gc] GC(700) Concurrent Abortable Preclean 0.019ms
[1421.874s][info][gc] GC(700) Pause Remark 49M->49M(50M) 5.515ms
[1421.874s][info][gc] GC(700) Concurrent Sweep
[1421.877s][info][gc] GC(700) Concurrent Sweep 3.047ms
[1421.877s][info][gc] GC(700) Concurrent Reset
[1421.877s][info][gc] GC(700) Concurrent Reset 0.030ms
[1423.880s][info][gc] GC(701) Pause Initial Mark 49M->49M(50M) 0.940ms
[1423.880s][info][gc] GC(701) Concurrent Mark
[1423.894s][info][gc] GC(701) Concurrent Mark 14.293ms
[1423.894s][info][gc] GC(701) Concurrent Preclean
[1423.895s][info][gc] GC(701) Concurrent Preclean 0.158ms
[1423.895s][info][gc] GC(701) Concurrent Abortable Preclean
[1423.895s][info][gc] GC(701) Concurrent Abortable Preclean 0.019ms
[1423.903s][info][gc] GC(701) Pause Remark 49M->49M(50M) 7.777ms
[1423.903s][info][gc] GC(701) Concurrent Sweep
[1423.906s][info][gc] GC(701) Concurrent Sweep 3.250ms
[1423.906s][info][gc] GC(701) Concurrent Reset
[1423.906s][info][gc] GC(701) Concurrent Reset 0.031ms
[1425.909s][info][gc] GC(702) Pause Initial Mark 49M->49M(50M) 2.243ms
[1425.909s][info][gc] GC(702) Concurrent Mark
[1425.924s][info][gc] GC(702) Concurrent Mark 14.950ms
[1425.924s][info][gc] GC(702) Concurrent Preclean
[1425.924s][info][gc] GC(702) Concurrent Preclean 0.181ms
[1425.924s][info][gc] GC(702) Concurrent Abortable Preclean
[1425.924s][info][gc] GC(702) Concurrent Abortable Preclean 0.023ms
[1425.933s][info][gc] GC(702) Pause Remark 49M->49M(50M) 8.443ms
[1425.933s][info][gc] GC(702) Concurrent Sweep
[1425.936s][info][gc] GC(702) Concurrent Sweep 3.289ms
[1425.936s][info][gc] GC(702) Concurrent Reset
[1425.936s][info][gc] GC(702) Concurrent Reset 0.040ms
[1427.937s][info][gc] GC(703) Pause Initial Mark 49M->49M(50M) 0.620ms
[1427.938s][info][gc] GC(703) Concurrent Mark
[1427.952s][info][gc] GC(703) Concurrent Mark 14.644ms
[1427.952s][info][gc] GC(703) Concurrent Preclean
[1427.952s][info][gc] GC(703) Concurrent Preclean 0.191ms
[1427.953s][info][gc] GC(703) Concurrent Abortable Preclean
[1427.953s][info][gc] GC(703) Concurrent Abortable Preclean 0.026ms
[1427.961s][info][gc] GC(703) Pause Remark 49M->49M(50M) 8.491ms
[1427.961s][info][gc] GC(703) Concurrent Sweep
[1427.966s][info][gc] GC(703) Concurrent Sweep 4.393ms
[1427.966s][info][gc] GC(703) Concurrent Reset
[1427.966s][info][gc] GC(703) Concurrent Reset 0.045ms
[1429.968s][info][gc] GC(704) Pause Initial Mark 49M->49M(50M) 1.174ms
[1429.969s][info][gc] GC(704) Concurrent Mark
[1429.981s][info][gc] GC(704) Concurrent Mark 12.201ms
[1429.981s][info][gc] GC(704) Concurrent Preclean
[1429.981s][info][gc] GC(704) Concurrent Preclean 0.160ms
[1429.981s][info][gc] GC(704) Concurrent Abortable Preclean
[1429.981s][info][gc] GC(704) Concurrent Abortable Preclean 0.020ms
[1429.986s][info][gc] GC(704) Pause Remark 49M->49M(50M) 5.299ms
[1429.987s][info][gc] GC(704) Concurrent Sweep
[1429.990s][info][gc] GC(704) Concurrent Sweep 3.379ms
[1429.990s][info][gc] GC(704) Concurrent Reset
[1429.990s][info][gc] GC(704) Concurrent Reset 0.032ms
[1431.992s][info][gc] GC(705) Pause Initial Mark 49M->49M(50M) 1.005ms
[1431.993s][info][gc] GC(705) Concurrent Mark
[1432.004s][info][gc] GC(705) Concurrent Mark 11.911ms
[1432.005s][info][gc] GC(705) Concurrent Preclean
[1432.005s][info][gc] GC(705) Concurrent Preclean 0.171ms
[1432.005s][info][gc] GC(705) Concurrent Abortable Preclean
[1432.005s][info][gc] GC(705) Concurrent Abortable Preclean 0.032ms
[1432.011s][info][gc] GC(705) Pause Remark 49M->49M(50M) 6.264ms
[1432.011s][info][gc] GC(705) Concurrent Sweep
[1432.015s][info][gc] GC(705) Concurrent Sweep 3.727ms
[1432.015s][info][gc] GC(705) Concurrent Reset
[1432.015s][info][gc] GC(705) Concurrent Reset 0.031ms
[1434.017s][info][gc] GC(706) Pause Initial Mark 49M->49M(50M) 1.260ms
[1434.017s][info][gc] GC(706) Concurrent Mark
[1434.030s][info][gc] GC(706) Concurrent Mark 12.529ms
[1434.030s][info][gc] GC(706) Concurrent Preclean
[1434.030s][info][gc] GC(706) Concurrent Preclean 0.136ms
[1434.030s][info][gc] GC(706) Concurrent Abortable Preclean
[1434.030s][info][gc] GC(706) Concurrent Abortable Preclean 0.017ms
[1434.036s][info][gc] GC(706) Pause Remark 49M->49M(50M) 5.901ms
[1434.036s][info][gc] GC(706) Concurrent Sweep
[1434.040s][info][gc] GC(706) Concurrent Sweep 3.617ms
[1434.040s][info][gc] GC(706) Concurrent Reset
[1434.040s][info][gc] GC(706) Concurrent Reset 0.034ms
[1436.041s][info][gc] GC(707) Pause Initial Mark 49M->49M(50M) 1.109ms
[1436.042s][info][gc] GC(707) Concurrent Mark
[1436.054s][info][gc] GC(707) Concurrent Mark 12.161ms
[1436.054s][info][gc] GC(707) Concurrent Preclean
[1436.054s][info][gc] GC(707) Concurrent Preclean 0.160ms
[1436.054s][info][gc] GC(707) Concurrent Abortable Preclean
[1436.054s][info][gc] GC(707) Concurrent Abortable Preclean 0.020ms
[1436.059s][info][gc] GC(707) Pause Remark 49M->49M(50M) 5.347ms
[1436.060s][info][gc] GC(707) Concurrent Sweep
[1436.064s][info][gc] GC(707) Concurrent Sweep 4.321ms
[1436.064s][info][gc] GC(707) Concurrent Reset
[1436.064s][info][gc] GC(707) Concurrent Reset 0.035ms
[1438.066s][info][gc] GC(708) Pause Initial Mark 49M->49M(50M) 1.058ms
[1438.066s][info][gc] GC(708) Concurrent Mark
[1438.077s][info][gc] GC(708) Concurrent Mark 10.525ms
[1438.077s][info][gc] GC(708) Concurrent Preclean
[1438.077s][info][gc] GC(708) Concurrent Preclean 0.152ms
[1438.077s][info][gc] GC(708) Concurrent Abortable Preclean
[1438.077s][info][gc] GC(708) Concurrent Abortable Preclean 0.016ms
[1438.083s][info][gc] GC(708) Pause Remark 49M->49M(50M) 5.611ms
[1438.083s][info][gc] GC(708) Concurrent Sweep
[1438.086s][info][gc] GC(708) Concurrent Sweep 3.137ms
[1438.086s][info][gc] GC(708) Concurrent Reset
[1438.086s][info][gc] GC(708) Concurrent Reset 0.031ms
[1440.088s][info][gc] GC(709) Pause Initial Mark 49M->49M(50M) 1.200ms
[1440.088s][info][gc] GC(709) Concurrent Mark
[1440.101s][info][gc] GC(709) Concurrent Mark 12.683ms
[1440.101s][info][gc] GC(709) Concurrent Preclean
[1440.101s][info][gc] GC(709) Concurrent Preclean 0.148ms
[1440.101s][info][gc] GC(709) Concurrent Abortable Preclean
[1440.101s][info][gc] GC(709) Concurrent Abortable Preclean 0.019ms
[1440.107s][info][gc] GC(709) Pause Remark 49M->49M(50M) 5.523ms
[1440.107s][info][gc] GC(709) Concurrent Sweep
[1440.110s][info][gc] GC(709) Concurrent Sweep 3.308ms
[1440.110s][info][gc] GC(709) Concurrent Reset
[1440.110s][info][gc] GC(709) Concurrent Reset 0.033ms
[1442.111s][info][gc] GC(710) Pause Initial Mark 49M->49M(50M) 0.996ms
[1442.112s][info][gc] GC(710) Concurrent Mark
[1442.123s][info][gc] GC(710) Concurrent Mark 11.657ms
[1442.123s][info][gc] GC(710) Concurrent Preclean
[1442.124s][info][gc] GC(710) Concurrent Preclean 0.186ms
[1442.124s][info][gc] GC(710) Concurrent Abortable Preclean
[1442.124s][info][gc] GC(710) Concurrent Abortable Preclean 0.017ms
[1442.131s][info][gc] GC(710) Pause Remark 49M->49M(50M) 7.101ms
[1442.131s][info][gc] GC(710) Concurrent Sweep
[1442.134s][info][gc] GC(710) Concurrent Sweep 3.298ms
[1442.134s][info][gc] GC(710) Concurrent Reset
[1442.134s][info][gc] GC(710) Concurrent Reset 0.031ms
[1444.137s][info][gc] GC(711) Pause Initial Mark 49M->49M(50M) 2.417ms
[1444.137s][info][gc] GC(711) Concurrent Mark
[1444.150s][info][gc] GC(711) Concurrent Mark 13.201ms
[1444.150s][info][gc] GC(711) Concurrent Preclean
[1444.150s][info][gc] GC(711) Concurrent Preclean 0.163ms
[1444.150s][info][gc] GC(711) Concurrent Abortable Preclean
[1444.151s][info][gc] GC(711) Concurrent Abortable Preclean 0.018ms
[1444.156s][info][gc] GC(711) Pause Remark 49M->49M(50M) 5.482ms
[1444.156s][info][gc] GC(711) Concurrent Sweep
[1444.159s][info][gc] GC(711) Concurrent Sweep 3.082ms
[1444.159s][info][gc] GC(711) Concurrent Reset
[1444.160s][info][gc] GC(711) Concurrent Reset 0.030ms
[1446.164s][info][gc] GC(712) Pause Initial Mark 49M->49M(50M) 0.936ms
[1446.165s][info][gc] GC(712) Concurrent Mark
[1446.178s][info][gc] GC(712) Concurrent Mark 13.280ms
[1446.178s][info][gc] GC(712) Concurrent Preclean
[1446.178s][info][gc] GC(712) Concurrent Preclean 0.206ms
[1446.178s][info][gc] GC(712) Concurrent Abortable Preclean
[1446.178s][info][gc] GC(712) Concurrent Abortable Preclean 0.132ms
[1446.191s][info][gc] GC(712) Pause Remark 49M->49M(50M) 12.374ms
[1446.191s][info][gc] GC(712) Concurrent Sweep
[1446.195s][info][gc] GC(712) Concurrent Sweep 3.461ms
[1446.195s][info][gc] GC(712) Concurrent Reset
[1446.195s][info][gc] GC(712) Concurrent Reset 0.031ms
[1448.196s][info][gc] GC(713) Pause Initial Mark 49M->49M(50M) 0.942ms
[1448.196s][info][gc] GC(713) Concurrent Mark
[1448.209s][info][gc] GC(713) Concurrent Mark 13.401ms
[1448.209s][info][gc] GC(713) Concurrent Preclean
[1448.210s][info][gc] GC(713) Concurrent Preclean 0.156ms
[1448.210s][info][gc] GC(713) Concurrent Abortable Preclean
[1448.210s][info][gc] GC(713) Concurrent Abortable Preclean 0.019ms
[1448.218s][info][gc] GC(713) Pause Remark 49M->49M(50M) 8.287ms
[1448.218s][info][gc] GC(713) Concurrent Sweep
[1448.221s][info][gc] GC(713) Concurrent Sweep 3.117ms
[1448.221s][info][gc] GC(713) Concurrent Reset
[1448.221s][info][gc] GC(713) Concurrent Reset 0.038ms
[1450.226s][info][gc] GC(714) Pause Initial Mark 49M->49M(50M) 1.590ms
[1450.227s][info][gc] GC(714) Concurrent Mark
[1450.239s][info][gc] GC(714) Concurrent Mark 12.609ms
[1450.240s][info][gc] GC(714) Concurrent Preclean
[1450.240s][info][gc] GC(714) Concurrent Preclean 0.399ms
[1450.240s][info][gc] GC(714) Concurrent Abortable Preclean
[1450.240s][info][gc] GC(714) Concurrent Abortable Preclean 0.049ms
[1450.245s][info][gc] GC(714) Pause Remark 49M->49M(50M) 4.846ms
[1450.245s][info][gc] GC(714) Concurrent Sweep
[1450.249s][info][gc] GC(714) Concurrent Sweep 3.361ms
[1450.249s][info][gc] GC(714) Concurrent Reset
[1450.249s][info][gc] GC(714) Concurrent Reset 0.031ms
[1452.253s][info][gc] GC(715) Pause Initial Mark 49M->49M(50M) 1.113ms
[1452.253s][info][gc] GC(715) Concurrent Mark
[1452.265s][info][gc] GC(715) Concurrent Mark 12.099ms
[1452.265s][info][gc] GC(715) Concurrent Preclean
[1452.265s][info][gc] GC(715) Concurrent Preclean 0.167ms
[1452.265s][info][gc] GC(715) Concurrent Abortable Preclean
[1452.265s][info][gc] GC(715) Concurrent Abortable Preclean 0.020ms
[1452.271s][info][gc] GC(715) Pause Remark 49M->49M(50M) 5.826ms
[1452.271s][info][gc] GC(715) Concurrent Sweep
[1452.274s][info][gc] GC(715) Concurrent Sweep 3.071ms
[1452.274s][info][gc] GC(715) Concurrent Reset
[1452.274s][info][gc] GC(715) Concurrent Reset 0.030ms
[1454.276s][info][gc] GC(716) Pause Initial Mark 49M->49M(50M) 1.871ms
[1454.276s][info][gc] GC(716) Concurrent Mark
[1454.289s][info][gc] GC(716) Concurrent Mark 12.311ms
[1454.289s][info][gc] GC(716) Concurrent Preclean
[1454.289s][info][gc] GC(716) Concurrent Preclean 0.179ms
[1454.289s][info][gc] GC(716) Concurrent Abortable Preclean
[1454.289s][info][gc] GC(716) Concurrent Abortable Preclean 0.017ms
[1454.299s][info][gc] GC(716) Pause Remark 49M->49M(50M) 9.894ms
[1454.300s][info][gc] GC(716) Concurrent Sweep
[1454.303s][info][gc] GC(716) Concurrent Sweep 3.335ms
[1454.303s][info][gc] GC(716) Concurrent Reset
[1454.303s][info][gc] GC(716) Concurrent Reset 0.033ms
[1456.304s][info][gc] GC(717) Pause Initial Mark 49M->49M(50M) 0.778ms
[1456.304s][info][gc] GC(717) Concurrent Mark
[1456.315s][info][gc] GC(717) Concurrent Mark 11.872ms
[1456.316s][info][gc] GC(717) Concurrent Preclean
[1456.316s][info][gc] GC(717) Concurrent Preclean 0.166ms
[1456.316s][info][gc] GC(717) Concurrent Abortable Preclean
[1456.316s][info][gc] GC(717) Concurrent Abortable Preclean 0.021ms
[1456.323s][info][gc] GC(717) Pause Remark 49M->49M(50M) 7.466ms
[1456.323s][info][gc] GC(717) Concurrent Sweep
[1456.327s][info][gc] GC(717) Concurrent Sweep 3.049ms
[1456.327s][info][gc] GC(717) Concurrent Reset
[1456.327s][info][gc] GC(717) Concurrent Reset 0.102ms
[1458.331s][info][gc] GC(718) Pause Initial Mark 49M->49M(50M) 1.630ms
[1458.331s][info][gc] GC(718) Concurrent Mark
[1458.347s][info][gc] GC(718) Concurrent Mark 16.241ms
[1458.347s][info][gc] GC(718) Concurrent Preclean
[1458.347s][info][gc] GC(718) Concurrent Preclean 0.200ms
[1458.348s][info][gc] GC(718) Concurrent Abortable Preclean
[1458.348s][info][gc] GC(718) Concurrent Abortable Preclean 0.097ms
[1458.358s][info][gc] GC(718) Pause Remark 49M->49M(50M) 9.905ms
[1458.358s][info][gc] GC(718) Concurrent Sweep
[1458.363s][info][gc] GC(718) Concurrent Sweep 4.544ms
[1458.363s][info][gc] GC(718) Concurrent Reset
[1458.363s][info][gc] GC(718) Concurrent Reset 0.032ms
[1460.366s][info][gc] GC(719) Pause Initial Mark 49M->49M(50M) 2.715ms
[1460.366s][info][gc] GC(719) Concurrent Mark
[1460.380s][info][gc] GC(719) Concurrent Mark 13.834ms
[1460.380s][info][gc] GC(719) Concurrent Preclean
[1460.380s][info][gc] GC(719) Concurrent Preclean 0.152ms
[1460.380s][info][gc] GC(719) Concurrent Abortable Preclean
[1460.380s][info][gc] GC(719) Concurrent Abortable Preclean 0.019ms
[1460.386s][info][gc] GC(719) Pause Remark 49M->49M(50M) 5.148ms
[1460.386s][info][gc] GC(719) Concurrent Sweep
[1460.389s][info][gc] GC(719) Concurrent Sweep 3.671ms
[1460.389s][info][gc] GC(719) Concurrent Reset
[1460.390s][info][gc] GC(719) Concurrent Reset 0.031ms
[1462.393s][info][gc] GC(720) Pause Initial Mark 49M->49M(50M) 0.616ms
[1462.393s][info][gc] GC(720) Concurrent Mark
[1462.404s][info][gc] GC(720) Concurrent Mark 10.853ms
[1462.404s][info][gc] GC(720) Concurrent Preclean
[1462.404s][info][gc] GC(720) Concurrent Preclean 0.149ms
[1462.404s][info][gc] GC(720) Concurrent Abortable Preclean
[1462.404s][info][gc] GC(720) Concurrent Abortable Preclean 0.024ms
[1462.411s][info][gc] GC(720) Pause Remark 49M->49M(50M) 6.911ms
[1462.412s][info][gc] GC(720) Concurrent Sweep
[1462.415s][info][gc] GC(720) Concurrent Sweep 3.311ms
[1462.415s][info][gc] GC(720) Concurrent Reset
[1462.415s][info][gc] GC(720) Concurrent Reset 0.033ms
[1464.415s][info][gc] GC(721) Pause Initial Mark 49M->49M(50M) 0.537ms
[1464.415s][info][gc] GC(721) Concurrent Mark
[1464.431s][info][gc] GC(721) Concurrent Mark 16.180ms
[1464.431s][info][gc] GC(721) Concurrent Preclean
[1464.431s][info][gc] GC(721) Concurrent Preclean 0.173ms
[1464.432s][info][gc] GC(721) Concurrent Abortable Preclean
[1464.432s][info][gc] GC(721) Concurrent Abortable Preclean 0.041ms
[1464.441s][info][gc] GC(721) Pause Remark 49M->49M(50M) 8.710ms
[1464.441s][info][gc] GC(721) Concurrent Sweep
[1464.447s][info][gc] GC(721) Concurrent Sweep 6.123ms
[1464.447s][info][gc] GC(721) Concurrent Reset
[1464.447s][info][gc] GC(721) Concurrent Reset 0.052ms
[1466.448s][info][gc] GC(722) Pause Initial Mark 49M->49M(50M) 1.055ms
[1466.448s][info][gc] GC(722) Concurrent Mark
[1466.468s][info][gc] GC(722) Concurrent Mark 19.453ms
[1466.468s][info][gc] GC(722) Concurrent Preclean
[1466.468s][info][gc] GC(722) Concurrent Preclean 0.212ms
[1466.468s][info][gc] GC(722) Concurrent Abortable Preclean
[1466.468s][info][gc] GC(722) Concurrent Abortable Preclean 0.032ms
[1466.478s][info][gc] GC(722) Pause Remark 49M->49M(50M) 9.793ms
[1466.479s][info][gc] GC(722) Concurrent Sweep
[1466.484s][info][gc] GC(722) Concurrent Sweep 5.166ms
[1466.484s][info][gc] GC(722) Concurrent Reset
[1466.484s][info][gc] GC(722) Concurrent Reset 0.032ms
[1468.487s][info][gc] GC(723) Pause Initial Mark 49M->49M(50M) 1.681ms
[1468.487s][info][gc] GC(723) Concurrent Mark
[1468.499s][info][gc] GC(723) Concurrent Mark 11.963ms
[1468.499s][info][gc] GC(723) Concurrent Preclean
[1468.499s][info][gc] GC(723) Concurrent Preclean 0.216ms
[1468.500s][info][gc] GC(723) Concurrent Abortable Preclean
[1468.500s][info][gc] GC(723) Concurrent Abortable Preclean 0.020ms
[1468.506s][info][gc] GC(723) Pause Remark 49M->49M(50M) 6.283ms
[1468.506s][info][gc] GC(723) Concurrent Sweep
[1468.510s][info][gc] GC(723) Concurrent Sweep 3.366ms
[1468.512s][info][gc] GC(723) Concurrent Reset
[1468.512s][info][gc] GC(723) Concurrent Reset 0.134ms
[1470.515s][info][gc] GC(724) Pause Initial Mark 49M->49M(50M) 1.161ms
[1470.515s][info][gc] GC(724) Concurrent Mark
[1470.528s][info][gc] GC(724) Concurrent Mark 13.044ms
[1470.528s][info][gc] GC(724) Concurrent Preclean
[1470.528s][info][gc] GC(724) Concurrent Preclean 0.149ms
[1470.528s][info][gc] GC(724) Concurrent Abortable Preclean
[1470.528s][info][gc] GC(724) Concurrent Abortable Preclean 0.016ms
[1470.534s][info][gc] GC(724) Pause Remark 49M->49M(50M) 6.217ms
[1470.534s][info][gc] GC(724) Concurrent Sweep
[1470.538s][info][gc] GC(724) Concurrent Sweep 3.266ms
[1470.538s][info][gc] GC(724) Concurrent Reset
[1470.538s][info][gc] GC(724) Concurrent Reset 0.031ms
[1472.540s][info][gc] GC(725) Pause Initial Mark 49M->49M(50M) 1.263ms
[1472.540s][info][gc] GC(725) Concurrent Mark
[1472.554s][info][gc] GC(725) Concurrent Mark 13.225ms
[1472.554s][info][gc] GC(725) Concurrent Preclean
[1472.554s][info][gc] GC(725) Concurrent Preclean 0.423ms
[1472.554s][info][gc] GC(725) Concurrent Abortable Preclean
[1472.554s][info][gc] GC(725) Concurrent Abortable Preclean 0.019ms
[1472.561s][info][gc] GC(725) Pause Remark 49M->49M(50M) 6.857ms
[1472.561s][info][gc] GC(725) Concurrent Sweep
[1472.566s][info][gc] GC(725) Concurrent Sweep 4.876ms
[1472.566s][info][gc] GC(725) Concurrent Reset
[1472.566s][info][gc] GC(725) Concurrent Reset 0.049ms
[1474.569s][info][gc] GC(726) Pause Initial Mark 49M->49M(50M) 0.788ms
[1474.569s][info][gc] GC(726) Concurrent Mark
[1474.580s][info][gc] GC(726) Concurrent Mark 11.123ms
[1474.580s][info][gc] GC(726) Concurrent Preclean
[1474.581s][info][gc] GC(726) Concurrent Preclean 0.139ms
[1474.582s][info][gc] GC(726) Concurrent Abortable Preclean
[1474.582s][info][gc] GC(726) Concurrent Abortable Preclean 0.026ms
[1474.590s][info][gc] GC(726) Pause Remark 49M->49M(50M) 7.241ms
[1474.590s][info][gc] GC(726) Concurrent Sweep
[1474.593s][info][gc] GC(726) Concurrent Sweep 3.554ms
[1474.594s][info][gc] GC(726) Concurrent Reset
[1474.594s][info][gc] GC(726) Concurrent Reset 0.096ms
[1476.594s][info][gc] GC(727) Pause Initial Mark 49M->49M(50M) 0.632ms
[1476.594s][info][gc] GC(727) Concurrent Mark
[1476.604s][info][gc] GC(727) Concurrent Mark 10.486ms
[1476.604s][info][gc] GC(727) Concurrent Preclean
[1476.605s][info][gc] GC(727) Concurrent Preclean 0.132ms
[1476.605s][info][gc] GC(727) Concurrent Abortable Preclean
[1476.605s][info][gc] GC(727) Concurrent Abortable Preclean 0.014ms
[1476.610s][info][gc] GC(727) Pause Remark 49M->49M(50M) 5.570ms
[1476.610s][info][gc] GC(727) Concurrent Sweep
[1476.614s][info][gc] GC(727) Concurrent Sweep 3.412ms
[1476.614s][info][gc] GC(727) Concurrent Reset
[1476.614s][info][gc] GC(727) Concurrent Reset 0.030ms
[1478.618s][info][gc] GC(728) Pause Initial Mark 49M->49M(50M) 1.152ms
[1478.618s][info][gc] GC(728) Concurrent Mark
[1478.632s][info][gc] GC(728) Concurrent Mark 14.185ms
[1478.632s][info][gc] GC(728) Concurrent Preclean
[1478.632s][info][gc] GC(728) Concurrent Preclean 0.239ms
[1478.632s][info][gc] GC(728) Concurrent Abortable Preclean
[1478.632s][info][gc] GC(728) Concurrent Abortable Preclean 0.040ms
[1478.641s][info][gc] GC(728) Pause Remark 49M->49M(50M) 8.983ms
[1478.642s][info][gc] GC(728) Concurrent Sweep
[1478.645s][info][gc] GC(728) Concurrent Sweep 3.040ms
[1478.645s][info][gc] GC(728) Concurrent Reset
[1478.645s][info][gc] GC(728) Concurrent Reset 0.028ms
[1480.650s][info][gc] GC(729) Pause Initial Mark 49M->49M(50M) 2.677ms
[1480.650s][info][gc] GC(729) Concurrent Mark
[1480.663s][info][gc] GC(729) Concurrent Mark 12.204ms
[1480.663s][info][gc] GC(729) Concurrent Preclean
[1480.663s][info][gc] GC(729) Concurrent Preclean 0.171ms
[1480.663s][info][gc] GC(729) Concurrent Abortable Preclean
[1480.663s][info][gc] GC(729) Concurrent Abortable Preclean 0.023ms
[1480.669s][info][gc] GC(729) Pause Remark 49M->49M(50M) 5.675ms
[1480.669s][info][gc] GC(729) Concurrent Sweep
[1480.672s][info][gc] GC(729) Concurrent Sweep 3.351ms
[1480.672s][info][gc] GC(729) Concurrent Reset
[1480.672s][info][gc] GC(729) Concurrent Reset 0.031ms
[1482.676s][info][gc] GC(730) Pause Initial Mark 49M->49M(50M) 1.180ms
[1482.677s][info][gc] GC(730) Concurrent Mark
[1482.689s][info][gc] GC(730) Concurrent Mark 12.055ms
[1482.689s][info][gc] GC(730) Concurrent Preclean
[1482.689s][info][gc] GC(730) Concurrent Preclean 0.144ms
[1482.689s][info][gc] GC(730) Concurrent Abortable Preclean
[1482.689s][info][gc] GC(730) Concurrent Abortable Preclean 0.019ms
[1482.695s][info][gc] GC(730) Pause Remark 49M->49M(50M) 5.638ms
[1482.695s][info][gc] GC(730) Concurrent Sweep
[1482.698s][info][gc] GC(730) Concurrent Sweep 3.266ms
[1482.698s][info][gc] GC(730) Concurrent Reset
[1482.698s][info][gc] GC(730) Concurrent Reset 0.036ms
[1484.701s][info][gc] GC(731) Pause Initial Mark 49M->49M(50M) 1.035ms
[1484.701s][info][gc] GC(731) Concurrent Mark
[1484.714s][info][gc] GC(731) Concurrent Mark 13.477ms
[1484.714s][info][gc] GC(731) Concurrent Preclean
[1484.714s][info][gc] GC(731) Concurrent Preclean 0.141ms
[1484.715s][info][gc] GC(731) Concurrent Abortable Preclean
[1484.715s][info][gc] GC(731) Concurrent Abortable Preclean 0.016ms
[1484.724s][info][gc] GC(731) Pause Remark 49M->49M(50M) 9.281ms
[1484.724s][info][gc] GC(731) Concurrent Sweep
[1484.728s][info][gc] GC(731) Concurrent Sweep 3.563ms
[1484.728s][info][gc] GC(731) Concurrent Reset
[1484.728s][info][gc] GC(731) Concurrent Reset 0.031ms
[1486.729s][info][gc] GC(732) Pause Initial Mark 49M->49M(50M) 1.167ms
[1486.729s][info][gc] GC(732) Concurrent Mark
[1486.747s][info][gc] GC(732) Concurrent Mark 17.807ms
[1486.747s][info][gc] GC(732) Concurrent Preclean
[1486.748s][info][gc] GC(732) Concurrent Preclean 0.196ms
[1486.748s][info][gc] GC(732) Concurrent Abortable Preclean
[1486.748s][info][gc] GC(732) Concurrent Abortable Preclean 0.029ms
[1486.785s][info][gc] GC(732) Pause Remark 49M->49M(50M) 36.010ms
[1486.789s][info][gc] GC(732) Concurrent Sweep
[1486.795s][info][gc] GC(732) Concurrent Sweep 5.776ms
[1486.795s][info][gc] GC(732) Concurrent Reset
[1486.795s][info][gc] GC(732) Concurrent Reset 0.046ms
[1488.798s][info][gc] GC(733) Pause Initial Mark 49M->49M(50M) 2.524ms
[1488.798s][info][gc] GC(733) Concurrent Mark
[1488.811s][info][gc] GC(733) Concurrent Mark 13.289ms
[1488.811s][info][gc] GC(733) Concurrent Preclean
[1488.812s][info][gc] GC(733) Concurrent Preclean 0.155ms
[1488.812s][info][gc] GC(733) Concurrent Abortable Preclean
[1488.812s][info][gc] GC(733) Concurrent Abortable Preclean 0.020ms
[1488.817s][info][gc] GC(733) Pause Remark 49M->49M(50M) 5.395ms
[1488.817s][info][gc] GC(733) Concurrent Sweep
[1488.820s][info][gc] GC(733) Concurrent Sweep 3.131ms
[1488.820s][info][gc] GC(733) Concurrent Reset
[1488.821s][info][gc] GC(733) Concurrent Reset 0.030ms
[1490.822s][info][gc] GC(734) Pause Initial Mark 49M->49M(50M) 1.224ms
[1490.822s][info][gc] GC(734) Concurrent Mark
[1490.836s][info][gc] GC(734) Concurrent Mark 13.437ms
[1490.836s][info][gc] GC(734) Concurrent Preclean
[1490.836s][info][gc] GC(734) Concurrent Preclean 0.179ms
[1490.836s][info][gc] GC(734) Concurrent Abortable Preclean
[1490.836s][info][gc] GC(734) Concurrent Abortable Preclean 0.032ms
[1490.847s][info][gc] GC(734) Pause Remark 49M->49M(50M) 10.877ms
[1490.847s][info][gc] GC(734) Concurrent Sweep
[1490.852s][info][gc] GC(734) Concurrent Sweep 4.269ms
[1490.852s][info][gc] GC(734) Concurrent Reset
[1490.852s][info][gc] GC(734) Concurrent Reset 0.044ms
[1492.852s][info][gc] GC(735) Pause Initial Mark 49M->49M(50M) 0.990ms
[1492.852s][info][gc] GC(735) Concurrent Mark
[1492.866s][info][gc] GC(735) Concurrent Mark 13.525ms
[1492.866s][info][gc] GC(735) Concurrent Preclean
[1492.866s][info][gc] GC(735) Concurrent Preclean 0.148ms
[1492.866s][info][gc] GC(735) Concurrent Abortable Preclean
[1492.866s][info][gc] GC(735) Concurrent Abortable Preclean 0.019ms
[1492.873s][info][gc] GC(735) Pause Remark 49M->49M(50M) 6.404ms
[1492.873s][info][gc] GC(735) Concurrent Sweep
[1492.876s][info][gc] GC(735) Concurrent Sweep 3.277ms
[1492.876s][info][gc] GC(735) Concurrent Reset
[1492.876s][info][gc] GC(735) Concurrent Reset 0.043ms
[1494.876s][info][gc] GC(736) Pause Initial Mark 49M->49M(50M) 0.610ms
[1494.876s][info][gc] GC(736) Concurrent Mark
[1494.888s][info][gc] GC(736) Concurrent Mark 11.406ms
[1494.888s][info][gc] GC(736) Concurrent Preclean
[1494.888s][info][gc] GC(736) Concurrent Preclean 0.144ms
[1494.888s][info][gc] GC(736) Concurrent Abortable Preclean
[1494.888s][info][gc] GC(736) Concurrent Abortable Preclean 0.017ms
[1494.896s][info][gc] GC(736) Pause Remark 49M->49M(50M) 7.513ms
[1494.896s][info][gc] GC(736) Concurrent Sweep
[1494.899s][info][gc] GC(736) Concurrent Sweep 3.164ms
[1494.899s][info][gc] GC(736) Concurrent Reset
[1494.899s][info][gc] GC(736) Concurrent Reset 0.030ms
[1496.902s][info][gc] GC(737) Pause Initial Mark 49M->49M(50M) 2.717ms
[1496.903s][info][gc] GC(737) Concurrent Mark
[1496.920s][info][gc] GC(737) Concurrent Mark 16.943ms
[1496.920s][info][gc] GC(737) Concurrent Preclean
[1496.921s][info][gc] GC(737) Concurrent Preclean 0.163ms
[1496.921s][info][gc] GC(737) Concurrent Abortable Preclean
[1496.921s][info][gc] GC(737) Concurrent Abortable Preclean 0.017ms
[1496.936s][info][gc] GC(737) Pause Remark 49M->49M(50M) 14.797ms
[1496.936s][info][gc] GC(737) Concurrent Sweep
[1496.940s][info][gc] GC(737) Concurrent Sweep 3.953ms
[1496.940s][info][gc] GC(737) Concurrent Reset
[1496.940s][info][gc] GC(737) Concurrent Reset 0.049ms
[1498.943s][info][gc] GC(738) Pause Initial Mark 49M->49M(50M) 2.608ms
[1498.944s][info][gc] GC(738) Concurrent Mark
[1498.957s][info][gc] GC(738) Concurrent Mark 13.155ms
[1498.957s][info][gc] GC(738) Concurrent Preclean
[1498.957s][info][gc] GC(738) Concurrent Preclean 0.195ms
[1498.957s][info][gc] GC(738) Concurrent Abortable Preclean
[1498.958s][info][gc] GC(738) Concurrent Abortable Preclean 0.026ms
[1498.964s][info][gc] GC(738) Pause Remark 49M->49M(50M) 6.550ms
[1498.964s][info][gc] GC(738) Concurrent Sweep
[1498.967s][info][gc] GC(738) Concurrent Sweep 3.154ms
[1498.968s][info][gc] GC(738) Concurrent Reset
[1498.968s][info][gc] GC(738) Concurrent Reset 0.032ms
[1500.969s][info][gc] GC(739) Pause Initial Mark 49M->49M(50M) 1.195ms
[1500.969s][info][gc] GC(739) Concurrent Mark
[1500.981s][info][gc] GC(739) Concurrent Mark 12.269ms
[1500.981s][info][gc] GC(739) Concurrent Preclean
[1500.982s][info][gc] GC(739) Concurrent Preclean 0.142ms
[1500.982s][info][gc] GC(739) Concurrent Abortable Preclean
[1500.982s][info][gc] GC(739) Concurrent Abortable Preclean 0.018ms
[1500.988s][info][gc] GC(739) Pause Remark 49M->49M(50M) 6.374ms
[1500.988s][info][gc] GC(739) Concurrent Sweep
[1500.992s][info][gc] GC(739) Concurrent Sweep 3.388ms
[1500.992s][info][gc] GC(739) Concurrent Reset
[1500.992s][info][gc] GC(739) Concurrent Reset 0.035ms
[1502.993s][info][gc] GC(740) Pause Initial Mark 49M->49M(50M) 1.414ms
[1502.994s][info][gc] GC(740) Concurrent Mark
[1503.008s][info][gc] GC(740) Concurrent Mark 14.484ms
[1503.008s][info][gc] GC(740) Concurrent Preclean
[1503.008s][info][gc] GC(740) Concurrent Preclean 0.153ms
[1503.008s][info][gc] GC(740) Concurrent Abortable Preclean
[1503.008s][info][gc] GC(740) Concurrent Abortable Preclean 0.058ms
[1503.016s][info][gc] GC(740) Pause Remark 49M->49M(50M) 7.079ms
[1503.016s][info][gc] GC(740) Concurrent Sweep
[1503.019s][info][gc] GC(740) Concurrent Sweep 3.097ms
[1503.019s][info][gc] GC(740) Concurrent Reset
[1503.019s][info][gc] GC(740) Concurrent Reset 0.041ms
[1505.020s][info][gc] GC(741) Pause Initial Mark 49M->49M(50M) 1.344ms
[1505.020s][info][gc] GC(741) Concurrent Mark
[1505.033s][info][gc] GC(741) Concurrent Mark 13.155ms
[1505.033s][info][gc] GC(741) Concurrent Preclean
[1505.034s][info][gc] GC(741) Concurrent Preclean 0.174ms
[1505.034s][info][gc] GC(741) Concurrent Abortable Preclean
[1505.034s][info][gc] GC(741) Concurrent Abortable Preclean 0.019ms
[1505.040s][info][gc] GC(741) Pause Remark 49M->49M(50M) 5.966ms
[1505.040s][info][gc] GC(741) Concurrent Sweep
[1505.043s][info][gc] GC(741) Concurrent Sweep 3.221ms
[1505.043s][info][gc] GC(741) Concurrent Reset
[1505.043s][info][gc] GC(741) Concurrent Reset 0.030ms
[1507.046s][info][gc] GC(742) Pause Initial Mark 49M->49M(50M) 2.354ms
[1507.046s][info][gc] GC(742) Concurrent Mark
[1507.061s][info][gc] GC(742) Concurrent Mark 15.075ms
[1507.061s][info][gc] GC(742) Concurrent Preclean
[1507.061s][info][gc] GC(742) Concurrent Preclean 0.148ms
[1507.061s][info][gc] GC(742) Concurrent Abortable Preclean
[1507.061s][info][gc] GC(742) Concurrent Abortable Preclean 0.017ms
[1507.069s][info][gc] GC(742) Pause Remark 49M->49M(50M) 7.808ms
[1507.069s][info][gc] GC(742) Concurrent Sweep
[1507.073s][info][gc] GC(742) Concurrent Sweep 3.237ms
[1507.073s][info][gc] GC(742) Concurrent Reset
[1507.073s][info][gc] GC(742) Concurrent Reset 0.033ms
[1509.075s][info][gc] GC(743) Pause Initial Mark 49M->49M(50M) 1.763ms
[1509.075s][info][gc] GC(743) Concurrent Mark
[1509.091s][info][gc] GC(743) Concurrent Mark 16.081ms
[1509.091s][info][gc] GC(743) Concurrent Preclean
[1509.091s][info][gc] GC(743) Concurrent Preclean 0.155ms
[1509.091s][info][gc] GC(743) Concurrent Abortable Preclean
[1509.092s][info][gc] GC(743) Concurrent Abortable Preclean 0.016ms
[1509.101s][info][gc] GC(743) Pause Remark 49M->49M(50M) 9.548ms
[1509.101s][info][gc] GC(743) Concurrent Sweep
[1509.105s][info][gc] GC(743) Concurrent Sweep 3.617ms
[1509.105s][info][gc] GC(743) Concurrent Reset
[1509.105s][info][gc] GC(743) Concurrent Reset 0.049ms
[1511.106s][info][gc] GC(744) Pause Initial Mark 49M->49M(50M) 0.788ms
[1511.106s][info][gc] GC(744) Concurrent Mark
[1511.117s][info][gc] GC(744) Concurrent Mark 10.698ms
[1511.117s][info][gc] GC(744) Concurrent Preclean
[1511.117s][info][gc] GC(744) Concurrent Preclean 0.132ms
[1511.117s][info][gc] GC(744) Concurrent Abortable Preclean
[1511.117s][info][gc] GC(744) Concurrent Abortable Preclean 0.017ms
[1511.122s][info][gc] GC(744) Pause Remark 49M->49M(50M) 5.129ms
[1511.122s][info][gc] GC(744) Concurrent Sweep
[1511.126s][info][gc] GC(744) Concurrent Sweep 3.563ms
[1511.126s][info][gc] GC(744) Concurrent Reset
[1511.126s][info][gc] GC(744) Concurrent Reset 0.036ms
[1513.130s][info][gc] GC(745) Pause Initial Mark 49M->49M(50M) 0.831ms
[1513.130s][info][gc] GC(745) Concurrent Mark
[1513.142s][info][gc] GC(745) Concurrent Mark 11.841ms
[1513.142s][info][gc] GC(745) Concurrent Preclean
[1513.142s][info][gc] GC(745) Concurrent Preclean 0.138ms
[1513.142s][info][gc] GC(745) Concurrent Abortable Preclean
[1513.142s][info][gc] GC(745) Concurrent Abortable Preclean 0.017ms
[1513.149s][info][gc] GC(745) Pause Remark 49M->49M(50M) 7.061ms
[1513.149s][info][gc] GC(745) Concurrent Sweep
[1513.153s][info][gc] GC(745) Concurrent Sweep 3.684ms
[1513.153s][info][gc] GC(745) Concurrent Reset
[1513.153s][info][gc] GC(745) Concurrent Reset 0.052ms
[1515.157s][info][gc] GC(746) Pause Initial Mark 49M->49M(50M) 0.696ms
[1515.157s][info][gc] GC(746) Concurrent Mark
[1515.175s][info][gc] GC(746) Concurrent Mark 18.424ms
[1515.175s][info][gc] GC(746) Concurrent Preclean
[1515.176s][info][gc] GC(746) Concurrent Preclean 0.199ms
[1515.176s][info][gc] GC(746) Concurrent Abortable Preclean
[1515.176s][info][gc] GC(746) Concurrent Abortable Preclean 0.026ms
[1515.199s][info][gc] GC(746) Pause Remark 49M->49M(50M) 22.741ms
[1515.199s][info][gc] GC(746) Concurrent Sweep
[1515.203s][info][gc] GC(746) Concurrent Sweep 4.069ms
[1515.203s][info][gc] GC(746) Concurrent Reset
[1515.203s][info][gc] GC(746) Concurrent Reset 0.046ms
[1517.204s][info][gc] GC(747) Pause Initial Mark 49M->49M(50M) 0.659ms
[1517.204s][info][gc] GC(747) Concurrent Mark
[1517.218s][info][gc] GC(747) Concurrent Mark 14.758ms
[1517.218s][info][gc] GC(747) Concurrent Preclean
[1517.219s][info][gc] GC(747) Concurrent Preclean 0.260ms
[1517.219s][info][gc] GC(747) Concurrent Abortable Preclean
[1517.219s][info][gc] GC(747) Concurrent Abortable Preclean 0.026ms
[1517.227s][info][gc] GC(747) Pause Remark 49M->49M(50M) 8.202ms
[1517.228s][info][gc] GC(747) Concurrent Sweep
[1517.232s][info][gc] GC(747) Concurrent Sweep 4.014ms
[1517.232s][info][gc] GC(747) Concurrent Reset
[1517.232s][info][gc] GC(747) Concurrent Reset 0.040ms
[1519.236s][info][gc] GC(748) Pause Initial Mark 49M->49M(50M) 0.883ms
[1519.237s][info][gc] GC(748) Concurrent Mark
[1519.252s][info][gc] GC(748) Concurrent Mark 15.156ms
[1519.252s][info][gc] GC(748) Concurrent Preclean
[1519.252s][info][gc] GC(748) Concurrent Preclean 0.252ms
[1519.252s][info][gc] GC(748) Concurrent Abortable Preclean
[1519.252s][info][gc] GC(748) Concurrent Abortable Preclean 0.025ms
[1519.264s][info][gc] GC(748) Pause Remark 49M->49M(50M) 11.682ms
[1519.264s][info][gc] GC(748) Concurrent Sweep
[1519.272s][info][gc] GC(748) Concurrent Sweep 7.365ms
[1519.272s][info][gc] GC(748) Concurrent Reset
[1519.272s][info][gc] GC(748) Concurrent Reset 0.045ms
[1521.273s][info][gc] GC(749) Pause Initial Mark 49M->49M(50M) 0.688ms
[1521.273s][info][gc] GC(749) Concurrent Mark
[1521.286s][info][gc] GC(749) Concurrent Mark 13.022ms
[1521.286s][info][gc] GC(749) Concurrent Preclean
[1521.286s][info][gc] GC(749) Concurrent Preclean 0.140ms
[1521.286s][info][gc] GC(749) Concurrent Abortable Preclean
[1521.286s][info][gc] GC(749) Concurrent Abortable Preclean 0.016ms
[1521.294s][info][gc] GC(749) Pause Remark 49M->49M(50M) 8.041ms
[1521.294s][info][gc] GC(749) Concurrent Sweep
[1521.299s][info][gc] GC(749) Concurrent Sweep 4.984ms
[1521.299s][info][gc] GC(749) Concurrent Reset
[1521.300s][info][gc] GC(749) Concurrent Reset 0.049ms
[1523.301s][info][gc] GC(750) Pause Initial Mark 49M->49M(50M) 0.921ms
[1523.301s][info][gc] GC(750) Concurrent Mark
[1523.312s][info][gc] GC(750) Concurrent Mark 11.507ms
[1523.312s][info][gc] GC(750) Concurrent Preclean
[1523.313s][info][gc] GC(750) Concurrent Preclean 0.142ms
[1523.313s][info][gc] GC(750) Concurrent Abortable Preclean
[1523.313s][info][gc] GC(750) Concurrent Abortable Preclean 0.016ms
[1523.318s][info][gc] GC(750) Pause Remark 49M->49M(50M) 5.469ms
[1523.318s][info][gc] GC(750) Concurrent Sweep
[1523.321s][info][gc] GC(750) Concurrent Sweep 3.096ms
[1523.321s][info][gc] GC(750) Concurrent Reset
[1523.321s][info][gc] GC(750) Concurrent Reset 0.030ms
[1525.323s][info][gc] GC(751) Pause Initial Mark 49M->49M(50M) 0.874ms
[1525.324s][info][gc] GC(751) Concurrent Mark
[1525.340s][info][gc] GC(751) Concurrent Mark 16.878ms
[1525.341s][info][gc] GC(751) Concurrent Preclean
[1525.341s][info][gc] GC(751) Concurrent Preclean 0.353ms
[1525.341s][info][gc] GC(751) Concurrent Abortable Preclean
[1525.341s][info][gc] GC(751) Concurrent Abortable Preclean 0.029ms
[1525.353s][info][gc] GC(751) Pause Remark 49M->49M(50M) 11.321ms
[1525.353s][info][gc] GC(751) Concurrent Sweep
[1525.357s][info][gc] GC(751) Concurrent Sweep 4.273ms
[1525.357s][info][gc] GC(751) Concurrent Reset
[1525.357s][info][gc] GC(751) Concurrent Reset 0.045ms
[1527.362s][info][gc] GC(752) Pause Initial Mark 49M->49M(50M) 0.847ms
[1527.362s][info][gc] GC(752) Concurrent Mark
[1527.375s][info][gc] GC(752) Concurrent Mark 12.471ms
[1527.375s][info][gc] GC(752) Concurrent Preclean
[1527.375s][info][gc] GC(752) Concurrent Preclean 0.141ms
[1527.375s][info][gc] GC(752) Concurrent Abortable Preclean
[1527.375s][info][gc] GC(752) Concurrent Abortable Preclean 0.019ms
[1527.380s][info][gc] GC(752) Pause Remark 49M->49M(50M) 5.354ms
[1527.380s][info][gc] GC(752) Concurrent Sweep
[1527.383s][info][gc] GC(752) Concurrent Sweep 3.047ms
[1527.383s][info][gc] GC(752) Concurrent Reset
[1527.384s][info][gc] GC(752) Concurrent Reset 0.030ms
[1529.387s][info][gc] GC(753) Pause Initial Mark 49M->49M(50M) 0.890ms
[1529.389s][info][gc] GC(753) Concurrent Mark
[1529.403s][info][gc] GC(753) Concurrent Mark 14.242ms
[1529.403s][info][gc] GC(753) Concurrent Preclean
[1529.403s][info][gc] GC(753) Concurrent Preclean 0.210ms
[1529.403s][info][gc] GC(753) Concurrent Abortable Preclean
[1529.403s][info][gc] GC(753) Concurrent Abortable Preclean 0.025ms
[1529.412s][info][gc] GC(753) Pause Remark 49M->49M(50M) 8.975ms
[1529.412s][info][gc] GC(753) Concurrent Sweep
[1529.417s][info][gc] GC(753) Concurrent Sweep 4.074ms
[1529.417s][info][gc] GC(753) Concurrent Reset
[1529.417s][info][gc] GC(753) Concurrent Reset 0.042ms
[1531.419s][info][gc] GC(754) Pause Initial Mark 49M->49M(50M) 1.337ms
[1531.419s][info][gc] GC(754) Concurrent Mark
[1531.435s][info][gc] GC(754) Concurrent Mark 15.899ms
[1531.435s][info][gc] GC(754) Concurrent Preclean
[1531.436s][info][gc] GC(754) Concurrent Preclean 0.142ms
[1531.436s][info][gc] GC(754) Concurrent Abortable Preclean
[1531.436s][info][gc] GC(754) Concurrent Abortable Preclean 0.016ms
[1531.441s][info][gc] GC(754) Pause Remark 49M->49M(50M) 5.235ms
[1531.441s][info][gc] GC(754) Concurrent Sweep
[1531.445s][info][gc] GC(754) Concurrent Sweep 3.427ms
[1531.445s][info][gc] GC(754) Concurrent Reset
[1531.445s][info][gc] GC(754) Concurrent Reset 0.058ms
[1533.446s][info][gc] GC(755) Pause Initial Mark 49M->49M(50M) 1.408ms
[1533.446s][info][gc] GC(755) Concurrent Mark
[1533.459s][info][gc] GC(755) Concurrent Mark 12.771ms
[1533.459s][info][gc] GC(755) Concurrent Preclean
[1533.459s][info][gc] GC(755) Concurrent Preclean 0.147ms
[1533.459s][info][gc] GC(755) Concurrent Abortable Preclean
[1533.459s][info][gc] GC(755) Concurrent Abortable Preclean 0.019ms
[1533.467s][info][gc] GC(755) Pause Remark 49M->49M(50M) 7.865ms
[1533.467s][info][gc] GC(755) Concurrent Sweep
[1533.471s][info][gc] GC(755) Concurrent Sweep 4.087ms
[1533.471s][info][gc] GC(755) Concurrent Reset
[1533.471s][info][gc] GC(755) Concurrent Reset 0.041ms
[1535.485s][info][gc] GC(756) Pause Initial Mark 49M->49M(50M) 4.242ms
[1535.486s][info][gc] GC(756) Concurrent Mark
[1535.509s][info][gc] GC(756) Concurrent Mark 23.071ms
[1535.509s][info][gc] GC(756) Concurrent Preclean
[1535.509s][info][gc] GC(756) Concurrent Preclean 0.153ms
[1535.509s][info][gc] GC(756) Concurrent Abortable Preclean
[1535.509s][info][gc] GC(756) Concurrent Abortable Preclean 0.017ms
[1535.518s][info][gc] GC(756) Pause Remark 49M->49M(50M) 8.991ms
[1535.518s][info][gc] GC(756) Concurrent Sweep
[1535.521s][info][gc] GC(756) Concurrent Sweep 3.173ms
[1535.522s][info][gc] GC(756) Concurrent Reset
[1535.522s][info][gc] GC(756) Concurrent Reset 0.031ms
[1537.527s][info][gc] GC(757) Pause Initial Mark 49M->49M(50M) 1.356ms
[1537.528s][info][gc] GC(757) Concurrent Mark
[1537.541s][info][gc] GC(757) Concurrent Mark 13.538ms
[1537.541s][info][gc] GC(757) Concurrent Preclean
[1537.541s][info][gc] GC(757) Concurrent Preclean 0.144ms
[1537.541s][info][gc] GC(757) Concurrent Abortable Preclean
[1537.542s][info][gc] GC(757) Concurrent Abortable Preclean 0.018ms
[1537.548s][info][gc] GC(757) Pause Remark 49M->49M(50M) 6.349ms
[1537.548s][info][gc] GC(757) Concurrent Sweep
[1537.551s][info][gc] GC(757) Concurrent Sweep 3.295ms
[1537.551s][info][gc] GC(757) Concurrent Reset
[1537.552s][info][gc] GC(757) Concurrent Reset 0.070ms
[1539.555s][info][gc] GC(758) Pause Initial Mark 49M->49M(50M) 1.103ms
[1539.555s][info][gc] GC(758) Concurrent Mark
[1539.567s][info][gc] GC(758) Concurrent Mark 11.908ms
[1539.567s][info][gc] GC(758) Concurrent Preclean
[1539.567s][info][gc] GC(758) Concurrent Preclean 0.151ms
[1539.567s][info][gc] GC(758) Concurrent Abortable Preclean
[1539.567s][info][gc] GC(758) Concurrent Abortable Preclean 0.019ms
[1539.572s][info][gc] GC(758) Pause Remark 49M->49M(50M) 5.319ms
[1539.573s][info][gc] GC(758) Concurrent Sweep
[1539.576s][info][gc] GC(758) Concurrent Sweep 3.326ms
[1539.576s][info][gc] GC(758) Concurrent Reset
[1539.576s][info][gc] GC(758) Concurrent Reset 0.033ms
[1541.578s][info][gc] GC(759) Pause Initial Mark 49M->49M(50M) 1.169ms
[1541.578s][info][gc] GC(759) Concurrent Mark
[1541.591s][info][gc] GC(759) Concurrent Mark 12.937ms
[1541.591s][info][gc] GC(759) Concurrent Preclean
[1541.591s][info][gc] GC(759) Concurrent Preclean 0.150ms
[1541.591s][info][gc] GC(759) Concurrent Abortable Preclean
[1541.591s][info][gc] GC(759) Concurrent Abortable Preclean 0.018ms
[1541.597s][info][gc] GC(759) Pause Remark 49M->49M(50M) 5.344ms
[1541.597s][info][gc] GC(759) Concurrent Sweep
[1541.601s][info][gc] GC(759) Concurrent Sweep 4.052ms
[1541.601s][info][gc] GC(759) Concurrent Reset
[1541.601s][info][gc] GC(759) Concurrent Reset 0.034ms
[1543.602s][info][gc] GC(760) Pause Initial Mark 49M->49M(50M) 1.254ms
[1543.603s][info][gc] GC(760) Concurrent Mark
[1543.618s][info][gc] GC(760) Concurrent Mark 14.913ms
[1543.618s][info][gc] GC(760) Concurrent Preclean
[1543.618s][info][gc] GC(760) Concurrent Preclean 0.193ms
[1543.618s][info][gc] GC(760) Concurrent Abortable Preclean
[1543.618s][info][gc] GC(760) Concurrent Abortable Preclean 0.027ms
[1543.625s][info][gc] GC(760) Pause Remark 49M->49M(50M) 6.949ms
[1543.625s][info][gc] GC(760) Concurrent Sweep
[1543.629s][info][gc] GC(760) Concurrent Sweep 3.855ms
[1543.629s][info][gc] GC(760) Concurrent Reset
[1543.629s][info][gc] GC(760) Concurrent Reset 0.033ms
[1545.631s][info][gc] GC(761) Pause Initial Mark 49M->49M(50M) 1.047ms
[1545.631s][info][gc] GC(761) Concurrent Mark
[1545.647s][info][gc] GC(761) Concurrent Mark 15.552ms
[1545.647s][info][gc] GC(761) Concurrent Preclean
[1545.647s][info][gc] GC(761) Concurrent Preclean 0.150ms
[1545.647s][info][gc] GC(761) Concurrent Abortable Preclean
[1545.647s][info][gc] GC(761) Concurrent Abortable Preclean 0.016ms
[1545.654s][info][gc] GC(761) Pause Remark 49M->49M(50M) 7.104ms
[1545.654s][info][gc] GC(761) Concurrent Sweep
[1545.658s][info][gc] GC(761) Concurrent Sweep 3.295ms
[1545.658s][info][gc] GC(761) Concurrent Reset
[1545.658s][info][gc] GC(761) Concurrent Reset 0.049ms
[1547.659s][info][gc] GC(762) Pause Initial Mark 49M->49M(50M) 0.669ms
[1547.659s][info][gc] GC(762) Concurrent Mark
[1547.672s][info][gc] GC(762) Concurrent Mark 12.840ms
[1547.672s][info][gc] GC(762) Concurrent Preclean
[1547.672s][info][gc] GC(762) Concurrent Preclean 0.196ms
[1547.672s][info][gc] GC(762) Concurrent Abortable Preclean
[1547.672s][info][gc] GC(762) Concurrent Abortable Preclean 0.026ms
[1547.682s][info][gc] GC(762) Pause Remark 49M->49M(50M) 10.035ms
[1547.684s][info][gc] GC(762) Concurrent Sweep
[1547.690s][info][gc] GC(762) Concurrent Sweep 6.449ms
[1547.691s][info][gc] GC(762) Concurrent Reset
[1547.691s][info][gc] GC(762) Concurrent Reset 0.048ms
[1549.692s][info][gc] GC(763) Pause Initial Mark 49M->49M(50M) 1.157ms
[1549.692s][info][gc] GC(763) Concurrent Mark
[1549.704s][info][gc] GC(763) Concurrent Mark 12.137ms
[1549.704s][info][gc] GC(763) Concurrent Preclean
[1549.704s][info][gc] GC(763) Concurrent Preclean 0.140ms
[1549.704s][info][gc] GC(763) Concurrent Abortable Preclean
[1549.704s][info][gc] GC(763) Concurrent Abortable Preclean 0.019ms
[1549.710s][info][gc] GC(763) Pause Remark 49M->49M(50M) 5.463ms
[1549.710s][info][gc] GC(763) Concurrent Sweep
[1549.713s][info][gc] GC(763) Concurrent Sweep 3.269ms
[1549.713s][info][gc] GC(763) Concurrent Reset
[1549.713s][info][gc] GC(763) Concurrent Reset 0.036ms
[1551.719s][info][gc] GC(764) Pause Initial Mark 49M->49M(50M) 1.136ms
[1551.719s][info][gc] GC(764) Concurrent Mark
[1551.735s][info][gc] GC(764) Concurrent Mark 15.715ms
[1551.735s][info][gc] GC(764) Concurrent Preclean
[1551.735s][info][gc] GC(764) Concurrent Preclean 0.261ms
[1551.735s][info][gc] GC(764) Concurrent Abortable Preclean
[1551.735s][info][gc] GC(764) Concurrent Abortable Preclean 0.027ms
[1551.746s][info][gc] GC(764) Pause Remark 49M->49M(50M) 10.611ms
[1551.746s][info][gc] GC(764) Concurrent Sweep
[1551.750s][info][gc] GC(764) Concurrent Sweep 4.216ms
[1551.750s][info][gc] GC(764) Concurrent Reset
[1551.751s][info][gc] GC(764) Concurrent Reset 0.040ms
[1553.754s][info][gc] GC(765) Pause Initial Mark 49M->49M(50M) 1.026ms
[1553.754s][info][gc] GC(765) Concurrent Mark
[1553.764s][info][gc] GC(765) Concurrent Mark 9.814ms
[1553.764s][info][gc] GC(765) Concurrent Preclean
[1553.764s][info][gc] GC(765) Concurrent Preclean 0.148ms
[1553.764s][info][gc] GC(765) Concurrent Abortable Preclean
[1553.765s][info][gc] GC(765) Concurrent Abortable Preclean 0.016ms
[1553.770s][info][gc] GC(765) Pause Remark 49M->49M(50M) 4.934ms
[1553.770s][info][gc] GC(765) Concurrent Sweep
[1553.773s][info][gc] GC(765) Concurrent Sweep 3.050ms
[1553.773s][info][gc] GC(765) Concurrent Reset
[1553.773s][info][gc] GC(765) Concurrent Reset 0.030ms
[1555.776s][info][gc] GC(766) Pause Initial Mark 49M->49M(50M) 1.391ms
[1555.776s][info][gc] GC(766) Concurrent Mark
[1555.789s][info][gc] GC(766) Concurrent Mark 12.334ms
[1555.789s][info][gc] GC(766) Concurrent Preclean
[1555.789s][info][gc] GC(766) Concurrent Preclean 0.147ms
[1555.789s][info][gc] GC(766) Concurrent Abortable Preclean
[1555.789s][info][gc] GC(766) Concurrent Abortable Preclean 0.019ms
[1555.795s][info][gc] GC(766) Pause Remark 49M->49M(50M) 5.573ms
[1555.795s][info][gc] GC(766) Concurrent Sweep
[1555.798s][info][gc] GC(766) Concurrent Sweep 3.236ms
[1555.798s][info][gc] GC(766) Concurrent Reset
[1555.798s][info][gc] GC(766) Concurrent Reset 0.031ms
[1557.804s][info][gc] GC(767) Pause Initial Mark 49M->49M(50M) 1.212ms
[1557.804s][info][gc] GC(767) Concurrent Mark
[1557.816s][info][gc] GC(767) Concurrent Mark 11.992ms
[1557.816s][info][gc] GC(767) Concurrent Preclean
[1557.817s][info][gc] GC(767) Concurrent Preclean 0.170ms
[1557.817s][info][gc] GC(767) Concurrent Abortable Preclean
[1557.817s][info][gc] GC(767) Concurrent Abortable Preclean 0.020ms
[1557.822s][info][gc] GC(767) Pause Remark 49M->49M(50M) 5.641ms
[1557.822s][info][gc] GC(767) Concurrent Sweep
[1557.826s][info][gc] GC(767) Concurrent Sweep 3.251ms
[1557.826s][info][gc] GC(767) Concurrent Reset
[1557.826s][info][gc] GC(767) Concurrent Reset 0.033ms
[1559.829s][info][gc] GC(768) Pause Initial Mark 49M->49M(50M) 1.187ms
[1559.829s][info][gc] GC(768) Concurrent Mark
[1559.842s][info][gc] GC(768) Concurrent Mark 12.256ms
[1559.842s][info][gc] GC(768) Concurrent Preclean
[1559.842s][info][gc] GC(768) Concurrent Preclean 0.162ms
[1559.842s][info][gc] GC(768) Concurrent Abortable Preclean
[1559.842s][info][gc] GC(768) Concurrent Abortable Preclean 0.020ms
[1559.848s][info][gc] GC(768) Pause Remark 49M->49M(50M) 5.526ms
[1559.848s][info][gc] GC(768) Concurrent Sweep
[1559.851s][info][gc] GC(768) Concurrent Sweep 3.291ms
[1559.851s][info][gc] GC(768) Concurrent Reset
[1559.851s][info][gc] GC(768) Concurrent Reset 0.033ms
[1561.852s][info][gc] GC(769) Pause Initial Mark 49M->49M(50M) 1.133ms
[1561.853s][info][gc] GC(769) Concurrent Mark
[1561.865s][info][gc] GC(769) Concurrent Mark 12.118ms
[1561.865s][info][gc] GC(769) Concurrent Preclean
[1561.865s][info][gc] GC(769) Concurrent Preclean 0.159ms
[1561.865s][info][gc] GC(769) Concurrent Abortable Preclean
[1561.865s][info][gc] GC(769) Concurrent Abortable Preclean 0.020ms
[1561.870s][info][gc] GC(769) Pause Remark 49M->49M(50M) 5.336ms
[1561.871s][info][gc] GC(769) Concurrent Sweep
[1561.874s][info][gc] GC(769) Concurrent Sweep 3.278ms
[1561.874s][info][gc] GC(769) Concurrent Reset
[1561.874s][info][gc] GC(769) Concurrent Reset 0.033ms
[1563.878s][info][gc] GC(770) Pause Initial Mark 49M->49M(50M) 1.102ms
[1563.878s][info][gc] GC(770) Concurrent Mark
[1563.890s][info][gc] GC(770) Concurrent Mark 12.059ms
[1563.890s][info][gc] GC(770) Concurrent Preclean
[1563.890s][info][gc] GC(770) Concurrent Preclean 0.166ms
[1563.890s][info][gc] GC(770) Concurrent Abortable Preclean
[1563.890s][info][gc] GC(770) Concurrent Abortable Preclean 0.020ms
[1563.896s][info][gc] GC(770) Pause Remark 49M->49M(50M) 5.507ms
[1563.896s][info][gc] GC(770) Concurrent Sweep
[1563.899s][info][gc] GC(770) Concurrent Sweep 3.250ms
[1563.899s][info][gc] GC(770) Concurrent Reset
[1563.899s][info][gc] GC(770) Concurrent Reset 0.033ms
[1565.902s][info][gc] GC(771) Pause Initial Mark 49M->49M(50M) 1.136ms
[1565.902s][info][gc] GC(771) Concurrent Mark
[1565.915s][info][gc] GC(771) Concurrent Mark 12.179ms
[1565.915s][info][gc] GC(771) Concurrent Preclean
[1565.915s][info][gc] GC(771) Concurrent Preclean 0.160ms
[1565.915s][info][gc] GC(771) Concurrent Abortable Preclean
[1565.915s][info][gc] GC(771) Concurrent Abortable Preclean 0.025ms
[1565.921s][info][gc] GC(771) Pause Remark 49M->49M(50M) 5.762ms
[1565.921s][info][gc] GC(771) Concurrent Sweep
[1565.924s][info][gc] GC(771) Concurrent Sweep 3.240ms
[1565.924s][info][gc] GC(771) Concurrent Reset
[1565.924s][info][gc] GC(771) Concurrent Reset 0.031ms
[1567.928s][info][gc] GC(772) Pause Initial Mark 49M->49M(50M) 1.196ms
[1567.928s][info][gc] GC(772) Concurrent Mark
[1567.940s][info][gc] GC(772) Concurrent Mark 12.617ms
[1567.941s][info][gc] GC(772) Concurrent Preclean
[1567.941s][info][gc] GC(772) Concurrent Preclean 0.158ms
[1567.941s][info][gc] GC(772) Concurrent Abortable Preclean
[1567.941s][info][gc] GC(772) Concurrent Abortable Preclean 0.019ms
[1567.947s][info][gc] GC(772) Pause Remark 49M->49M(50M) 5.768ms
[1567.947s][info][gc] GC(772) Concurrent Sweep
[1567.950s][info][gc] GC(772) Concurrent Sweep 3.112ms
[1567.950s][info][gc] GC(772) Concurrent Reset
[1567.950s][info][gc] GC(772) Concurrent Reset 0.031ms
[1569.951s][info][gc] GC(773) Pause Initial Mark 49M->49M(50M) 1.138ms
[1569.951s][info][gc] GC(773) Concurrent Mark
[1569.963s][info][gc] GC(773) Concurrent Mark 11.845ms
[1569.963s][info][gc] GC(773) Concurrent Preclean
[1569.963s][info][gc] GC(773) Concurrent Preclean 0.140ms
[1569.963s][info][gc] GC(773) Concurrent Abortable Preclean
[1569.963s][info][gc] GC(773) Concurrent Abortable Preclean 0.018ms
[1569.969s][info][gc] GC(773) Pause Remark 49M->49M(50M) 5.458ms
[1569.969s][info][gc] GC(773) Concurrent Sweep
[1569.972s][info][gc] GC(773) Concurrent Sweep 3.272ms
[1569.972s][info][gc] GC(773) Concurrent Reset
[1569.972s][info][gc] GC(773) Concurrent Reset 0.032ms
[1571.972s][info][gc] GC(774) Pause Initial Mark 49M->49M(50M) 1.212ms
[1571.973s][info][gc] GC(774) Concurrent Mark
[1571.985s][info][gc] GC(774) Concurrent Mark 12.800ms
[1571.985s][info][gc] GC(774) Concurrent Preclean
[1571.986s][info][gc] GC(774) Concurrent Preclean 0.150ms
[1571.986s][info][gc] GC(774) Concurrent Abortable Preclean
[1571.986s][info][gc] GC(774) Concurrent Abortable Preclean 0.019ms
[1571.991s][info][gc] GC(774) Pause Remark 49M->49M(50M) 5.459ms
[1571.991s][info][gc] GC(774) Concurrent Sweep
[1571.995s][info][gc] GC(774) Concurrent Sweep 3.362ms
[1571.995s][info][gc] GC(774) Concurrent Reset
[1571.995s][info][gc] GC(774) Concurrent Reset 0.032ms
[1573.998s][info][gc] GC(775) Pause Initial Mark 49M->49M(50M) 1.108ms
[1573.998s][info][gc] GC(775) Concurrent Mark
[1574.012s][info][gc] GC(775) Concurrent Mark 13.318ms
[1574.012s][info][gc] GC(775) Concurrent Preclean
[1574.012s][info][gc] GC(775) Concurrent Preclean 0.257ms
[1574.012s][info][gc] GC(775) Concurrent Abortable Preclean
[1574.012s][info][gc] GC(775) Concurrent Abortable Preclean 0.028ms
[1574.021s][info][gc] GC(775) Pause Remark 49M->49M(50M) 8.355ms
[1574.021s][info][gc] GC(775) Concurrent Sweep
[1574.024s][info][gc] GC(775) Concurrent Sweep 3.455ms
[1574.024s][info][gc] GC(775) Concurrent Reset
[1574.024s][info][gc] GC(775) Concurrent Reset 0.031ms
[1576.030s][info][gc] GC(776) Pause Initial Mark 49M->49M(50M) 1.151ms
[1576.030s][info][gc] GC(776) Concurrent Mark
[1576.043s][info][gc] GC(776) Concurrent Mark 12.119ms
[1576.043s][info][gc] GC(776) Concurrent Preclean
[1576.043s][info][gc] GC(776) Concurrent Preclean 0.161ms
[1576.043s][info][gc] GC(776) Concurrent Abortable Preclean
[1576.043s][info][gc] GC(776) Concurrent Abortable Preclean 0.020ms
[1576.049s][info][gc] GC(776) Pause Remark 49M->49M(50M) 5.606ms
[1576.049s][info][gc] GC(776) Concurrent Sweep
[1576.052s][info][gc] GC(776) Concurrent Sweep 3.256ms
[1576.052s][info][gc] GC(776) Concurrent Reset
[1576.052s][info][gc] GC(776) Concurrent Reset 0.033ms
[1578.057s][info][gc] GC(777) Pause Initial Mark 49M->49M(50M) 2.216ms
[1578.057s][info][gc] GC(777) Concurrent Mark
[1578.070s][info][gc] GC(777) Concurrent Mark 12.482ms
[1578.070s][info][gc] GC(777) Concurrent Preclean
[1578.070s][info][gc] GC(777) Concurrent Preclean 0.220ms
[1578.070s][info][gc] GC(777) Concurrent Abortable Preclean
[1578.070s][info][gc] GC(777) Concurrent Abortable Preclean 0.023ms
[1578.077s][info][gc] GC(777) Pause Remark 49M->49M(50M) 7.016ms
[1578.077s][info][gc] GC(777) Concurrent Sweep
[1578.081s][info][gc] GC(777) Concurrent Sweep 3.694ms
[1578.081s][info][gc] GC(777) Concurrent Reset
[1578.081s][info][gc] GC(777) Concurrent Reset 0.032ms
[1580.087s][info][gc] GC(778) Pause Initial Mark 49M->49M(50M) 1.214ms
[1580.087s][info][gc] GC(778) Concurrent Mark
[1580.099s][info][gc] GC(778) Concurrent Mark 12.254ms
[1580.099s][info][gc] GC(778) Concurrent Preclean
[1580.099s][info][gc] GC(778) Concurrent Preclean 0.132ms
[1580.099s][info][gc] GC(778) Concurrent Abortable Preclean
[1580.099s][info][gc] GC(778) Concurrent Abortable Preclean 0.018ms
[1580.105s][info][gc] GC(778) Pause Remark 49M->49M(50M) 5.086ms
[1580.105s][info][gc] GC(778) Concurrent Sweep
[1580.108s][info][gc] GC(778) Concurrent Sweep 3.004ms
[1580.108s][info][gc] GC(778) Concurrent Reset
[1580.108s][info][gc] GC(778) Concurrent Reset 0.030ms
[1582.113s][info][gc] GC(779) Pause Initial Mark 49M->49M(50M) 1.606ms
[1582.113s][info][gc] GC(779) Concurrent Mark
[1582.125s][info][gc] GC(779) Concurrent Mark 11.947ms
[1582.125s][info][gc] GC(779) Concurrent Preclean
[1582.125s][info][gc] GC(779) Concurrent Preclean 0.146ms
[1582.125s][info][gc] GC(779) Concurrent Abortable Preclean
[1582.125s][info][gc] GC(779) Concurrent Abortable Preclean 0.019ms
[1582.131s][info][gc] GC(779) Pause Remark 49M->49M(50M) 6.039ms
[1582.131s][info][gc] GC(779) Concurrent Sweep
[1582.135s][info][gc] GC(779) Concurrent Sweep 3.422ms
[1582.135s][info][gc] GC(779) Concurrent Reset
[1582.135s][info][gc] GC(779) Concurrent Reset 0.329ms
[1584.138s][info][gc] GC(780) Pause Initial Mark 49M->49M(50M) 1.152ms
[1584.138s][info][gc] GC(780) Concurrent Mark
[1584.150s][info][gc] GC(780) Concurrent Mark 12.137ms
[1584.150s][info][gc] GC(780) Concurrent Preclean
[1584.150s][info][gc] GC(780) Concurrent Preclean 0.162ms
[1584.150s][info][gc] GC(780) Concurrent Abortable Preclean
[1584.150s][info][gc] GC(780) Concurrent Abortable Preclean 0.020ms
[1584.156s][info][gc] GC(780) Pause Remark 49M->49M(50M) 6.093ms
[1584.156s][info][gc] GC(780) Concurrent Sweep
[1584.160s][info][gc] GC(780) Concurrent Sweep 3.262ms
[1584.160s][info][gc] GC(780) Concurrent Reset
[1584.160s][info][gc] GC(780) Concurrent Reset 0.031ms
[1586.162s][info][gc] GC(781) Pause Initial Mark 49M->49M(50M) 0.738ms
[1586.162s][info][gc] GC(781) Concurrent Mark
[1586.178s][info][gc] GC(781) Concurrent Mark 16.358ms
[1586.179s][info][gc] GC(781) Concurrent Preclean
[1586.179s][info][gc] GC(781) Concurrent Preclean 0.180ms
[1586.179s][info][gc] GC(781) Concurrent Abortable Preclean
[1586.179s][info][gc] GC(781) Concurrent Abortable Preclean 0.025ms
[1586.188s][info][gc] GC(781) Pause Remark 49M->49M(50M) 8.721ms
[1586.188s][info][gc] GC(781) Concurrent Sweep
[1586.192s][info][gc] GC(781) Concurrent Sweep 4.219ms
[1586.192s][info][gc] GC(781) Concurrent Reset
[1586.192s][info][gc] GC(781) Concurrent Reset 0.040ms
[1588.197s][info][gc] GC(782) Pause Initial Mark 49M->49M(50M) 1.237ms
[1588.197s][info][gc] GC(782) Concurrent Mark
[1588.209s][info][gc] GC(782) Concurrent Mark 12.201ms
[1588.209s][info][gc] GC(782) Concurrent Preclean
[1588.209s][info][gc] GC(782) Concurrent Preclean 0.152ms
[1588.209s][info][gc] GC(782) Concurrent Abortable Preclean
[1588.209s][info][gc] GC(782) Concurrent Abortable Preclean 0.019ms
[1588.215s][info][gc] GC(782) Pause Remark 49M->49M(50M) 5.565ms
[1588.215s][info][gc] GC(782) Concurrent Sweep
[1588.218s][info][gc] GC(782) Concurrent Sweep 3.202ms
[1588.218s][info][gc] GC(782) Concurrent Reset
[1588.218s][info][gc] GC(782) Concurrent Reset 0.031ms
[1590.223s][info][gc] GC(783) Pause Initial Mark 49M->49M(50M) 1.404ms
[1590.223s][info][gc] GC(783) Concurrent Mark
[1590.237s][info][gc] GC(783) Concurrent Mark 13.139ms
[1590.237s][info][gc] GC(783) Concurrent Preclean
[1590.237s][info][gc] GC(783) Concurrent Preclean 0.143ms
[1590.237s][info][gc] GC(783) Concurrent Abortable Preclean
[1590.237s][info][gc] GC(783) Concurrent Abortable Preclean 0.019ms
[1590.242s][info][gc] GC(783) Pause Remark 49M->49M(50M) 5.367ms
[1590.242s][info][gc] GC(783) Concurrent Sweep
[1590.246s][info][gc] GC(783) Concurrent Sweep 3.214ms
[1590.246s][info][gc] GC(783) Concurrent Reset
[1590.246s][info][gc] GC(783) Concurrent Reset 0.068ms
[1592.249s][info][gc] GC(784) Pause Initial Mark 49M->49M(50M) 1.172ms
[1592.249s][info][gc] GC(784) Concurrent Mark
[1592.261s][info][gc] GC(784) Concurrent Mark 11.977ms
[1592.261s][info][gc] GC(784) Concurrent Preclean
[1592.261s][info][gc] GC(784) Concurrent Preclean 0.167ms
[1592.262s][info][gc] GC(784) Concurrent Abortable Preclean
[1592.262s][info][gc] GC(784) Concurrent Abortable Preclean 0.022ms
[1592.268s][info][gc] GC(784) Pause Remark 49M->49M(50M) 6.031ms
[1592.268s][info][gc] GC(784) Concurrent Sweep
[1592.271s][info][gc] GC(784) Concurrent Sweep 3.143ms
[1592.271s][info][gc] GC(784) Concurrent Reset
[1592.271s][info][gc] GC(784) Concurrent Reset 0.030ms
[1594.274s][info][gc] GC(785) Pause Initial Mark 49M->49M(50M) 0.965ms
[1594.274s][info][gc] GC(785) Concurrent Mark
[1594.288s][info][gc] GC(785) Concurrent Mark 14.184ms
[1594.288s][info][gc] GC(785) Concurrent Preclean
[1594.288s][info][gc] GC(785) Concurrent Preclean 0.162ms
[1594.289s][info][gc] GC(785) Concurrent Abortable Preclean
[1594.289s][info][gc] GC(785) Concurrent Abortable Preclean 0.017ms
[1594.298s][info][gc] GC(785) Pause Remark 49M->49M(50M) 9.368ms
[1594.298s][info][gc] GC(785) Concurrent Sweep
[1594.301s][info][gc] GC(785) Concurrent Sweep 3.266ms
[1594.302s][info][gc] GC(785) Concurrent Reset
[1594.302s][info][gc] GC(785) Concurrent Reset 0.036ms
[1596.303s][info][gc] GC(786) Pause Initial Mark 49M->49M(50M) 1.281ms
[1596.304s][info][gc] GC(786) Concurrent Mark
[1596.316s][info][gc] GC(786) Concurrent Mark 12.161ms
[1596.316s][info][gc] GC(786) Concurrent Preclean
[1596.316s][info][gc] GC(786) Concurrent Preclean 0.143ms
[1596.316s][info][gc] GC(786) Concurrent Abortable Preclean
[1596.316s][info][gc] GC(786) Concurrent Abortable Preclean 0.019ms
[1596.321s][info][gc] GC(786) Pause Remark 49M->49M(50M) 5.438ms
[1596.322s][info][gc] GC(786) Concurrent Sweep
[1596.325s][info][gc] GC(786) Concurrent Sweep 3.412ms
[1596.325s][info][gc] GC(786) Concurrent Reset
[1596.325s][info][gc] GC(786) Concurrent Reset 0.034ms
[1598.326s][info][gc] GC(787) Pause Initial Mark 49M->49M(50M) 1.233ms
[1598.327s][info][gc] GC(787) Concurrent Mark
[1598.340s][info][gc] GC(787) Concurrent Mark 13.841ms
[1598.340s][info][gc] GC(787) Concurrent Preclean
[1598.341s][info][gc] GC(787) Concurrent Preclean 0.157ms
[1598.341s][info][gc] GC(787) Concurrent Abortable Preclean
[1598.341s][info][gc] GC(787) Concurrent Abortable Preclean 0.019ms
[1598.349s][info][gc] GC(787) Pause Remark 49M->49M(50M) 7.723ms
[1598.349s][info][gc] GC(787) Concurrent Sweep
[1598.352s][info][gc] GC(787) Concurrent Sweep 3.325ms
[1598.352s][info][gc] GC(787) Concurrent Reset
[1598.352s][info][gc] GC(787) Concurrent Reset 0.037ms
[1600.353s][info][gc] GC(788) Pause Initial Mark 49M->49M(50M) 1.028ms
[1600.353s][info][gc] GC(788) Concurrent Mark
[1600.366s][info][gc] GC(788) Concurrent Mark 12.542ms
[1600.366s][info][gc] GC(788) Concurrent Preclean
[1600.366s][info][gc] GC(788) Concurrent Preclean 0.160ms
[1600.366s][info][gc] GC(788) Concurrent Abortable Preclean
[1600.366s][info][gc] GC(788) Concurrent Abortable Preclean 0.019ms
[1600.374s][info][gc] GC(788) Pause Remark 49M->49M(50M) 8.024ms
[1600.374s][info][gc] GC(788) Concurrent Sweep
[1600.378s][info][gc] GC(788) Concurrent Sweep 3.328ms
[1600.378s][info][gc] GC(788) Concurrent Reset
[1600.378s][info][gc] GC(788) Concurrent Reset 0.031ms
[1602.380s][info][gc] GC(789) Pause Initial Mark 49M->49M(50M) 1.185ms
[1602.380s][info][gc] GC(789) Concurrent Mark
[1602.394s][info][gc] GC(789) Concurrent Mark 13.481ms
[1602.394s][info][gc] GC(789) Concurrent Preclean
[1602.394s][info][gc] GC(789) Concurrent Preclean 0.160ms
[1602.394s][info][gc] GC(789) Concurrent Abortable Preclean
[1602.394s][info][gc] GC(789) Concurrent Abortable Preclean 0.019ms
[1602.405s][info][gc] GC(789) Pause Remark 49M->49M(50M) 11.193ms
[1602.406s][info][gc] GC(789) Concurrent Sweep
[1602.412s][info][gc] GC(789) Concurrent Sweep 5.831ms
[1602.412s][info][gc] GC(789) Concurrent Reset
[1602.412s][info][gc] GC(789) Concurrent Reset 0.091ms
[1604.413s][info][gc] GC(790) Pause Initial Mark 49M->49M(50M) 0.927ms
[1604.413s][info][gc] GC(790) Concurrent Mark
[1604.436s][info][gc] GC(790) Concurrent Mark 22.829ms
[1604.436s][info][gc] GC(790) Concurrent Preclean
[1604.436s][info][gc] GC(790) Concurrent Preclean 0.155ms
[1604.436s][info][gc] GC(790) Concurrent Abortable Preclean
[1604.436s][info][gc] GC(790) Concurrent Abortable Preclean 0.018ms
[1604.442s][info][gc] GC(790) Pause Remark 49M->49M(50M) 5.754ms
[1604.442s][info][gc] GC(790) Concurrent Sweep
[1604.446s][info][gc] GC(790) Concurrent Sweep 3.281ms
[1604.446s][info][gc] GC(790) Concurrent Reset
[1604.446s][info][gc] GC(790) Concurrent Reset 0.033ms
[1606.447s][info][gc] GC(791) Pause Initial Mark 49M->49M(50M) 1.246ms
[1606.447s][info][gc] GC(791) Concurrent Mark
[1606.459s][info][gc] GC(791) Concurrent Mark 12.257ms
[1606.459s][info][gc] GC(791) Concurrent Preclean
[1606.459s][info][gc] GC(791) Concurrent Preclean 0.160ms
[1606.460s][info][gc] GC(791) Concurrent Abortable Preclean
[1606.460s][info][gc] GC(791) Concurrent Abortable Preclean 0.020ms
[1606.466s][info][gc] GC(791) Pause Remark 49M->49M(50M) 5.909ms
[1606.466s][info][gc] GC(791) Concurrent Sweep
[1606.469s][info][gc] GC(791) Concurrent Sweep 3.020ms
[1606.469s][info][gc] GC(791) Concurrent Reset
[1606.469s][info][gc] GC(791) Concurrent Reset 0.030ms
[1608.469s][info][gc] GC(792) Pause Initial Mark 49M->49M(50M) 1.015ms
[1608.470s][info][gc] GC(792) Concurrent Mark
[1608.481s][info][gc] GC(792) Concurrent Mark 11.853ms
[1608.482s][info][gc] GC(792) Concurrent Preclean
[1608.482s][info][gc] GC(792) Concurrent Preclean 0.199ms
[1608.482s][info][gc] GC(792) Concurrent Abortable Preclean
[1608.482s][info][gc] GC(792) Concurrent Abortable Preclean 0.019ms
[1608.487s][info][gc] GC(792) Pause Remark 49M->49M(50M) 5.541ms
[1608.488s][info][gc] GC(792) Concurrent Sweep
[1608.491s][info][gc] GC(792) Concurrent Sweep 3.170ms
[1608.491s][info][gc] GC(792) Concurrent Reset
[1608.491s][info][gc] GC(792) Concurrent Reset 0.030ms
[1610.492s][info][gc] GC(793) Pause Initial Mark 49M->49M(50M) 0.666ms
[1610.492s][info][gc] GC(793) Concurrent Mark
[1610.506s][info][gc] GC(793) Concurrent Mark 13.844ms
[1610.506s][info][gc] GC(793) Concurrent Preclean
[1610.506s][info][gc] GC(793) Concurrent Preclean 0.172ms
[1610.506s][info][gc] GC(793) Concurrent Abortable Preclean
[1610.506s][info][gc] GC(793) Concurrent Abortable Preclean 0.023ms
[1610.516s][info][gc] GC(793) Pause Remark 49M->49M(50M) 9.635ms
[1610.516s][info][gc] GC(793) Concurrent Sweep
[1610.520s][info][gc] GC(793) Concurrent Sweep 4.069ms
[1610.520s][info][gc] GC(793) Concurrent Reset
[1610.521s][info][gc] GC(793) Concurrent Reset 0.043ms
[1612.523s][info][gc] GC(794) Pause Initial Mark 49M->49M(50M) 1.194ms
[1612.523s][info][gc] GC(794) Concurrent Mark
[1612.536s][info][gc] GC(794) Concurrent Mark 12.164ms
[1612.536s][info][gc] GC(794) Concurrent Preclean
[1612.536s][info][gc] GC(794) Concurrent Preclean 0.168ms
[1612.536s][info][gc] GC(794) Concurrent Abortable Preclean
[1612.536s][info][gc] GC(794) Concurrent Abortable Preclean 0.020ms
[1612.541s][info][gc] GC(794) Pause Remark 49M->49M(50M) 5.379ms
[1612.541s][info][gc] GC(794) Concurrent Sweep
[1612.545s][info][gc] GC(794) Concurrent Sweep 3.155ms
[1612.545s][info][gc] GC(794) Concurrent Reset
[1612.545s][info][gc] GC(794) Concurrent Reset 0.030ms
[1614.545s][info][gc] GC(795) Pause Initial Mark 49M->49M(50M) 1.052ms
[1614.545s][info][gc] GC(795) Concurrent Mark
[1614.563s][info][gc] GC(795) Concurrent Mark 17.632ms
[1614.563s][info][gc] GC(795) Concurrent Preclean
[1614.563s][info][gc] GC(795) Concurrent Preclean 0.202ms
[1614.563s][info][gc] GC(795) Concurrent Abortable Preclean
[1614.563s][info][gc] GC(795) Concurrent Abortable Preclean 0.023ms
[1614.583s][info][gc] GC(795) Pause Remark 49M->49M(50M) 19.423ms
[1614.583s][info][gc] GC(795) Concurrent Sweep
[1614.588s][info][gc] GC(795) Concurrent Sweep 4.678ms
[1614.588s][info][gc] GC(795) Concurrent Reset
[1614.588s][info][gc] GC(795) Concurrent Reset 0.044ms
[1616.589s][info][gc] GC(796) Pause Initial Mark 49M->49M(50M) 0.949ms
[1616.589s][info][gc] GC(796) Concurrent Mark
[1616.601s][info][gc] GC(796) Concurrent Mark 11.999ms
[1616.601s][info][gc] GC(796) Concurrent Preclean
[1616.601s][info][gc] GC(796) Concurrent Preclean 0.143ms
[1616.601s][info][gc] GC(796) Concurrent Abortable Preclean
[1616.601s][info][gc] GC(796) Concurrent Abortable Preclean 0.019ms
[1616.610s][info][gc] GC(796) Pause Remark 49M->49M(50M) 8.805ms
[1616.610s][info][gc] GC(796) Concurrent Sweep
[1616.614s][info][gc] GC(796) Concurrent Sweep 4.465ms
[1616.615s][info][gc] GC(796) Concurrent Reset
[1616.615s][info][gc] GC(796) Concurrent Reset 0.037ms
[1618.617s][info][gc] GC(797) Pause Initial Mark 49M->49M(50M) 1.528ms
[1618.617s][info][gc] GC(797) Concurrent Mark
[1618.637s][info][gc] GC(797) Concurrent Mark 19.642ms
[1618.637s][info][gc] GC(797) Concurrent Preclean
[1618.637s][info][gc] GC(797) Concurrent Preclean 0.208ms
[1618.637s][info][gc] GC(797) Concurrent Abortable Preclean
[1618.637s][info][gc] GC(797) Concurrent Abortable Preclean 0.023ms
[1618.659s][info][gc] GC(797) Pause Remark 49M->49M(50M) 20.920ms
[1618.659s][info][gc] GC(797) Concurrent Sweep
[1618.663s][info][gc] GC(797) Concurrent Sweep 4.407ms
[1618.663s][info][gc] GC(797) Concurrent Reset
[1618.663s][info][gc] GC(797) Concurrent Reset 0.042ms
[1620.665s][info][gc] GC(798) Pause Initial Mark 49M->49M(50M) 0.780ms
[1620.665s][info][gc] GC(798) Concurrent Mark
[1620.674s][info][gc] GC(798) Concurrent Mark 8.955ms
[1620.674s][info][gc] GC(798) Concurrent Preclean
[1620.674s][info][gc] GC(798) Concurrent Preclean 0.131ms
[1620.674s][info][gc] GC(798) Concurrent Abortable Preclean
[1620.674s][info][gc] GC(798) Concurrent Abortable Preclean 0.016ms
[1620.679s][info][gc] GC(798) Pause Remark 49M->49M(50M) 4.890ms
[1620.679s][info][gc] GC(798) Concurrent Sweep
[1620.682s][info][gc] GC(798) Concurrent Sweep 3.023ms
[1620.682s][info][gc] GC(798) Concurrent Reset
[1620.682s][info][gc] GC(798) Concurrent Reset 0.030ms
[1622.687s][info][gc] GC(799) Pause Initial Mark 49M->49M(50M) 1.255ms
[1622.687s][info][gc] GC(799) Concurrent Mark
[1622.699s][info][gc] GC(799) Concurrent Mark 12.060ms
[1622.699s][info][gc] GC(799) Concurrent Preclean
[1622.699s][info][gc] GC(799) Concurrent Preclean 0.145ms
[1622.699s][info][gc] GC(799) Concurrent Abortable Preclean
[1622.699s][info][gc] GC(799) Concurrent Abortable Preclean 0.019ms
[1622.707s][info][gc] GC(799) Pause Remark 49M->49M(50M) 7.611ms
[1622.714s][info][gc] GC(799) Concurrent Sweep
[1622.719s][info][gc] GC(799) Concurrent Sweep 4.870ms
[1622.719s][info][gc] GC(799) Concurrent Reset
[1622.720s][info][gc] GC(799) Concurrent Reset 0.220ms
[1624.722s][info][gc] GC(800) Pause Initial Mark 49M->49M(50M) 1.217ms
[1624.723s][info][gc] GC(800) Concurrent Mark
[1624.735s][info][gc] GC(800) Concurrent Mark 12.020ms
[1624.735s][info][gc] GC(800) Concurrent Preclean
[1624.735s][info][gc] GC(800) Concurrent Preclean 0.163ms
[1624.735s][info][gc] GC(800) Concurrent Abortable Preclean
[1624.735s][info][gc] GC(800) Concurrent Abortable Preclean 0.021ms
[1624.741s][info][gc] GC(800) Pause Remark 49M->49M(50M) 5.654ms
[1624.741s][info][gc] GC(800) Concurrent Sweep
[1624.744s][info][gc] GC(800) Concurrent Sweep 3.237ms
[1624.744s][info][gc] GC(800) Concurrent Reset
[1624.744s][info][gc] GC(800) Concurrent Reset 0.031ms
[1626.748s][info][gc] GC(801) Pause Initial Mark 49M->49M(50M) 1.260ms
[1626.748s][info][gc] GC(801) Concurrent Mark
[1626.760s][info][gc] GC(801) Concurrent Mark 12.061ms
[1626.760s][info][gc] GC(801) Concurrent Preclean
[1626.760s][info][gc] GC(801) Concurrent Preclean 0.145ms
[1626.760s][info][gc] GC(801) Concurrent Abortable Preclean
[1626.760s][info][gc] GC(801) Concurrent Abortable Preclean 0.019ms
[1626.766s][info][gc] GC(801) Pause Remark 49M->49M(50M) 5.423ms
[1626.766s][info][gc] GC(801) Concurrent Sweep
[1626.769s][info][gc] GC(801) Concurrent Sweep 3.251ms
[1626.769s][info][gc] GC(801) Concurrent Reset
[1626.769s][info][gc] GC(801) Concurrent Reset 0.032ms
[1628.769s][info][gc] GC(802) Pause Initial Mark 49M->49M(50M) 0.688ms
[1628.770s][info][gc] GC(802) Concurrent Mark
[1628.781s][info][gc] GC(802) Concurrent Mark 11.178ms
[1628.781s][info][gc] GC(802) Concurrent Preclean
[1628.781s][info][gc] GC(802) Concurrent Preclean 0.190ms
[1628.781s][info][gc] GC(802) Concurrent Abortable Preclean
[1628.781s][info][gc] GC(802) Concurrent Abortable Preclean 0.017ms
[1628.788s][info][gc] GC(802) Pause Remark 49M->49M(50M) 6.425ms
[1628.788s][info][gc] GC(802) Concurrent Sweep
[1628.791s][info][gc] GC(802) Concurrent Sweep 3.570ms
[1628.791s][info][gc] GC(802) Concurrent Reset
[1628.791s][info][gc] GC(802) Concurrent Reset 0.031ms
[1630.792s][info][gc] GC(803) Pause Initial Mark 49M->49M(50M) 0.870ms
[1630.792s][info][gc] GC(803) Concurrent Mark
[1630.807s][info][gc] GC(803) Concurrent Mark 14.900ms
[1630.807s][info][gc] GC(803) Concurrent Preclean
[1630.807s][info][gc] GC(803) Concurrent Preclean 0.137ms
[1630.807s][info][gc] GC(803) Concurrent Abortable Preclean
[1630.807s][info][gc] GC(803) Concurrent Abortable Preclean 0.017ms
[1630.812s][info][gc] GC(803) Pause Remark 49M->49M(50M) 4.879ms
[1630.812s][info][gc] GC(803) Concurrent Sweep
[1630.816s][info][gc] GC(803) Concurrent Sweep 3.025ms
[1630.816s][info][gc] GC(803) Concurrent Reset
[1630.816s][info][gc] GC(803) Concurrent Reset 0.030ms
[1632.819s][info][gc] GC(804) Pause Initial Mark 49M->49M(50M) 0.814ms
[1632.819s][info][gc] GC(804) Concurrent Mark
[1632.834s][info][gc] GC(804) Concurrent Mark 15.037ms
[1632.834s][info][gc] GC(804) Concurrent Preclean
[1632.834s][info][gc] GC(804) Concurrent Preclean 0.191ms
[1632.834s][info][gc] GC(804) Concurrent Abortable Preclean
[1632.834s][info][gc] GC(804) Concurrent Abortable Preclean 0.023ms
[1632.844s][info][gc] GC(804) Pause Remark 49M->49M(50M) 9.514ms
[1632.844s][info][gc] GC(804) Concurrent Sweep
[1632.847s][info][gc] GC(804) Concurrent Sweep 3.277ms
[1632.848s][info][gc] GC(804) Concurrent Reset
[1632.848s][info][gc] GC(804) Concurrent Reset 0.031ms
[1634.849s][info][gc] GC(805) Pause Initial Mark 49M->49M(50M) 0.699ms
[1634.849s][info][gc] GC(805) Concurrent Mark
[1634.861s][info][gc] GC(805) Concurrent Mark 12.159ms
[1634.861s][info][gc] GC(805) Concurrent Preclean
[1634.861s][info][gc] GC(805) Concurrent Preclean 0.125ms
[1634.861s][info][gc] GC(805) Concurrent Abortable Preclean
[1634.861s][info][gc] GC(805) Concurrent Abortable Preclean 0.016ms
[1634.868s][info][gc] GC(805) Pause Remark 49M->49M(50M) 6.385ms
[1634.868s][info][gc] GC(805) Concurrent Sweep
[1634.871s][info][gc] GC(805) Concurrent Sweep 3.223ms
[1634.871s][info][gc] GC(805) Concurrent Reset
[1634.871s][info][gc] GC(805) Concurrent Reset 0.046ms
[1636.876s][info][gc] GC(806) Pause Initial Mark 49M->49M(50M) 0.599ms
[1636.876s][info][gc] GC(806) Concurrent Mark
[1636.885s][info][gc] GC(806) Concurrent Mark 9.140ms
[1636.885s][info][gc] GC(806) Concurrent Preclean
[1636.886s][info][gc] GC(806) Concurrent Preclean 0.122ms
[1636.886s][info][gc] GC(806) Concurrent Abortable Preclean
[1636.886s][info][gc] GC(806) Concurrent Abortable Preclean 0.016ms
[1636.891s][info][gc] GC(806) Pause Remark 49M->49M(50M) 4.911ms
[1636.891s][info][gc] GC(806) Concurrent Sweep
[1636.895s][info][gc] GC(806) Concurrent Sweep 3.995ms
[1636.895s][info][gc] GC(806) Concurrent Reset
[1636.895s][info][gc] GC(806) Concurrent Reset 0.169ms
[1638.896s][info][gc] GC(807) Pause Initial Mark 49M->49M(50M) 0.606ms
[1638.896s][info][gc] GC(807) Concurrent Mark
[1638.906s][info][gc] GC(807) Concurrent Mark 9.336ms
[1638.906s][info][gc] GC(807) Concurrent Preclean
[1638.906s][info][gc] GC(807) Concurrent Preclean 0.185ms
[1638.906s][info][gc] GC(807) Concurrent Abortable Preclean
[1638.906s][info][gc] GC(807) Concurrent Abortable Preclean 0.024ms
[1638.912s][info][gc] GC(807) Pause Remark 49M->49M(50M) 5.555ms
[1638.912s][info][gc] GC(807) Concurrent Sweep
[1638.915s][info][gc] GC(807) Concurrent Sweep 3.144ms
[1638.915s][info][gc] GC(807) Concurrent Reset
[1638.915s][info][gc] GC(807) Concurrent Reset 0.041ms
[1640.917s][info][gc] GC(808) Pause Initial Mark 49M->49M(50M) 1.219ms
[1640.917s][info][gc] GC(808) Concurrent Mark
[1640.936s][info][gc] GC(808) Concurrent Mark 19.485ms
[1640.937s][info][gc] GC(808) Concurrent Preclean
[1640.937s][info][gc] GC(808) Concurrent Preclean 0.197ms
[1640.937s][info][gc] GC(808) Concurrent Abortable Preclean
[1640.937s][info][gc] GC(808) Concurrent Abortable Preclean 0.025ms
[1640.955s][info][gc] GC(808) Pause Remark 49M->49M(50M) 17.788ms
[1640.955s][info][gc] GC(808) Concurrent Sweep
[1640.959s][info][gc] GC(808) Concurrent Sweep 4.179ms
[1640.959s][info][gc] GC(808) Concurrent Reset
[1640.959s][info][gc] GC(808) Concurrent Reset 0.042ms
[1642.961s][info][gc] GC(809) Pause Initial Mark 49M->49M(50M) 0.674ms
[1642.961s][info][gc] GC(809) Concurrent Mark
[1642.970s][info][gc] GC(809) Concurrent Mark 9.324ms
[1642.970s][info][gc] GC(809) Concurrent Preclean
[1642.971s][info][gc] GC(809) Concurrent Preclean 0.138ms
[1642.971s][info][gc] GC(809) Concurrent Abortable Preclean
[1642.971s][info][gc] GC(809) Concurrent Abortable Preclean 0.017ms
[1642.976s][info][gc] GC(809) Pause Remark 49M->49M(50M) 5.237ms
[1642.976s][info][gc] GC(809) Concurrent Sweep
[1642.979s][info][gc] GC(809) Concurrent Sweep 3.030ms
[1642.979s][info][gc] GC(809) Concurrent Reset
[1642.979s][info][gc] GC(809) Concurrent Reset 0.031ms
[1644.982s][info][gc] GC(810) Pause Initial Mark 49M->49M(50M) 1.919ms
[1644.982s][info][gc] GC(810) Concurrent Mark
[1644.996s][info][gc] GC(810) Concurrent Mark 14.505ms
[1644.996s][info][gc] GC(810) Concurrent Preclean
[1644.997s][info][gc] GC(810) Concurrent Preclean 0.124ms
[1644.997s][info][gc] GC(810) Concurrent Abortable Preclean
[1644.997s][info][gc] GC(810) Concurrent Abortable Preclean 0.016ms
[1645.002s][info][gc] GC(810) Pause Remark 49M->49M(50M) 4.781ms
[1645.002s][info][gc] GC(810) Concurrent Sweep
[1645.005s][info][gc] GC(810) Concurrent Sweep 3.061ms
[1645.005s][info][gc] GC(810) Concurrent Reset
[1645.005s][info][gc] GC(810) Concurrent Reset 0.030ms
[1647.009s][info][gc] GC(811) Pause Initial Mark 49M->49M(50M) 1.054ms
[1647.009s][info][gc] GC(811) Concurrent Mark
[1647.028s][info][gc] GC(811) Concurrent Mark 19.585ms
[1647.029s][info][gc] GC(811) Concurrent Preclean
[1647.029s][info][gc] GC(811) Concurrent Preclean 0.181ms
[1647.029s][info][gc] GC(811) Concurrent Abortable Preclean
[1647.029s][info][gc] GC(811) Concurrent Abortable Preclean 0.024ms
[1647.040s][info][gc] GC(811) Pause Remark 49M->49M(50M) 11.221ms
[1647.042s][info][gc] GC(811) Concurrent Sweep
[1647.047s][info][gc] GC(811) Concurrent Sweep 4.961ms
[1647.047s][info][gc] GC(811) Concurrent Reset
[1647.047s][info][gc] GC(811) Concurrent Reset 0.147ms
[1649.049s][info][gc] GC(812) Pause Initial Mark 49M->49M(50M) 1.284ms
[1649.049s][info][gc] GC(812) Concurrent Mark
[1649.068s][info][gc] GC(812) Concurrent Mark 18.877ms
[1649.068s][info][gc] GC(812) Concurrent Preclean
[1649.068s][info][gc] GC(812) Concurrent Preclean 0.204ms
[1649.069s][info][gc] GC(812) Concurrent Abortable Preclean
[1649.069s][info][gc] GC(812) Concurrent Abortable Preclean 0.025ms
[1649.087s][info][gc] GC(812) Pause Remark 49M->49M(50M) 18.532ms
[1649.087s][info][gc] GC(812) Concurrent Sweep
[1649.092s][info][gc] GC(812) Concurrent Sweep 4.944ms
[1649.092s][info][gc] GC(812) Concurrent Reset
[1649.092s][info][gc] GC(812) Concurrent Reset 0.043ms
[1651.098s][info][gc] GC(813) Pause Initial Mark 49M->49M(50M) 1.553ms
[1651.098s][info][gc] GC(813) Concurrent Mark
[1651.112s][info][gc] GC(813) Concurrent Mark 13.893ms
[1651.112s][info][gc] GC(813) Concurrent Preclean
[1651.112s][info][gc] GC(813) Concurrent Preclean 0.188ms
[1651.112s][info][gc] GC(813) Concurrent Abortable Preclean
[1651.112s][info][gc] GC(813) Concurrent Abortable Preclean 0.019ms
[1651.134s][info][gc] GC(813) Pause Remark 49M->49M(50M) 21.829ms
[1651.134s][info][gc] GC(813) Concurrent Sweep
[1651.139s][info][gc] GC(813) Concurrent Sweep 4.309ms
[1651.139s][info][gc] GC(813) Concurrent Reset
[1651.139s][info][gc] GC(813) Concurrent Reset 0.162ms
[1653.142s][info][gc] GC(814) Pause Initial Mark 49M->49M(50M) 2.291ms
[1653.143s][info][gc] GC(814) Concurrent Mark
[1653.155s][info][gc] GC(814) Concurrent Mark 12.360ms
[1653.155s][info][gc] GC(814) Concurrent Preclean
[1653.156s][info][gc] GC(814) Concurrent Preclean 0.348ms
[1653.156s][info][gc] GC(814) Concurrent Abortable Preclean
[1653.156s][info][gc] GC(814) Concurrent Abortable Preclean 0.025ms
[1653.163s][info][gc] GC(814) Pause Remark 49M->49M(50M) 6.929ms
[1653.163s][info][gc] GC(814) Concurrent Sweep
[1653.166s][info][gc] GC(814) Concurrent Sweep 3.354ms
[1653.166s][info][gc] GC(814) Concurrent Reset
[1653.166s][info][gc] GC(814) Concurrent Reset 0.032ms
[1655.167s][info][gc] GC(815) Pause Initial Mark 49M->49M(50M) 1.190ms
[1655.167s][info][gc] GC(815) Concurrent Mark
[1655.183s][info][gc] GC(815) Concurrent Mark 15.666ms
[1655.183s][info][gc] GC(815) Concurrent Preclean
[1655.183s][info][gc] GC(815) Concurrent Preclean 0.148ms
[1655.183s][info][gc] GC(815) Concurrent Abortable Preclean
[1655.183s][info][gc] GC(815) Concurrent Abortable Preclean 0.019ms
[1655.190s][info][gc] GC(815) Pause Remark 49M->49M(50M) 5.996ms
[1655.190s][info][gc] GC(815) Concurrent Sweep
[1655.194s][info][gc] GC(815) Concurrent Sweep 3.770ms
[1655.194s][info][gc] GC(815) Concurrent Reset
[1655.194s][info][gc] GC(815) Concurrent Reset 0.032ms
[1657.195s][info][gc] GC(816) Pause Initial Mark 49M->49M(50M) 1.048ms
[1657.196s][info][gc] GC(816) Concurrent Mark
[1657.207s][info][gc] GC(816) Concurrent Mark 11.859ms
[1657.207s][info][gc] GC(816) Concurrent Preclean
[1657.208s][info][gc] GC(816) Concurrent Preclean 0.141ms
[1657.208s][info][gc] GC(816) Concurrent Abortable Preclean
[1657.208s][info][gc] GC(816) Concurrent Abortable Preclean 0.018ms
[1657.214s][info][gc] GC(816) Pause Remark 49M->49M(50M) 5.786ms
[1657.214s][info][gc] GC(816) Concurrent Sweep
[1657.218s][info][gc] GC(816) Concurrent Sweep 3.965ms
[1657.218s][info][gc] GC(816) Concurrent Reset
[1657.218s][info][gc] GC(816) Concurrent Reset 0.035ms
[1659.218s][info][gc] GC(817) Pause Initial Mark 49M->49M(50M) 1.268ms
[1659.219s][info][gc] GC(817) Concurrent Mark
[1659.231s][info][gc] GC(817) Concurrent Mark 11.906ms
[1659.231s][info][gc] GC(817) Concurrent Preclean
[1659.231s][info][gc] GC(817) Concurrent Preclean 0.172ms
[1659.231s][info][gc] GC(817) Concurrent Abortable Preclean
[1659.231s][info][gc] GC(817) Concurrent Abortable Preclean 0.019ms
[1659.237s][info][gc] GC(817) Pause Remark 49M->49M(50M) 5.784ms
[1659.237s][info][gc] GC(817) Concurrent Sweep
[1659.240s][info][gc] GC(817) Concurrent Sweep 3.243ms
[1659.240s][info][gc] GC(817) Concurrent Reset
[1659.240s][info][gc] GC(817) Concurrent Reset 0.032ms
[1661.242s][info][gc] GC(818) Pause Initial Mark 49M->49M(50M) 1.805ms
[1661.242s][info][gc] GC(818) Concurrent Mark
[1661.254s][info][gc] GC(818) Concurrent Mark 11.732ms
[1661.254s][info][gc] GC(818) Concurrent Preclean
[1661.254s][info][gc] GC(818) Concurrent Preclean 0.144ms
[1661.254s][info][gc] GC(818) Concurrent Abortable Preclean
[1661.254s][info][gc] GC(818) Concurrent Abortable Preclean 0.022ms
[1661.260s][info][gc] GC(818) Pause Remark 49M->49M(50M) 5.515ms
[1661.260s][info][gc] GC(818) Concurrent Sweep
[1661.263s][info][gc] GC(818) Concurrent Sweep 3.299ms
[1661.263s][info][gc] GC(818) Concurrent Reset
[1661.264s][info][gc] GC(818) Concurrent Reset 0.032ms
[1663.264s][info][gc] GC(819) Pause Initial Mark 49M->49M(50M) 1.319ms
[1663.264s][info][gc] GC(819) Concurrent Mark
[1663.277s][info][gc] GC(819) Concurrent Mark 12.179ms
[1663.277s][info][gc] GC(819) Concurrent Preclean
[1663.277s][info][gc] GC(819) Concurrent Preclean 0.158ms
[1663.277s][info][gc] GC(819) Concurrent Abortable Preclean
[1663.277s][info][gc] GC(819) Concurrent Abortable Preclean 0.020ms
[1663.283s][info][gc] GC(819) Pause Remark 49M->49M(50M) 5.978ms
[1663.283s][info][gc] GC(819) Concurrent Sweep
[1663.286s][info][gc] GC(819) Concurrent Sweep 3.322ms
[1663.286s][info][gc] GC(819) Concurrent Reset
[1663.286s][info][gc] GC(819) Concurrent Reset 0.033ms
[1665.290s][info][gc] GC(820) Pause Initial Mark 49M->49M(50M) 1.203ms
[1665.290s][info][gc] GC(820) Concurrent Mark
[1665.302s][info][gc] GC(820) Concurrent Mark 12.049ms
[1665.302s][info][gc] GC(820) Concurrent Preclean
[1665.302s][info][gc] GC(820) Concurrent Preclean 0.158ms
[1665.302s][info][gc] GC(820) Concurrent Abortable Preclean
[1665.302s][info][gc] GC(820) Concurrent Abortable Preclean 0.020ms
[1665.308s][info][gc] GC(820) Pause Remark 49M->49M(50M) 5.553ms
[1665.308s][info][gc] GC(820) Concurrent Sweep
[1665.311s][info][gc] GC(820) Concurrent Sweep 3.259ms
[1665.311s][info][gc] GC(820) Concurrent Reset
[1665.311s][info][gc] GC(820) Concurrent Reset 0.033ms
[1667.317s][info][gc] GC(821) Pause Initial Mark 49M->49M(50M) 1.099ms
[1667.317s][info][gc] GC(821) Concurrent Mark
[1667.332s][info][gc] GC(821) Concurrent Mark 15.124ms
[1667.332s][info][gc] GC(821) Concurrent Preclean
[1667.332s][info][gc] GC(821) Concurrent Preclean 0.231ms
[1667.332s][info][gc] GC(821) Concurrent Abortable Preclean
[1667.332s][info][gc] GC(821) Concurrent Abortable Preclean 0.019ms
[1667.338s][info][gc] GC(821) Pause Remark 49M->49M(50M) 5.795ms
[1667.338s][info][gc] GC(821) Concurrent Sweep
[1667.341s][info][gc] GC(821) Concurrent Sweep 3.128ms
[1667.341s][info][gc] GC(821) Concurrent Reset
[1667.342s][info][gc] GC(821) Concurrent Reset 0.030ms
[1669.348s][info][gc] GC(822) Pause Initial Mark 49M->49M(50M) 1.244ms
[1669.348s][info][gc] GC(822) Concurrent Mark
[1669.360s][info][gc] GC(822) Concurrent Mark 12.169ms
[1669.360s][info][gc] GC(822) Concurrent Preclean
[1669.360s][info][gc] GC(822) Concurrent Preclean 0.156ms
[1669.360s][info][gc] GC(822) Concurrent Abortable Preclean
[1669.360s][info][gc] GC(822) Concurrent Abortable Preclean 0.019ms
[1669.367s][info][gc] GC(822) Pause Remark 49M->49M(50M) 6.449ms
[1669.367s][info][gc] GC(822) Concurrent Sweep
[1669.370s][info][gc] GC(822) Concurrent Sweep 3.546ms
[1669.370s][info][gc] GC(822) Concurrent Reset
[1669.370s][info][gc] GC(822) Concurrent Reset 0.031ms
[1671.373s][info][gc] GC(823) Pause Initial Mark 49M->49M(50M) 1.199ms
[1671.374s][info][gc] GC(823) Concurrent Mark
[1671.386s][info][gc] GC(823) Concurrent Mark 11.986ms
[1671.386s][info][gc] GC(823) Concurrent Preclean
[1671.386s][info][gc] GC(823) Concurrent Preclean 0.142ms
[1671.386s][info][gc] GC(823) Concurrent Abortable Preclean
[1671.386s][info][gc] GC(823) Concurrent Abortable Preclean 0.016ms
[1671.392s][info][gc] GC(823) Pause Remark 49M->49M(50M) 5.600ms
[1671.392s][info][gc] GC(823) Concurrent Sweep
[1671.395s][info][gc] GC(823) Concurrent Sweep 3.244ms
[1671.395s][info][gc] GC(823) Concurrent Reset
[1671.395s][info][gc] GC(823) Concurrent Reset 0.030ms
[1673.402s][info][gc] GC(824) Pause Initial Mark 49M->49M(50M) 1.261ms
[1673.402s][info][gc] GC(824) Concurrent Mark
[1673.414s][info][gc] GC(824) Concurrent Mark 12.073ms
[1673.414s][info][gc] GC(824) Concurrent Preclean
[1673.414s][info][gc] GC(824) Concurrent Preclean 0.162ms
[1673.414s][info][gc] GC(824) Concurrent Abortable Preclean
[1673.414s][info][gc] GC(824) Concurrent Abortable Preclean 0.018ms
[1673.420s][info][gc] GC(824) Pause Remark 49M->49M(50M) 5.579ms
[1673.420s][info][gc] GC(824) Concurrent Sweep
[1673.423s][info][gc] GC(824) Concurrent Sweep 3.248ms
[1673.423s][info][gc] GC(824) Concurrent Reset
[1673.423s][info][gc] GC(824) Concurrent Reset 0.031ms
[1675.429s][info][gc] GC(825) Pause Initial Mark 49M->49M(50M) 1.135ms
[1675.429s][info][gc] GC(825) Concurrent Mark
[1675.441s][info][gc] GC(825) Concurrent Mark 11.922ms
[1675.441s][info][gc] GC(825) Concurrent Preclean
[1675.441s][info][gc] GC(825) Concurrent Preclean 0.153ms
[1675.441s][info][gc] GC(825) Concurrent Abortable Preclean
[1675.441s][info][gc] GC(825) Concurrent Abortable Preclean 0.018ms
[1675.447s][info][gc] GC(825) Pause Remark 49M->49M(50M) 5.643ms
[1675.447s][info][gc] GC(825) Concurrent Sweep
[1675.450s][info][gc] GC(825) Concurrent Sweep 3.225ms
[1675.450s][info][gc] GC(825) Concurrent Reset
[1675.450s][info][gc] GC(825) Concurrent Reset 0.029ms
[1677.461s][info][gc] GC(826) Pause Initial Mark 49M->49M(50M) 1.970ms
[1677.461s][info][gc] GC(826) Concurrent Mark
[1677.476s][info][gc] GC(826) Concurrent Mark 14.900ms
[1677.476s][info][gc] GC(826) Concurrent Preclean
[1677.476s][info][gc] GC(826) Concurrent Preclean 0.178ms
[1677.476s][info][gc] GC(826) Concurrent Abortable Preclean
[1677.476s][info][gc] GC(826) Concurrent Abortable Preclean 0.021ms
[1677.491s][info][gc] GC(826) Pause Remark 49M->49M(50M) 14.607ms
[1677.491s][info][gc] GC(826) Concurrent Sweep
[1677.496s][info][gc] GC(826) Concurrent Sweep 5.183ms
[1677.496s][info][gc] GC(826) Concurrent Reset
[1677.496s][info][gc] GC(826) Concurrent Reset 0.041ms
[1679.498s][info][gc] GC(827) Pause Initial Mark 49M->49M(50M) 1.092ms
[1679.498s][info][gc] GC(827) Concurrent Mark
[1679.519s][info][gc] GC(827) Concurrent Mark 21.039ms
[1679.520s][info][gc] GC(827) Concurrent Preclean
[1679.521s][info][gc] GC(827) Concurrent Preclean 1.575ms
[1679.522s][info][gc] GC(827) Concurrent Abortable Preclean
[1679.522s][info][gc] GC(827) Concurrent Abortable Preclean 0.131ms
[1679.538s][info][gc] GC(827) Pause Remark 49M->49M(50M) 15.989ms
[1679.539s][info][gc] GC(827) Concurrent Sweep
[1679.544s][info][gc] GC(827) Concurrent Sweep 5.051ms
[1679.544s][info][gc] GC(827) Concurrent Reset
[1679.544s][info][gc] GC(827) Concurrent Reset 0.049ms
[1681.547s][info][gc] GC(828) Pause Initial Mark 49M->49M(50M) 1.265ms
[1681.547s][info][gc] GC(828) Concurrent Mark
[1681.559s][info][gc] GC(828) Concurrent Mark 11.944ms
[1681.559s][info][gc] GC(828) Concurrent Preclean
[1681.559s][info][gc] GC(828) Concurrent Preclean 0.158ms
[1681.559s][info][gc] GC(828) Concurrent Abortable Preclean
[1681.559s][info][gc] GC(828) Concurrent Abortable Preclean 0.020ms
[1681.565s][info][gc] GC(828) Pause Remark 49M->49M(50M) 5.797ms
[1681.565s][info][gc] GC(828) Concurrent Sweep
[1681.568s][info][gc] GC(828) Concurrent Sweep 3.168ms
[1681.569s][info][gc] GC(828) Concurrent Reset
[1681.569s][info][gc] GC(828) Concurrent Reset 0.031ms
[1683.571s][info][gc] GC(829) Pause Initial Mark 49M->49M(50M) 0.859ms
[1683.572s][info][gc] GC(829) Concurrent Mark
[1683.586s][info][gc] GC(829) Concurrent Mark 14.848ms
[1683.587s][info][gc] GC(829) Concurrent Preclean
[1683.587s][info][gc] GC(829) Concurrent Preclean 0.199ms
[1683.587s][info][gc] GC(829) Concurrent Abortable Preclean
[1683.587s][info][gc] GC(829) Concurrent Abortable Preclean 0.027ms
[1683.600s][info][gc] GC(829) Pause Remark 49M->49M(50M) 13.495ms
[1683.601s][info][gc] GC(829) Concurrent Sweep
[1683.606s][info][gc] GC(829) Concurrent Sweep 4.946ms
[1683.606s][info][gc] GC(829) Concurrent Reset
[1683.606s][info][gc] GC(829) Concurrent Reset 0.048ms
[1685.613s][info][gc] GC(830) Pause Initial Mark 49M->49M(50M) 2.649ms
[1685.613s][info][gc] GC(830) Concurrent Mark
[1685.625s][info][gc] GC(830) Concurrent Mark 12.377ms
[1685.626s][info][gc] GC(830) Concurrent Preclean
[1685.626s][info][gc] GC(830) Concurrent Preclean 0.134ms
[1685.626s][info][gc] GC(830) Concurrent Abortable Preclean
[1685.626s][info][gc] GC(830) Concurrent Abortable Preclean 0.018ms
[1685.631s][info][gc] GC(830) Pause Remark 49M->49M(50M) 5.360ms
[1685.631s][info][gc] GC(830) Concurrent Sweep
[1685.634s][info][gc] GC(830) Concurrent Sweep 2.975ms
[1685.634s][info][gc] GC(830) Concurrent Reset
[1685.634s][info][gc] GC(830) Concurrent Reset 0.030ms
[1687.635s][info][gc] GC(831) Pause Initial Mark 49M->49M(50M) 1.104ms
[1687.635s][info][gc] GC(831) Concurrent Mark
[1687.647s][info][gc] GC(831) Concurrent Mark 11.963ms
[1687.647s][info][gc] GC(831) Concurrent Preclean
[1687.647s][info][gc] GC(831) Concurrent Preclean 0.163ms
[1687.647s][info][gc] GC(831) Concurrent Abortable Preclean
[1687.647s][info][gc] GC(831) Concurrent Abortable Preclean 0.020ms
[1687.653s][info][gc] GC(831) Pause Remark 49M->49M(50M) 5.593ms
[1687.653s][info][gc] GC(831) Concurrent Sweep
[1687.656s][info][gc] GC(831) Concurrent Sweep 3.014ms
[1687.656s][info][gc] GC(831) Concurrent Reset
[1687.656s][info][gc] GC(831) Concurrent Reset 0.030ms
[1689.661s][info][gc] GC(832) Pause Initial Mark 49M->49M(50M) 1.251ms
[1689.661s][info][gc] GC(832) Concurrent Mark
[1689.673s][info][gc] GC(832) Concurrent Mark 12.078ms
[1689.673s][info][gc] GC(832) Concurrent Preclean
[1689.673s][info][gc] GC(832) Concurrent Preclean 0.157ms
[1689.673s][info][gc] GC(832) Concurrent Abortable Preclean
[1689.673s][info][gc] GC(832) Concurrent Abortable Preclean 0.019ms
[1689.679s][info][gc] GC(832) Pause Remark 49M->49M(50M) 5.414ms
[1689.679s][info][gc] GC(832) Concurrent Sweep
[1689.682s][info][gc] GC(832) Concurrent Sweep 3.227ms
[1689.682s][info][gc] GC(832) Concurrent Reset
[1689.682s][info][gc] GC(832) Concurrent Reset 0.032ms
[1691.686s][info][gc] GC(833) Pause Initial Mark 49M->49M(50M) 1.059ms
[1691.686s][info][gc] GC(833) Concurrent Mark
[1691.699s][info][gc] GC(833) Concurrent Mark 12.289ms
[1691.699s][info][gc] GC(833) Concurrent Preclean
[1691.699s][info][gc] GC(833) Concurrent Preclean 0.217ms
[1691.699s][info][gc] GC(833) Concurrent Abortable Preclean
[1691.699s][info][gc] GC(833) Concurrent Abortable Preclean 0.032ms
[1691.705s][info][gc] GC(833) Pause Remark 49M->49M(50M) 5.598ms
[1691.705s][info][gc] GC(833) Concurrent Sweep
[1691.709s][info][gc] GC(833) Concurrent Sweep 3.747ms
[1691.709s][info][gc] GC(833) Concurrent Reset
[1691.709s][info][gc] GC(833) Concurrent Reset 0.032ms
[1693.713s][info][gc] GC(834) Pause Initial Mark 49M->49M(50M) 1.292ms
[1693.713s][info][gc] GC(834) Concurrent Mark
[1693.725s][info][gc] GC(834) Concurrent Mark 11.600ms
[1693.725s][info][gc] GC(834) Concurrent Preclean
[1693.725s][info][gc] GC(834) Concurrent Preclean 0.142ms
[1693.725s][info][gc] GC(834) Concurrent Abortable Preclean
[1693.725s][info][gc] GC(834) Concurrent Abortable Preclean 0.025ms
[1693.734s][info][gc] GC(834) Pause Remark 49M->49M(50M) 8.375ms
[1693.734s][info][gc] GC(834) Concurrent Sweep
[1693.737s][info][gc] GC(834) Concurrent Sweep 3.115ms
[1693.737s][info][gc] GC(834) Concurrent Reset
[1693.737s][info][gc] GC(834) Concurrent Reset 0.030ms
[1695.739s][info][gc] GC(835) Pause Initial Mark 49M->49M(50M) 0.623ms
[1695.739s][info][gc] GC(835) Concurrent Mark
[1695.752s][info][gc] GC(835) Concurrent Mark 13.242ms
[1695.753s][info][gc] GC(835) Concurrent Preclean
[1695.753s][info][gc] GC(835) Concurrent Preclean 0.149ms
[1695.753s][info][gc] GC(835) Concurrent Abortable Preclean
[1695.753s][info][gc] GC(835) Concurrent Abortable Preclean 0.016ms
[1695.758s][info][gc] GC(835) Pause Remark 49M->49M(50M) 5.619ms
[1695.759s][info][gc] GC(835) Concurrent Sweep
[1695.762s][info][gc] GC(835) Concurrent Sweep 3.034ms
[1695.762s][info][gc] GC(835) Concurrent Reset
[1695.762s][info][gc] GC(835) Concurrent Reset 0.030ms
[1697.764s][info][gc] GC(836) Pause Initial Mark 49M->49M(50M) 2.188ms
[1697.764s][info][gc] GC(836) Concurrent Mark
[1697.790s][info][gc] GC(836) Concurrent Mark 25.647ms
[1697.790s][info][gc] GC(836) Concurrent Preclean
[1697.790s][info][gc] GC(836) Concurrent Preclean 0.238ms
[1697.790s][info][gc] GC(836) Concurrent Abortable Preclean
[1697.790s][info][gc] GC(836) Concurrent Abortable Preclean 0.025ms
[1697.807s][info][gc] GC(836) Pause Remark 49M->49M(50M) 17.105ms
[1697.808s][info][gc] GC(836) Concurrent Sweep
[1697.812s][info][gc] GC(836) Concurrent Sweep 4.498ms
[1697.812s][info][gc] GC(836) Concurrent Reset
[1697.813s][info][gc] GC(836) Concurrent Reset 0.222ms
[1699.814s][info][gc] GC(837) Pause Initial Mark 49M->49M(50M) 1.074ms
[1699.814s][info][gc] GC(837) Concurrent Mark
[1699.827s][info][gc] GC(837) Concurrent Mark 12.836ms
[1699.827s][info][gc] GC(837) Concurrent Preclean
[1699.827s][info][gc] GC(837) Concurrent Preclean 0.163ms
[1699.827s][info][gc] GC(837) Concurrent Abortable Preclean
[1699.827s][info][gc] GC(837) Concurrent Abortable Preclean 0.019ms
[1699.838s][info][gc] GC(837) Pause Remark 49M->49M(50M) 10.046ms
[1699.838s][info][gc] GC(837) Concurrent Sweep
[1699.843s][info][gc] GC(837) Concurrent Sweep 5.140ms
[1699.843s][info][gc] GC(837) Concurrent Reset
[1699.844s][info][gc] GC(837) Concurrent Reset 0.158ms
[1701.845s][info][gc] GC(838) Pause Initial Mark 49M->49M(50M) 1.087ms
[1701.845s][info][gc] GC(838) Concurrent Mark
[1701.861s][info][gc] GC(838) Concurrent Mark 15.288ms
[1701.861s][info][gc] GC(838) Concurrent Preclean
[1701.861s][info][gc] GC(838) Concurrent Preclean 0.157ms
[1701.861s][info][gc] GC(838) Concurrent Abortable Preclean
[1701.861s][info][gc] GC(838) Concurrent Abortable Preclean 0.020ms
[1701.867s][info][gc] GC(838) Pause Remark 49M->49M(50M) 5.827ms
[1701.867s][info][gc] GC(838) Concurrent Sweep
[1701.872s][info][gc] GC(838) Concurrent Sweep 5.115ms
[1701.872s][info][gc] GC(838) Concurrent Reset
[1701.872s][info][gc] GC(838) Concurrent Reset 0.034ms
[1703.876s][info][gc] GC(839) Pause Initial Mark 49M->49M(50M) 2.803ms
[1703.877s][info][gc] GC(839) Concurrent Mark
[1703.903s][info][gc] GC(839) Concurrent Mark 25.811ms
[1703.903s][info][gc] GC(839) Concurrent Preclean
[1703.903s][info][gc] GC(839) Concurrent Preclean 0.427ms
[1703.903s][info][gc] GC(839) Concurrent Abortable Preclean
[1703.903s][info][gc] GC(839) Concurrent Abortable Preclean 0.042ms
[1703.916s][info][gc] GC(839) Pause Remark 49M->49M(50M) 11.949ms
[1703.916s][info][gc] GC(839) Concurrent Sweep
[1703.921s][info][gc] GC(839) Concurrent Sweep 5.001ms
[1703.921s][info][gc] GC(839) Concurrent Reset
[1703.921s][info][gc] GC(839) Concurrent Reset 0.081ms
[1705.923s][info][gc] GC(840) Pause Initial Mark 49M->49M(50M) 1.643ms
[1705.923s][info][gc] GC(840) Concurrent Mark
[1705.935s][info][gc] GC(840) Concurrent Mark 11.886ms
[1705.935s][info][gc] GC(840) Concurrent Preclean
[1705.935s][info][gc] GC(840) Concurrent Preclean 0.143ms
[1705.935s][info][gc] GC(840) Concurrent Abortable Preclean
[1705.935s][info][gc] GC(840) Concurrent Abortable Preclean 0.018ms
[1705.941s][info][gc] GC(840) Pause Remark 49M->49M(50M) 5.560ms
[1705.941s][info][gc] GC(840) Concurrent Sweep
[1705.944s][info][gc] GC(840) Concurrent Sweep 3.270ms
[1705.944s][info][gc] GC(840) Concurrent Reset
[1705.944s][info][gc] GC(840) Concurrent Reset 0.032ms
[1707.946s][info][gc] GC(841) Pause Initial Mark 49M->49M(50M) 1.490ms
[1707.946s][info][gc] GC(841) Concurrent Mark
[1707.958s][info][gc] GC(841) Concurrent Mark 11.949ms
[1707.958s][info][gc] GC(841) Concurrent Preclean
[1707.958s][info][gc] GC(841) Concurrent Preclean 0.162ms
[1707.958s][info][gc] GC(841) Concurrent Abortable Preclean
[1707.958s][info][gc] GC(841) Concurrent Abortable Preclean 0.019ms
[1707.964s][info][gc] GC(841) Pause Remark 49M->49M(50M) 5.989ms
[1707.965s][info][gc] GC(841) Concurrent Sweep
[1707.968s][info][gc] GC(841) Concurrent Sweep 3.105ms
[1707.968s][info][gc] GC(841) Concurrent Reset
[1707.968s][info][gc] GC(841) Concurrent Reset 0.030ms
[1709.971s][info][gc] GC(842) Pause Initial Mark 49M->49M(50M) 1.242ms
[1709.972s][info][gc] GC(842) Concurrent Mark
[1709.984s][info][gc] GC(842) Concurrent Mark 12.075ms
[1709.984s][info][gc] GC(842) Concurrent Preclean
[1709.984s][info][gc] GC(842) Concurrent Preclean 0.145ms
[1709.984s][info][gc] GC(842) Concurrent Abortable Preclean
[1709.984s][info][gc] GC(842) Concurrent Abortable Preclean 0.019ms
[1709.989s][info][gc] GC(842) Pause Remark 49M->49M(50M) 5.442ms
[1709.990s][info][gc] GC(842) Concurrent Sweep
[1709.993s][info][gc] GC(842) Concurrent Sweep 3.243ms
[1709.993s][info][gc] GC(842) Concurrent Reset
[1709.993s][info][gc] GC(842) Concurrent Reset 0.032ms
[1711.999s][info][gc] GC(843) Pause Initial Mark 49M->49M(50M) 3.058ms
[1711.999s][info][gc] GC(843) Concurrent Mark
[1712.012s][info][gc] GC(843) Concurrent Mark 12.945ms
[1712.012s][info][gc] GC(843) Concurrent Preclean
[1712.012s][info][gc] GC(843) Concurrent Preclean 0.134ms
[1712.012s][info][gc] GC(843) Concurrent Abortable Preclean
[1712.012s][info][gc] GC(843) Concurrent Abortable Preclean 0.018ms
[1712.017s][info][gc] GC(843) Pause Remark 49M->49M(50M) 5.174ms
[1712.017s][info][gc] GC(843) Concurrent Sweep
[1712.020s][info][gc] GC(843) Concurrent Sweep 2.919ms
[1712.020s][info][gc] GC(843) Concurrent Reset
[1712.020s][info][gc] GC(843) Concurrent Reset 0.030ms
[1714.022s][info][gc] GC(844) Pause Initial Mark 49M->49M(50M) 1.185ms
[1714.022s][info][gc] GC(844) Concurrent Mark
[1714.033s][info][gc] GC(844) Concurrent Mark 11.714ms
[1714.033s][info][gc] GC(844) Concurrent Preclean
[1714.034s][info][gc] GC(844) Concurrent Preclean 0.146ms
[1714.034s][info][gc] GC(844) Concurrent Abortable Preclean
[1714.034s][info][gc] GC(844) Concurrent Abortable Preclean 0.029ms
[1714.040s][info][gc] GC(844) Pause Remark 49M->49M(50M) 6.081ms
[1714.040s][info][gc] GC(844) Concurrent Sweep
[1714.043s][info][gc] GC(844) Concurrent Sweep 3.389ms
[1714.044s][info][gc] GC(844) Concurrent Reset
[1714.044s][info][gc] GC(844) Concurrent Reset 0.069ms
[1716.044s][info][gc] GC(845) Pause Initial Mark 49M->49M(50M) 1.137ms
[1716.044s][info][gc] GC(845) Concurrent Mark
[1716.063s][info][gc] GC(845) Concurrent Mark 18.244ms
[1716.063s][info][gc] GC(845) Concurrent Preclean
[1716.063s][info][gc] GC(845) Concurrent Preclean 0.206ms
[1716.063s][info][gc] GC(845) Concurrent Abortable Preclean
[1716.063s][info][gc] GC(845) Concurrent Abortable Preclean 0.024ms
[1716.071s][info][gc] GC(845) Pause Remark 49M->49M(50M) 7.860ms
[1716.071s][info][gc] GC(845) Concurrent Sweep
[1716.075s][info][gc] GC(845) Concurrent Sweep 3.888ms
[1716.075s][info][gc] GC(845) Concurrent Reset
[1716.075s][info][gc] GC(845) Concurrent Reset 0.036ms
[1718.078s][info][gc] GC(846) Pause Initial Mark 49M->49M(50M) 1.193ms
[1718.078s][info][gc] GC(846) Concurrent Mark
[1718.090s][info][gc] GC(846) Concurrent Mark 12.131ms
[1718.090s][info][gc] GC(846) Concurrent Preclean
[1718.090s][info][gc] GC(846) Concurrent Preclean 0.153ms
[1718.090s][info][gc] GC(846) Concurrent Abortable Preclean
[1718.090s][info][gc] GC(846) Concurrent Abortable Preclean 0.019ms
[1718.096s][info][gc] GC(846) Pause Remark 49M->49M(50M) 5.454ms
[1718.096s][info][gc] GC(846) Concurrent Sweep
[1718.099s][info][gc] GC(846) Concurrent Sweep 3.241ms
[1718.099s][info][gc] GC(846) Concurrent Reset
[1718.099s][info][gc] GC(846) Concurrent Reset 0.032ms
[1720.100s][info][gc] GC(847) Pause Initial Mark 49M->49M(50M) 0.756ms
[1720.102s][info][gc] GC(847) Concurrent Mark
[1720.122s][info][gc] GC(847) Concurrent Mark 20.508ms
[1720.122s][info][gc] GC(847) Concurrent Preclean
[1720.122s][info][gc] GC(847) Concurrent Preclean 0.206ms
[1720.123s][info][gc] GC(847) Concurrent Abortable Preclean
[1720.123s][info][gc] GC(847) Concurrent Abortable Preclean 0.038ms
[1720.137s][info][gc] GC(847) Pause Remark 49M->49M(50M) 13.867ms
[1720.137s][info][gc] GC(847) Concurrent Sweep
[1720.141s][info][gc] GC(847) Concurrent Sweep 4.275ms
[1720.141s][info][gc] GC(847) Concurrent Reset
[1720.141s][info][gc] GC(847) Concurrent Reset 0.041ms
[1722.142s][info][gc] GC(848) Pause Initial Mark 49M->49M(50M) 1.193ms
[1722.143s][info][gc] GC(848) Concurrent Mark
[1722.157s][info][gc] GC(848) Concurrent Mark 14.857ms
[1722.157s][info][gc] GC(848) Concurrent Preclean
[1722.158s][info][gc] GC(848) Concurrent Preclean 0.144ms
[1722.158s][info][gc] GC(848) Concurrent Abortable Preclean
[1722.158s][info][gc] GC(848) Concurrent Abortable Preclean 0.019ms
[1722.163s][info][gc] GC(848) Pause Remark 49M->49M(50M) 5.457ms
[1722.163s][info][gc] GC(848) Concurrent Sweep
[1722.167s][info][gc] GC(848) Concurrent Sweep 3.291ms
[1722.167s][info][gc] GC(848) Concurrent Reset
[1722.167s][info][gc] GC(848) Concurrent Reset 0.032ms
[1724.168s][info][gc] GC(849) Pause Initial Mark 49M->49M(50M) 1.767ms
[1724.169s][info][gc] GC(849) Concurrent Mark
[1724.184s][info][gc] GC(849) Concurrent Mark 15.504ms
[1724.184s][info][gc] GC(849) Concurrent Preclean
[1724.184s][info][gc] GC(849) Concurrent Preclean 0.180ms
[1724.185s][info][gc] GC(849) Concurrent Abortable Preclean
[1724.185s][info][gc] GC(849) Concurrent Abortable Preclean 0.025ms
[1724.202s][info][gc] GC(849) Pause Remark 49M->49M(50M) 16.900ms
[1724.202s][info][gc] GC(849) Concurrent Sweep
[1724.206s][info][gc] GC(849) Concurrent Sweep 3.983ms
[1724.206s][info][gc] GC(849) Concurrent Reset
[1724.206s][info][gc] GC(849) Concurrent Reset 0.042ms
[1726.209s][info][gc] GC(850) Pause Initial Mark 49M->49M(50M) 0.864ms
[1726.209s][info][gc] GC(850) Concurrent Mark
[1726.220s][info][gc] GC(850) Concurrent Mark 11.290ms
[1726.221s][info][gc] GC(850) Concurrent Preclean
[1726.221s][info][gc] GC(850) Concurrent Preclean 0.128ms
[1726.221s][info][gc] GC(850) Concurrent Abortable Preclean
[1726.221s][info][gc] GC(850) Concurrent Abortable Preclean 0.016ms
[1726.226s][info][gc] GC(850) Pause Remark 49M->49M(50M) 5.093ms
[1726.226s][info][gc] GC(850) Concurrent Sweep
[1726.229s][info][gc] GC(850) Concurrent Sweep 3.071ms
[1726.229s][info][gc] GC(850) Concurrent Reset
[1726.229s][info][gc] GC(850) Concurrent Reset 0.030ms
[1728.231s][info][gc] GC(851) Pause Initial Mark 49M->49M(50M) 1.257ms
[1728.231s][info][gc] GC(851) Concurrent Mark
[1728.243s][info][gc] GC(851) Concurrent Mark 11.942ms
[1728.243s][info][gc] GC(851) Concurrent Preclean
[1728.243s][info][gc] GC(851) Concurrent Preclean 0.233ms
[1728.243s][info][gc] GC(851) Concurrent Abortable Preclean
[1728.243s][info][gc] GC(851) Concurrent Abortable Preclean 0.020ms
[1728.249s][info][gc] GC(851) Pause Remark 49M->49M(50M) 5.601ms
[1728.249s][info][gc] GC(851) Concurrent Sweep
[1728.252s][info][gc] GC(851) Concurrent Sweep 3.243ms
[1728.252s][info][gc] GC(851) Concurrent Reset
[1728.252s][info][gc] GC(851) Concurrent Reset 0.032ms
[1730.253s][info][gc] GC(852) Pause Initial Mark 49M->49M(50M) 1.011ms
[1730.253s][info][gc] GC(852) Concurrent Mark
[1730.268s][info][gc] GC(852) Concurrent Mark 14.918ms
[1730.268s][info][gc] GC(852) Concurrent Preclean
[1730.268s][info][gc] GC(852) Concurrent Preclean 0.184ms
[1730.268s][info][gc] GC(852) Concurrent Abortable Preclean
[1730.268s][info][gc] GC(852) Concurrent Abortable Preclean 0.025ms
[1730.276s][info][gc] GC(852) Pause Remark 49M->49M(50M) 8.330ms
[1730.277s][info][gc] GC(852) Concurrent Sweep
[1730.291s][info][gc] GC(852) Concurrent Sweep 14.929ms
[1730.292s][info][gc] GC(852) Concurrent Reset
[1730.292s][info][gc] GC(852) Concurrent Reset 0.201ms
[1732.297s][info][gc] GC(853) Pause Initial Mark 49M->49M(50M) 2.964ms
[1732.297s][info][gc] GC(853) Concurrent Mark
[1732.309s][info][gc] GC(853) Concurrent Mark 12.063ms
[1732.309s][info][gc] GC(853) Concurrent Preclean
[1732.309s][info][gc] GC(853) Concurrent Preclean 0.145ms
[1732.309s][info][gc] GC(853) Concurrent Abortable Preclean
[1732.309s][info][gc] GC(853) Concurrent Abortable Preclean 0.022ms
[1732.315s][info][gc] GC(853) Pause Remark 49M->49M(50M) 5.648ms
[1732.315s][info][gc] GC(853) Concurrent Sweep
[1732.318s][info][gc] GC(853) Concurrent Sweep 3.286ms
[1732.318s][info][gc] GC(853) Concurrent Reset
[1732.318s][info][gc] GC(853) Concurrent Reset 0.033ms
[1734.322s][info][gc] GC(854) Pause Initial Mark 49M->49M(50M) 1.275ms
[1734.323s][info][gc] GC(854) Concurrent Mark
[1734.335s][info][gc] GC(854) Concurrent Mark 11.984ms
[1734.335s][info][gc] GC(854) Concurrent Preclean
[1734.335s][info][gc] GC(854) Concurrent Preclean 0.158ms
[1734.335s][info][gc] GC(854) Concurrent Abortable Preclean
[1734.335s][info][gc] GC(854) Concurrent Abortable Preclean 0.020ms
[1734.341s][info][gc] GC(854) Pause Remark 49M->49M(50M) 5.603ms
[1734.341s][info][gc] GC(854) Concurrent Sweep
[1734.344s][info][gc] GC(854) Concurrent Sweep 3.255ms
[1734.344s][info][gc] GC(854) Concurrent Reset
[1734.344s][info][gc] GC(854) Concurrent Reset 0.033ms
[1736.347s][info][gc] GC(855) Pause Initial Mark 49M->49M(50M) 1.146ms
[1736.347s][info][gc] GC(855) Concurrent Mark
[1736.361s][info][gc] GC(855) Concurrent Mark 13.660ms
[1736.361s][info][gc] GC(855) Concurrent Preclean
[1736.361s][info][gc] GC(855) Concurrent Preclean 0.134ms
[1736.361s][info][gc] GC(855) Concurrent Abortable Preclean
[1736.361s][info][gc] GC(855) Concurrent Abortable Preclean 0.017ms
[1736.370s][info][gc] GC(855) Pause Remark 49M->49M(50M) 9.116ms
[1736.370s][info][gc] GC(855) Concurrent Sweep
[1736.374s][info][gc] GC(855) Concurrent Sweep 4.187ms
[1736.375s][info][gc] GC(855) Concurrent Reset
[1736.375s][info][gc] GC(855) Concurrent Reset 0.041ms
[1738.385s][info][gc] GC(856) Pause Initial Mark 49M->49M(50M) 3.357ms
[1738.385s][info][gc] GC(856) Concurrent Mark
[1738.398s][info][gc] GC(856) Concurrent Mark 13.271ms
[1738.398s][info][gc] GC(856) Concurrent Preclean
[1738.398s][info][gc] GC(856) Concurrent Preclean 0.193ms
[1738.399s][info][gc] GC(856) Concurrent Abortable Preclean
[1738.399s][info][gc] GC(856) Concurrent Abortable Preclean 0.024ms
[1738.406s][info][gc] GC(856) Pause Remark 49M->49M(50M) 7.714ms
[1738.407s][info][gc] GC(856) Concurrent Sweep
[1738.410s][info][gc] GC(856) Concurrent Sweep 3.747ms
[1738.410s][info][gc] GC(856) Concurrent Reset
[1738.410s][info][gc] GC(856) Concurrent Reset 0.031ms
[1740.412s][info][gc] GC(857) Pause Initial Mark 49M->49M(50M) 1.296ms
[1740.412s][info][gc] GC(857) Concurrent Mark
[1740.426s][info][gc] GC(857) Concurrent Mark 13.510ms
[1740.426s][info][gc] GC(857) Concurrent Preclean
[1740.426s][info][gc] GC(857) Concurrent Preclean 0.137ms
[1740.426s][info][gc] GC(857) Concurrent Abortable Preclean
[1740.426s][info][gc] GC(857) Concurrent Abortable Preclean 0.034ms
[1740.431s][info][gc] GC(857) Pause Remark 49M->49M(50M) 5.239ms
[1740.431s][info][gc] GC(857) Concurrent Sweep
[1740.435s][info][gc] GC(857) Concurrent Sweep 3.872ms
[1740.435s][info][gc] GC(857) Concurrent Reset
[1740.435s][info][gc] GC(857) Concurrent Reset 0.031ms
[1742.437s][info][gc] GC(858) Pause Initial Mark 49M->49M(50M) 1.088ms
[1742.437s][info][gc] GC(858) Concurrent Mark
[1742.452s][info][gc] GC(858) Concurrent Mark 14.330ms
[1742.452s][info][gc] GC(858) Concurrent Preclean
[1742.452s][info][gc] GC(858) Concurrent Preclean 0.152ms
[1742.452s][info][gc] GC(858) Concurrent Abortable Preclean
[1742.452s][info][gc] GC(858) Concurrent Abortable Preclean 0.018ms
[1742.459s][info][gc] GC(858) Pause Remark 49M->49M(50M) 6.816ms
[1742.459s][info][gc] GC(858) Concurrent Sweep
[1742.463s][info][gc] GC(858) Concurrent Sweep 3.912ms
[1742.463s][info][gc] GC(858) Concurrent Reset
[1742.463s][info][gc] GC(858) Concurrent Reset 0.036ms
[1744.465s][info][gc] GC(859) Pause Initial Mark 49M->49M(50M) 1.926ms
[1744.465s][info][gc] GC(859) Concurrent Mark
[1744.489s][info][gc] GC(859) Concurrent Mark 23.613ms
[1744.489s][info][gc] GC(859) Concurrent Preclean
[1744.489s][info][gc] GC(859) Concurrent Preclean 0.203ms
[1744.489s][info][gc] GC(859) Concurrent Abortable Preclean
[1744.489s][info][gc] GC(859) Concurrent Abortable Preclean 0.024ms
[1744.496s][info][gc] GC(859) Pause Remark 49M->49M(50M) 6.597ms
[1744.496s][info][gc] GC(859) Concurrent Sweep
[1744.499s][info][gc] GC(859) Concurrent Sweep 3.462ms
[1744.500s][info][gc] GC(859) Concurrent Reset
[1744.500s][info][gc] GC(859) Concurrent Reset 0.033ms
[1746.500s][info][gc] GC(860) Pause Initial Mark 49M->49M(50M) 0.740ms
[1746.500s][info][gc] GC(860) Concurrent Mark
[1746.512s][info][gc] GC(860) Concurrent Mark 11.166ms
[1746.512s][info][gc] GC(860) Concurrent Preclean
[1746.512s][info][gc] GC(860) Concurrent Preclean 0.138ms
[1746.512s][info][gc] GC(860) Concurrent Abortable Preclean
[1746.512s][info][gc] GC(860) Concurrent Abortable Preclean 0.016ms
[1746.518s][info][gc] GC(860) Pause Remark 49M->49M(50M) 5.892ms
[1746.518s][info][gc] GC(860) Concurrent Sweep
[1746.523s][info][gc] GC(860) Concurrent Sweep 4.697ms
[1746.523s][info][gc] GC(860) Concurrent Reset
[1746.523s][info][gc] GC(860) Concurrent Reset 0.040ms
[1748.524s][info][gc] GC(861) Pause Initial Mark 49M->49M(50M) 0.948ms
[1748.524s][info][gc] GC(861) Concurrent Mark
[1748.541s][info][gc] GC(861) Concurrent Mark 17.089ms
[1748.541s][info][gc] GC(861) Concurrent Preclean
[1748.541s][info][gc] GC(861) Concurrent Preclean 0.153ms
[1748.541s][info][gc] GC(861) Concurrent Abortable Preclean
[1748.541s][info][gc] GC(861) Concurrent Abortable Preclean 0.017ms
[1748.548s][info][gc] GC(861) Pause Remark 49M->49M(50M) 6.496ms
[1748.548s][info][gc] GC(861) Concurrent Sweep
[1748.551s][info][gc] GC(861) Concurrent Sweep 3.249ms
[1748.551s][info][gc] GC(861) Concurrent Reset
[1748.551s][info][gc] GC(861) Concurrent Reset 0.031ms
[1750.552s][info][gc] GC(862) Pause Initial Mark 49M->49M(50M) 0.896ms
[1750.552s][info][gc] GC(862) Concurrent Mark
[1750.564s][info][gc] GC(862) Concurrent Mark 11.868ms
[1750.564s][info][gc] GC(862) Concurrent Preclean
[1750.564s][info][gc] GC(862) Concurrent Preclean 0.144ms
[1750.564s][info][gc] GC(862) Concurrent Abortable Preclean
[1750.564s][info][gc] GC(862) Concurrent Abortable Preclean 0.019ms
[1750.571s][info][gc] GC(862) Pause Remark 49M->49M(50M) 6.905ms
[1750.571s][info][gc] GC(862) Concurrent Sweep
[1750.575s][info][gc] GC(862) Concurrent Sweep 3.754ms
[1750.575s][info][gc] GC(862) Concurrent Reset
[1750.575s][info][gc] GC(862) Concurrent Reset 0.035ms
[1752.581s][info][gc] GC(863) Pause Initial Mark 49M->49M(50M) 1.324ms
[1752.582s][info][gc] GC(863) Concurrent Mark
[1752.594s][info][gc] GC(863) Concurrent Mark 12.059ms
[1752.594s][info][gc] GC(863) Concurrent Preclean
[1752.594s][info][gc] GC(863) Concurrent Preclean 0.166ms
[1752.594s][info][gc] GC(863) Concurrent Abortable Preclean
[1752.594s][info][gc] GC(863) Concurrent Abortable Preclean 0.020ms
[1752.600s][info][gc] GC(863) Pause Remark 49M->49M(50M) 5.586ms
[1752.600s][info][gc] GC(863) Concurrent Sweep
[1752.603s][info][gc] GC(863) Concurrent Sweep 3.250ms
[1752.603s][info][gc] GC(863) Concurrent Reset
[1752.603s][info][gc] GC(863) Concurrent Reset 0.033ms
[1754.610s][info][gc] GC(864) Pause Initial Mark 49M->49M(50M) 1.324ms
[1754.610s][info][gc] GC(864) Concurrent Mark
[1754.622s][info][gc] GC(864) Concurrent Mark 12.193ms
[1754.622s][info][gc] GC(864) Concurrent Preclean
[1754.622s][info][gc] GC(864) Concurrent Preclean 0.145ms
[1754.622s][info][gc] GC(864) Concurrent Abortable Preclean
[1754.622s][info][gc] GC(864) Concurrent Abortable Preclean 0.019ms
[1754.628s][info][gc] GC(864) Pause Remark 49M->49M(50M) 5.421ms
[1754.628s][info][gc] GC(864) Concurrent Sweep
[1754.631s][info][gc] GC(864) Concurrent Sweep 3.303ms
[1754.631s][info][gc] GC(864) Concurrent Reset
[1754.631s][info][gc] GC(864) Concurrent Reset 0.033ms
[1756.634s][info][gc] GC(865) Pause Initial Mark 49M->49M(50M) 1.235ms
[1756.634s][info][gc] GC(865) Concurrent Mark
[1756.646s][info][gc] GC(865) Concurrent Mark 11.966ms
[1756.646s][info][gc] GC(865) Concurrent Preclean
[1756.646s][info][gc] GC(865) Concurrent Preclean 0.140ms
[1756.646s][info][gc] GC(865) Concurrent Abortable Preclean
[1756.646s][info][gc] GC(865) Concurrent Abortable Preclean 0.019ms
[1756.652s][info][gc] GC(865) Pause Remark 49M->49M(50M) 5.382ms
[1756.652s][info][gc] GC(865) Concurrent Sweep
[1756.655s][info][gc] GC(865) Concurrent Sweep 3.264ms
[1756.655s][info][gc] GC(865) Concurrent Reset
[1756.655s][info][gc] GC(865) Concurrent Reset 0.032ms
[1758.657s][info][gc] GC(866) Pause Initial Mark 49M->49M(50M) 1.292ms
[1758.657s][info][gc] GC(866) Concurrent Mark
[1758.669s][info][gc] GC(866) Concurrent Mark 11.983ms
[1758.669s][info][gc] GC(866) Concurrent Preclean
[1758.669s][info][gc] GC(866) Concurrent Preclean 0.150ms
[1758.669s][info][gc] GC(866) Concurrent Abortable Preclean
[1758.669s][info][gc] GC(866) Concurrent Abortable Preclean 0.019ms
[1758.675s][info][gc] GC(866) Pause Remark 49M->49M(50M) 5.533ms
[1758.675s][info][gc] GC(866) Concurrent Sweep
[1758.678s][info][gc] GC(866) Concurrent Sweep 3.038ms
[1758.678s][info][gc] GC(866) Concurrent Reset
[1758.678s][info][gc] GC(866) Concurrent Reset 0.030ms
[1760.680s][info][gc] GC(867) Pause Initial Mark 49M->49M(50M) 2.475ms
[1760.680s][info][gc] GC(867) Concurrent Mark
[1760.696s][info][gc] GC(867) Concurrent Mark 15.628ms
[1760.696s][info][gc] GC(867) Concurrent Preclean
[1760.696s][info][gc] GC(867) Concurrent Preclean 0.227ms
[1760.696s][info][gc] GC(867) Concurrent Abortable Preclean
[1760.696s][info][gc] GC(867) Concurrent Abortable Preclean 0.026ms
[1760.708s][info][gc] GC(867) Pause Remark 49M->49M(50M) 11.873ms
[1760.708s][info][gc] GC(867) Concurrent Sweep
[1760.712s][info][gc] GC(867) Concurrent Sweep 3.679ms
[1760.712s][info][gc] GC(867) Concurrent Reset
[1760.712s][info][gc] GC(867) Concurrent Reset 0.038ms
[1762.729s][info][gc] GC(868) Pause Initial Mark 49M->49M(50M) 6.543ms
[1762.733s][info][gc] GC(868) Concurrent Mark
[1762.754s][info][gc] GC(868) Concurrent Mark 20.833ms
[1762.754s][info][gc] GC(868) Concurrent Preclean
[1762.754s][info][gc] GC(868) Concurrent Preclean 0.218ms
[1762.754s][info][gc] GC(868) Concurrent Abortable Preclean
[1762.754s][info][gc] GC(868) Concurrent Abortable Preclean 0.065ms
[1762.762s][info][gc] GC(868) Pause Remark 49M->49M(50M) 8.004ms
[1762.762s][info][gc] GC(868) Concurrent Sweep
[1762.770s][info][gc] GC(868) Concurrent Sweep 7.335ms
[1762.770s][info][gc] GC(868) Concurrent Reset
[1762.770s][info][gc] GC(868) Concurrent Reset 0.033ms
[1764.771s][info][gc] GC(869) Pause Initial Mark 49M->49M(50M) 1.116ms
[1764.771s][info][gc] GC(869) Concurrent Mark
[1764.783s][info][gc] GC(869) Concurrent Mark 11.946ms
[1764.783s][info][gc] GC(869) Concurrent Preclean
[1764.783s][info][gc] GC(869) Concurrent Preclean 0.148ms
[1764.783s][info][gc] GC(869) Concurrent Abortable Preclean
[1764.783s][info][gc] GC(869) Concurrent Abortable Preclean 0.018ms
[1764.789s][info][gc] GC(869) Pause Remark 49M->49M(50M) 5.585ms
[1764.789s][info][gc] GC(869) Concurrent Sweep
[1764.792s][info][gc] GC(869) Concurrent Sweep 3.033ms
[1764.792s][info][gc] GC(869) Concurrent Reset
[1764.792s][info][gc] GC(869) Concurrent Reset 0.030ms
[1766.793s][info][gc] GC(870) Pause Initial Mark 49M->49M(50M) 1.313ms
[1766.793s][info][gc] GC(870) Concurrent Mark
[1766.805s][info][gc] GC(870) Concurrent Mark 12.013ms
[1766.806s][info][gc] GC(870) Concurrent Preclean
[1766.806s][info][gc] GC(870) Concurrent Preclean 0.160ms
[1766.806s][info][gc] GC(870) Concurrent Abortable Preclean
[1766.806s][info][gc] GC(870) Concurrent Abortable Preclean 0.020ms
[1766.812s][info][gc] GC(870) Pause Remark 49M->49M(50M) 5.675ms
[1766.812s][info][gc] GC(870) Concurrent Sweep
[1766.815s][info][gc] GC(870) Concurrent Sweep 3.282ms
[1766.815s][info][gc] GC(870) Concurrent Reset
[1766.815s][info][gc] GC(870) Concurrent Reset 0.032ms
[1768.819s][info][gc] GC(871) Pause Initial Mark 49M->49M(50M) 1.661ms
[1768.819s][info][gc] GC(871) Concurrent Mark
[1768.831s][info][gc] GC(871) Concurrent Mark 12.013ms
[1768.831s][info][gc] GC(871) Concurrent Preclean
[1768.831s][info][gc] GC(871) Concurrent Preclean 0.159ms
[1768.831s][info][gc] GC(871) Concurrent Abortable Preclean
[1768.831s][info][gc] GC(871) Concurrent Abortable Preclean 0.019ms
[1768.837s][info][gc] GC(871) Pause Remark 49M->49M(50M) 5.923ms
[1768.837s][info][gc] GC(871) Concurrent Sweep
[1768.841s][info][gc] GC(871) Concurrent Sweep 3.205ms
[1768.841s][info][gc] GC(871) Concurrent Reset
[1768.841s][info][gc] GC(871) Concurrent Reset 0.031ms
[1770.843s][info][gc] GC(872) Pause Initial Mark 49M->49M(50M) 1.267ms
[1770.843s][info][gc] GC(872) Concurrent Mark
[1770.855s][info][gc] GC(872) Concurrent Mark 12.220ms
[1770.855s][info][gc] GC(872) Concurrent Preclean
[1770.855s][info][gc] GC(872) Concurrent Preclean 0.160ms
[1770.855s][info][gc] GC(872) Concurrent Abortable Preclean
[1770.855s][info][gc] GC(872) Concurrent Abortable Preclean 0.020ms
[1770.861s][info][gc] GC(872) Pause Remark 49M->49M(50M) 5.658ms
[1770.861s][info][gc] GC(872) Concurrent Sweep
[1770.864s][info][gc] GC(872) Concurrent Sweep 3.205ms
[1770.864s][info][gc] GC(872) Concurrent Reset
[1770.864s][info][gc] GC(872) Concurrent Reset 0.030ms
[1772.870s][info][gc] GC(873) Pause Initial Mark 49M->49M(50M) 1.910ms
[1772.870s][info][gc] GC(873) Concurrent Mark
[1772.883s][info][gc] GC(873) Concurrent Mark 13.186ms
[1772.883s][info][gc] GC(873) Concurrent Preclean
[1772.883s][info][gc] GC(873) Concurrent Preclean 0.152ms
[1772.883s][info][gc] GC(873) Concurrent Abortable Preclean
[1772.883s][info][gc] GC(873) Concurrent Abortable Preclean 0.019ms
[1772.890s][info][gc] GC(873) Pause Remark 49M->49M(50M) 6.890ms
[1772.890s][info][gc] GC(873) Concurrent Sweep
[1772.894s][info][gc] GC(873) Concurrent Sweep 3.400ms
[1772.894s][info][gc] GC(873) Concurrent Reset
[1772.894s][info][gc] GC(873) Concurrent Reset 0.031ms
[1774.897s][info][gc] GC(874) Pause Initial Mark 49M->49M(50M) 1.288ms
[1774.897s][info][gc] GC(874) Concurrent Mark
[1774.908s][info][gc] GC(874) Concurrent Mark 11.085ms
[1774.908s][info][gc] GC(874) Concurrent Preclean
[1774.909s][info][gc] GC(874) Concurrent Preclean 0.142ms
[1774.909s][info][gc] GC(874) Concurrent Abortable Preclean
[1774.909s][info][gc] GC(874) Concurrent Abortable Preclean 0.017ms
[1774.914s][info][gc] GC(874) Pause Remark 49M->49M(50M) 5.153ms
[1774.914s][info][gc] GC(874) Concurrent Sweep
[1774.917s][info][gc] GC(874) Concurrent Sweep 3.063ms
[1774.917s][info][gc] GC(874) Concurrent Reset
[1774.917s][info][gc] GC(874) Concurrent Reset 0.030ms
[1776.919s][info][gc] GC(875) Pause Initial Mark 49M->49M(50M) 1.292ms
[1776.919s][info][gc] GC(875) Concurrent Mark
[1776.931s][info][gc] GC(875) Concurrent Mark 11.995ms
[1776.931s][info][gc] GC(875) Concurrent Preclean
[1776.931s][info][gc] GC(875) Concurrent Preclean 0.157ms
[1776.931s][info][gc] GC(875) Concurrent Abortable Preclean
[1776.931s][info][gc] GC(875) Concurrent Abortable Preclean 0.020ms
[1776.937s][info][gc] GC(875) Pause Remark 49M->49M(50M) 5.577ms
[1776.937s][info][gc] GC(875) Concurrent Sweep
[1776.940s][info][gc] GC(875) Concurrent Sweep 3.260ms
[1776.940s][info][gc] GC(875) Concurrent Reset
[1776.940s][info][gc] GC(875) Concurrent Reset 0.033ms
[1778.942s][info][gc] GC(876) Pause Initial Mark 49M->49M(50M) 1.632ms
[1778.942s][info][gc] GC(876) Concurrent Mark
[1778.955s][info][gc] GC(876) Concurrent Mark 12.956ms
[1778.955s][info][gc] GC(876) Concurrent Preclean
[1778.956s][info][gc] GC(876) Concurrent Preclean 0.172ms
[1778.956s][info][gc] GC(876) Concurrent Abortable Preclean
[1778.956s][info][gc] GC(876) Concurrent Abortable Preclean 0.024ms
[1778.962s][info][gc] GC(876) Pause Remark 49M->49M(50M) 6.036ms
[1778.962s][info][gc] GC(876) Concurrent Sweep
[1778.965s][info][gc] GC(876) Concurrent Sweep 3.162ms
[1778.965s][info][gc] GC(876) Concurrent Reset
[1778.965s][info][gc] GC(876) Concurrent Reset 0.031ms
[1780.969s][info][gc] GC(877) Pause Initial Mark 49M->49M(50M) 1.284ms
[1780.969s][info][gc] GC(877) Concurrent Mark
[1780.981s][info][gc] GC(877) Concurrent Mark 12.379ms
[1780.982s][info][gc] GC(877) Concurrent Preclean
[1780.982s][info][gc] GC(877) Concurrent Preclean 0.142ms
[1780.982s][info][gc] GC(877) Concurrent Abortable Preclean
[1780.982s][info][gc] GC(877) Concurrent Abortable Preclean 0.018ms
[1780.987s][info][gc] GC(877) Pause Remark 49M->49M(50M) 5.580ms
[1780.988s][info][gc] GC(877) Concurrent Sweep
[1780.991s][info][gc] GC(877) Concurrent Sweep 3.365ms
[1780.991s][info][gc] GC(877) Concurrent Reset
[1780.991s][info][gc] GC(877) Concurrent Reset 0.033ms
[1782.997s][info][gc] GC(878) Pause Initial Mark 49M->49M(50M) 1.547ms
[1782.997s][info][gc] GC(878) Concurrent Mark
[1783.009s][info][gc] GC(878) Concurrent Mark 12.366ms
[1783.010s][info][gc] GC(878) Concurrent Preclean
[1783.010s][info][gc] GC(878) Concurrent Preclean 0.146ms
[1783.010s][info][gc] GC(878) Concurrent Abortable Preclean
[1783.010s][info][gc] GC(878) Concurrent Abortable Preclean 0.018ms
[1783.016s][info][gc] GC(878) Pause Remark 49M->49M(50M) 6.586ms
[1783.017s][info][gc] GC(878) Concurrent Sweep
[1783.020s][info][gc] GC(878) Concurrent Sweep 3.091ms
[1783.020s][info][gc] GC(878) Concurrent Reset
[1783.020s][info][gc] GC(878) Concurrent Reset 0.044ms
[1785.021s][info][gc] GC(879) Pause Initial Mark 49M->49M(50M) 0.722ms
[1785.021s][info][gc] GC(879) Concurrent Mark
[1785.033s][info][gc] GC(879) Concurrent Mark 11.968ms
[1785.033s][info][gc] GC(879) Concurrent Preclean
[1785.033s][info][gc] GC(879) Concurrent Preclean 0.133ms
[1785.033s][info][gc] GC(879) Concurrent Abortable Preclean
[1785.033s][info][gc] GC(879) Concurrent Abortable Preclean 0.016ms
[1785.038s][info][gc] GC(879) Pause Remark 49M->49M(50M) 4.997ms
[1785.038s][info][gc] GC(879) Concurrent Sweep
[1785.041s][info][gc] GC(879) Concurrent Sweep 3.144ms
[1785.041s][info][gc] GC(879) Concurrent Reset
[1785.041s][info][gc] GC(879) Concurrent Reset 0.031ms
[1787.042s][info][gc] GC(880) Pause Initial Mark 49M->49M(50M) 1.135ms
[1787.042s][info][gc] GC(880) Concurrent Mark
[1787.054s][info][gc] GC(880) Concurrent Mark 11.977ms
[1787.054s][info][gc] GC(880) Concurrent Preclean
[1787.054s][info][gc] GC(880) Concurrent Preclean 0.140ms
[1787.054s][info][gc] GC(880) Concurrent Abortable Preclean
[1787.054s][info][gc] GC(880) Concurrent Abortable Preclean 0.018ms
[1787.060s][info][gc] GC(880) Pause Remark 49M->49M(50M) 5.679ms
[1787.060s][info][gc] GC(880) Concurrent Sweep
[1787.064s][info][gc] GC(880) Concurrent Sweep 3.297ms
[1787.064s][info][gc] GC(880) Concurrent Reset
[1787.064s][info][gc] GC(880) Concurrent Reset 0.033ms
[1789.065s][info][gc] GC(881) Pause Initial Mark 49M->49M(50M) 1.227ms
[1789.065s][info][gc] GC(881) Concurrent Mark
[1789.079s][info][gc] GC(881) Concurrent Mark 13.776ms
[1789.079s][info][gc] GC(881) Concurrent Preclean
[1789.079s][info][gc] GC(881) Concurrent Preclean 0.156ms
[1789.079s][info][gc] GC(881) Concurrent Abortable Preclean
[1789.079s][info][gc] GC(881) Concurrent Abortable Preclean 0.019ms
[1789.086s][info][gc] GC(881) Pause Remark 49M->49M(50M) 6.573ms
[1789.086s][info][gc] GC(881) Concurrent Sweep
[1789.089s][info][gc] GC(881) Concurrent Sweep 3.076ms
[1789.089s][info][gc] GC(881) Concurrent Reset
[1789.089s][info][gc] GC(881) Concurrent Reset 0.030ms
[1791.097s][info][gc] GC(882) Pause Initial Mark 49M->49M(50M) 1.423ms
[1791.097s][info][gc] GC(882) Concurrent Mark
[1791.109s][info][gc] GC(882) Concurrent Mark 11.519ms
[1791.109s][info][gc] GC(882) Concurrent Preclean
[1791.109s][info][gc] GC(882) Concurrent Preclean 0.140ms
[1791.109s][info][gc] GC(882) Concurrent Abortable Preclean
[1791.109s][info][gc] GC(882) Concurrent Abortable Preclean 0.018ms
[1791.115s][info][gc] GC(882) Pause Remark 49M->49M(50M) 6.263ms
[1791.115s][info][gc] GC(882) Concurrent Sweep
[1791.121s][info][gc] GC(882) Concurrent Sweep 5.588ms
[1791.121s][info][gc] GC(882) Concurrent Reset
[1791.121s][info][gc] GC(882) Concurrent Reset 0.094ms
[1793.124s][info][gc] GC(883) Pause Initial Mark 49M->49M(50M) 1.375ms
[1793.124s][info][gc] GC(883) Concurrent Mark
[1793.136s][info][gc] GC(883) Concurrent Mark 12.234ms
[1793.136s][info][gc] GC(883) Concurrent Preclean
[1793.137s][info][gc] GC(883) Concurrent Preclean 0.151ms
[1793.137s][info][gc] GC(883) Concurrent Abortable Preclean
[1793.137s][info][gc] GC(883) Concurrent Abortable Preclean 0.019ms
[1793.142s][info][gc] GC(883) Pause Remark 49M->49M(50M) 5.528ms
[1793.142s][info][gc] GC(883) Concurrent Sweep
[1793.145s][info][gc] GC(883) Concurrent Sweep 3.082ms
[1793.146s][info][gc] GC(883) Concurrent Reset
[1793.146s][info][gc] GC(883) Concurrent Reset 0.031ms
[1795.150s][info][gc] GC(884) Pause Initial Mark 49M->49M(50M) 0.922ms
[1795.150s][info][gc] GC(884) Concurrent Mark
[1795.162s][info][gc] GC(884) Concurrent Mark 12.698ms
[1795.163s][info][gc] GC(884) Concurrent Preclean
[1795.163s][info][gc] GC(884) Concurrent Preclean 0.469ms
[1795.163s][info][gc] GC(884) Concurrent Abortable Preclean
[1795.163s][info][gc] GC(884) Concurrent Abortable Preclean 0.046ms
[1795.173s][info][gc] GC(884) Pause Remark 49M->49M(50M) 8.940ms
[1795.173s][info][gc] GC(884) Concurrent Sweep
[1795.177s][info][gc] GC(884) Concurrent Sweep 4.022ms
[1795.177s][info][gc] GC(884) Concurrent Reset
[1795.177s][info][gc] GC(884) Concurrent Reset 0.034ms
[1797.179s][info][gc] GC(885) Pause Initial Mark 49M->49M(50M) 1.278ms
[1797.179s][info][gc] GC(885) Concurrent Mark
[1797.191s][info][gc] GC(885) Concurrent Mark 12.229ms
[1797.191s][info][gc] GC(885) Concurrent Preclean
[1797.191s][info][gc] GC(885) Concurrent Preclean 0.147ms
[1797.191s][info][gc] GC(885) Concurrent Abortable Preclean
[1797.191s][info][gc] GC(885) Concurrent Abortable Preclean 0.019ms
[1797.197s][info][gc] GC(885) Pause Remark 49M->49M(50M) 5.641ms
[1797.197s][info][gc] GC(885) Concurrent Sweep
[1797.200s][info][gc] GC(885) Concurrent Sweep 3.237ms
[1797.200s][info][gc] GC(885) Concurrent Reset
[1797.200s][info][gc] GC(885) Concurrent Reset 0.031ms
[1799.201s][info][gc] GC(886) Pause Initial Mark 49M->49M(50M) 1.330ms
[1799.201s][info][gc] GC(886) Concurrent Mark
[1799.214s][info][gc] GC(886) Concurrent Mark 12.272ms
[1799.214s][info][gc] GC(886) Concurrent Preclean
[1799.214s][info][gc] GC(886) Concurrent Preclean 0.154ms
[1799.214s][info][gc] GC(886) Concurrent Abortable Preclean
[1799.214s][info][gc] GC(886) Concurrent Abortable Preclean 0.019ms
[1799.219s][info][gc] GC(886) Pause Remark 49M->49M(50M) 5.431ms
[1799.220s][info][gc] GC(886) Concurrent Sweep
[1799.223s][info][gc] GC(886) Concurrent Sweep 3.233ms
[1799.223s][info][gc] GC(886) Concurrent Reset
[1799.223s][info][gc] GC(886) Concurrent Reset 0.032ms
[1801.228s][info][gc] GC(887) Pause Initial Mark 49M->49M(50M) 1.319ms
[1801.228s][info][gc] GC(887) Concurrent Mark
[1801.240s][info][gc] GC(887) Concurrent Mark 11.983ms
[1801.240s][info][gc] GC(887) Concurrent Preclean
[1801.241s][info][gc] GC(887) Concurrent Preclean 0.143ms
[1801.241s][info][gc] GC(887) Concurrent Abortable Preclean
[1801.241s][info][gc] GC(887) Concurrent Abortable Preclean 0.019ms
[1801.250s][info][gc] GC(887) Pause Remark 49M->49M(50M) 8.836ms
[1801.250s][info][gc] GC(887) Concurrent Sweep
[1801.254s][info][gc] GC(887) Concurrent Sweep 4.362ms
[1801.254s][info][gc] GC(887) Concurrent Reset
[1801.254s][info][gc] GC(887) Concurrent Reset 0.121ms
[1803.257s][info][gc] GC(888) Pause Initial Mark 49M->49M(50M) 1.368ms
[1803.257s][info][gc] GC(888) Concurrent Mark
[1803.272s][info][gc] GC(888) Concurrent Mark 15.071ms
[1803.272s][info][gc] GC(888) Concurrent Preclean
[1803.272s][info][gc] GC(888) Concurrent Preclean 0.154ms
[1803.272s][info][gc] GC(888) Concurrent Abortable Preclean
[1803.272s][info][gc] GC(888) Concurrent Abortable Preclean 0.019ms
[1803.278s][info][gc] GC(888) Pause Remark 49M->49M(50M) 5.733ms
[1803.278s][info][gc] GC(888) Concurrent Sweep
[1803.282s][info][gc] GC(888) Concurrent Sweep 3.384ms
[1803.282s][info][gc] GC(888) Concurrent Reset
[1803.282s][info][gc] GC(888) Concurrent Reset 0.032ms
[1805.287s][info][gc] GC(889) Pause Initial Mark 49M->49M(50M) 2.519ms
[1805.287s][info][gc] GC(889) Concurrent Mark
[1805.299s][info][gc] GC(889) Concurrent Mark 12.409ms
[1805.299s][info][gc] GC(889) Concurrent Preclean
[1805.299s][info][gc] GC(889) Concurrent Preclean 0.144ms
[1805.299s][info][gc] GC(889) Concurrent Abortable Preclean
[1805.299s][info][gc] GC(889) Concurrent Abortable Preclean 0.018ms
[1805.306s][info][gc] GC(889) Pause Remark 49M->49M(50M) 6.864ms
[1805.307s][info][gc] GC(889) Concurrent Sweep
[1805.310s][info][gc] GC(889) Concurrent Sweep 3.974ms
[1805.311s][info][gc] GC(889) Concurrent Reset
[1805.311s][info][gc] GC(889) Concurrent Reset 0.032ms
[1807.315s][info][gc] GC(890) Pause Initial Mark 49M->49M(50M) 1.051ms
[1807.315s][info][gc] GC(890) Concurrent Mark
[1807.327s][info][gc] GC(890) Concurrent Mark 12.077ms
[1807.327s][info][gc] GC(890) Concurrent Preclean
[1807.327s][info][gc] GC(890) Concurrent Preclean 0.148ms
[1807.327s][info][gc] GC(890) Concurrent Abortable Preclean
[1807.327s][info][gc] GC(890) Concurrent Abortable Preclean 0.019ms
[1807.333s][info][gc] GC(890) Pause Remark 49M->49M(50M) 5.518ms
[1807.333s][info][gc] GC(890) Concurrent Sweep
[1807.336s][info][gc] GC(890) Concurrent Sweep 3.024ms
[1807.336s][info][gc] GC(890) Concurrent Reset
[1807.336s][info][gc] GC(890) Concurrent Reset 0.030ms
[1809.341s][info][gc] GC(891) Pause Initial Mark 49M->49M(50M) 1.264ms
[1809.341s][info][gc] GC(891) Concurrent Mark
[1809.353s][info][gc] GC(891) Concurrent Mark 11.924ms
[1809.353s][info][gc] GC(891) Concurrent Preclean
[1809.353s][info][gc] GC(891) Concurrent Preclean 0.157ms
[1809.353s][info][gc] GC(891) Concurrent Abortable Preclean
[1809.353s][info][gc] GC(891) Concurrent Abortable Preclean 0.019ms
[1809.358s][info][gc] GC(891) Pause Remark 49M->49M(50M) 5.399ms
[1809.358s][info][gc] GC(891) Concurrent Sweep
[1809.362s][info][gc] GC(891) Concurrent Sweep 3.237ms
[1809.362s][info][gc] GC(891) Concurrent Reset
[1809.362s][info][gc] GC(891) Concurrent Reset 0.034ms
[1811.367s][info][gc] GC(892) Pause Initial Mark 49M->49M(50M) 1.277ms
[1811.368s][info][gc] GC(892) Concurrent Mark
[1811.380s][info][gc] GC(892) Concurrent Mark 11.954ms
[1811.380s][info][gc] GC(892) Concurrent Preclean
[1811.380s][info][gc] GC(892) Concurrent Preclean 0.144ms
[1811.380s][info][gc] GC(892) Concurrent Abortable Preclean
[1811.380s][info][gc] GC(892) Concurrent Abortable Preclean 0.018ms
[1811.386s][info][gc] GC(892) Pause Remark 49M->49M(50M) 5.608ms
[1811.386s][info][gc] GC(892) Concurrent Sweep
[1811.389s][info][gc] GC(892) Concurrent Sweep 3.203ms
[1811.389s][info][gc] GC(892) Concurrent Reset
[1811.389s][info][gc] GC(892) Concurrent Reset 0.031ms
[1813.391s][info][gc] GC(893) Pause Initial Mark 49M->49M(50M) 1.030ms
[1813.391s][info][gc] GC(893) Concurrent Mark
[1813.403s][info][gc] GC(893) Concurrent Mark 11.938ms
[1813.403s][info][gc] GC(893) Concurrent Preclean
[1813.403s][info][gc] GC(893) Concurrent Preclean 0.144ms
[1813.403s][info][gc] GC(893) Concurrent Abortable Preclean
[1813.403s][info][gc] GC(893) Concurrent Abortable Preclean 0.018ms
[1813.409s][info][gc] GC(893) Pause Remark 49M->49M(50M) 5.518ms
[1813.409s][info][gc] GC(893) Concurrent Sweep
[1813.412s][info][gc] GC(893) Concurrent Sweep 3.214ms
[1813.412s][info][gc] GC(893) Concurrent Reset
[1813.412s][info][gc] GC(893) Concurrent Reset 0.031ms
[1815.416s][info][gc] GC(894) Pause Initial Mark 49M->49M(50M) 0.715ms
[1815.417s][info][gc] GC(894) Concurrent Mark
[1815.426s][info][gc] GC(894) Concurrent Mark 9.658ms
[1815.426s][info][gc] GC(894) Concurrent Preclean
[1815.426s][info][gc] GC(894) Concurrent Preclean 0.152ms
[1815.426s][info][gc] GC(894) Concurrent Abortable Preclean
[1815.426s][info][gc] GC(894) Concurrent Abortable Preclean 0.017ms
[1815.433s][info][gc] GC(894) Pause Remark 49M->49M(50M) 6.234ms
[1815.433s][info][gc] GC(894) Concurrent Sweep
[1815.436s][info][gc] GC(894) Concurrent Sweep 3.068ms
[1815.436s][info][gc] GC(894) Concurrent Reset
[1815.436s][info][gc] GC(894) Concurrent Reset 0.031ms
[1815.720s][info][gc] GC(896) Pause Full (Allocation Failure) 49M->47M(50M) 51.812ms
[1815.720s][info][gc] GC(895) Pause Young (Allocation Failure) 49M->47M(50M) 51.945ms
[1815.721s][info][gc] GC(897) Pause Initial Mark 48M->48M(50M) 0.311ms
[1815.721s][info][gc] GC(897) Concurrent Mark
[1815.730s][info][gc] GC(897) Concurrent Mark 9.277ms
[1815.758s][info][gc] GC(898) Pause Full (Allocation Failure) 48M->47M(50M) 35.868ms
[1815.785s][info][gc] GC(899) Pause Full (Allocation Failure) 47M->47M(50M) 27.453ms
[1817.789s][info][gc] GC(900) Pause Initial Mark 48M->48M(50M) 0.877ms
[1817.789s][info][gc] GC(900) Concurrent Mark
[1817.801s][info][gc] GC(900) Concurrent Mark 12.204ms
[1817.801s][info][gc] GC(900) Concurrent Preclean
[1817.809s][info][gc] GC(900) Concurrent Preclean 7.978ms
[1817.809s][info][gc] GC(900) Concurrent Abortable Preclean
[1817.809s][info][gc] GC(900) Concurrent Abortable Preclean 0.014ms
[1817.814s][info][gc] GC(900) Pause Remark 48M->48M(50M) 4.754ms
[1817.814s][info][gc] GC(900) Concurrent Sweep
[1817.817s][info][gc] GC(900) Concurrent Sweep 3.058ms
[1817.817s][info][gc] GC(900) Concurrent Reset
[1817.817s][info][gc] GC(900) Concurrent Reset 0.029ms
[1819.817s][info][gc] GC(901) Pause Initial Mark 48M->48M(50M) 0.885ms
[1819.818s][info][gc] GC(901) Concurrent Mark
[1819.830s][info][gc] GC(901) Concurrent Mark 12.068ms
[1819.830s][info][gc] GC(901) Concurrent Preclean
[1819.830s][info][gc] GC(901) Concurrent Preclean 0.187ms
[1819.830s][info][gc] GC(901) Concurrent Abortable Preclean
[1819.830s][info][gc] GC(901) Concurrent Abortable Preclean 0.029ms
[1819.835s][info][gc] GC(901) Pause Remark 48M->48M(50M) 5.181ms
[1819.835s][info][gc] GC(901) Concurrent Sweep
[1819.839s][info][gc] GC(901) Concurrent Sweep 3.238ms
[1819.839s][info][gc] GC(901) Concurrent Reset
[1819.839s][info][gc] GC(901) Concurrent Reset 0.031ms
[1821.845s][info][gc] GC(902) Pause Initial Mark 48M->48M(50M) 0.941ms
[1821.845s][info][gc] GC(902) Concurrent Mark
[1821.858s][info][gc] GC(902) Concurrent Mark 12.123ms
[1821.858s][info][gc] GC(902) Concurrent Preclean
[1821.858s][info][gc] GC(902) Concurrent Preclean 0.162ms
[1821.858s][info][gc] GC(902) Concurrent Abortable Preclean
[1821.858s][info][gc] GC(902) Concurrent Abortable Preclean 0.020ms
[1821.863s][info][gc] GC(902) Pause Remark 48M->48M(50M) 5.348ms
[1821.863s][info][gc] GC(902) Concurrent Sweep
[1821.867s][info][gc] GC(902) Concurrent Sweep 3.239ms
[1821.867s][info][gc] GC(902) Concurrent Reset
[1821.867s][info][gc] GC(902) Concurrent Reset 0.033ms
[1823.868s][info][gc] GC(903) Pause Initial Mark 48M->48M(50M) 0.801ms
[1823.868s][info][gc] GC(903) Concurrent Mark
[1823.880s][info][gc] GC(903) Concurrent Mark 12.162ms
[1823.880s][info][gc] GC(903) Concurrent Preclean
[1823.880s][info][gc] GC(903) Concurrent Preclean 0.188ms
[1823.880s][info][gc] GC(903) Concurrent Abortable Preclean
[1823.880s][info][gc] GC(903) Concurrent Abortable Preclean 0.019ms
[1823.885s][info][gc] GC(903) Pause Remark 48M->48M(50M) 5.171ms
[1823.886s][info][gc] GC(903) Concurrent Sweep
[1823.889s][info][gc] GC(903) Concurrent Sweep 3.034ms
[1823.889s][info][gc] GC(903) Concurrent Reset
[1823.889s][info][gc] GC(903) Concurrent Reset 0.029ms
[1825.889s][info][gc] GC(904) Pause Initial Mark 48M->48M(50M) 0.727ms
[1825.889s][info][gc] GC(904) Concurrent Mark
[1825.900s][info][gc] GC(904) Concurrent Mark 11.046ms
[1825.900s][info][gc] GC(904) Concurrent Preclean
[1825.900s][info][gc] GC(904) Concurrent Preclean 0.152ms
[1825.900s][info][gc] GC(904) Concurrent Abortable Preclean
[1825.900s][info][gc] GC(904) Concurrent Abortable Preclean 0.018ms
[1825.906s][info][gc] GC(904) Pause Remark 48M->48M(50M) 5.043ms
[1825.906s][info][gc] GC(904) Concurrent Sweep
[1825.909s][info][gc] GC(904) Concurrent Sweep 3.204ms
[1825.909s][info][gc] GC(904) Concurrent Reset
[1825.909s][info][gc] GC(904) Concurrent Reset 0.031ms
[1827.915s][info][gc] GC(905) Pause Initial Mark 48M->48M(50M) 0.864ms
[1827.915s][info][gc] GC(905) Concurrent Mark
[1827.927s][info][gc] GC(905) Concurrent Mark 12.191ms
[1827.927s][info][gc] GC(905) Concurrent Preclean
[1827.927s][info][gc] GC(905) Concurrent Preclean 0.173ms
[1827.927s][info][gc] GC(905) Concurrent Abortable Preclean
[1827.927s][info][gc] GC(905) Concurrent Abortable Preclean 0.020ms
[1827.933s][info][gc] GC(905) Pause Remark 48M->48M(50M) 5.239ms
[1827.933s][info][gc] GC(905) Concurrent Sweep
[1827.936s][info][gc] GC(905) Concurrent Sweep 3.312ms
[1827.936s][info][gc] GC(905) Concurrent Reset
[1827.936s][info][gc] GC(905) Concurrent Reset 0.033ms
[1829.938s][info][gc] GC(906) Pause Initial Mark 48M->48M(50M) 1.382ms
[1829.939s][info][gc] GC(906) Concurrent Mark
[1829.950s][info][gc] GC(906) Concurrent Mark 11.374ms
[1829.950s][info][gc] GC(906) Concurrent Preclean
[1829.950s][info][gc] GC(906) Concurrent Preclean 0.145ms
[1829.950s][info][gc] GC(906) Concurrent Abortable Preclean
[1829.950s][info][gc] GC(906) Concurrent Abortable Preclean 0.019ms
[1829.956s][info][gc] GC(906) Pause Remark 48M->48M(50M) 5.295ms
[1829.956s][info][gc] GC(906) Concurrent Sweep
[1829.959s][info][gc] GC(906) Concurrent Sweep 3.269ms
[1829.959s][info][gc] GC(906) Concurrent Reset
[1829.959s][info][gc] GC(906) Concurrent Reset 0.032ms
[1831.965s][info][gc] GC(907) Pause Initial Mark 48M->48M(50M) 0.870ms
[1831.965s][info][gc] GC(907) Concurrent Mark
[1831.977s][info][gc] GC(907) Concurrent Mark 12.694ms
[1831.977s][info][gc] GC(907) Concurrent Preclean
[1831.978s][info][gc] GC(907) Concurrent Preclean 0.166ms
[1831.978s][info][gc] GC(907) Concurrent Abortable Preclean
[1831.978s][info][gc] GC(907) Concurrent Abortable Preclean 0.021ms
[1831.983s][info][gc] GC(907) Pause Remark 48M->48M(50M) 5.177ms
[1831.983s][info][gc] GC(907) Concurrent Sweep
[1831.986s][info][gc] GC(907) Concurrent Sweep 3.103ms
[1831.986s][info][gc] GC(907) Concurrent Reset
[1831.986s][info][gc] GC(907) Concurrent Reset 0.030ms
[1832.193s][info][gc] GC(909) Pause Full (Allocation Failure) 48M->47M(50M) 39.408ms
[1832.193s][info][gc] GC(908) Pause Young (Allocation Failure) 48M->47M(50M) 39.543ms
[1832.222s][info][gc] GC(910) Pause Full (Allocation Failure) 47M->47M(50M) 28.767ms
[1832.222s][info][gc] GC(911) Pause Initial Mark 47M->47M(50M) 0.297ms
[1832.222s][info][gc] GC(911) Concurrent Mark
[1832.234s][info][gc] GC(911) Concurrent Mark 11.742ms
[1832.234s][info][gc] GC(911) Concurrent Preclean
[1832.242s][info][gc] GC(911) Concurrent Preclean 7.455ms
[1832.242s][info][gc] GC(911) Concurrent Abortable Preclean
[1832.242s][info][gc] GC(911) Concurrent Abortable Preclean 0.014ms
[1832.248s][info][gc] GC(911) Pause Remark 48M->48M(50M) 6.191ms
[1832.248s][info][gc] GC(911) Concurrent Sweep
[1832.251s][info][gc] GC(911) Concurrent Sweep 3.194ms
[1832.251s][info][gc] GC(911) Concurrent Reset
[1832.251s][info][gc] GC(911) Concurrent Reset 0.038ms
[1834.254s][info][gc] GC(912) Pause Initial Mark 48M->48M(50M) 0.747ms
[1834.254s][info][gc] GC(912) Concurrent Mark
[1834.266s][info][gc] GC(912) Concurrent Mark 11.943ms
[1834.266s][info][gc] GC(912) Concurrent Preclean
[1834.266s][info][gc] GC(912) Concurrent Preclean 0.140ms
[1834.266s][info][gc] GC(912) Concurrent Abortable Preclean
[1834.266s][info][gc] GC(912) Concurrent Abortable Preclean 0.016ms
[1834.272s][info][gc] GC(912) Pause Remark 48M->48M(50M) 5.242ms
[1834.272s][info][gc] GC(912) Concurrent Sweep
[1834.275s][info][gc] GC(912) Concurrent Sweep 3.006ms
[1834.275s][info][gc] GC(912) Concurrent Reset
[1834.275s][info][gc] GC(912) Concurrent Reset 0.030ms
[1836.280s][info][gc] GC(913) Pause Initial Mark 48M->48M(50M) 0.886ms
[1836.280s][info][gc] GC(913) Concurrent Mark
[1836.295s][info][gc] GC(913) Concurrent Mark 14.700ms
[1836.295s][info][gc] GC(913) Concurrent Preclean
[1836.295s][info][gc] GC(913) Concurrent Preclean 0.145ms
[1836.295s][info][gc] GC(913) Concurrent Abortable Preclean
[1836.295s][info][gc] GC(913) Concurrent Abortable Preclean 0.019ms
[1836.300s][info][gc] GC(913) Pause Remark 48M->48M(50M) 5.186ms
[1836.300s][info][gc] GC(913) Concurrent Sweep
[1836.303s][info][gc] GC(913) Concurrent Sweep 3.234ms
[1836.304s][info][gc] GC(913) Concurrent Reset
[1836.304s][info][gc] GC(913) Concurrent Reset 0.032ms
[1838.306s][info][gc] GC(914) Pause Initial Mark 48M->48M(50M) 0.593ms
[1838.306s][info][gc] GC(914) Concurrent Mark
[1838.318s][info][gc] GC(914) Concurrent Mark 12.194ms
[1838.318s][info][gc] GC(914) Concurrent Preclean
[1838.319s][info][gc] GC(914) Concurrent Preclean 0.279ms
[1838.319s][info][gc] GC(914) Concurrent Abortable Preclean
[1838.319s][info][gc] GC(914) Concurrent Abortable Preclean 0.020ms
[1838.325s][info][gc] GC(914) Pause Remark 48M->48M(50M) 5.806ms
[1838.325s][info][gc] GC(914) Concurrent Sweep
[1838.329s][info][gc] GC(914) Concurrent Sweep 3.789ms
[1838.329s][info][gc] GC(914) Concurrent Reset
[1838.329s][info][gc] GC(914) Concurrent Reset 0.031ms
[1840.331s][info][gc] GC(915) Pause Initial Mark 48M->48M(50M) 0.910ms
[1840.332s][info][gc] GC(915) Concurrent Mark
[1840.344s][info][gc] GC(915) Concurrent Mark 12.144ms
[1840.344s][info][gc] GC(915) Concurrent Preclean
[1840.344s][info][gc] GC(915) Concurrent Preclean 0.146ms
[1840.344s][info][gc] GC(915) Concurrent Abortable Preclean
[1840.344s][info][gc] GC(915) Concurrent Abortable Preclean 0.019ms
[1840.349s][info][gc] GC(915) Pause Remark 48M->48M(50M) 5.274ms
[1840.349s][info][gc] GC(915) Concurrent Sweep
[1840.353s][info][gc] GC(915) Concurrent Sweep 3.321ms
[1840.353s][info][gc] GC(915) Concurrent Reset
[1840.353s][info][gc] GC(915) Concurrent Reset 0.048ms
[1842.354s][info][gc] GC(916) Pause Initial Mark 48M->48M(50M) 1.210ms
[1842.354s][info][gc] GC(916) Concurrent Mark
[1842.366s][info][gc] GC(916) Concurrent Mark 12.442ms
[1842.366s][info][gc] GC(916) Concurrent Preclean
[1842.367s][info][gc] GC(916) Concurrent Preclean 0.145ms
[1842.367s][info][gc] GC(916) Concurrent Abortable Preclean
[1842.367s][info][gc] GC(916) Concurrent Abortable Preclean 0.018ms
[1842.373s][info][gc] GC(916) Pause Remark 48M->48M(50M) 6.448ms
[1842.373s][info][gc] GC(916) Concurrent Sweep
[1842.377s][info][gc] GC(916) Concurrent Sweep 3.628ms
[1842.377s][info][gc] GC(916) Concurrent Reset
[1842.377s][info][gc] GC(916) Concurrent Reset 0.032ms
[1844.381s][info][gc] GC(917) Pause Initial Mark 48M->48M(50M) 0.512ms
[1844.381s][info][gc] GC(917) Concurrent Mark
[1844.401s][info][gc] GC(917) Concurrent Mark 20.435ms
[1844.401s][info][gc] GC(917) Concurrent Preclean
[1844.402s][info][gc] GC(917) Concurrent Preclean 0.179ms
[1844.402s][info][gc] GC(917) Concurrent Abortable Preclean
[1844.402s][info][gc] GC(917) Concurrent Abortable Preclean 0.023ms
[1844.425s][info][gc] GC(917) Pause Remark 48M->48M(50M) 22.172ms
[1844.426s][info][gc] GC(917) Concurrent Sweep
[1844.432s][info][gc] GC(917) Concurrent Sweep 6.339ms
[1844.433s][info][gc] GC(917) Concurrent Reset
[1844.433s][info][gc] GC(917) Concurrent Reset 0.078ms
[1846.435s][info][gc] GC(918) Pause Initial Mark 48M->48M(50M) 0.839ms
[1846.435s][info][gc] GC(918) Concurrent Mark
[1846.447s][info][gc] GC(918) Concurrent Mark 12.040ms
[1846.447s][info][gc] GC(918) Concurrent Preclean
[1846.447s][info][gc] GC(918) Concurrent Preclean 0.162ms
[1846.447s][info][gc] GC(918) Concurrent Abortable Preclean
[1846.447s][info][gc] GC(918) Concurrent Abortable Preclean 0.020ms
[1846.453s][info][gc] GC(918) Pause Remark 48M->48M(50M) 5.386ms
[1846.453s][info][gc] GC(918) Concurrent Sweep
[1846.456s][info][gc] GC(918) Concurrent Sweep 3.247ms
[1846.456s][info][gc] GC(918) Concurrent Reset
[1846.456s][info][gc] GC(918) Concurrent Reset 0.032ms
[1848.461s][info][gc] GC(919) Pause Initial Mark 48M->48M(50M) 0.729ms
[1848.461s][info][gc] GC(919) Concurrent Mark
[1848.473s][info][gc] GC(919) Concurrent Mark 11.744ms
[1848.473s][info][gc] GC(919) Concurrent Preclean
[1848.473s][info][gc] GC(919) Concurrent Preclean 0.154ms
[1848.473s][info][gc] GC(919) Concurrent Abortable Preclean
[1848.473s][info][gc] GC(919) Concurrent Abortable Preclean 0.019ms
[1848.480s][info][gc] GC(919) Pause Remark 48M->48M(50M) 6.700ms
[1848.480s][info][gc] GC(919) Concurrent Sweep
[1848.483s][info][gc] GC(919) Concurrent Sweep 3.070ms
[1848.483s][info][gc] GC(919) Concurrent Reset
[1848.483s][info][gc] GC(919) Concurrent Reset 0.030ms
[1850.483s][info][gc] GC(920) Pause Initial Mark 48M->48M(50M) 0.557ms
[1850.484s][info][gc] GC(920) Concurrent Mark
[1850.495s][info][gc] GC(920) Concurrent Mark 11.716ms
[1850.495s][info][gc] GC(920) Concurrent Preclean
[1850.495s][info][gc] GC(920) Concurrent Preclean 0.146ms
[1850.496s][info][gc] GC(920) Concurrent Abortable Preclean
[1850.496s][info][gc] GC(920) Concurrent Abortable Preclean 0.084ms
[1850.501s][info][gc] GC(920) Pause Remark 48M->48M(50M) 5.596ms
[1850.501s][info][gc] GC(920) Concurrent Sweep
[1850.505s][info][gc] GC(920) Concurrent Sweep 3.324ms
[1850.505s][info][gc] GC(920) Concurrent Reset
[1850.505s][info][gc] GC(920) Concurrent Reset 0.050ms
[1852.506s][info][gc] GC(921) Pause Initial Mark 48M->48M(50M) 0.633ms
[1852.506s][info][gc] GC(921) Concurrent Mark
[1852.520s][info][gc] GC(921) Concurrent Mark 13.819ms
[1852.520s][info][gc] GC(921) Concurrent Preclean
[1852.520s][info][gc] GC(921) Concurrent Preclean 0.157ms
[1852.520s][info][gc] GC(921) Concurrent Abortable Preclean
[1852.520s][info][gc] GC(921) Concurrent Abortable Preclean 0.019ms
[1852.526s][info][gc] GC(921) Pause Remark 48M->48M(50M) 5.916ms
[1852.526s][info][gc] GC(921) Concurrent Sweep
[1852.529s][info][gc] GC(921) Concurrent Sweep 3.151ms
[1852.529s][info][gc] GC(921) Concurrent Reset
[1852.529s][info][gc] GC(921) Concurrent Reset 0.030ms
[1854.533s][info][gc] GC(922) Pause Initial Mark 48M->48M(50M) 2.308ms
[1854.533s][info][gc] GC(922) Concurrent Mark
[1854.549s][info][gc] GC(922) Concurrent Mark 16.098ms
[1854.549s][info][gc] GC(922) Concurrent Preclean
[1854.550s][info][gc] GC(922) Concurrent Preclean 0.252ms
[1854.550s][info][gc] GC(922) Concurrent Abortable Preclean
[1854.550s][info][gc] GC(922) Concurrent Abortable Preclean 0.023ms
[1854.576s][info][gc] GC(922) Pause Remark 48M->48M(50M) 20.271ms
[1854.581s][info][gc] GC(922) Concurrent Sweep
[1854.586s][info][gc] GC(922) Concurrent Sweep 5.436ms
[1854.586s][info][gc] GC(922) Concurrent Reset
[1854.586s][info][gc] GC(922) Concurrent Reset 0.041ms
[1856.588s][info][gc] GC(923) Pause Initial Mark 48M->48M(50M) 0.910ms
[1856.588s][info][gc] GC(923) Concurrent Mark
[1856.600s][info][gc] GC(923) Concurrent Mark 12.068ms
[1856.600s][info][gc] GC(923) Concurrent Preclean
[1856.600s][info][gc] GC(923) Concurrent Preclean 0.146ms
[1856.600s][info][gc] GC(923) Concurrent Abortable Preclean
[1856.600s][info][gc] GC(923) Concurrent Abortable Preclean 0.019ms
[1856.606s][info][gc] GC(923) Pause Remark 48M->48M(50M) 5.185ms
[1856.606s][info][gc] GC(923) Concurrent Sweep
[1856.609s][info][gc] GC(923) Concurrent Sweep 3.295ms
[1856.609s][info][gc] GC(923) Concurrent Reset
[1856.609s][info][gc] GC(923) Concurrent Reset 0.032ms
[1858.612s][info][gc] GC(924) Pause Initial Mark 48M->48M(50M) 0.852ms
[1858.612s][info][gc] GC(924) Concurrent Mark
[1858.625s][info][gc] GC(924) Concurrent Mark 12.271ms
[1858.625s][info][gc] GC(924) Concurrent Preclean
[1858.625s][info][gc] GC(924) Concurrent Preclean 0.174ms
[1858.625s][info][gc] GC(924) Concurrent Abortable Preclean
[1858.625s][info][gc] GC(924) Concurrent Abortable Preclean 0.020ms
[1858.630s][info][gc] GC(924) Pause Remark 48M->48M(50M) 5.219ms
[1858.631s][info][gc] GC(924) Concurrent Sweep
[1858.634s][info][gc] GC(924) Concurrent Sweep 3.279ms
[1858.634s][info][gc] GC(924) Concurrent Reset
[1858.634s][info][gc] GC(924) Concurrent Reset 0.032ms
[1859.132s][info][gc] GC(926) Pause Full (Allocation Failure) 48M->47M(50M) 42.731ms
[1859.132s][info][gc] GC(925) Pause Young (Allocation Failure) 48M->47M(50M) 42.921ms
[1859.161s][info][gc] GC(927) Pause Full (Allocation Failure) 47M->47M(50M) 28.560ms
[1859.161s][info][gc] GC(928) Pause Initial Mark 47M->47M(50M) 0.336ms
[1859.161s][info][gc] GC(928) Concurrent Mark
[1859.175s][info][gc] GC(928) Concurrent Mark 13.248ms
[1859.175s][info][gc] GC(928) Concurrent Preclean
[1859.187s][info][gc] GC(928) Concurrent Preclean 12.093ms
[1859.187s][info][gc] GC(928) Concurrent Abortable Preclean
[1859.187s][info][gc] GC(928) Concurrent Abortable Preclean 0.024ms
[1859.194s][info][gc] GC(928) Pause Remark 48M->48M(50M) 7.391ms
[1859.195s][info][gc] GC(928) Concurrent Sweep
[1859.199s][info][gc] GC(928) Concurrent Sweep 4.541ms
[1859.199s][info][gc] GC(928) Concurrent Reset
[1859.199s][info][gc] GC(928) Concurrent Reset 0.047ms
[1861.205s][info][gc] GC(929) Pause Initial Mark 48M->48M(50M) 1.129ms
[1861.206s][info][gc] GC(929) Concurrent Mark
[1861.217s][info][gc] GC(929) Concurrent Mark 11.736ms
[1861.217s][info][gc] GC(929) Concurrent Preclean
[1861.218s][info][gc] GC(929) Concurrent Preclean 0.150ms
[1861.218s][info][gc] GC(929) Concurrent Abortable Preclean
[1861.218s][info][gc] GC(929) Concurrent Abortable Preclean 0.042ms
[1861.223s][info][gc] GC(929) Pause Remark 48M->48M(50M) 5.098ms
[1861.223s][info][gc] GC(929) Concurrent Sweep
[1861.226s][info][gc] GC(929) Concurrent Sweep 3.208ms
[1861.226s][info][gc] GC(929) Concurrent Reset
[1861.226s][info][gc] GC(929) Concurrent Reset 0.029ms
[1863.230s][info][gc] GC(930) Pause Initial Mark 48M->48M(50M) 0.878ms
[1863.231s][info][gc] GC(930) Concurrent Mark
[1863.244s][info][gc] GC(930) Concurrent Mark 13.157ms
[1863.244s][info][gc] GC(930) Concurrent Preclean
[1863.244s][info][gc] GC(930) Concurrent Preclean 0.150ms
[1863.244s][info][gc] GC(930) Concurrent Abortable Preclean
[1863.244s][info][gc] GC(930) Concurrent Abortable Preclean 0.016ms
[1863.249s][info][gc] GC(930) Pause Remark 48M->48M(50M) 5.188ms
[1863.249s][info][gc] GC(930) Concurrent Sweep
[1863.253s][info][gc] GC(930) Concurrent Sweep 3.236ms
[1863.253s][info][gc] GC(930) Concurrent Reset
[1863.253s][info][gc] GC(930) Concurrent Reset 0.030ms
[1865.253s][info][gc] GC(931) Pause Initial Mark 48M->48M(50M) 0.548ms
[1865.253s][info][gc] GC(931) Concurrent Mark
[1865.266s][info][gc] GC(931) Concurrent Mark 13.095ms
[1865.266s][info][gc] GC(931) Concurrent Preclean
[1865.266s][info][gc] GC(931) Concurrent Preclean 0.170ms
[1865.266s][info][gc] GC(931) Concurrent Abortable Preclean
[1865.266s][info][gc] GC(931) Concurrent Abortable Preclean 0.017ms
[1865.272s][info][gc] GC(931) Pause Remark 48M->48M(50M) 5.006ms
[1865.272s][info][gc] GC(931) Concurrent Sweep
[1865.276s][info][gc] GC(931) Concurrent Sweep 4.144ms
[1865.276s][info][gc] GC(931) Concurrent Reset
[1865.276s][info][gc] GC(931) Concurrent Reset 0.044ms
[1867.277s][info][gc] GC(932) Pause Initial Mark 48M->48M(50M) 0.703ms
[1867.277s][info][gc] GC(932) Concurrent Mark
[1867.290s][info][gc] GC(932) Concurrent Mark 12.890ms
[1867.290s][info][gc] GC(932) Concurrent Preclean
[1867.291s][info][gc] GC(932) Concurrent Preclean 0.161ms
[1867.291s][info][gc] GC(932) Concurrent Abortable Preclean
[1867.291s][info][gc] GC(932) Concurrent Abortable Preclean 0.019ms
[1867.296s][info][gc] GC(932) Pause Remark 48M->48M(50M) 5.228ms
[1867.296s][info][gc] GC(932) Concurrent Sweep
[1867.299s][info][gc] GC(932) Concurrent Sweep 3.269ms
[1867.299s][info][gc] GC(932) Concurrent Reset
[1867.299s][info][gc] GC(932) Concurrent Reset 0.032ms
[1869.304s][info][gc] GC(933) Pause Initial Mark 48M->48M(50M) 0.641ms
[1869.305s][info][gc] GC(933) Concurrent Mark
[1869.318s][info][gc] GC(933) Concurrent Mark 13.678ms
[1869.318s][info][gc] GC(933) Concurrent Preclean
[1869.318s][info][gc] GC(933) Concurrent Preclean 0.162ms
[1869.318s][info][gc] GC(933) Concurrent Abortable Preclean
[1869.319s][info][gc] GC(933) Concurrent Abortable Preclean 0.019ms
[1869.325s][info][gc] GC(933) Pause Remark 48M->48M(50M) 6.373ms
[1869.325s][info][gc] GC(933) Concurrent Sweep
[1869.328s][info][gc] GC(933) Concurrent Sweep 3.106ms
[1869.328s][info][gc] GC(933) Concurrent Reset
[1869.328s][info][gc] GC(933) Concurrent Reset 0.043ms
[1871.330s][info][gc] GC(934) Pause Initial Mark 48M->48M(50M) 1.167ms
[1871.330s][info][gc] GC(934) Concurrent Mark
[1871.343s][info][gc] GC(934) Concurrent Mark 13.514ms
[1871.344s][info][gc] GC(934) Concurrent Preclean
[1871.344s][info][gc] GC(934) Concurrent Preclean 0.279ms
[1871.344s][info][gc] GC(934) Concurrent Abortable Preclean
[1871.345s][info][gc] GC(934) Concurrent Abortable Preclean 0.048ms
[1871.351s][info][gc] GC(934) Pause Remark 48M->48M(50M) 6.255ms
[1871.351s][info][gc] GC(934) Concurrent Sweep
[1871.356s][info][gc] GC(934) Concurrent Sweep 4.859ms
[1871.356s][info][gc] GC(934) Concurrent Reset
[1871.356s][info][gc] GC(934) Concurrent Reset 0.044ms
[1873.357s][info][gc] GC(935) Pause Initial Mark 48M->48M(50M) 1.243ms
[1873.358s][info][gc] GC(935) Concurrent Mark
[1873.376s][info][gc] GC(935) Concurrent Mark 18.836ms
[1873.377s][info][gc] GC(935) Concurrent Preclean
[1873.377s][info][gc] GC(935) Concurrent Preclean 0.211ms
[1873.377s][info][gc] GC(935) Concurrent Abortable Preclean
[1873.377s][info][gc] GC(935) Concurrent Abortable Preclean 0.028ms
[1873.389s][info][gc] GC(935) Pause Remark 48M->48M(50M) 11.908ms
[1873.389s][info][gc] GC(935) Concurrent Sweep
[1873.397s][info][gc] GC(935) Concurrent Sweep 8.326ms
[1873.398s][info][gc] GC(935) Concurrent Reset
[1873.398s][info][gc] GC(935) Concurrent Reset 0.063ms
[1875.398s][info][gc] GC(936) Pause Initial Mark 48M->48M(50M) 0.509ms
[1875.398s][info][gc] GC(936) Concurrent Mark
[1875.414s][info][gc] GC(936) Concurrent Mark 15.219ms
[1875.414s][info][gc] GC(936) Concurrent Preclean
[1875.414s][info][gc] GC(936) Concurrent Preclean 0.154ms
[1875.414s][info][gc] GC(936) Concurrent Abortable Preclean
[1875.414s][info][gc] GC(936) Concurrent Abortable Preclean 0.016ms
[1875.424s][info][gc] GC(936) Pause Remark 48M->48M(50M) 10.410ms
[1875.425s][info][gc] GC(936) Concurrent Sweep
[1875.434s][info][gc] GC(936) Concurrent Sweep 8.906ms
[1875.434s][info][gc] GC(936) Concurrent Reset
[1875.434s][info][gc] GC(936) Concurrent Reset 0.031ms
[1877.434s][info][gc] GC(937) Pause Initial Mark 48M->48M(50M) 0.662ms
[1877.434s][info][gc] GC(937) Concurrent Mark
[1877.454s][info][gc] GC(937) Concurrent Mark 19.068ms
[1877.454s][info][gc] GC(937) Concurrent Preclean
[1877.454s][info][gc] GC(937) Concurrent Preclean 0.194ms
[1877.454s][info][gc] GC(937) Concurrent Abortable Preclean
[1877.454s][info][gc] GC(937) Concurrent Abortable Preclean 0.026ms
[1877.464s][info][gc] GC(937) Pause Remark 48M->48M(50M) 9.816ms
[1877.464s][info][gc] GC(937) Concurrent Sweep
[1877.468s][info][gc] GC(937) Concurrent Sweep 3.972ms
[1877.468s][info][gc] GC(937) Concurrent Reset
[1877.468s][info][gc] GC(937) Concurrent Reset 0.031ms
[1879.471s][info][gc] GC(938) Pause Initial Mark 48M->48M(50M) 1.149ms
[1879.471s][info][gc] GC(938) Concurrent Mark
[1879.488s][info][gc] GC(938) Concurrent Mark 16.098ms
[1879.488s][info][gc] GC(938) Concurrent Preclean
[1879.488s][info][gc] GC(938) Concurrent Preclean 0.434ms
[1879.488s][info][gc] GC(938) Concurrent Abortable Preclean
[1879.488s][info][gc] GC(938) Concurrent Abortable Preclean 0.026ms
[1879.497s][info][gc] GC(938) Pause Remark 48M->48M(50M) 9.075ms
[1879.497s][info][gc] GC(938) Concurrent Sweep
[1879.502s][info][gc] GC(938) Concurrent Sweep 4.269ms
[1879.502s][info][gc] GC(938) Concurrent Reset
[1879.502s][info][gc] GC(938) Concurrent Reset 0.044ms
[1881.503s][info][gc] GC(939) Pause Initial Mark 48M->48M(50M) 0.576ms
[1881.503s][info][gc] GC(939) Concurrent Mark
[1881.519s][info][gc] GC(939) Concurrent Mark 16.119ms
[1881.519s][info][gc] GC(939) Concurrent Preclean
[1881.519s][info][gc] GC(939) Concurrent Preclean 0.179ms
[1881.519s][info][gc] GC(939) Concurrent Abortable Preclean
[1881.520s][info][gc] GC(939) Concurrent Abortable Preclean 0.022ms
[1881.528s][info][gc] GC(939) Pause Remark 48M->48M(50M) 8.694ms
[1881.528s][info][gc] GC(939) Concurrent Sweep
[1881.533s][info][gc] GC(939) Concurrent Sweep 4.816ms
[1881.534s][info][gc] GC(939) Concurrent Reset
[1881.534s][info][gc] GC(939) Concurrent Reset 0.041ms
[1883.536s][info][gc] GC(940) Pause Initial Mark 48M->48M(50M) 0.726ms
[1883.537s][info][gc] GC(940) Concurrent Mark
[1883.551s][info][gc] GC(940) Concurrent Mark 14.830ms
[1883.551s][info][gc] GC(940) Concurrent Preclean
[1883.552s][info][gc] GC(940) Concurrent Preclean 0.170ms
[1883.552s][info][gc] GC(940) Concurrent Abortable Preclean
[1883.552s][info][gc] GC(940) Concurrent Abortable Preclean 0.020ms
[1883.557s][info][gc] GC(940) Pause Remark 48M->48M(50M) 5.421ms
[1883.557s][info][gc] GC(940) Concurrent Sweep
[1883.562s][info][gc] GC(940) Concurrent Sweep 4.255ms
[1883.562s][info][gc] GC(940) Concurrent Reset
[1883.562s][info][gc] GC(940) Concurrent Reset 0.031ms
[1885.562s][info][gc] GC(941) Pause Initial Mark 48M->48M(50M) 0.713ms
[1885.563s][info][gc] GC(941) Concurrent Mark
[1885.575s][info][gc] GC(941) Concurrent Mark 12.283ms
[1885.575s][info][gc] GC(941) Concurrent Preclean
[1885.575s][info][gc] GC(941) Concurrent Preclean 0.193ms
[1885.575s][info][gc] GC(941) Concurrent Abortable Preclean
[1885.575s][info][gc] GC(941) Concurrent Abortable Preclean 0.017ms
[1885.581s][info][gc] GC(941) Pause Remark 48M->48M(50M) 5.517ms
[1885.581s][info][gc] GC(941) Concurrent Sweep
[1885.584s][info][gc] GC(941) Concurrent Sweep 3.199ms
[1885.584s][info][gc] GC(941) Concurrent Reset
[1885.584s][info][gc] GC(941) Concurrent Reset 0.065ms
[1887.585s][info][gc] GC(942) Pause Initial Mark 48M->48M(50M) 0.902ms
[1887.585s][info][gc] GC(942) Concurrent Mark
[1887.596s][info][gc] GC(942) Concurrent Mark 10.586ms
[1887.596s][info][gc] GC(942) Concurrent Preclean
[1887.596s][info][gc] GC(942) Concurrent Preclean 0.151ms
[1887.596s][info][gc] GC(942) Concurrent Abortable Preclean
[1887.596s][info][gc] GC(942) Concurrent Abortable Preclean 0.016ms
[1887.607s][info][gc] GC(942) Pause Remark 48M->48M(50M) 10.108ms
[1887.607s][info][gc] GC(942) Concurrent Sweep
[1887.611s][info][gc] GC(942) Concurrent Sweep 4.135ms
[1887.611s][info][gc] GC(942) Concurrent Reset
[1887.611s][info][gc] GC(942) Concurrent Reset 0.045ms
[1889.613s][info][gc] GC(943) Pause Initial Mark 48M->48M(50M) 1.465ms
[1889.613s][info][gc] GC(943) Concurrent Mark
[1889.626s][info][gc] GC(943) Concurrent Mark 12.402ms
[1889.626s][info][gc] GC(943) Concurrent Preclean
[1889.626s][info][gc] GC(943) Concurrent Preclean 0.173ms
[1889.626s][info][gc] GC(943) Concurrent Abortable Preclean
[1889.626s][info][gc] GC(943) Concurrent Abortable Preclean 0.020ms
[1889.632s][info][gc] GC(943) Pause Remark 48M->48M(50M) 5.420ms
[1889.632s][info][gc] GC(943) Concurrent Sweep
[1889.635s][info][gc] GC(943) Concurrent Sweep 3.418ms
[1889.635s][info][gc] GC(943) Concurrent Reset
[1889.635s][info][gc] GC(943) Concurrent Reset 0.034ms
[1891.638s][info][gc] GC(944) Pause Initial Mark 48M->48M(50M) 0.797ms
[1891.638s][info][gc] GC(944) Concurrent Mark
[1891.651s][info][gc] GC(944) Concurrent Mark 12.569ms
[1891.651s][info][gc] GC(944) Concurrent Preclean
[1891.651s][info][gc] GC(944) Concurrent Preclean 0.138ms
[1891.651s][info][gc] GC(944) Concurrent Abortable Preclean
[1891.651s][info][gc] GC(944) Concurrent Abortable Preclean 0.024ms
[1891.657s][info][gc] GC(944) Pause Remark 48M->48M(50M) 5.867ms
[1891.657s][info][gc] GC(944) Concurrent Sweep
[1891.661s][info][gc] GC(944) Concurrent Sweep 4.061ms
[1891.661s][info][gc] GC(944) Concurrent Reset
[1891.662s][info][gc] GC(944) Concurrent Reset 0.055ms
[1893.662s][info][gc] GC(945) Pause Initial Mark 48M->48M(50M) 0.830ms
[1893.662s][info][gc] GC(945) Concurrent Mark
[1893.675s][info][gc] GC(945) Concurrent Mark 12.270ms
[1893.675s][info][gc] GC(945) Concurrent Preclean
[1893.675s][info][gc] GC(945) Concurrent Preclean 0.183ms
[1893.675s][info][gc] GC(945) Concurrent Abortable Preclean
[1893.675s][info][gc] GC(945) Concurrent Abortable Preclean 0.020ms
[1893.681s][info][gc] GC(945) Pause Remark 48M->48M(50M) 6.319ms
[1893.682s][info][gc] GC(945) Concurrent Sweep
[1893.685s][info][gc] GC(945) Concurrent Sweep 3.160ms
[1893.685s][info][gc] GC(945) Concurrent Reset
[1893.685s][info][gc] GC(945) Concurrent Reset 0.032ms
[1895.689s][info][gc] GC(946) Pause Initial Mark 48M->48M(50M) 0.909ms
[1895.689s][info][gc] GC(946) Concurrent Mark
[1895.702s][info][gc] GC(946) Concurrent Mark 12.460ms
[1895.702s][info][gc] GC(946) Concurrent Preclean
[1895.702s][info][gc] GC(946) Concurrent Preclean 0.153ms
[1895.702s][info][gc] GC(946) Concurrent Abortable Preclean
[1895.702s][info][gc] GC(946) Concurrent Abortable Preclean 0.019ms
[1895.707s][info][gc] GC(946) Pause Remark 48M->48M(50M) 5.365ms
[1895.708s][info][gc] GC(946) Concurrent Sweep
[1895.711s][info][gc] GC(946) Concurrent Sweep 3.146ms
[1895.711s][info][gc] GC(946) Concurrent Reset
[1895.711s][info][gc] GC(946) Concurrent Reset 0.030ms
[1897.714s][info][gc] GC(947) Pause Initial Mark 48M->48M(50M) 0.968ms
[1897.714s][info][gc] GC(947) Concurrent Mark
[1897.727s][info][gc] GC(947) Concurrent Mark 13.517ms
[1897.727s][info][gc] GC(947) Concurrent Preclean
[1897.728s][info][gc] GC(947) Concurrent Preclean 0.155ms
[1897.728s][info][gc] GC(947) Concurrent Abortable Preclean
[1897.728s][info][gc] GC(947) Concurrent Abortable Preclean 0.019ms
[1897.734s][info][gc] GC(947) Pause Remark 48M->48M(50M) 6.620ms
[1897.734s][info][gc] GC(947) Concurrent Sweep
[1897.738s][info][gc] GC(947) Concurrent Sweep 3.372ms
[1897.738s][info][gc] GC(947) Concurrent Reset
[1897.738s][info][gc] GC(947) Concurrent Reset 0.031ms
[1899.739s][info][gc] GC(948) Pause Initial Mark 48M->48M(50M) 0.504ms
[1899.740s][info][gc] GC(948) Concurrent Mark
[1899.752s][info][gc] GC(948) Concurrent Mark 12.549ms
[1899.752s][info][gc] GC(948) Concurrent Preclean
[1899.752s][info][gc] GC(948) Concurrent Preclean 0.152ms
[1899.752s][info][gc] GC(948) Concurrent Abortable Preclean
[1899.752s][info][gc] GC(948) Concurrent Abortable Preclean 0.017ms
[1899.760s][info][gc] GC(948) Pause Remark 48M->48M(50M) 7.387ms
[1899.760s][info][gc] GC(948) Concurrent Sweep
[1899.763s][info][gc] GC(948) Concurrent Sweep 3.339ms
[1899.763s][info][gc] GC(948) Concurrent Reset
[1899.764s][info][gc] GC(948) Concurrent Reset 0.043ms
[1901.765s][info][gc] GC(949) Pause Initial Mark 48M->48M(50M) 0.860ms
[1901.765s][info][gc] GC(949) Concurrent Mark
[1901.781s][info][gc] GC(949) Concurrent Mark 16.334ms
[1901.781s][info][gc] GC(949) Concurrent Preclean
[1901.781s][info][gc] GC(949) Concurrent Preclean 0.158ms
[1901.781s][info][gc] GC(949) Concurrent Abortable Preclean
[1901.781s][info][gc] GC(949) Concurrent Abortable Preclean 0.018ms
[1901.787s][info][gc] GC(949) Pause Remark 48M->48M(50M) 5.922ms
[1901.788s][info][gc] GC(949) Concurrent Sweep
[1901.791s][info][gc] GC(949) Concurrent Sweep 3.144ms
[1901.791s][info][gc] GC(949) Concurrent Reset
[1901.791s][info][gc] GC(949) Concurrent Reset 0.031ms
[1903.791s][info][gc] GC(950) Pause Initial Mark 48M->48M(50M) 0.626ms
[1903.791s][info][gc] GC(950) Concurrent Mark
[1903.806s][info][gc] GC(950) Concurrent Mark 14.753ms
[1903.806s][info][gc] GC(950) Concurrent Preclean
[1903.806s][info][gc] GC(950) Concurrent Preclean 0.175ms
[1903.807s][info][gc] GC(950) Concurrent Abortable Preclean
[1903.807s][info][gc] GC(950) Concurrent Abortable Preclean 0.022ms
[1903.815s][info][gc] GC(950) Pause Remark 48M->48M(50M) 8.174ms
[1903.815s][info][gc] GC(950) Concurrent Sweep
[1903.819s][info][gc] GC(950) Concurrent Sweep 4.283ms
[1903.819s][info][gc] GC(950) Concurrent Reset
[1903.819s][info][gc] GC(950) Concurrent Reset 0.045ms
[1905.824s][info][gc] GC(951) Pause Initial Mark 48M->48M(50M) 1.077ms
[1905.824s][info][gc] GC(951) Concurrent Mark
[1905.841s][info][gc] GC(951) Concurrent Mark 16.484ms
[1905.841s][info][gc] GC(951) Concurrent Preclean
[1905.841s][info][gc] GC(951) Concurrent Preclean 0.160ms
[1905.841s][info][gc] GC(951) Concurrent Abortable Preclean
[1905.841s][info][gc] GC(951) Concurrent Abortable Preclean 0.020ms
[1905.850s][info][gc] GC(951) Pause Remark 48M->48M(50M) 9.473ms
[1905.851s][info][gc] GC(951) Concurrent Sweep
[1905.854s][info][gc] GC(951) Concurrent Sweep 3.829ms
[1905.854s][info][gc] GC(951) Concurrent Reset
[1905.854s][info][gc] GC(951) Concurrent Reset 0.041ms
[1907.855s][info][gc] GC(952) Pause Initial Mark 48M->48M(50M) 0.451ms
[1907.855s][info][gc] GC(952) Concurrent Mark
[1907.866s][info][gc] GC(952) Concurrent Mark 11.709ms
[1907.866s][info][gc] GC(952) Concurrent Preclean
[1907.867s][info][gc] GC(952) Concurrent Preclean 0.182ms
[1907.867s][info][gc] GC(952) Concurrent Abortable Preclean
[1907.867s][info][gc] GC(952) Concurrent Abortable Preclean 0.017ms
[1907.873s][info][gc] GC(952) Pause Remark 48M->48M(50M) 5.889ms
[1907.873s][info][gc] GC(952) Concurrent Sweep
[1907.876s][info][gc] GC(952) Concurrent Sweep 3.035ms
[1907.876s][info][gc] GC(952) Concurrent Reset
[1907.876s][info][gc] GC(952) Concurrent Reset 0.030ms
[1909.879s][info][gc] GC(953) Pause Initial Mark 48M->48M(50M) 0.805ms
[1909.880s][info][gc] GC(953) Concurrent Mark
[1909.893s][info][gc] GC(953) Concurrent Mark 13.561ms
[1909.893s][info][gc] GC(953) Concurrent Preclean
[1909.894s][info][gc] GC(953) Concurrent Preclean 0.167ms
[1909.894s][info][gc] GC(953) Concurrent Abortable Preclean
[1909.894s][info][gc] GC(953) Concurrent Abortable Preclean 0.019ms
[1909.900s][info][gc] GC(953) Pause Remark 48M->48M(50M) 6.451ms
[1909.900s][info][gc] GC(953) Concurrent Sweep
[1909.903s][info][gc] GC(953) Concurrent Sweep 3.063ms
[1909.903s][info][gc] GC(953) Concurrent Reset
[1909.903s][info][gc] GC(953) Concurrent Reset 0.030ms
[1911.905s][info][gc] GC(954) Pause Initial Mark 48M->48M(50M) 0.706ms
[1911.905s][info][gc] GC(954) Concurrent Mark
[1911.917s][info][gc] GC(954) Concurrent Mark 11.960ms
[1911.917s][info][gc] GC(954) Concurrent Preclean
[1911.917s][info][gc] GC(954) Concurrent Preclean 0.146ms
[1911.917s][info][gc] GC(954) Concurrent Abortable Preclean
[1911.917s][info][gc] GC(954) Concurrent Abortable Preclean 0.019ms
[1911.922s][info][gc] GC(954) Pause Remark 48M->48M(50M) 5.063ms
[1911.922s][info][gc] GC(954) Concurrent Sweep
[1911.925s][info][gc] GC(954) Concurrent Sweep 3.092ms
[1911.925s][info][gc] GC(954) Concurrent Reset
[1911.925s][info][gc] GC(954) Concurrent Reset 0.030ms
[1913.929s][info][gc] GC(955) Pause Initial Mark 48M->48M(50M) 0.880ms
[1913.929s][info][gc] GC(955) Concurrent Mark
[1913.942s][info][gc] GC(955) Concurrent Mark 12.338ms
[1913.942s][info][gc] GC(955) Concurrent Preclean
[1913.942s][info][gc] GC(955) Concurrent Preclean 0.150ms
[1913.942s][info][gc] GC(955) Concurrent Abortable Preclean
[1913.942s][info][gc] GC(955) Concurrent Abortable Preclean 0.019ms
[1913.949s][info][gc] GC(955) Pause Remark 48M->48M(50M) 6.572ms
[1913.949s][info][gc] GC(955) Concurrent Sweep
[1913.952s][info][gc] GC(955) Concurrent Sweep 3.556ms
[1913.952s][info][gc] GC(955) Concurrent Reset
[1913.952s][info][gc] GC(955) Concurrent Reset 0.038ms
[1915.954s][info][gc] GC(956) Pause Initial Mark 48M->48M(50M) 0.902ms
[1915.954s][info][gc] GC(956) Concurrent Mark
[1915.967s][info][gc] GC(956) Concurrent Mark 13.063ms
[1915.967s][info][gc] GC(956) Concurrent Preclean
[1915.967s][info][gc] GC(956) Concurrent Preclean 0.149ms
[1915.967s][info][gc] GC(956) Concurrent Abortable Preclean
[1915.967s][info][gc] GC(956) Concurrent Abortable Preclean 0.019ms
[1915.973s][info][gc] GC(956) Pause Remark 48M->48M(50M) 5.172ms
[1915.973s][info][gc] GC(956) Concurrent Sweep
[1915.976s][info][gc] GC(956) Concurrent Sweep 3.440ms
[1915.976s][info][gc] GC(956) Concurrent Reset
[1915.976s][info][gc] GC(956) Concurrent Reset 0.035ms
[1917.977s][info][gc] GC(957) Pause Initial Mark 48M->48M(50M) 0.536ms
[1917.977s][info][gc] GC(957) Concurrent Mark
[1917.988s][info][gc] GC(957) Concurrent Mark 10.627ms
[1917.988s][info][gc] GC(957) Concurrent Preclean
[1917.988s][info][gc] GC(957) Concurrent Preclean 0.156ms
[1917.988s][info][gc] GC(957) Concurrent Abortable Preclean
[1917.988s][info][gc] GC(957) Concurrent Abortable Preclean 0.016ms
[1917.995s][info][gc] GC(957) Pause Remark 48M->48M(50M) 6.607ms
[1917.995s][info][gc] GC(957) Concurrent Sweep
[1917.998s][info][gc] GC(957) Concurrent Sweep 3.082ms
[1917.998s][info][gc] GC(957) Concurrent Reset
[1917.998s][info][gc] GC(957) Concurrent Reset 0.030ms
[1920.002s][info][gc] GC(958) Pause Initial Mark 48M->48M(50M) 0.753ms
[1920.002s][info][gc] GC(958) Concurrent Mark
[1920.015s][info][gc] GC(958) Concurrent Mark 13.292ms
[1920.015s][info][gc] GC(958) Concurrent Preclean
[1920.015s][info][gc] GC(958) Concurrent Preclean 0.147ms
[1920.015s][info][gc] GC(958) Concurrent Abortable Preclean
[1920.015s][info][gc] GC(958) Concurrent Abortable Preclean 0.019ms
[1920.021s][info][gc] GC(958) Pause Remark 48M->48M(50M) 5.157ms
[1920.021s][info][gc] GC(958) Concurrent Sweep
[1920.024s][info][gc] GC(958) Concurrent Sweep 3.122ms
[1920.024s][info][gc] GC(958) Concurrent Reset
[1920.024s][info][gc] GC(958) Concurrent Reset 0.031ms
[1922.029s][info][gc] GC(959) Pause Initial Mark 48M->48M(50M) 0.890ms
[1922.029s][info][gc] GC(959) Concurrent Mark
[1922.040s][info][gc] GC(959) Concurrent Mark 11.043ms
[1922.040s][info][gc] GC(959) Concurrent Preclean
[1922.040s][info][gc] GC(959) Concurrent Preclean 0.144ms
[1922.040s][info][gc] GC(959) Concurrent Abortable Preclean
[1922.040s][info][gc] GC(959) Concurrent Abortable Preclean 0.019ms
[1922.047s][info][gc] GC(959) Pause Remark 48M->48M(50M) 6.926ms
[1922.048s][info][gc] GC(959) Concurrent Sweep
[1922.052s][info][gc] GC(959) Concurrent Sweep 3.989ms
[1922.052s][info][gc] GC(959) Concurrent Reset
[1922.052s][info][gc] GC(959) Concurrent Reset 0.059ms
[1924.053s][info][gc] GC(960) Pause Initial Mark 48M->48M(50M) 1.500ms
[1924.053s][info][gc] GC(960) Concurrent Mark
[1924.065s][info][gc] GC(960) Concurrent Mark 12.227ms
[1924.065s][info][gc] GC(960) Concurrent Preclean
[1924.065s][info][gc] GC(960) Concurrent Preclean 0.274ms
[1924.065s][info][gc] GC(960) Concurrent Abortable Preclean
[1924.065s][info][gc] GC(960) Concurrent Abortable Preclean 0.019ms
[1924.071s][info][gc] GC(960) Pause Remark 48M->48M(50M) 5.305ms
[1924.071s][info][gc] GC(960) Concurrent Sweep
[1924.074s][info][gc] GC(960) Concurrent Sweep 3.087ms
[1924.074s][info][gc] GC(960) Concurrent Reset
[1924.074s][info][gc] GC(960) Concurrent Reset 0.042ms
[1926.078s][info][gc] GC(961) Pause Initial Mark 48M->48M(50M) 1.119ms
[1926.078s][info][gc] GC(961) Concurrent Mark
[1926.090s][info][gc] GC(961) Concurrent Mark 12.511ms
[1926.090s][info][gc] GC(961) Concurrent Preclean
[1926.091s][info][gc] GC(961) Concurrent Preclean 0.150ms
[1926.091s][info][gc] GC(961) Concurrent Abortable Preclean
[1926.091s][info][gc] GC(961) Concurrent Abortable Preclean 0.019ms
[1926.096s][info][gc] GC(961) Pause Remark 48M->48M(50M) 5.777ms
[1926.097s][info][gc] GC(961) Concurrent Sweep
[1926.100s][info][gc] GC(961) Concurrent Sweep 3.059ms
[1926.100s][info][gc] GC(961) Concurrent Reset
[1926.100s][info][gc] GC(961) Concurrent Reset 0.030ms
[1928.101s][info][gc] GC(962) Pause Initial Mark 48M->48M(50M) 0.625ms
[1928.101s][info][gc] GC(962) Concurrent Mark
[1928.112s][info][gc] GC(962) Concurrent Mark 11.171ms
[1928.112s][info][gc] GC(962) Concurrent Preclean
[1928.112s][info][gc] GC(962) Concurrent Preclean 0.170ms
[1928.112s][info][gc] GC(962) Concurrent Abortable Preclean
[1928.112s][info][gc] GC(962) Concurrent Abortable Preclean 0.020ms
[1928.117s][info][gc] GC(962) Pause Remark 48M->48M(50M) 5.209ms
[1928.118s][info][gc] GC(962) Concurrent Sweep
[1928.121s][info][gc] GC(962) Concurrent Sweep 3.139ms
[1928.121s][info][gc] GC(962) Concurrent Reset
[1928.121s][info][gc] GC(962) Concurrent Reset 0.031ms
[1930.126s][info][gc] GC(963) Pause Initial Mark 48M->48M(50M) 0.963ms
[1930.126s][info][gc] GC(963) Concurrent Mark
[1930.140s][info][gc] GC(963) Concurrent Mark 13.705ms
[1930.140s][info][gc] GC(963) Concurrent Preclean
[1930.140s][info][gc] GC(963) Concurrent Preclean 0.148ms
[1930.140s][info][gc] GC(963) Concurrent Abortable Preclean
[1930.140s][info][gc] GC(963) Concurrent Abortable Preclean 0.019ms
[1930.147s][info][gc] GC(963) Pause Remark 48M->48M(50M) 6.029ms
[1930.147s][info][gc] GC(963) Concurrent Sweep
[1930.150s][info][gc] GC(963) Concurrent Sweep 3.280ms
[1930.150s][info][gc] GC(963) Concurrent Reset
[1930.150s][info][gc] GC(963) Concurrent Reset 0.031ms
[1932.151s][info][gc] GC(964) Pause Initial Mark 48M->48M(50M) 0.670ms
[1932.151s][info][gc] GC(964) Concurrent Mark
[1932.164s][info][gc] GC(964) Concurrent Mark 13.706ms
[1932.164s][info][gc] GC(964) Concurrent Preclean
[1932.165s][info][gc] GC(964) Concurrent Preclean 0.151ms
[1932.165s][info][gc] GC(964) Concurrent Abortable Preclean
[1932.165s][info][gc] GC(964) Concurrent Abortable Preclean 0.019ms
[1932.170s][info][gc] GC(964) Pause Remark 48M->48M(50M) 5.019ms
[1932.170s][info][gc] GC(964) Concurrent Sweep
[1932.173s][info][gc] GC(964) Concurrent Sweep 3.200ms
[1932.173s][info][gc] GC(964) Concurrent Reset
[1932.173s][info][gc] GC(964) Concurrent Reset 0.031ms
[1934.177s][info][gc] GC(965) Pause Initial Mark 48M->48M(50M) 0.976ms
[1934.178s][info][gc] GC(965) Concurrent Mark
[1934.189s][info][gc] GC(965) Concurrent Mark 11.721ms
[1934.189s][info][gc] GC(965) Concurrent Preclean
[1934.190s][info][gc] GC(965) Concurrent Preclean 0.151ms
[1934.190s][info][gc] GC(965) Concurrent Abortable Preclean
[1934.190s][info][gc] GC(965) Concurrent Abortable Preclean 0.019ms
[1934.196s][info][gc] GC(965) Pause Remark 48M->48M(50M) 6.082ms
[1934.196s][info][gc] GC(965) Concurrent Sweep
[1934.199s][info][gc] GC(965) Concurrent Sweep 3.351ms
[1934.199s][info][gc] GC(965) Concurrent Reset
[1934.199s][info][gc] GC(965) Concurrent Reset 0.033ms
[1936.201s][info][gc] GC(966) Pause Initial Mark 48M->48M(50M) 0.569ms
[1936.201s][info][gc] GC(966) Concurrent Mark
[1936.212s][info][gc] GC(966) Concurrent Mark 10.843ms
[1936.212s][info][gc] GC(966) Concurrent Preclean
[1936.213s][info][gc] GC(966) Concurrent Preclean 0.136ms
[1936.213s][info][gc] GC(966) Concurrent Abortable Preclean
[1936.213s][info][gc] GC(966) Concurrent Abortable Preclean 0.017ms
[1936.219s][info][gc] GC(966) Pause Remark 48M->48M(50M) 6.017ms
[1936.219s][info][gc] GC(966) Concurrent Sweep
[1936.222s][info][gc] GC(966) Concurrent Sweep 3.245ms
[1936.222s][info][gc] GC(966) Concurrent Reset
[1936.222s][info][gc] GC(966) Concurrent Reset 0.030ms
[1938.228s][info][gc] GC(967) Pause Initial Mark 48M->48M(50M) 0.943ms
[1938.228s][info][gc] GC(967) Concurrent Mark
[1938.240s][info][gc] GC(967) Concurrent Mark 12.327ms
[1938.240s][info][gc] GC(967) Concurrent Preclean
[1938.240s][info][gc] GC(967) Concurrent Preclean 0.205ms
[1938.240s][info][gc] GC(967) Concurrent Abortable Preclean
[1938.240s][info][gc] GC(967) Concurrent Abortable Preclean 0.020ms
[1938.246s][info][gc] GC(967) Pause Remark 48M->48M(50M) 5.400ms
[1938.246s][info][gc] GC(967) Concurrent Sweep
[1938.249s][info][gc] GC(967) Concurrent Sweep 3.352ms
[1938.249s][info][gc] GC(967) Concurrent Reset
[1938.249s][info][gc] GC(967) Concurrent Reset 0.033ms
[1940.254s][info][gc] GC(968) Pause Initial Mark 48M->48M(50M) 1.070ms
[1940.254s][info][gc] GC(968) Concurrent Mark
[1940.270s][info][gc] GC(968) Concurrent Mark 15.671ms
[1940.270s][info][gc] GC(968) Concurrent Preclean
[1940.270s][info][gc] GC(968) Concurrent Preclean 0.228ms
[1940.270s][info][gc] GC(968) Concurrent Abortable Preclean
[1940.270s][info][gc] GC(968) Concurrent Abortable Preclean 0.028ms
[1940.278s][info][gc] GC(968) Pause Remark 48M->48M(50M) 7.446ms
[1940.278s][info][gc] GC(968) Concurrent Sweep
[1940.284s][info][gc] GC(968) Concurrent Sweep 5.662ms
[1940.284s][info][gc] GC(968) Concurrent Reset
[1940.285s][info][gc] GC(968) Concurrent Reset 0.314ms
[1940.325s][info][gc] GC(970) Pause Full (Allocation Failure) 48M->47M(50M) 38.469ms
[1940.325s][info][gc] GC(969) Pause Young (Allocation Failure) 48M->47M(50M) 38.599ms
[1940.353s][info][gc] GC(971) Pause Full (Allocation Failure) 47M->47M(50M) 27.509ms
[1940.354s][info][gc] GC(972) Pause Initial Mark 47M->47M(50M) 0.306ms
[1940.354s][info][gc] GC(972) Concurrent Mark
[1940.364s][info][gc] GC(972) Concurrent Mark 10.536ms
[1940.364s][info][gc] GC(972) Concurrent Preclean
[1940.372s][info][gc] GC(972) Concurrent Preclean 7.303ms
[1940.372s][info][gc] GC(972) Concurrent Abortable Preclean
[1940.372s][info][gc] GC(972) Concurrent Abortable Preclean 0.014ms
[1940.378s][info][gc] GC(972) Pause Remark 48M->48M(50M) 6.760ms
[1940.379s][info][gc] GC(972) Concurrent Sweep
[1940.382s][info][gc] GC(972) Concurrent Sweep 3.394ms
[1940.382s][info][gc] GC(972) Concurrent Reset
[1940.382s][info][gc] GC(972) Concurrent Reset 0.047ms
[1942.387s][info][gc] GC(973) Pause Initial Mark 48M->48M(50M) 0.885ms
[1942.387s][info][gc] GC(973) Concurrent Mark
[1942.400s][info][gc] GC(973) Concurrent Mark 12.583ms
[1942.400s][info][gc] GC(973) Concurrent Preclean
[1942.400s][info][gc] GC(973) Concurrent Preclean 0.171ms
[1942.400s][info][gc] GC(973) Concurrent Abortable Preclean
[1942.400s][info][gc] GC(973) Concurrent Abortable Preclean 0.049ms
[1942.407s][info][gc] GC(973) Pause Remark 48M->48M(50M) 6.389ms
[1942.407s][info][gc] GC(973) Concurrent Sweep
[1942.410s][info][gc] GC(973) Concurrent Sweep 3.271ms
[1942.410s][info][gc] GC(973) Concurrent Reset
[1942.410s][info][gc] GC(973) Concurrent Reset 0.031ms
[1944.410s][info][gc] GC(974) Pause Initial Mark 48M->48M(50M) 0.657ms
[1944.410s][info][gc] GC(974) Concurrent Mark
[1944.425s][info][gc] GC(974) Concurrent Mark 15.212ms
[1944.426s][info][gc] GC(974) Concurrent Preclean
[1944.426s][info][gc] GC(974) Concurrent Preclean 0.139ms
[1944.426s][info][gc] GC(974) Concurrent Abortable Preclean
[1944.426s][info][gc] GC(974) Concurrent Abortable Preclean 0.020ms
[1944.431s][info][gc] GC(974) Pause Remark 48M->48M(50M) 4.884ms
[1944.431s][info][gc] GC(974) Concurrent Sweep
[1944.435s][info][gc] GC(974) Concurrent Sweep 3.807ms
[1944.435s][info][gc] GC(974) Concurrent Reset
[1944.435s][info][gc] GC(974) Concurrent Reset 0.033ms
[1946.437s][info][gc] GC(975) Pause Initial Mark 48M->48M(50M) 0.897ms
[1946.437s][info][gc] GC(975) Concurrent Mark
[1946.449s][info][gc] GC(975) Concurrent Mark 12.150ms
[1946.449s][info][gc] GC(975) Concurrent Preclean
[1946.449s][info][gc] GC(975) Concurrent Preclean 0.144ms
[1946.449s][info][gc] GC(975) Concurrent Abortable Preclean
[1946.449s][info][gc] GC(975) Concurrent Abortable Preclean 0.019ms
[1946.455s][info][gc] GC(975) Pause Remark 48M->48M(50M) 5.315ms
[1946.455s][info][gc] GC(975) Concurrent Sweep
[1946.458s][info][gc] GC(975) Concurrent Sweep 3.350ms
[1946.458s][info][gc] GC(975) Concurrent Reset
[1946.458s][info][gc] GC(975) Concurrent Reset 0.032ms
[1948.464s][info][gc] GC(976) Pause Initial Mark 48M->48M(50M) 0.917ms
[1948.464s][info][gc] GC(976) Concurrent Mark
[1948.476s][info][gc] GC(976) Concurrent Mark 12.139ms
[1948.476s][info][gc] GC(976) Concurrent Preclean
[1948.476s][info][gc] GC(976) Concurrent Preclean 0.156ms
[1948.476s][info][gc] GC(976) Concurrent Abortable Preclean
[1948.476s][info][gc] GC(976) Concurrent Abortable Preclean 0.019ms
[1948.482s][info][gc] GC(976) Pause Remark 48M->48M(50M) 5.406ms
[1948.482s][info][gc] GC(976) Concurrent Sweep
[1948.485s][info][gc] GC(976) Concurrent Sweep 3.095ms
[1948.485s][info][gc] GC(976) Concurrent Reset
[1948.485s][info][gc] GC(976) Concurrent Reset 0.030ms
[1950.489s][info][gc] GC(977) Pause Initial Mark 48M->48M(50M) 0.939ms
[1950.489s][info][gc] GC(977) Concurrent Mark
[1950.502s][info][gc] GC(977) Concurrent Mark 12.314ms
[1950.502s][info][gc] GC(977) Concurrent Preclean
[1950.502s][info][gc] GC(977) Concurrent Preclean 0.148ms
[1950.502s][info][gc] GC(977) Concurrent Abortable Preclean
[1950.502s][info][gc] GC(977) Concurrent Abortable Preclean 0.019ms
[1950.507s][info][gc] GC(977) Pause Remark 48M->48M(50M) 5.220ms
[1950.507s][info][gc] GC(977) Concurrent Sweep
[1950.511s][info][gc] GC(977) Concurrent Sweep 3.154ms
[1950.511s][info][gc] GC(977) Concurrent Reset
[1950.511s][info][gc] GC(977) Concurrent Reset 0.030ms
[1952.512s][info][gc] GC(978) Pause Initial Mark 48M->48M(50M) 0.857ms
[1952.512s][info][gc] GC(978) Concurrent Mark
[1952.525s][info][gc] GC(978) Concurrent Mark 12.161ms
[1952.525s][info][gc] GC(978) Concurrent Preclean
[1952.525s][info][gc] GC(978) Concurrent Preclean 0.165ms
[1952.525s][info][gc] GC(978) Concurrent Abortable Preclean
[1952.525s][info][gc] GC(978) Concurrent Abortable Preclean 0.020ms
[1952.531s][info][gc] GC(978) Pause Remark 48M->48M(50M) 5.503ms
[1952.531s][info][gc] GC(978) Concurrent Sweep
[1952.534s][info][gc] GC(978) Concurrent Sweep 3.231ms
[1952.534s][info][gc] GC(978) Concurrent Reset
[1952.534s][info][gc] GC(978) Concurrent Reset 0.031ms
[1954.538s][info][gc] GC(979) Pause Initial Mark 48M->48M(50M) 0.621ms
[1954.539s][info][gc] GC(979) Concurrent Mark
[1954.552s][info][gc] GC(979) Concurrent Mark 13.022ms
[1954.553s][info][gc] GC(979) Concurrent Preclean
[1954.553s][info][gc] GC(979) Concurrent Preclean 0.144ms
[1954.553s][info][gc] GC(979) Concurrent Abortable Preclean
[1954.553s][info][gc] GC(979) Concurrent Abortable Preclean 0.019ms
[1954.558s][info][gc] GC(979) Pause Remark 48M->48M(50M) 5.397ms
[1954.558s][info][gc] GC(979) Concurrent Sweep
[1954.562s][info][gc] GC(979) Concurrent Sweep 3.325ms
[1954.562s][info][gc] GC(979) Concurrent Reset
[1954.562s][info][gc] GC(979) Concurrent Reset 0.032ms
[1956.566s][info][gc] GC(980) Pause Initial Mark 48M->48M(50M) 0.940ms
[1956.566s][info][gc] GC(980) Concurrent Mark
[1956.578s][info][gc] GC(980) Concurrent Mark 12.369ms
[1956.578s][info][gc] GC(980) Concurrent Preclean
[1956.578s][info][gc] GC(980) Concurrent Preclean 0.162ms
[1956.578s][info][gc] GC(980) Concurrent Abortable Preclean
[1956.578s][info][gc] GC(980) Concurrent Abortable Preclean 0.024ms
[1956.584s][info][gc] GC(980) Pause Remark 48M->48M(50M) 5.595ms
[1956.584s][info][gc] GC(980) Concurrent Sweep
[1956.588s][info][gc] GC(980) Concurrent Sweep 3.255ms
[1956.588s][info][gc] GC(980) Concurrent Reset
[1956.588s][info][gc] GC(980) Concurrent Reset 0.032ms
[1958.595s][info][gc] GC(981) Pause Initial Mark 48M->48M(50M) 2.606ms
[1958.595s][info][gc] GC(981) Concurrent Mark
[1958.607s][info][gc] GC(981) Concurrent Mark 11.586ms
[1958.607s][info][gc] GC(981) Concurrent Preclean
[1958.607s][info][gc] GC(981) Concurrent Preclean 0.154ms
[1958.607s][info][gc] GC(981) Concurrent Abortable Preclean
[1958.607s][info][gc] GC(981) Concurrent Abortable Preclean 0.019ms
[1958.612s][info][gc] GC(981) Pause Remark 48M->48M(50M) 5.170ms
[1958.612s][info][gc] GC(981) Concurrent Sweep
[1958.616s][info][gc] GC(981) Concurrent Sweep 3.248ms
[1958.616s][info][gc] GC(981) Concurrent Reset
[1958.616s][info][gc] GC(981) Concurrent Reset 0.032ms
[1960.617s][info][gc] GC(982) Pause Initial Mark 48M->48M(50M) 0.899ms
[1960.617s][info][gc] GC(982) Concurrent Mark
[1960.629s][info][gc] GC(982) Concurrent Mark 12.240ms
[1960.629s][info][gc] GC(982) Concurrent Preclean
[1960.629s][info][gc] GC(982) Concurrent Preclean 0.161ms
[1960.630s][info][gc] GC(982) Concurrent Abortable Preclean
[1960.630s][info][gc] GC(982) Concurrent Abortable Preclean 0.020ms
[1960.635s][info][gc] GC(982) Pause Remark 48M->48M(50M) 5.233ms
[1960.635s][info][gc] GC(982) Concurrent Sweep
[1960.638s][info][gc] GC(982) Concurrent Sweep 3.313ms
[1960.638s][info][gc] GC(982) Concurrent Reset
[1960.638s][info][gc] GC(982) Concurrent Reset 0.031ms
[1962.640s][info][gc] GC(983) Pause Initial Mark 48M->48M(50M) 0.603ms
[1962.640s][info][gc] GC(983) Concurrent Mark
[1962.650s][info][gc] GC(983) Concurrent Mark 10.435ms
[1962.651s][info][gc] GC(983) Concurrent Preclean
[1962.651s][info][gc] GC(983) Concurrent Preclean 0.136ms
[1962.651s][info][gc] GC(983) Concurrent Abortable Preclean
[1962.651s][info][gc] GC(983) Concurrent Abortable Preclean 0.016ms
[1962.656s][info][gc] GC(983) Pause Remark 48M->48M(50M) 5.326ms
[1962.656s][info][gc] GC(983) Concurrent Sweep
[1962.659s][info][gc] GC(983) Concurrent Sweep 2.994ms
[1962.659s][info][gc] GC(983) Concurrent Reset
[1962.659s][info][gc] GC(983) Concurrent Reset 0.030ms
[1964.661s][info][gc] GC(984) Pause Initial Mark 48M->48M(50M) 0.951ms
[1964.663s][info][gc] GC(984) Concurrent Mark
[1964.686s][info][gc] GC(984) Concurrent Mark 23.385ms
[1964.686s][info][gc] GC(984) Concurrent Preclean
[1964.686s][info][gc] GC(984) Concurrent Preclean 0.148ms
[1964.686s][info][gc] GC(984) Concurrent Abortable Preclean
[1964.686s][info][gc] GC(984) Concurrent Abortable Preclean 0.017ms
[1964.700s][info][gc] GC(984) Pause Remark 48M->48M(50M) 13.199ms
[1964.700s][info][gc] GC(984) Concurrent Sweep
[1964.705s][info][gc] GC(984) Concurrent Sweep 4.935ms
[1964.705s][info][gc] GC(984) Concurrent Reset
[1964.705s][info][gc] GC(984) Concurrent Reset 0.034ms
[1966.706s][info][gc] GC(985) Pause Initial Mark 48M->48M(50M) 0.520ms
[1966.706s][info][gc] GC(985) Concurrent Mark
[1966.716s][info][gc] GC(985) Concurrent Mark 10.191ms
[1966.716s][info][gc] GC(985) Concurrent Preclean
[1966.717s][info][gc] GC(985) Concurrent Preclean 0.134ms
[1966.717s][info][gc] GC(985) Concurrent Abortable Preclean
[1966.717s][info][gc] GC(985) Concurrent Abortable Preclean 0.017ms
[1966.722s][info][gc] GC(985) Pause Remark 48M->48M(50M) 4.997ms
[1966.722s][info][gc] GC(985) Concurrent Sweep
[1966.725s][info][gc] GC(985) Concurrent Sweep 3.058ms
[1966.725s][info][gc] GC(985) Concurrent Reset
[1966.725s][info][gc] GC(985) Concurrent Reset 0.030ms
[1968.728s][info][gc] GC(986) Pause Initial Mark 48M->48M(50M) 0.898ms
[1968.728s][info][gc] GC(986) Concurrent Mark
[1968.741s][info][gc] GC(986) Concurrent Mark 12.766ms
[1968.741s][info][gc] GC(986) Concurrent Preclean
[1968.741s][info][gc] GC(986) Concurrent Preclean 0.225ms
[1968.742s][info][gc] GC(986) Concurrent Abortable Preclean
[1968.742s][info][gc] GC(986) Concurrent Abortable Preclean 0.019ms
[1968.748s][info][gc] GC(986) Pause Remark 48M->48M(50M) 6.371ms
[1968.748s][info][gc] GC(986) Concurrent Sweep
[1968.752s][info][gc] GC(986) Concurrent Sweep 3.446ms
[1968.752s][info][gc] GC(986) Concurrent Reset
[1968.752s][info][gc] GC(986) Concurrent Reset 0.031ms
[1970.753s][info][gc] GC(987) Pause Initial Mark 48M->48M(50M) 0.858ms
[1970.753s][info][gc] GC(987) Concurrent Mark
[1970.764s][info][gc] GC(987) Concurrent Mark 11.485ms
[1970.764s][info][gc] GC(987) Concurrent Preclean
[1970.765s][info][gc] GC(987) Concurrent Preclean 0.144ms
[1970.765s][info][gc] GC(987) Concurrent Abortable Preclean
[1970.765s][info][gc] GC(987) Concurrent Abortable Preclean 0.019ms
[1970.770s][info][gc] GC(987) Pause Remark 48M->48M(50M) 5.203ms
[1970.770s][info][gc] GC(987) Concurrent Sweep
[1970.773s][info][gc] GC(987) Concurrent Sweep 3.378ms
[1970.773s][info][gc] GC(987) Concurrent Reset
[1970.773s][info][gc] GC(987) Concurrent Reset 0.032ms
[1972.775s][info][gc] GC(988) Pause Initial Mark 48M->48M(50M) 0.989ms
[1972.775s][info][gc] GC(988) Concurrent Mark
[1972.788s][info][gc] GC(988) Concurrent Mark 12.734ms
[1972.788s][info][gc] GC(988) Concurrent Preclean
[1972.788s][info][gc] GC(988) Concurrent Preclean 0.263ms
[1972.788s][info][gc] GC(988) Concurrent Abortable Preclean
[1972.788s][info][gc] GC(988) Concurrent Abortable Preclean 0.031ms
[1972.794s][info][gc] GC(988) Pause Remark 48M->48M(50M) 5.358ms
[1972.794s][info][gc] GC(988) Concurrent Sweep
[1972.798s][info][gc] GC(988) Concurrent Sweep 3.422ms
[1972.798s][info][gc] GC(988) Concurrent Reset
[1972.798s][info][gc] GC(988) Concurrent Reset 0.031ms
[1974.801s][info][gc] GC(989) Pause Initial Mark 48M->48M(50M) 1.274ms
[1974.801s][info][gc] GC(989) Concurrent Mark
[1974.813s][info][gc] GC(989) Concurrent Mark 11.912ms
[1974.813s][info][gc] GC(989) Concurrent Preclean
[1974.813s][info][gc] GC(989) Concurrent Preclean 0.146ms
[1974.813s][info][gc] GC(989) Concurrent Abortable Preclean
[1974.813s][info][gc] GC(989) Concurrent Abortable Preclean 0.018ms
[1974.819s][info][gc] GC(989) Pause Remark 48M->48M(50M) 5.419ms
[1974.819s][info][gc] GC(989) Concurrent Sweep
[1974.822s][info][gc] GC(989) Concurrent Sweep 3.228ms
[1974.822s][info][gc] GC(989) Concurrent Reset
[1974.822s][info][gc] GC(989) Concurrent Reset 0.031ms
[1976.161s][info][gc] GC(991) Pause Full (Allocation Failure) 48M->47M(50M) 35.652ms
[1976.161s][info][gc] GC(990) Pause Young (Allocation Failure) 48M->47M(50M) 35.793ms
[1976.189s][info][gc] GC(992) Pause Full (Allocation Failure) 47M->47M(50M) 28.511ms
[1976.190s][info][gc] GC(993) Pause Initial Mark 47M->47M(50M) 0.309ms
[1976.190s][info][gc] GC(993) Concurrent Mark
[1976.200s][info][gc] GC(993) Concurrent Mark 10.091ms
[1976.200s][info][gc] GC(993) Concurrent Preclean
[1976.209s][info][gc] GC(993) Concurrent Preclean 8.994ms
[1976.209s][info][gc] GC(993) Concurrent Abortable Preclean
[1976.209s][info][gc] GC(993) Concurrent Abortable Preclean 0.025ms
[1976.216s][info][gc] GC(993) Pause Remark 48M->48M(50M) 6.702ms
[1976.216s][info][gc] GC(993) Concurrent Sweep
[1976.219s][info][gc] GC(993) Concurrent Sweep 3.038ms
[1976.219s][info][gc] GC(993) Concurrent Reset
[1976.219s][info][gc] GC(993) Concurrent Reset 0.030ms
[1978.223s][info][gc] GC(994) Pause Initial Mark 48M->48M(50M) 0.907ms
[1978.223s][info][gc] GC(994) Concurrent Mark
[1978.235s][info][gc] GC(994) Concurrent Mark 12.046ms
[1978.235s][info][gc] GC(994) Concurrent Preclean
[1978.235s][info][gc] GC(994) Concurrent Preclean 0.177ms
[1978.235s][info][gc] GC(994) Concurrent Abortable Preclean
[1978.235s][info][gc] GC(994) Concurrent Abortable Preclean 0.020ms
[1978.241s][info][gc] GC(994) Pause Remark 48M->48M(50M) 5.449ms
[1978.241s][info][gc] GC(994) Concurrent Sweep
[1978.244s][info][gc] GC(994) Concurrent Sweep 3.247ms
[1978.244s][info][gc] GC(994) Concurrent Reset
[1978.244s][info][gc] GC(994) Concurrent Reset 0.033ms
[1980.245s][info][gc] GC(995) Pause Initial Mark 48M->48M(50M) 0.869ms
[1980.245s][info][gc] GC(995) Concurrent Mark
[1980.259s][info][gc] GC(995) Concurrent Mark 13.940ms
[1980.259s][info][gc] GC(995) Concurrent Preclean
[1980.260s][info][gc] GC(995) Concurrent Preclean 0.173ms
[1980.260s][info][gc] GC(995) Concurrent Abortable Preclean
[1980.260s][info][gc] GC(995) Concurrent Abortable Preclean 0.019ms
[1980.284s][info][gc] GC(995) Pause Remark 48M->48M(50M) 23.993ms
[1980.285s][info][gc] GC(995) Concurrent Sweep
[1980.289s][info][gc] GC(995) Concurrent Sweep 3.962ms
[1980.290s][info][gc] GC(995) Concurrent Reset
[1980.290s][info][gc] GC(995) Concurrent Reset 0.049ms
[1982.290s][info][gc] GC(996) Pause Initial Mark 48M->48M(50M) 0.845ms
[1982.290s][info][gc] GC(996) Concurrent Mark
[1982.303s][info][gc] GC(996) Concurrent Mark 12.778ms
[1982.303s][info][gc] GC(996) Concurrent Preclean
[1982.303s][info][gc] GC(996) Concurrent Preclean 0.195ms
[1982.303s][info][gc] GC(996) Concurrent Abortable Preclean
[1982.303s][info][gc] GC(996) Concurrent Abortable Preclean 0.019ms
[1982.309s][info][gc] GC(996) Pause Remark 48M->48M(50M) 5.439ms
[1982.309s][info][gc] GC(996) Concurrent Sweep
[1982.312s][info][gc] GC(996) Concurrent Sweep 3.005ms
[1982.312s][info][gc] GC(996) Concurrent Reset
[1982.312s][info][gc] GC(996) Concurrent Reset 0.030ms
[1984.318s][info][gc] GC(997) Pause Initial Mark 48M->48M(50M) 0.921ms
[1984.318s][info][gc] GC(997) Concurrent Mark
[1984.332s][info][gc] GC(997) Concurrent Mark 13.974ms
[1984.332s][info][gc] GC(997) Concurrent Preclean
[1984.332s][info][gc] GC(997) Concurrent Preclean 0.148ms
[1984.332s][info][gc] GC(997) Concurrent Abortable Preclean
[1984.332s][info][gc] GC(997) Concurrent Abortable Preclean 0.019ms
[1984.338s][info][gc] GC(997) Pause Remark 48M->48M(50M) 5.980ms
[1984.339s][info][gc] GC(997) Concurrent Sweep
[1984.342s][info][gc] GC(997) Concurrent Sweep 3.114ms
[1984.342s][info][gc] GC(997) Concurrent Reset
[1984.342s][info][gc] GC(997) Concurrent Reset 0.030ms
[1986.345s][info][gc] GC(998) Pause Initial Mark 48M->48M(50M) 1.070ms
[1986.345s][info][gc] GC(998) Concurrent Mark
[1986.359s][info][gc] GC(998) Concurrent Mark 13.787ms
[1986.359s][info][gc] GC(998) Concurrent Preclean
[1986.359s][info][gc] GC(998) Concurrent Preclean 0.154ms
[1986.359s][info][gc] GC(998) Concurrent Abortable Preclean
[1986.359s][info][gc] GC(998) Concurrent Abortable Preclean 0.019ms
[1986.365s][info][gc] GC(998) Pause Remark 48M->48M(50M) 6.180ms
[1986.365s][info][gc] GC(998) Concurrent Sweep
[1986.369s][info][gc] GC(998) Concurrent Sweep 3.084ms
[1986.369s][info][gc] GC(998) Concurrent Reset
[1986.369s][info][gc] GC(998) Concurrent Reset 0.030ms
[1988.372s][info][gc] GC(999) Pause Initial Mark 48M->48M(50M) 0.862ms
[1988.372s][info][gc] GC(999) Concurrent Mark
[1988.385s][info][gc] GC(999) Concurrent Mark 13.128ms
[1988.385s][info][gc] GC(999) Concurrent Preclean
[1988.386s][info][gc] GC(999) Concurrent Preclean 0.167ms
[1988.386s][info][gc] GC(999) Concurrent Abortable Preclean
[1988.386s][info][gc] GC(999) Concurrent Abortable Preclean 0.018ms
[1988.391s][info][gc] GC(999) Pause Remark 48M->48M(50M) 5.202ms
[1988.391s][info][gc] GC(999) Concurrent Sweep
[1988.394s][info][gc] GC(999) Concurrent Sweep 3.104ms
[1988.394s][info][gc] GC(999) Concurrent Reset
[1988.394s][info][gc] GC(999) Concurrent Reset 0.030ms
[1990.400s][info][gc] GC(1000) Pause Initial Mark 48M->48M(50M) 0.865ms
[1990.400s][info][gc] GC(1000) Concurrent Mark
[1990.412s][info][gc] GC(1000) Concurrent Mark 12.169ms
[1990.412s][info][gc] GC(1000) Concurrent Preclean
[1990.412s][info][gc] GC(1000) Concurrent Preclean 0.164ms
[1990.412s][info][gc] GC(1000) Concurrent Abortable Preclean
[1990.412s][info][gc] GC(1000) Concurrent Abortable Preclean 0.020ms
[1990.418s][info][gc] GC(1000) Pause Remark 48M->48M(50M) 5.323ms
[1990.418s][info][gc] GC(1000) Concurrent Sweep
[1990.421s][info][gc] GC(1000) Concurrent Sweep 3.238ms
[1990.421s][info][gc] GC(1000) Concurrent Reset
[1990.421s][info][gc] GC(1000) Concurrent Reset 0.032ms
[1992.031s][info][gc] GC(1002) Pause Full (Allocation Failure) 48M->47M(50M) 34.058ms
[1992.032s][info][gc] GC(1001) Pause Young (Allocation Failure) 48M->47M(50M) 34.186ms
[1992.060s][info][gc] GC(1003) Pause Full (Allocation Failure) 47M->47M(50M) 28.914ms
[1992.061s][info][gc] GC(1004) Pause Initial Mark 47M->47M(50M) 0.322ms
[1992.061s][info][gc] GC(1004) Concurrent Mark
[1992.072s][info][gc] GC(1004) Concurrent Mark 11.331ms
[1992.072s][info][gc] GC(1004) Concurrent Preclean
[1992.080s][info][gc] GC(1004) Concurrent Preclean 7.802ms
[1992.080s][info][gc] GC(1004) Concurrent Abortable Preclean
[1992.080s][info][gc] GC(1004) Concurrent Abortable Preclean 0.014ms
[1992.087s][info][gc] GC(1004) Pause Remark 48M->48M(50M) 6.818ms
[1992.087s][info][gc] GC(1004) Concurrent Sweep
[1992.090s][info][gc] GC(1004) Concurrent Sweep 3.102ms
[1992.091s][info][gc] GC(1004) Concurrent Reset
[1992.091s][info][gc] GC(1004) Concurrent Reset 0.031ms
[1994.096s][info][gc] GC(1005) Pause Initial Mark 48M->48M(50M) 1.001ms
[1994.096s][info][gc] GC(1005) Concurrent Mark
[1994.108s][info][gc] GC(1005) Concurrent Mark 12.119ms
[1994.108s][info][gc] GC(1005) Concurrent Preclean
[1994.108s][info][gc] GC(1005) Concurrent Preclean 0.166ms
[1994.108s][info][gc] GC(1005) Concurrent Abortable Preclean
[1994.108s][info][gc] GC(1005) Concurrent Abortable Preclean 0.020ms
[1994.114s][info][gc] GC(1005) Pause Remark 48M->48M(50M) 5.523ms
[1994.114s][info][gc] GC(1005) Concurrent Sweep
[1994.117s][info][gc] GC(1005) Concurrent Sweep 3.138ms
[1994.117s][info][gc] GC(1005) Concurrent Reset
[1994.117s][info][gc] GC(1005) Concurrent Reset 0.033ms
[1996.117s][info][gc] GC(1006) Pause Initial Mark 48M->48M(50M) 0.826ms
[1996.117s][info][gc] GC(1006) Concurrent Mark
[1996.129s][info][gc] GC(1006) Concurrent Mark 12.062ms
[1996.129s][info][gc] GC(1006) Concurrent Preclean
[1996.130s][info][gc] GC(1006) Concurrent Preclean 0.147ms
[1996.130s][info][gc] GC(1006) Concurrent Abortable Preclean
[1996.130s][info][gc] GC(1006) Concurrent Abortable Preclean 0.019ms
[1996.135s][info][gc] GC(1006) Pause Remark 48M->48M(50M) 5.040ms
[1996.135s][info][gc] GC(1006) Concurrent Sweep
[1996.139s][info][gc] GC(1006) Concurrent Sweep 3.640ms
[1996.139s][info][gc] GC(1006) Concurrent Reset
[1996.139s][info][gc] GC(1006) Concurrent Reset 0.032ms
[1998.140s][info][gc] GC(1007) Pause Initial Mark 48M->48M(50M) 0.842ms
[1998.141s][info][gc] GC(1007) Concurrent Mark
[1998.153s][info][gc] GC(1007) Concurrent Mark 12.135ms
[1998.153s][info][gc] GC(1007) Concurrent Preclean
[1998.153s][info][gc] GC(1007) Concurrent Preclean 0.155ms
[1998.153s][info][gc] GC(1007) Concurrent Abortable Preclean
[1998.153s][info][gc] GC(1007) Concurrent Abortable Preclean 0.019ms
[1998.159s][info][gc] GC(1007) Pause Remark 48M->48M(50M) 5.668ms
[1998.159s][info][gc] GC(1007) Concurrent Sweep
[1998.162s][info][gc] GC(1007) Concurrent Sweep 3.298ms
[1998.162s][info][gc] GC(1007) Concurrent Reset
[1998.162s][info][gc] GC(1007) Concurrent Reset 0.033ms
[2000.166s][info][gc] GC(1008) Pause Initial Mark 48M->48M(50M) 1.069ms
[2000.166s][info][gc] GC(1008) Concurrent Mark
[2000.178s][info][gc] GC(1008) Concurrent Mark 12.170ms
[2000.178s][info][gc] GC(1008) Concurrent Preclean
[2000.178s][info][gc] GC(1008) Concurrent Preclean 0.147ms
[2000.178s][info][gc] GC(1008) Concurrent Abortable Preclean
[2000.178s][info][gc] GC(1008) Concurrent Abortable Preclean 0.019ms
[2000.195s][info][gc] GC(1008) Pause Remark 48M->48M(50M) 16.665ms
[2000.196s][info][gc] GC(1008) Concurrent Sweep
[2000.202s][info][gc] GC(1008) Concurrent Sweep 6.339ms
[2000.202s][info][gc] GC(1008) Concurrent Reset
[2000.202s][info][gc] GC(1008) Concurrent Reset 0.033ms
[2002.205s][info][gc] GC(1009) Pause Initial Mark 48M->48M(50M) 0.880ms
[2002.205s][info][gc] GC(1009) Concurrent Mark
[2002.217s][info][gc] GC(1009) Concurrent Mark 12.145ms
[2002.217s][info][gc] GC(1009) Concurrent Preclean
[2002.217s][info][gc] GC(1009) Concurrent Preclean 0.166ms
[2002.217s][info][gc] GC(1009) Concurrent Abortable Preclean
[2002.217s][info][gc] GC(1009) Concurrent Abortable Preclean 0.020ms
[2002.223s][info][gc] GC(1009) Pause Remark 48M->48M(50M) 5.187ms
[2002.223s][info][gc] GC(1009) Concurrent Sweep
[2002.226s][info][gc] GC(1009) Concurrent Sweep 3.282ms
[2002.226s][info][gc] GC(1009) Concurrent Reset
[2002.226s][info][gc] GC(1009) Concurrent Reset 0.033ms
[2004.229s][info][gc] GC(1010) Pause Initial Mark 48M->48M(50M) 0.835ms
[2004.229s][info][gc] GC(1010) Concurrent Mark
[2004.245s][info][gc] GC(1010) Concurrent Mark 15.448ms
[2004.245s][info][gc] GC(1010) Concurrent Preclean
[2004.245s][info][gc] GC(1010) Concurrent Preclean 0.779ms
[2004.246s][info][gc] GC(1010) Concurrent Abortable Preclean
[2004.248s][info][gc] GC(1010) Concurrent Abortable Preclean 2.236ms
[2004.262s][info][gc] GC(1010) Pause Remark 48M->48M(50M) 14.166ms
[2004.263s][info][gc] GC(1010) Concurrent Sweep
[2004.267s][info][gc] GC(1010) Concurrent Sweep 4.034ms
[2004.267s][info][gc] GC(1010) Concurrent Reset
[2004.267s][info][gc] GC(1010) Concurrent Reset 0.032ms
[2006.268s][info][gc] GC(1011) Pause Initial Mark 48M->48M(50M) 0.681ms
[2006.268s][info][gc] GC(1011) Concurrent Mark
[2006.279s][info][gc] GC(1011) Concurrent Mark 11.255ms
[2006.279s][info][gc] GC(1011) Concurrent Preclean
[2006.279s][info][gc] GC(1011) Concurrent Preclean 0.173ms
[2006.279s][info][gc] GC(1011) Concurrent Abortable Preclean
[2006.279s][info][gc] GC(1011) Concurrent Abortable Preclean 0.017ms
[2006.285s][info][gc] GC(1011) Pause Remark 48M->48M(50M) 5.611ms
[2006.285s][info][gc] GC(1011) Concurrent Sweep
[2006.288s][info][gc] GC(1011) Concurrent Sweep 2.997ms
[2006.288s][info][gc] GC(1011) Concurrent Reset
[2006.288s][info][gc] GC(1011) Concurrent Reset 0.030ms
[2006.366s][info][gc] GC(1013) Pause Full (Allocation Failure) 48M->47M(50M) 41.366ms
[2006.366s][info][gc] GC(1012) Pause Young (Allocation Failure) 48M->47M(50M) 41.483ms
[2006.394s][info][gc] GC(1014) Pause Full (Allocation Failure) 47M->47M(50M) 28.000ms
[2006.396s][info][gc] GC(1015) Pause Initial Mark 47M->47M(50M) 0.905ms
[2006.397s][info][gc] GC(1015) Concurrent Mark
[2006.410s][info][gc] GC(1015) Concurrent Mark 13.939ms
[2006.411s][info][gc] GC(1015) Concurrent Preclean
[2006.424s][info][gc] GC(1015) Concurrent Preclean 13.319ms
[2006.424s][info][gc] GC(1015) Concurrent Abortable Preclean
[2006.424s][info][gc] GC(1015) Concurrent Abortable Preclean 0.023ms
[2006.436s][info][gc] GC(1015) Pause Remark 48M->48M(50M) 10.867ms
[2006.436s][info][gc] GC(1015) Concurrent Sweep
[2006.439s][info][gc] GC(1015) Concurrent Sweep 3.153ms
[2006.439s][info][gc] GC(1015) Concurrent Reset
[2006.439s][info][gc] GC(1015) Concurrent Reset 0.031ms
[2008.442s][info][gc] GC(1016) Pause Initial Mark 48M->48M(50M) 0.997ms
[2008.442s][info][gc] GC(1016) Concurrent Mark
[2008.455s][info][gc] GC(1016) Concurrent Mark 12.825ms
[2008.455s][info][gc] GC(1016) Concurrent Preclean
[2008.455s][info][gc] GC(1016) Concurrent Preclean 0.159ms
[2008.455s][info][gc] GC(1016) Concurrent Abortable Preclean
[2008.455s][info][gc] GC(1016) Concurrent Abortable Preclean 0.018ms
[2008.462s][info][gc] GC(1016) Pause Remark 48M->48M(50M) 6.908ms
[2008.463s][info][gc] GC(1016) Concurrent Sweep
[2008.466s][info][gc] GC(1016) Concurrent Sweep 3.309ms
[2008.466s][info][gc] GC(1016) Concurrent Reset
[2008.466s][info][gc] GC(1016) Concurrent Reset 0.031ms
[2010.468s][info][gc] GC(1017) Pause Initial Mark 48M->48M(50M) 0.874ms
[2010.468s][info][gc] GC(1017) Concurrent Mark
[2010.479s][info][gc] GC(1017) Concurrent Mark 11.201ms
[2010.480s][info][gc] GC(1017) Concurrent Preclean
[2010.480s][info][gc] GC(1017) Concurrent Preclean 0.155ms
[2010.480s][info][gc] GC(1017) Concurrent Abortable Preclean
[2010.480s][info][gc] GC(1017) Concurrent Abortable Preclean 0.023ms
[2010.485s][info][gc] GC(1017) Pause Remark 48M->48M(50M) 5.121ms
[2010.485s][info][gc] GC(1017) Concurrent Sweep
[2010.488s][info][gc] GC(1017) Concurrent Sweep 3.109ms
[2010.488s][info][gc] GC(1017) Concurrent Reset
[2010.488s][info][gc] GC(1017) Concurrent Reset 0.030ms
[2012.490s][info][gc] GC(1018) Pause Initial Mark 48M->48M(50M) 0.952ms
[2012.490s][info][gc] GC(1018) Concurrent Mark
[2012.502s][info][gc] GC(1018) Concurrent Mark 12.020ms
[2012.502s][info][gc] GC(1018) Concurrent Preclean
[2012.502s][info][gc] GC(1018) Concurrent Preclean 0.162ms
[2012.502s][info][gc] GC(1018) Concurrent Abortable Preclean
[2012.502s][info][gc] GC(1018) Concurrent Abortable Preclean 0.020ms
[2012.508s][info][gc] GC(1018) Pause Remark 48M->48M(50M) 5.512ms
[2012.508s][info][gc] GC(1018) Concurrent Sweep
[2012.512s][info][gc] GC(1018) Concurrent Sweep 3.303ms
[2012.512s][info][gc] GC(1018) Concurrent Reset
[2012.512s][info][gc] GC(1018) Concurrent Reset 0.030ms
[2014.515s][info][gc] GC(1019) Pause Initial Mark 48M->48M(50M) 0.945ms
[2014.515s][info][gc] GC(1019) Concurrent Mark
[2014.527s][info][gc] GC(1019) Concurrent Mark 12.047ms
[2014.527s][info][gc] GC(1019) Concurrent Preclean
[2014.527s][info][gc] GC(1019) Concurrent Preclean 0.159ms
[2014.527s][info][gc] GC(1019) Concurrent Abortable Preclean
[2014.527s][info][gc] GC(1019) Concurrent Abortable Preclean 0.020ms
[2014.533s][info][gc] GC(1019) Pause Remark 48M->48M(50M) 5.494ms
[2014.533s][info][gc] GC(1019) Concurrent Sweep
[2014.536s][info][gc] GC(1019) Concurrent Sweep 3.108ms
[2014.536s][info][gc] GC(1019) Concurrent Reset
[2014.536s][info][gc] GC(1019) Concurrent Reset 0.030ms
[2016.538s][info][gc] GC(1020) Pause Initial Mark 48M->48M(50M) 1.003ms
[2016.538s][info][gc] GC(1020) Concurrent Mark
[2016.550s][info][gc] GC(1020) Concurrent Mark 12.014ms
[2016.550s][info][gc] GC(1020) Concurrent Preclean
[2016.550s][info][gc] GC(1020) Concurrent Preclean 0.187ms
[2016.550s][info][gc] GC(1020) Concurrent Abortable Preclean
[2016.550s][info][gc] GC(1020) Concurrent Abortable Preclean 0.023ms
[2016.555s][info][gc] GC(1020) Pause Remark 48M->48M(50M) 5.321ms
[2016.556s][info][gc] GC(1020) Concurrent Sweep
[2016.559s][info][gc] GC(1020) Concurrent Sweep 3.317ms
[2016.559s][info][gc] GC(1020) Concurrent Reset
[2016.559s][info][gc] GC(1020) Concurrent Reset 0.030ms
[2018.560s][info][gc] GC(1021) Pause Initial Mark 48M->48M(50M) 0.957ms
[2018.560s][info][gc] GC(1021) Concurrent Mark
[2018.572s][info][gc] GC(1021) Concurrent Mark 11.436ms
[2018.572s][info][gc] GC(1021) Concurrent Preclean
[2018.572s][info][gc] GC(1021) Concurrent Preclean 0.155ms
[2018.572s][info][gc] GC(1021) Concurrent Abortable Preclean
[2018.572s][info][gc] GC(1021) Concurrent Abortable Preclean 0.019ms
[2018.577s][info][gc] GC(1021) Pause Remark 48M->48M(50M) 5.156ms
[2018.578s][info][gc] GC(1021) Concurrent Sweep
[2018.581s][info][gc] GC(1021) Concurrent Sweep 3.049ms
[2018.581s][info][gc] GC(1021) Concurrent Reset
[2018.581s][info][gc] GC(1021) Concurrent Reset 0.030ms
[2020.587s][info][gc] GC(1022) Pause Initial Mark 48M->48M(50M) 1.061ms
[2020.587s][info][gc] GC(1022) Concurrent Mark
[2020.599s][info][gc] GC(1022) Concurrent Mark 12.054ms
[2020.599s][info][gc] GC(1022) Concurrent Preclean
[2020.599s][info][gc] GC(1022) Concurrent Preclean 0.162ms
[2020.599s][info][gc] GC(1022) Concurrent Abortable Preclean
[2020.599s][info][gc] GC(1022) Concurrent Abortable Preclean 0.020ms
[2020.605s][info][gc] GC(1022) Pause Remark 48M->48M(50M) 5.604ms
[2020.605s][info][gc] GC(1022) Concurrent Sweep
[2020.608s][info][gc] GC(1022) Concurrent Sweep 3.004ms
[2020.608s][info][gc] GC(1022) Concurrent Reset
[2020.608s][info][gc] GC(1022) Concurrent Reset 0.030ms
