[0.012s][info][gc] Using Concurrent Mark Sweep
[0.392s][info][gc] GC(0) Pause Young (Allocation Failure) 13M->2M(50M) 5.881ms
[0.597s][info][gc] GC(1) Pause Young (Allocation Failure) 16M->4M(50M) 8.603ms
[0.734s][info][gc] GC(2) Pause Young (Allocation Failure) 18M->5M(50M) 2.736ms
[0.845s][info][gc] GC(3) Pause Young (Allocation Failure) 18M->5M(50M) 3.860ms
[0.964s][info][gc] GC(4) Pause Young (Allocation Failure) 19M->5M(50M) 1.696ms
[1.050s][info][gc] GC(5) Pause Young (Allocation Failure) 19M->5M(50M) 1.845ms
[1.166s][info][gc] GC(6) Pause Young (Allocation Failure) 19M->6M(50M) 2.446ms
[1.167s][info][gc] GC(7) Pause Initial Mark 6M->6M(50M) 0.700ms
[1.167s][info][gc] GC(7) Concurrent Mark
[1.174s][info][gc] GC(7) Concurrent Mark 6.603ms
[1.174s][info][gc] GC(7) Concurrent Preclean
[1.174s][info][gc] GC(7) Concurrent Preclean 0.252ms
[1.178s][info][gc] GC(7) Pause Remark 7M->7M(50M) 4.086ms
[1.179s][info][gc] GC(7) Concurrent Sweep
[1.182s][info][gc] GC(7) Concurrent Sweep 3.138ms
[1.182s][info][gc] GC(7) Concurrent Reset
[1.182s][info][gc] GC(7) Concurrent Reset 0.060ms
[1.367s][info][gc] GC(8) Pause Young (Allocation Failure) 19M->6M(50M) 4.483ms
[1.504s][info][gc] GC(9) Pause Young (Allocation Failure) 20M->7M(50M) 6.199ms
[1.654s][info][gc] GC(10) Pause Young (Allocation Failure) 21M->8M(50M) 4.891ms
[1.778s][info][gc] GC(11) Pause Young (Allocation Failure) 22M->8M(50M) 3.622ms
[1.957s][info][gc] GC(12) Pause Young (Allocation Failure) 22M->8M(50M) 2.560ms
[2.134s][info][gc] GC(13) Pause Young (Allocation Failure) 22M->9M(50M) 6.902ms
[2.317s][info][gc] GC(14) Pause Young (Allocation Failure) 23M->10M(50M) 4.760ms
[2.441s][info][gc] GC(15) Pause Young (Allocation Failure) 24M->11M(50M) 5.028ms
[2.585s][info][gc] GC(16) Pause Young (Allocation Failure) 25M->11M(50M) 3.972ms
[2.733s][info][gc] GC(17) Pause Young (Allocation Failure) 25M->12M(50M) 3.131ms
[2.866s][info][gc] GC(18) Pause Young (Allocation Failure) 26M->13M(50M) 3.146ms
[4.396s][info][gc] GC(19) Pause Young (Allocation Failure) 27M->13M(50M) 3.097ms
[4.397s][info][gc] GC(20) Pause Initial Mark 13M->13M(50M) 0.530ms
[4.397s][info][gc] GC(20) Concurrent Mark
[4.414s][info][gc] GC(20) Concurrent Mark 16.721ms
[4.414s][info][gc] GC(20) Concurrent Preclean
[4.414s][info][gc] GC(20) Concurrent Preclean 0.320ms
[4.420s][info][gc] GC(20) Pause Remark 15M->15M(50M) 5.873ms
[4.420s][info][gc] GC(20) Concurrent Sweep
[4.429s][info][gc] GC(20) Concurrent Sweep 8.450ms
[4.429s][info][gc] GC(20) Concurrent Reset
[4.429s][info][gc] GC(20) Concurrent Reset 0.040ms
[136.592s][info][gc] GC(21) Pause Young (Allocation Failure) 24M->13M(50M) 31.784ms
[2078.186s][info][gc] GC(22) Pause Young (Allocation Failure) 26M->25M(50M) 27.909ms
[2078.188s][info][gc] GC(23) Pause Initial Mark 26M->26M(50M) 1.104ms
[2078.189s][info][gc] GC(23) Concurrent Mark
[2078.232s][info][gc] GC(23) Concurrent Mark 43.180ms
[2078.232s][info][gc] GC(23) Concurrent Preclean
[2078.233s][info][gc] GC(23) Concurrent Preclean 0.646ms
[2078.377s][info][gc] GC(23) Pause Remark 26M->26M(50M) 144.784ms
[2078.378s][info][gc] GC(23) Concurrent Sweep
[2078.391s][info][gc] GC(23) Concurrent Sweep 13.869ms
[2078.392s][info][gc] GC(23) Concurrent Reset
[2078.392s][info][gc] GC(23) Concurrent Reset 0.555ms
[2080.394s][info][gc] GC(24) Pause Initial Mark 25M->25M(50M) 0.560ms
[2080.395s][info][gc] GC(24) Concurrent Mark
[2080.408s][info][gc] GC(24) Concurrent Mark 13.751ms
[2080.408s][info][gc] GC(24) Concurrent Preclean
[2080.409s][info][gc] GC(24) Concurrent Preclean 0.826ms
[2080.409s][info][gc] GC(24) Concurrent Abortable Preclean
[2085.447s][info][gc] GC(24) Concurrent Abortable Preclean 5037.915ms
[2085.455s][info][gc] GC(24) Pause Remark 28M->28M(50M) 7.255ms
[2085.455s][info][gc] GC(24) Concurrent Sweep
[2085.461s][info][gc] GC(24) Concurrent Sweep 6.217ms
[2085.461s][info][gc] GC(24) Concurrent Reset
[2085.461s][info][gc] GC(24) Concurrent Reset 0.032ms
[2087.462s][info][gc] GC(25) Pause Initial Mark 29M->29M(50M) 0.711ms
[2087.463s][info][gc] GC(25) Concurrent Mark
[2087.476s][info][gc] GC(25) Concurrent Mark 13.030ms
[2087.476s][info][gc] GC(25) Concurrent Preclean
[2087.476s][info][gc] GC(25) Concurrent Preclean 0.210ms
[2087.476s][info][gc] GC(25) Concurrent Abortable Preclean
[2092.577s][info][gc] GC(25) Concurrent Abortable Preclean 5100.735ms
[2092.584s][info][gc] GC(25) Pause Remark 31M->31M(50M) 6.580ms
[2092.584s][info][gc] GC(25) Concurrent Sweep
[2092.590s][info][gc] GC(25) Concurrent Sweep 6.210ms
[2092.590s][info][gc] GC(25) Concurrent Reset
[2092.590s][info][gc] GC(25) Concurrent Reset 0.029ms
[2094.594s][info][gc] GC(26) Pause Initial Mark 31M->31M(50M) 0.668ms
[2094.594s][info][gc] GC(26) Concurrent Mark
[2094.607s][info][gc] GC(26) Concurrent Mark 13.116ms
[2094.607s][info][gc] GC(26) Concurrent Preclean
[2094.607s][info][gc] GC(26) Concurrent Preclean 0.175ms
[2094.607s][info][gc] GC(26) Concurrent Abortable Preclean
[2099.705s][info][gc] GC(26) Concurrent Abortable Preclean 5097.801ms
[2099.728s][info][gc] GC(26) Pause Remark 33M->33M(50M) 22.708ms
[2099.728s][info][gc] GC(26) Concurrent Sweep
[2099.743s][info][gc] GC(26) Concurrent Sweep 14.846ms
[2099.743s][info][gc] GC(26) Concurrent Reset
[2099.744s][info][gc] GC(26) Concurrent Reset 0.082ms
[2101.747s][info][gc] GC(27) Pause Initial Mark 33M->33M(50M) 1.293ms
[2101.748s][info][gc] GC(27) Concurrent Mark
[2101.781s][info][gc] GC(27) Concurrent Mark 33.431ms
[2101.781s][info][gc] GC(27) Concurrent Preclean
[2101.781s][info][gc] GC(27) Concurrent Preclean 0.322ms
[2101.781s][info][gc] GC(27) Concurrent Abortable Preclean
[2104.272s][info][gc] GC(27) Concurrent Abortable Preclean 2490.054ms
[2104.293s][info][gc] GC(27) Pause Remark 35M->35M(50M) 19.737ms
[2104.293s][info][gc] GC(27) Concurrent Sweep
[2104.310s][info][gc] GC(27) Concurrent Sweep 17.216ms
[2104.310s][info][gc] GC(27) Concurrent Reset
[2104.310s][info][gc] GC(27) Concurrent Reset 0.036ms
[2106.314s][info][gc] GC(28) Pause Initial Mark 35M->35M(50M) 2.096ms
[2106.315s][info][gc] GC(28) Concurrent Mark
[2106.336s][info][gc] GC(28) Concurrent Mark 20.827ms
[2106.336s][info][gc] GC(28) Concurrent Preclean
[2106.336s][info][gc] GC(28) Concurrent Preclean 0.220ms
[2106.336s][info][gc] GC(28) Concurrent Abortable Preclean
[2106.336s][info][gc] GC(28) Concurrent Abortable Preclean 0.013ms
[2106.341s][info][gc] GC(28) Pause Remark 35M->35M(50M) 4.798ms
[2106.341s][info][gc] GC(28) Concurrent Sweep
[2106.345s][info][gc] GC(28) Concurrent Sweep 4.244ms
[2106.345s][info][gc] GC(28) Concurrent Reset
[2106.345s][info][gc] GC(28) Concurrent Reset 0.026ms
[2108.346s][info][gc] GC(29) Pause Initial Mark 36M->36M(50M) 0.376ms
[2108.346s][info][gc] GC(29) Concurrent Mark
[2108.358s][info][gc] GC(29) Concurrent Mark 11.434ms
[2108.358s][info][gc] GC(29) Concurrent Preclean
[2108.358s][info][gc] GC(29) Concurrent Preclean 0.194ms
[2108.358s][info][gc] GC(29) Concurrent Abortable Preclean
[2108.358s][info][gc] GC(29) Concurrent Abortable Preclean 0.013ms
[2108.363s][info][gc] GC(29) Pause Remark 36M->36M(50M) 4.964ms
[2108.363s][info][gc] GC(29) Concurrent Sweep
[2108.367s][info][gc] GC(29) Concurrent Sweep 3.774ms
[2108.367s][info][gc] GC(29) Concurrent Reset
[2108.367s][info][gc] GC(29) Concurrent Reset 0.025ms
[2110.368s][info][gc] GC(30) Pause Initial Mark 37M->37M(50M) 0.765ms
[2110.368s][info][gc] GC(30) Concurrent Mark
[2110.381s][info][gc] GC(30) Concurrent Mark 12.870ms
[2110.381s][info][gc] GC(30) Concurrent Preclean
[2110.381s][info][gc] GC(30) Concurrent Preclean 0.210ms
[2110.381s][info][gc] GC(30) Concurrent Abortable Preclean
[2110.381s][info][gc] GC(30) Concurrent Abortable Preclean 0.014ms
[2110.386s][info][gc] GC(30) Pause Remark 37M->37M(50M) 5.351ms
[2110.387s][info][gc] GC(30) Concurrent Sweep
[2110.391s][info][gc] GC(30) Concurrent Sweep 4.011ms
[2110.391s][info][gc] GC(30) Concurrent Reset
[2110.391s][info][gc] GC(30) Concurrent Reset 0.027ms
[2112.392s][info][gc] GC(31) Pause Initial Mark 37M->37M(50M) 0.706ms
[2112.392s][info][gc] GC(31) Concurrent Mark
[2112.405s][info][gc] GC(31) Concurrent Mark 12.849ms
[2112.405s][info][gc] GC(31) Concurrent Preclean
[2112.405s][info][gc] GC(31) Concurrent Preclean 0.141ms
[2112.405s][info][gc] GC(31) Concurrent Abortable Preclean
[2112.405s][info][gc] GC(31) Concurrent Abortable Preclean 0.014ms
[2112.411s][info][gc] GC(31) Pause Remark 37M->37M(50M) 5.553ms
[2112.411s][info][gc] GC(31) Concurrent Sweep
[2112.414s][info][gc] GC(31) Concurrent Sweep 3.741ms
[2112.414s][info][gc] GC(31) Concurrent Reset
[2112.414s][info][gc] GC(31) Concurrent Reset 0.025ms
[2112.792s][info][gc] GC(33) Pause Full (Allocation Failure) 37M->36M(50M) 98.638ms
[2112.792s][info][gc] GC(32) Pause Young (Allocation Failure) 37M->36M(50M) 99.047ms
[2112.792s][info][gc] GC(34) Pause Initial Mark 37M->37M(50M) 0.231ms
[2112.792s][info][gc] GC(34) Concurrent Mark
[2112.804s][info][gc] GC(34) Concurrent Mark 11.497ms
[2112.804s][info][gc] GC(34) Concurrent Preclean
[2112.817s][info][gc] GC(34) Concurrent Preclean 13.089ms
[2112.817s][info][gc] GC(34) Concurrent Abortable Preclean
[2112.817s][info][gc] GC(34) Concurrent Abortable Preclean 0.026ms
[2112.828s][info][gc] GC(34) Pause Remark 37M->37M(50M) 10.117ms
[2112.828s][info][gc] GC(34) Concurrent Sweep
[2112.834s][info][gc] GC(34) Concurrent Sweep 6.165ms
[2112.835s][info][gc] GC(34) Concurrent Reset
[2112.835s][info][gc] GC(34) Concurrent Reset 0.062ms
[2114.837s][info][gc] GC(35) Pause Initial Mark 37M->37M(50M) 0.576ms
[2114.837s][info][gc] GC(35) Concurrent Mark
[2114.849s][info][gc] GC(35) Concurrent Mark 12.263ms
[2114.849s][info][gc] GC(35) Concurrent Preclean
[2114.849s][info][gc] GC(35) Concurrent Preclean 0.155ms
[2114.849s][info][gc] GC(35) Concurrent Abortable Preclean
[2114.849s][info][gc] GC(35) Concurrent Abortable Preclean 0.013ms
[2114.855s][info][gc] GC(35) Pause Remark 37M->37M(50M) 5.306ms
[2114.855s][info][gc] GC(35) Concurrent Sweep
[2114.858s][info][gc] GC(35) Concurrent Sweep 3.293ms
[2114.858s][info][gc] GC(35) Concurrent Reset
[2114.858s][info][gc] GC(35) Concurrent Reset 0.025ms
[2116.864s][info][gc] GC(36) Pause Initial Mark 37M->37M(50M) 0.453ms
[2116.864s][info][gc] GC(36) Concurrent Mark
[2116.876s][info][gc] GC(36) Concurrent Mark 12.264ms
[2116.876s][info][gc] GC(36) Concurrent Preclean
[2116.876s][info][gc] GC(36) Concurrent Preclean 0.143ms
[2116.876s][info][gc] GC(36) Concurrent Abortable Preclean
[2116.876s][info][gc] GC(36) Concurrent Abortable Preclean 0.013ms
[2116.882s][info][gc] GC(36) Pause Remark 37M->37M(50M) 5.446ms
[2116.882s][info][gc] GC(36) Concurrent Sweep
[2116.885s][info][gc] GC(36) Concurrent Sweep 3.319ms
[2116.885s][info][gc] GC(36) Concurrent Reset
[2116.886s][info][gc] GC(36) Concurrent Reset 0.026ms
[2118.889s][info][gc] GC(37) Pause Initial Mark 37M->37M(50M) 0.342ms
[2118.889s][info][gc] GC(37) Concurrent Mark
[2118.903s][info][gc] GC(37) Concurrent Mark 13.600ms
[2118.903s][info][gc] GC(37) Concurrent Preclean
[2118.903s][info][gc] GC(37) Concurrent Preclean 0.148ms
[2118.903s][info][gc] GC(37) Concurrent Abortable Preclean
[2118.903s][info][gc] GC(37) Concurrent Abortable Preclean 0.015ms
[2118.908s][info][gc] GC(37) Pause Remark 37M->37M(50M) 4.712ms
[2118.908s][info][gc] GC(37) Concurrent Sweep
[2118.911s][info][gc] GC(37) Concurrent Sweep 3.070ms
[2118.911s][info][gc] GC(37) Concurrent Reset
[2118.911s][info][gc] GC(37) Concurrent Reset 0.027ms
[2120.914s][info][gc] GC(38) Pause Initial Mark 38M->38M(50M) 0.559ms
[2120.914s][info][gc] GC(38) Concurrent Mark
[2120.931s][info][gc] GC(38) Concurrent Mark 16.935ms
[2120.932s][info][gc] GC(38) Concurrent Preclean
[2120.932s][info][gc] GC(38) Concurrent Preclean 0.687ms
[2120.933s][info][gc] GC(38) Concurrent Abortable Preclean
[2120.934s][info][gc] GC(38) Concurrent Abortable Preclean 1.520ms
[2120.953s][info][gc] GC(38) Pause Remark 38M->38M(50M) 18.214ms
[2120.953s][info][gc] GC(38) Concurrent Sweep
[2120.957s][info][gc] GC(38) Concurrent Sweep 3.873ms
[2120.957s][info][gc] GC(38) Concurrent Reset
[2120.957s][info][gc] GC(38) Concurrent Reset 0.029ms
[2122.957s][info][gc] GC(39) Pause Initial Mark 39M->39M(50M) 0.494ms
[2122.957s][info][gc] GC(39) Concurrent Mark
[2122.969s][info][gc] GC(39) Concurrent Mark 12.171ms
[2122.969s][info][gc] GC(39) Concurrent Preclean
[2122.970s][info][gc] GC(39) Concurrent Preclean 0.225ms
[2122.970s][info][gc] GC(39) Concurrent Abortable Preclean
[2122.970s][info][gc] GC(39) Concurrent Abortable Preclean 0.013ms
[2122.975s][info][gc] GC(39) Pause Remark 39M->39M(50M) 5.177ms
[2122.975s][info][gc] GC(39) Concurrent Sweep
[2122.978s][info][gc] GC(39) Concurrent Sweep 3.114ms
[2122.978s][info][gc] GC(39) Concurrent Reset
[2122.978s][info][gc] GC(39) Concurrent Reset 0.041ms
[2124.984s][info][gc] GC(40) Pause Initial Mark 40M->40M(50M) 0.931ms
[2124.984s][info][gc] GC(40) Concurrent Mark
[2125.010s][info][gc] GC(40) Concurrent Mark 26.378ms
[2125.011s][info][gc] GC(40) Concurrent Preclean
[2125.012s][info][gc] GC(40) Concurrent Preclean 0.885ms
[2125.012s][info][gc] GC(40) Concurrent Abortable Preclean
[2125.012s][info][gc] GC(40) Concurrent Abortable Preclean 0.037ms
[2125.041s][info][gc] GC(40) Pause Remark 40M->40M(50M) 28.987ms
[2125.041s][info][gc] GC(40) Concurrent Sweep
[2125.047s][info][gc] GC(40) Concurrent Sweep 5.500ms
[2125.047s][info][gc] GC(40) Concurrent Reset
[2125.047s][info][gc] GC(40) Concurrent Reset 0.035ms
[2127.048s][info][gc] GC(41) Pause Initial Mark 41M->41M(50M) 0.643ms
[2127.048s][info][gc] GC(41) Concurrent Mark
[2127.074s][info][gc] GC(41) Concurrent Mark 26.252ms
[2127.074s][info][gc] GC(41) Concurrent Preclean
[2127.075s][info][gc] GC(41) Concurrent Preclean 0.342ms
[2127.075s][info][gc] GC(41) Concurrent Abortable Preclean
[2127.075s][info][gc] GC(41) Concurrent Abortable Preclean 0.014ms
[2127.087s][info][gc] GC(41) Pause Remark 41M->41M(50M) 11.704ms
[2127.087s][info][gc] GC(41) Concurrent Sweep
[2127.094s][info][gc] GC(41) Concurrent Sweep 6.864ms
[2127.094s][info][gc] GC(41) Concurrent Reset
[2127.095s][info][gc] GC(41) Concurrent Reset 0.147ms
[2129.096s][info][gc] GC(42) Pause Initial Mark 42M->42M(50M) 0.741ms
[2129.096s][info][gc] GC(42) Concurrent Mark
[2129.109s][info][gc] GC(42) Concurrent Mark 12.787ms
[2129.109s][info][gc] GC(42) Concurrent Preclean
[2129.109s][info][gc] GC(42) Concurrent Preclean 0.344ms
[2129.109s][info][gc] GC(42) Concurrent Abortable Preclean
[2129.109s][info][gc] GC(42) Concurrent Abortable Preclean 0.068ms
[2129.116s][info][gc] GC(42) Pause Remark 42M->42M(50M) 6.404ms
[2129.116s][info][gc] GC(42) Concurrent Sweep
[2129.119s][info][gc] GC(42) Concurrent Sweep 3.350ms
[2129.119s][info][gc] GC(42) Concurrent Reset
[2129.119s][info][gc] GC(42) Concurrent Reset 0.027ms
[2131.122s][info][gc] GC(43) Pause Initial Mark 44M->44M(50M) 1.178ms
[2131.122s][info][gc] GC(43) Concurrent Mark
[2131.139s][info][gc] GC(43) Concurrent Mark 17.231ms
[2131.140s][info][gc] GC(43) Concurrent Preclean
[2131.140s][info][gc] GC(43) Concurrent Preclean 0.540ms
[2131.140s][info][gc] GC(43) Concurrent Abortable Preclean
[2131.140s][info][gc] GC(43) Concurrent Abortable Preclean 0.019ms
[2131.151s][info][gc] GC(43) Pause Remark 44M->44M(50M) 10.832ms
[2131.151s][info][gc] GC(43) Concurrent Sweep
[2131.158s][info][gc] GC(43) Concurrent Sweep 6.329ms
[2131.158s][info][gc] GC(43) Concurrent Reset
[2131.158s][info][gc] GC(43) Concurrent Reset 0.038ms
[2133.159s][info][gc] GC(44) Pause Initial Mark 45M->45M(50M) 0.687ms
[2133.159s][info][gc] GC(44) Concurrent Mark
[2133.172s][info][gc] GC(44) Concurrent Mark 12.579ms
[2133.172s][info][gc] GC(44) Concurrent Preclean
[2133.172s][info][gc] GC(44) Concurrent Preclean 0.239ms
[2133.172s][info][gc] GC(44) Concurrent Abortable Preclean
[2133.172s][info][gc] GC(44) Concurrent Abortable Preclean 0.015ms
[2133.178s][info][gc] GC(44) Pause Remark 45M->45M(50M) 5.439ms
[2133.178s][info][gc] GC(44) Concurrent Sweep
[2133.181s][info][gc] GC(44) Concurrent Sweep 3.328ms
[2133.181s][info][gc] GC(44) Concurrent Reset
[2133.181s][info][gc] GC(44) Concurrent Reset 0.027ms
[2135.185s][info][gc] GC(45) Pause Initial Mark 46M->46M(50M) 0.902ms
[2135.185s][info][gc] GC(45) Concurrent Mark
[2135.208s][info][gc] GC(45) Concurrent Mark 23.063ms
[2135.208s][info][gc] GC(45) Concurrent Preclean
[2135.209s][info][gc] GC(45) Concurrent Preclean 0.618ms
[2135.209s][info][gc] GC(45) Concurrent Abortable Preclean
[2135.209s][info][gc] GC(45) Concurrent Abortable Preclean 0.154ms
[2135.223s][info][gc] GC(45) Pause Remark 46M->46M(50M) 13.154ms
[2135.223s][info][gc] GC(45) Concurrent Sweep
[2135.229s][info][gc] GC(45) Concurrent Sweep 5.800ms
[2135.229s][info][gc] GC(45) Concurrent Reset
[2135.229s][info][gc] GC(45) Concurrent Reset 0.039ms
[2137.229s][info][gc] GC(46) Pause Initial Mark 47M->47M(50M) 0.510ms
[2137.229s][info][gc] GC(46) Concurrent Mark
[2137.249s][info][gc] GC(46) Concurrent Mark 19.847ms
[2137.249s][info][gc] GC(46) Concurrent Preclean
[2137.250s][info][gc] GC(46) Concurrent Preclean 0.562ms
[2137.250s][info][gc] GC(46) Concurrent Abortable Preclean
[2137.250s][info][gc] GC(46) Concurrent Abortable Preclean 0.021ms
[2137.257s][info][gc] GC(46) Pause Remark 47M->47M(50M) 7.133ms
[2137.257s][info][gc] GC(46) Concurrent Sweep
[2137.261s][info][gc] GC(46) Concurrent Sweep 4.281ms
[2137.261s][info][gc] GC(46) Concurrent Reset
[2137.261s][info][gc] GC(46) Concurrent Reset 0.027ms
[2139.264s][info][gc] GC(47) Pause Initial Mark 47M->47M(50M) 0.731ms
[2139.264s][info][gc] GC(47) Concurrent Mark
[2139.277s][info][gc] GC(47) Concurrent Mark 12.573ms
[2139.277s][info][gc] GC(47) Concurrent Preclean
[2139.277s][info][gc] GC(47) Concurrent Preclean 0.159ms
[2139.277s][info][gc] GC(47) Concurrent Abortable Preclean
[2139.277s][info][gc] GC(47) Concurrent Abortable Preclean 0.015ms
[2139.283s][info][gc] GC(47) Pause Remark 47M->47M(50M) 5.443ms
[2139.283s][info][gc] GC(47) Concurrent Sweep
[2139.286s][info][gc] GC(47) Concurrent Sweep 3.315ms
[2139.286s][info][gc] GC(47) Concurrent Reset
[2139.286s][info][gc] GC(47) Concurrent Reset 0.027ms
[2141.288s][info][gc] GC(48) Pause Initial Mark 47M->47M(50M) 0.627ms
[2141.288s][info][gc] GC(48) Concurrent Mark
[2141.301s][info][gc] GC(48) Concurrent Mark 13.359ms
[2141.301s][info][gc] GC(48) Concurrent Preclean
[2141.301s][info][gc] GC(48) Concurrent Preclean 0.144ms
[2141.302s][info][gc] GC(48) Concurrent Abortable Preclean
[2141.302s][info][gc] GC(48) Concurrent Abortable Preclean 0.014ms
[2141.307s][info][gc] GC(48) Pause Remark 47M->47M(50M) 5.288ms
[2141.307s][info][gc] GC(48) Concurrent Sweep
[2141.311s][info][gc] GC(48) Concurrent Sweep 3.451ms
[2141.311s][info][gc] GC(48) Concurrent Reset
[2141.311s][info][gc] GC(48) Concurrent Reset 0.027ms
[2143.314s][info][gc] GC(49) Pause Initial Mark 47M->47M(50M) 0.760ms
[2143.314s][info][gc] GC(49) Concurrent Mark
[2143.327s][info][gc] GC(49) Concurrent Mark 12.361ms
[2143.327s][info][gc] GC(49) Concurrent Preclean
[2143.327s][info][gc] GC(49) Concurrent Preclean 0.163ms
[2143.327s][info][gc] GC(49) Concurrent Abortable Preclean
[2143.327s][info][gc] GC(49) Concurrent Abortable Preclean 0.013ms
[2143.332s][info][gc] GC(49) Pause Remark 47M->47M(50M) 5.318ms
[2143.332s][info][gc] GC(49) Concurrent Sweep
[2143.336s][info][gc] GC(49) Concurrent Sweep 3.335ms
[2143.336s][info][gc] GC(49) Concurrent Reset
[2143.336s][info][gc] GC(49) Concurrent Reset 0.027ms
[2145.342s][info][gc] GC(50) Pause Initial Mark 47M->47M(50M) 0.725ms
[2145.342s][info][gc] GC(50) Concurrent Mark
[2145.355s][info][gc] GC(50) Concurrent Mark 12.526ms
[2145.355s][info][gc] GC(50) Concurrent Preclean
[2145.355s][info][gc] GC(50) Concurrent Preclean 0.157ms
[2145.355s][info][gc] GC(50) Concurrent Abortable Preclean
[2145.355s][info][gc] GC(50) Concurrent Abortable Preclean 0.015ms
[2145.360s][info][gc] GC(50) Pause Remark 47M->47M(50M) 5.307ms
[2145.360s][info][gc] GC(50) Concurrent Sweep
[2145.364s][info][gc] GC(50) Concurrent Sweep 3.343ms
[2145.364s][info][gc] GC(50) Concurrent Reset
[2145.364s][info][gc] GC(50) Concurrent Reset 0.026ms
[2147.365s][info][gc] GC(51) Pause Initial Mark 47M->47M(50M) 0.891ms
[2147.365s][info][gc] GC(51) Concurrent Mark
[2147.387s][info][gc] GC(51) Concurrent Mark 22.133ms
[2147.388s][info][gc] GC(51) Concurrent Preclean
[2147.388s][info][gc] GC(51) Concurrent Preclean 0.158ms
[2147.388s][info][gc] GC(51) Concurrent Abortable Preclean
[2147.388s][info][gc] GC(51) Concurrent Abortable Preclean 0.014ms
[2147.405s][info][gc] GC(51) Pause Remark 47M->47M(50M) 16.991ms
[2147.405s][info][gc] GC(51) Concurrent Sweep
[2147.409s][info][gc] GC(51) Concurrent Sweep 3.511ms
[2147.409s][info][gc] GC(51) Concurrent Reset
[2147.409s][info][gc] GC(51) Concurrent Reset 0.027ms
[2149.410s][info][gc] GC(52) Pause Initial Mark 48M->48M(50M) 0.569ms
[2149.410s][info][gc] GC(52) Concurrent Mark
[2149.422s][info][gc] GC(52) Concurrent Mark 12.143ms
[2149.422s][info][gc] GC(52) Concurrent Preclean
[2149.422s][info][gc] GC(52) Concurrent Preclean 0.342ms
[2149.422s][info][gc] GC(52) Concurrent Abortable Preclean
[2149.423s][info][gc] GC(52) Concurrent Abortable Preclean 0.018ms
[2149.427s][info][gc] GC(52) Pause Remark 48M->48M(50M) 4.776ms
[2149.427s][info][gc] GC(52) Concurrent Sweep
[2149.431s][info][gc] GC(52) Concurrent Sweep 3.071ms
[2149.431s][info][gc] GC(52) Concurrent Reset
[2149.431s][info][gc] GC(52) Concurrent Reset 0.027ms
[2149.962s][info][gc] GC(54) Pause Full (Allocation Failure) 48M->47M(50M) 100.532ms
[2149.962s][info][gc] GC(53) Pause Young (Allocation Failure) 48M->47M(50M) 100.676ms
[2149.993s][info][gc] GC(55) Pause Full (Allocation Failure) 47M->47M(50M) 30.385ms
[2149.993s][info][gc] GC(56) Pause Initial Mark 47M->47M(50M) 0.231ms
[2149.993s][info][gc] GC(56) Concurrent Mark
[2150.006s][info][gc] GC(56) Concurrent Mark 12.529ms
[2150.006s][info][gc] GC(56) Concurrent Preclean
[2150.023s][info][gc] GC(56) Concurrent Preclean 16.629ms
[2150.023s][info][gc] GC(56) Concurrent Abortable Preclean
[2150.023s][info][gc] GC(56) Concurrent Abortable Preclean 0.044ms
[2150.030s][info][gc] GC(56) Pause Remark 49M->49M(50M) 7.124ms
[2150.031s][info][gc] GC(56) Concurrent Sweep
[2150.035s][info][gc] GC(56) Concurrent Sweep 4.872ms
[2150.036s][info][gc] GC(56) Concurrent Reset
[2150.036s][info][gc] GC(56) Concurrent Reset 0.041ms
[2150.070s][info][gc] GC(58) Pause Full (Allocation Failure) 49M->47M(50M) 31.326ms
[2150.070s][info][gc] GC(57) Pause Young (Allocation Failure) 49M->47M(50M) 31.435ms
[2150.071s][info][gc] GC(59) Pause Initial Mark 47M->47M(50M) 0.374ms
[2150.071s][info][gc] GC(59) Concurrent Mark
[2150.085s][info][gc] GC(59) Concurrent Mark 13.591ms
[2150.085s][info][gc] GC(59) Concurrent Preclean
[2150.097s][info][gc] GC(59) Concurrent Preclean 11.641ms
[2150.097s][info][gc] GC(59) Concurrent Abortable Preclean
[2150.097s][info][gc] GC(59) Concurrent Abortable Preclean 0.019ms
[2150.124s][info][gc] GC(59) Pause Remark 49M->49M(50M) 27.047ms
[2150.127s][info][gc] GC(59) Concurrent Sweep
[2150.132s][info][gc] GC(59) Concurrent Sweep 5.443ms
[2150.134s][info][gc] GC(59) Concurrent Reset
[2150.134s][info][gc] GC(59) Concurrent Reset 0.051ms
[2152.136s][info][gc] GC(60) Pause Initial Mark 49M->49M(50M) 1.505ms
[2152.136s][info][gc] GC(60) Concurrent Mark
[2152.146s][info][gc] GC(60) Concurrent Mark 9.989ms
[2152.146s][info][gc] GC(60) Concurrent Preclean
[2152.147s][info][gc] GC(60) Concurrent Preclean 0.241ms
[2152.147s][info][gc] GC(60) Concurrent Abortable Preclean
[2152.147s][info][gc] GC(60) Concurrent Abortable Preclean 0.015ms
[2152.152s][info][gc] GC(60) Pause Remark 49M->49M(50M) 4.758ms
[2152.152s][info][gc] GC(60) Concurrent Sweep
[2152.155s][info][gc] GC(60) Concurrent Sweep 2.945ms
[2152.155s][info][gc] GC(60) Concurrent Reset
[2152.155s][info][gc] GC(60) Concurrent Reset 0.027ms
[2154.156s][info][gc] GC(61) Pause Initial Mark 49M->49M(50M) 1.427ms
[2154.157s][info][gc] GC(61) Concurrent Mark
[2154.168s][info][gc] GC(61) Concurrent Mark 11.465ms
[2154.168s][info][gc] GC(61) Concurrent Preclean
[2154.168s][info][gc] GC(61) Concurrent Preclean 0.166ms
[2154.168s][info][gc] GC(61) Concurrent Abortable Preclean
[2154.168s][info][gc] GC(61) Concurrent Abortable Preclean 0.015ms
[2154.174s][info][gc] GC(61) Pause Remark 49M->49M(50M) 5.084ms
[2154.174s][info][gc] GC(61) Concurrent Sweep
[2154.177s][info][gc] GC(61) Concurrent Sweep 3.001ms
[2154.177s][info][gc] GC(61) Concurrent Reset
[2154.177s][info][gc] GC(61) Concurrent Reset 0.027ms
[2156.179s][info][gc] GC(62) Pause Initial Mark 49M->49M(50M) 1.227ms
[2156.179s][info][gc] GC(62) Concurrent Mark
[2156.191s][info][gc] GC(62) Concurrent Mark 11.843ms
[2156.191s][info][gc] GC(62) Concurrent Preclean
[2156.191s][info][gc] GC(62) Concurrent Preclean 0.143ms
[2156.191s][info][gc] GC(62) Concurrent Abortable Preclean
[2156.191s][info][gc] GC(62) Concurrent Abortable Preclean 0.014ms
[2156.197s][info][gc] GC(62) Pause Remark 49M->49M(50M) 5.528ms
[2156.197s][info][gc] GC(62) Concurrent Sweep
[2156.200s][info][gc] GC(62) Concurrent Sweep 3.233ms
[2156.200s][info][gc] GC(62) Concurrent Reset
[2156.200s][info][gc] GC(62) Concurrent Reset 0.027ms
[2158.207s][info][gc] GC(63) Pause Initial Mark 49M->49M(50M) 1.212ms
[2158.207s][info][gc] GC(63) Concurrent Mark
[2158.219s][info][gc] GC(63) Concurrent Mark 12.009ms
[2158.219s][info][gc] GC(63) Concurrent Preclean
[2158.219s][info][gc] GC(63) Concurrent Preclean 0.140ms
[2158.219s][info][gc] GC(63) Concurrent Abortable Preclean
[2158.219s][info][gc] GC(63) Concurrent Abortable Preclean 0.014ms
[2158.224s][info][gc] GC(63) Pause Remark 49M->49M(50M) 5.363ms
[2158.225s][info][gc] GC(63) Concurrent Sweep
[2158.228s][info][gc] GC(63) Concurrent Sweep 3.315ms
[2158.228s][info][gc] GC(63) Concurrent Reset
[2158.228s][info][gc] GC(63) Concurrent Reset 0.027ms
[2160.231s][info][gc] GC(64) Pause Initial Mark 49M->49M(50M) 1.304ms
[2160.231s][info][gc] GC(64) Concurrent Mark
[2160.242s][info][gc] GC(64) Concurrent Mark 11.450ms
[2160.242s][info][gc] GC(64) Concurrent Preclean
[2160.243s][info][gc] GC(64) Concurrent Preclean 0.149ms
[2160.243s][info][gc] GC(64) Concurrent Abortable Preclean
[2160.243s][info][gc] GC(64) Concurrent Abortable Preclean 0.014ms
[2160.249s][info][gc] GC(64) Pause Remark 49M->49M(50M) 5.835ms
[2160.249s][info][gc] GC(64) Concurrent Sweep
[2160.252s][info][gc] GC(64) Concurrent Sweep 3.338ms
[2160.252s][info][gc] GC(64) Concurrent Reset
[2160.252s][info][gc] GC(64) Concurrent Reset 0.027ms
[2162.258s][info][gc] GC(65) Pause Initial Mark 49M->49M(50M) 1.169ms
[2162.258s][info][gc] GC(65) Concurrent Mark
[2162.272s][info][gc] GC(65) Concurrent Mark 13.060ms
[2162.272s][info][gc] GC(65) Concurrent Preclean
[2162.272s][info][gc] GC(65) Concurrent Preclean 0.143ms
[2162.272s][info][gc] GC(65) Concurrent Abortable Preclean
[2162.272s][info][gc] GC(65) Concurrent Abortable Preclean 0.014ms
[2162.278s][info][gc] GC(65) Pause Remark 49M->49M(50M) 6.297ms
[2162.278s][info][gc] GC(65) Concurrent Sweep
[2162.282s][info][gc] GC(65) Concurrent Sweep 3.270ms
[2162.282s][info][gc] GC(65) Concurrent Reset
[2162.282s][info][gc] GC(65) Concurrent Reset 0.027ms
[2164.287s][info][gc] GC(66) Pause Initial Mark 49M->49M(50M) 1.317ms
[2164.288s][info][gc] GC(66) Concurrent Mark
[2164.301s][info][gc] GC(66) Concurrent Mark 13.688ms
[2164.301s][info][gc] GC(66) Concurrent Preclean
[2164.301s][info][gc] GC(66) Concurrent Preclean 0.163ms
[2164.301s][info][gc] GC(66) Concurrent Abortable Preclean
[2164.301s][info][gc] GC(66) Concurrent Abortable Preclean 0.014ms
[2164.307s][info][gc] GC(66) Pause Remark 49M->49M(50M) 5.336ms
[2164.307s][info][gc] GC(66) Concurrent Sweep
[2164.311s][info][gc] GC(66) Concurrent Sweep 3.695ms
[2164.311s][info][gc] GC(66) Concurrent Reset
[2164.311s][info][gc] GC(66) Concurrent Reset 0.049ms
[2166.311s][info][gc] GC(67) Pause Initial Mark 49M->49M(50M) 0.872ms
[2166.311s][info][gc] GC(67) Concurrent Mark
[2166.323s][info][gc] GC(67) Concurrent Mark 11.241ms
[2166.323s][info][gc] GC(67) Concurrent Preclean
[2166.323s][info][gc] GC(67) Concurrent Preclean 0.133ms
[2166.323s][info][gc] GC(67) Concurrent Abortable Preclean
[2166.323s][info][gc] GC(67) Concurrent Abortable Preclean 0.013ms
[2166.330s][info][gc] GC(67) Pause Remark 49M->49M(50M) 6.851ms
[2166.330s][info][gc] GC(67) Concurrent Sweep
[2166.333s][info][gc] GC(67) Concurrent Sweep 3.261ms
[2166.333s][info][gc] GC(67) Concurrent Reset
[2166.333s][info][gc] GC(67) Concurrent Reset 0.027ms
[2168.334s][info][gc] GC(68) Pause Initial Mark 49M->49M(50M) 1.134ms
[2168.335s][info][gc] GC(68) Concurrent Mark
[2168.347s][info][gc] GC(68) Concurrent Mark 12.052ms
[2168.347s][info][gc] GC(68) Concurrent Preclean
[2168.347s][info][gc] GC(68) Concurrent Preclean 0.157ms
[2168.347s][info][gc] GC(68) Concurrent Abortable Preclean
[2168.347s][info][gc] GC(68) Concurrent Abortable Preclean 0.014ms
[2168.352s][info][gc] GC(68) Pause Remark 49M->49M(50M) 5.313ms
[2168.352s][info][gc] GC(68) Concurrent Sweep
[2168.355s][info][gc] GC(68) Concurrent Sweep 3.036ms
[2168.356s][info][gc] GC(68) Concurrent Reset
[2168.356s][info][gc] GC(68) Concurrent Reset 0.068ms
[2170.356s][info][gc] GC(69) Pause Initial Mark 49M->49M(50M) 0.971ms
[2170.357s][info][gc] GC(69) Concurrent Mark
[2170.368s][info][gc] GC(69) Concurrent Mark 11.869ms
[2170.369s][info][gc] GC(69) Concurrent Preclean
[2170.369s][info][gc] GC(69) Concurrent Preclean 0.160ms
[2170.369s][info][gc] GC(69) Concurrent Abortable Preclean
[2170.369s][info][gc] GC(69) Concurrent Abortable Preclean 0.015ms
[2170.374s][info][gc] GC(69) Pause Remark 49M->49M(50M) 5.557ms
[2170.375s][info][gc] GC(69) Concurrent Sweep
[2170.378s][info][gc] GC(69) Concurrent Sweep 3.333ms
[2170.378s][info][gc] GC(69) Concurrent Reset
[2170.378s][info][gc] GC(69) Concurrent Reset 0.026ms
[2172.379s][info][gc] GC(70) Pause Initial Mark 49M->49M(50M) 1.029ms
[2172.379s][info][gc] GC(70) Concurrent Mark
[2172.391s][info][gc] GC(70) Concurrent Mark 11.771ms
[2172.391s][info][gc] GC(70) Concurrent Preclean
[2172.391s][info][gc] GC(70) Concurrent Preclean 0.139ms
[2172.391s][info][gc] GC(70) Concurrent Abortable Preclean
[2172.391s][info][gc] GC(70) Concurrent Abortable Preclean 0.014ms
[2172.396s][info][gc] GC(70) Pause Remark 49M->49M(50M) 5.321ms
[2172.397s][info][gc] GC(70) Concurrent Sweep
[2172.400s][info][gc] GC(70) Concurrent Sweep 3.204ms
[2172.400s][info][gc] GC(70) Concurrent Reset
[2172.400s][info][gc] GC(70) Concurrent Reset 0.025ms
[2174.403s][info][gc] GC(71) Pause Initial Mark 49M->49M(50M) 1.674ms
[2174.403s][info][gc] GC(71) Concurrent Mark
[2174.415s][info][gc] GC(71) Concurrent Mark 12.477ms
[2174.415s][info][gc] GC(71) Concurrent Preclean
[2174.415s][info][gc] GC(71) Concurrent Preclean 0.158ms
[2174.415s][info][gc] GC(71) Concurrent Abortable Preclean
[2174.415s][info][gc] GC(71) Concurrent Abortable Preclean 0.014ms
[2174.421s][info][gc] GC(71) Pause Remark 49M->49M(50M) 5.382ms
[2174.421s][info][gc] GC(71) Concurrent Sweep
[2174.424s][info][gc] GC(71) Concurrent Sweep 3.153ms
[2174.424s][info][gc] GC(71) Concurrent Reset
[2174.424s][info][gc] GC(71) Concurrent Reset 0.025ms
[2176.427s][info][gc] GC(72) Pause Initial Mark 49M->49M(50M) 2.234ms
[2176.427s][info][gc] GC(72) Concurrent Mark
[2176.440s][info][gc] GC(72) Concurrent Mark 12.584ms
[2176.440s][info][gc] GC(72) Concurrent Preclean
[2176.440s][info][gc] GC(72) Concurrent Preclean 0.143ms
[2176.440s][info][gc] GC(72) Concurrent Abortable Preclean
[2176.440s][info][gc] GC(72) Concurrent Abortable Preclean 0.014ms
[2176.446s][info][gc] GC(72) Pause Remark 49M->49M(50M) 5.401ms
[2176.446s][info][gc] GC(72) Concurrent Sweep
[2176.450s][info][gc] GC(72) Concurrent Sweep 3.866ms
[2176.450s][info][gc] GC(72) Concurrent Reset
[2176.450s][info][gc] GC(72) Concurrent Reset 0.032ms
[2178.456s][info][gc] GC(73) Pause Initial Mark 49M->49M(50M) 1.246ms
[2178.457s][info][gc] GC(73) Concurrent Mark
[2178.469s][info][gc] GC(73) Concurrent Mark 12.182ms
[2178.469s][info][gc] GC(73) Concurrent Preclean
[2178.469s][info][gc] GC(73) Concurrent Preclean 0.164ms
[2178.469s][info][gc] GC(73) Concurrent Abortable Preclean
[2178.469s][info][gc] GC(73) Concurrent Abortable Preclean 0.020ms
[2178.475s][info][gc] GC(73) Pause Remark 49M->49M(50M) 5.549ms
[2178.475s][info][gc] GC(73) Concurrent Sweep
[2178.478s][info][gc] GC(73) Concurrent Sweep 3.197ms
[2178.478s][info][gc] GC(73) Concurrent Reset
[2178.478s][info][gc] GC(73) Concurrent Reset 0.030ms
[2180.481s][info][gc] GC(74) Pause Initial Mark 49M->49M(50M) 0.914ms
[2180.481s][info][gc] GC(74) Concurrent Mark
[2180.493s][info][gc] GC(74) Concurrent Mark 12.105ms
[2180.493s][info][gc] GC(74) Concurrent Preclean
[2180.493s][info][gc] GC(74) Concurrent Preclean 0.176ms
[2180.494s][info][gc] GC(74) Concurrent Abortable Preclean
[2180.494s][info][gc] GC(74) Concurrent Abortable Preclean 0.042ms
[2180.502s][info][gc] GC(74) Pause Remark 49M->49M(50M) 8.700ms
[2180.502s][info][gc] GC(74) Concurrent Sweep
[2180.506s][info][gc] GC(74) Concurrent Sweep 3.304ms
[2180.506s][info][gc] GC(74) Concurrent Reset
[2180.506s][info][gc] GC(74) Concurrent Reset 0.029ms
[2182.510s][info][gc] GC(75) Pause Initial Mark 49M->49M(50M) 1.247ms
[2182.511s][info][gc] GC(75) Concurrent Mark
[2182.523s][info][gc] GC(75) Concurrent Mark 12.252ms
[2182.523s][info][gc] GC(75) Concurrent Preclean
[2182.523s][info][gc] GC(75) Concurrent Preclean 0.158ms
[2182.523s][info][gc] GC(75) Concurrent Abortable Preclean
[2182.523s][info][gc] GC(75) Concurrent Abortable Preclean 0.022ms
[2182.529s][info][gc] GC(75) Pause Remark 49M->49M(50M) 5.422ms
[2182.529s][info][gc] GC(75) Concurrent Sweep
[2182.532s][info][gc] GC(75) Concurrent Sweep 3.125ms
[2182.532s][info][gc] GC(75) Concurrent Reset
[2182.532s][info][gc] GC(75) Concurrent Reset 0.028ms
[2184.536s][info][gc] GC(76) Pause Initial Mark 49M->49M(50M) 1.095ms
[2184.536s][info][gc] GC(76) Concurrent Mark
[2184.551s][info][gc] GC(76) Concurrent Mark 14.970ms
[2184.551s][info][gc] GC(76) Concurrent Preclean
[2184.551s][info][gc] GC(76) Concurrent Preclean 0.168ms
[2184.551s][info][gc] GC(76) Concurrent Abortable Preclean
[2184.551s][info][gc] GC(76) Concurrent Abortable Preclean 0.016ms
[2184.557s][info][gc] GC(76) Pause Remark 49M->49M(50M) 5.798ms
[2184.557s][info][gc] GC(76) Concurrent Sweep
[2184.560s][info][gc] GC(76) Concurrent Sweep 3.268ms
[2184.560s][info][gc] GC(76) Concurrent Reset
[2184.560s][info][gc] GC(76) Concurrent Reset 0.031ms
[2186.564s][info][gc] GC(77) Pause Initial Mark 49M->49M(50M) 0.909ms
[2186.564s][info][gc] GC(77) Concurrent Mark
[2186.583s][info][gc] GC(77) Concurrent Mark 19.074ms
[2186.584s][info][gc] GC(77) Concurrent Preclean
[2186.584s][info][gc] GC(77) Concurrent Preclean 0.190ms
[2186.584s][info][gc] GC(77) Concurrent Abortable Preclean
[2186.584s][info][gc] GC(77) Concurrent Abortable Preclean 0.024ms
[2186.596s][info][gc] GC(77) Pause Remark 49M->49M(50M) 11.655ms
[2186.596s][info][gc] GC(77) Concurrent Sweep
[2186.601s][info][gc] GC(77) Concurrent Sweep 5.018ms
[2186.601s][info][gc] GC(77) Concurrent Reset
[2186.601s][info][gc] GC(77) Concurrent Reset 0.183ms
[2188.605s][info][gc] GC(78) Pause Initial Mark 49M->49M(50M) 0.650ms
[2188.605s][info][gc] GC(78) Concurrent Mark
[2188.618s][info][gc] GC(78) Concurrent Mark 12.262ms
[2188.618s][info][gc] GC(78) Concurrent Preclean
[2188.618s][info][gc] GC(78) Concurrent Preclean 0.129ms
[2188.618s][info][gc] GC(78) Concurrent Abortable Preclean
[2188.618s][info][gc] GC(78) Concurrent Abortable Preclean 0.014ms
[2188.624s][info][gc] GC(78) Pause Remark 49M->49M(50M) 6.033ms
[2188.624s][info][gc] GC(78) Concurrent Sweep
[2188.628s][info][gc] GC(78) Concurrent Sweep 4.175ms
[2188.628s][info][gc] GC(78) Concurrent Reset
[2188.628s][info][gc] GC(78) Concurrent Reset 0.028ms
[2190.629s][info][gc] GC(79) Pause Initial Mark 49M->49M(50M) 0.730ms
[2190.630s][info][gc] GC(79) Concurrent Mark
[2190.645s][info][gc] GC(79) Concurrent Mark 15.436ms
[2190.645s][info][gc] GC(79) Concurrent Preclean
[2190.646s][info][gc] GC(79) Concurrent Preclean 0.427ms
[2190.646s][info][gc] GC(79) Concurrent Abortable Preclean
[2190.646s][info][gc] GC(79) Concurrent Abortable Preclean 0.022ms
[2190.652s][info][gc] GC(79) Pause Remark 49M->49M(50M) 6.289ms
[2190.652s][info][gc] GC(79) Concurrent Sweep
[2190.655s][info][gc] GC(79) Concurrent Sweep 3.061ms
[2190.656s][info][gc] GC(79) Concurrent Reset
[2190.656s][info][gc] GC(79) Concurrent Reset 0.027ms
[2192.660s][info][gc] GC(80) Pause Initial Mark 49M->49M(50M) 1.272ms
[2192.660s][info][gc] GC(80) Concurrent Mark
[2192.675s][info][gc] GC(80) Concurrent Mark 14.583ms
[2192.675s][info][gc] GC(80) Concurrent Preclean
[2192.675s][info][gc] GC(80) Concurrent Preclean 0.156ms
[2192.675s][info][gc] GC(80) Concurrent Abortable Preclean
[2192.675s][info][gc] GC(80) Concurrent Abortable Preclean 0.016ms
[2192.680s][info][gc] GC(80) Pause Remark 49M->49M(50M) 5.309ms
[2192.680s][info][gc] GC(80) Concurrent Sweep
[2192.684s][info][gc] GC(80) Concurrent Sweep 3.333ms
[2192.684s][info][gc] GC(80) Concurrent Reset
[2192.684s][info][gc] GC(80) Concurrent Reset 0.031ms
[2194.688s][info][gc] GC(81) Pause Initial Mark 49M->49M(50M) 0.662ms
[2194.688s][info][gc] GC(81) Concurrent Mark
[2194.699s][info][gc] GC(81) Concurrent Mark 11.086ms
[2194.700s][info][gc] GC(81) Concurrent Preclean
[2194.700s][info][gc] GC(81) Concurrent Preclean 0.212ms
[2194.700s][info][gc] GC(81) Concurrent Abortable Preclean
[2194.700s][info][gc] GC(81) Concurrent Abortable Preclean 0.022ms
[2194.712s][info][gc] GC(81) Pause Remark 49M->49M(50M) 10.776ms
[2194.712s][info][gc] GC(81) Concurrent Sweep
[2194.716s][info][gc] GC(81) Concurrent Sweep 4.166ms
[2194.716s][info][gc] GC(81) Concurrent Reset
[2194.716s][info][gc] GC(81) Concurrent Reset 0.042ms
[2196.722s][info][gc] GC(82) Pause Initial Mark 49M->49M(50M) 0.870ms
[2196.722s][info][gc] GC(82) Concurrent Mark
[2196.734s][info][gc] GC(82) Concurrent Mark 11.878ms
[2196.734s][info][gc] GC(82) Concurrent Preclean
[2196.734s][info][gc] GC(82) Concurrent Preclean 0.163ms
[2196.734s][info][gc] GC(82) Concurrent Abortable Preclean
[2196.734s][info][gc] GC(82) Concurrent Abortable Preclean 0.015ms
[2196.741s][info][gc] GC(82) Pause Remark 49M->49M(50M) 6.688ms
[2196.741s][info][gc] GC(82) Concurrent Sweep
[2196.745s][info][gc] GC(82) Concurrent Sweep 3.769ms
[2196.745s][info][gc] GC(82) Concurrent Reset
[2196.745s][info][gc] GC(82) Concurrent Reset 0.060ms
[2198.751s][info][gc] GC(83) Pause Initial Mark 49M->49M(50M) 1.275ms
[2198.751s][info][gc] GC(83) Concurrent Mark
[2198.763s][info][gc] GC(83) Concurrent Mark 12.287ms
[2198.763s][info][gc] GC(83) Concurrent Preclean
[2198.763s][info][gc] GC(83) Concurrent Preclean 0.164ms
[2198.763s][info][gc] GC(83) Concurrent Abortable Preclean
[2198.763s][info][gc] GC(83) Concurrent Abortable Preclean 0.017ms
[2198.769s][info][gc] GC(83) Pause Remark 49M->49M(50M) 5.392ms
[2198.769s][info][gc] GC(83) Concurrent Sweep
[2198.772s][info][gc] GC(83) Concurrent Sweep 3.185ms
[2198.772s][info][gc] GC(83) Concurrent Reset
[2198.772s][info][gc] GC(83) Concurrent Reset 0.028ms
[2200.776s][info][gc] GC(84) Pause Initial Mark 49M->49M(50M) 1.068ms
[2200.776s][info][gc] GC(84) Concurrent Mark
[2200.788s][info][gc] GC(84) Concurrent Mark 12.312ms
[2200.789s][info][gc] GC(84) Concurrent Preclean
[2200.789s][info][gc] GC(84) Concurrent Preclean 0.144ms
[2200.789s][info][gc] GC(84) Concurrent Abortable Preclean
[2200.789s][info][gc] GC(84) Concurrent Abortable Preclean 0.016ms
[2200.796s][info][gc] GC(84) Pause Remark 49M->49M(50M) 6.703ms
[2200.796s][info][gc] GC(84) Concurrent Sweep
[2200.799s][info][gc] GC(84) Concurrent Sweep 3.051ms
[2200.799s][info][gc] GC(84) Concurrent Reset
[2200.799s][info][gc] GC(84) Concurrent Reset 0.027ms
[2202.801s][info][gc] GC(85) Pause Initial Mark 49M->49M(50M) 1.454ms
[2202.802s][info][gc] GC(85) Concurrent Mark
[2202.814s][info][gc] GC(85) Concurrent Mark 12.391ms
[2202.814s][info][gc] GC(85) Concurrent Preclean
[2202.814s][info][gc] GC(85) Concurrent Preclean 0.144ms
[2202.814s][info][gc] GC(85) Concurrent Abortable Preclean
[2202.814s][info][gc] GC(85) Concurrent Abortable Preclean 0.016ms
[2202.821s][info][gc] GC(85) Pause Remark 49M->49M(50M) 6.688ms
[2202.821s][info][gc] GC(85) Concurrent Sweep
[2202.824s][info][gc] GC(85) Concurrent Sweep 3.237ms
[2202.824s][info][gc] GC(85) Concurrent Reset
[2202.824s][info][gc] GC(85) Concurrent Reset 0.029ms
[2204.826s][info][gc] GC(86) Pause Initial Mark 49M->49M(50M) 0.836ms
[2204.826s][info][gc] GC(86) Concurrent Mark
[2204.839s][info][gc] GC(86) Concurrent Mark 13.448ms
[2204.839s][info][gc] GC(86) Concurrent Preclean
[2204.839s][info][gc] GC(86) Concurrent Preclean 0.141ms
[2204.840s][info][gc] GC(86) Concurrent Abortable Preclean
[2204.840s][info][gc] GC(86) Concurrent Abortable Preclean 0.014ms
[2204.846s][info][gc] GC(86) Pause Remark 49M->49M(50M) 5.912ms
[2204.846s][info][gc] GC(86) Concurrent Sweep
[2204.849s][info][gc] GC(86) Concurrent Sweep 3.131ms
[2204.849s][info][gc] GC(86) Concurrent Reset
[2204.849s][info][gc] GC(86) Concurrent Reset 0.027ms
[2206.851s][info][gc] GC(87) Pause Initial Mark 49M->49M(50M) 0.804ms
[2206.851s][info][gc] GC(87) Concurrent Mark
[2206.863s][info][gc] GC(87) Concurrent Mark 11.002ms
[2206.863s][info][gc] GC(87) Concurrent Preclean
[2206.863s][info][gc] GC(87) Concurrent Preclean 0.142ms
[2206.863s][info][gc] GC(87) Concurrent Abortable Preclean
[2206.863s][info][gc] GC(87) Concurrent Abortable Preclean 0.016ms
[2206.868s][info][gc] GC(87) Pause Remark 49M->49M(50M) 5.462ms
[2206.868s][info][gc] GC(87) Concurrent Sweep
[2206.872s][info][gc] GC(87) Concurrent Sweep 3.219ms
[2206.872s][info][gc] GC(87) Concurrent Reset
[2206.872s][info][gc] GC(87) Concurrent Reset 0.028ms
[2208.875s][info][gc] GC(88) Pause Initial Mark 49M->49M(50M) 1.138ms
[2208.875s][info][gc] GC(88) Concurrent Mark
[2208.888s][info][gc] GC(88) Concurrent Mark 12.271ms
[2208.888s][info][gc] GC(88) Concurrent Preclean
[2208.888s][info][gc] GC(88) Concurrent Preclean 0.155ms
[2208.888s][info][gc] GC(88) Concurrent Abortable Preclean
[2208.888s][info][gc] GC(88) Concurrent Abortable Preclean 0.019ms
[2208.895s][info][gc] GC(88) Pause Remark 49M->49M(50M) 6.550ms
[2208.895s][info][gc] GC(88) Concurrent Sweep
[2208.898s][info][gc] GC(88) Concurrent Sweep 3.223ms
[2208.898s][info][gc] GC(88) Concurrent Reset
[2208.898s][info][gc] GC(88) Concurrent Reset 0.031ms
[2210.903s][info][gc] GC(89) Pause Initial Mark 49M->49M(50M) 1.193ms
[2210.903s][info][gc] GC(89) Concurrent Mark
[2210.915s][info][gc] GC(89) Concurrent Mark 12.104ms
[2210.915s][info][gc] GC(89) Concurrent Preclean
[2210.916s][info][gc] GC(89) Concurrent Preclean 0.166ms
[2210.916s][info][gc] GC(89) Concurrent Abortable Preclean
[2210.916s][info][gc] GC(89) Concurrent Abortable Preclean 0.020ms
[2210.921s][info][gc] GC(89) Pause Remark 49M->49M(50M) 5.390ms
[2210.921s][info][gc] GC(89) Concurrent Sweep
[2210.925s][info][gc] GC(89) Concurrent Sweep 3.366ms
[2210.925s][info][gc] GC(89) Concurrent Reset
[2210.925s][info][gc] GC(89) Concurrent Reset 0.032ms
[2212.925s][info][gc] GC(90) Pause Initial Mark 49M->49M(50M) 1.241ms
[2212.926s][info][gc] GC(90) Concurrent Mark
[2212.938s][info][gc] GC(90) Concurrent Mark 12.201ms
[2212.938s][info][gc] GC(90) Concurrent Preclean
[2212.938s][info][gc] GC(90) Concurrent Preclean 0.173ms
[2212.938s][info][gc] GC(90) Concurrent Abortable Preclean
[2212.938s][info][gc] GC(90) Concurrent Abortable Preclean 0.020ms
[2212.944s][info][gc] GC(90) Pause Remark 49M->49M(50M) 5.416ms
[2212.944s][info][gc] GC(90) Concurrent Sweep
[2212.947s][info][gc] GC(90) Concurrent Sweep 3.244ms
[2212.947s][info][gc] GC(90) Concurrent Reset
[2212.947s][info][gc] GC(90) Concurrent Reset 0.032ms
[2214.950s][info][gc] GC(91) Pause Initial Mark 49M->49M(50M) 1.304ms
[2214.950s][info][gc] GC(91) Concurrent Mark
[2214.962s][info][gc] GC(91) Concurrent Mark 11.952ms
[2214.962s][info][gc] GC(91) Concurrent Preclean
[2214.962s][info][gc] GC(91) Concurrent Preclean 0.152ms
[2214.962s][info][gc] GC(91) Concurrent Abortable Preclean
[2214.962s][info][gc] GC(91) Concurrent Abortable Preclean 0.019ms
[2214.968s][info][gc] GC(91) Pause Remark 49M->49M(50M) 5.356ms
[2214.968s][info][gc] GC(91) Concurrent Sweep
[2214.971s][info][gc] GC(91) Concurrent Sweep 3.236ms
[2214.971s][info][gc] GC(91) Concurrent Reset
[2214.971s][info][gc] GC(91) Concurrent Reset 0.031ms
[2216.973s][info][gc] GC(92) Pause Initial Mark 49M->49M(50M) 0.913ms
[2216.973s][info][gc] GC(92) Concurrent Mark
[2216.996s][info][gc] GC(92) Concurrent Mark 23.144ms
[2216.997s][info][gc] GC(92) Concurrent Preclean
[2216.997s][info][gc] GC(92) Concurrent Preclean 0.449ms
[2216.997s][info][gc] GC(92) Concurrent Abortable Preclean
[2216.997s][info][gc] GC(92) Concurrent Abortable Preclean 0.033ms
[2217.011s][info][gc] GC(92) Pause Remark 49M->49M(50M) 13.786ms
[2217.011s][info][gc] GC(92) Concurrent Sweep
[2217.017s][info][gc] GC(92) Concurrent Sweep 5.984ms
[2217.018s][info][gc] GC(92) Concurrent Reset
[2217.018s][info][gc] GC(92) Concurrent Reset 0.086ms
[2219.021s][info][gc] GC(93) Pause Initial Mark 49M->49M(50M) 1.273ms
[2219.021s][info][gc] GC(93) Concurrent Mark
[2219.033s][info][gc] GC(93) Concurrent Mark 12.032ms
[2219.033s][info][gc] GC(93) Concurrent Preclean
[2219.033s][info][gc] GC(93) Concurrent Preclean 0.143ms
[2219.033s][info][gc] GC(93) Concurrent Abortable Preclean
[2219.033s][info][gc] GC(93) Concurrent Abortable Preclean 0.021ms
[2219.039s][info][gc] GC(93) Pause Remark 49M->49M(50M) 5.469ms
[2219.039s][info][gc] GC(93) Concurrent Sweep
[2219.043s][info][gc] GC(93) Concurrent Sweep 3.936ms
[2219.043s][info][gc] GC(93) Concurrent Reset
[2219.044s][info][gc] GC(93) Concurrent Reset 0.136ms
[2221.045s][info][gc] GC(94) Pause Initial Mark 49M->49M(50M) 1.392ms
[2221.045s][info][gc] GC(94) Concurrent Mark
[2221.057s][info][gc] GC(94) Concurrent Mark 11.860ms
[2221.057s][info][gc] GC(94) Concurrent Preclean
[2221.057s][info][gc] GC(94) Concurrent Preclean 0.141ms
[2221.057s][info][gc] GC(94) Concurrent Abortable Preclean
[2221.058s][info][gc] GC(94) Concurrent Abortable Preclean 0.016ms
[2221.067s][info][gc] GC(94) Pause Remark 49M->49M(50M) 8.978ms
[2221.067s][info][gc] GC(94) Concurrent Sweep
[2221.071s][info][gc] GC(94) Concurrent Sweep 4.075ms
[2221.071s][info][gc] GC(94) Concurrent Reset
[2221.071s][info][gc] GC(94) Concurrent Reset 0.101ms
[2223.072s][info][gc] GC(95) Pause Initial Mark 49M->49M(50M) 1.295ms
[2223.072s][info][gc] GC(95) Concurrent Mark
[2223.091s][info][gc] GC(95) Concurrent Mark 19.234ms
[2223.091s][info][gc] GC(95) Concurrent Preclean
[2223.092s][info][gc] GC(95) Concurrent Preclean 0.485ms
[2223.092s][info][gc] GC(95) Concurrent Abortable Preclean
[2223.092s][info][gc] GC(95) Concurrent Abortable Preclean 0.054ms
[2223.101s][info][gc] GC(95) Pause Remark 49M->49M(50M) 8.271ms
[2223.101s][info][gc] GC(95) Concurrent Sweep
[2223.107s][info][gc] GC(95) Concurrent Sweep 5.666ms
[2223.107s][info][gc] GC(95) Concurrent Reset
[2223.107s][info][gc] GC(95) Concurrent Reset 0.036ms
[2225.109s][info][gc] GC(96) Pause Initial Mark 49M->49M(50M) 0.878ms
[2225.109s][info][gc] GC(96) Concurrent Mark
[2225.121s][info][gc] GC(96) Concurrent Mark 11.614ms
[2225.121s][info][gc] GC(96) Concurrent Preclean
[2225.121s][info][gc] GC(96) Concurrent Preclean 0.420ms
[2225.121s][info][gc] GC(96) Concurrent Abortable Preclean
[2225.122s][info][gc] GC(96) Concurrent Abortable Preclean 0.044ms
[2225.131s][info][gc] GC(96) Pause Remark 49M->49M(50M) 8.863ms
[2225.131s][info][gc] GC(96) Concurrent Sweep
[2225.134s][info][gc] GC(96) Concurrent Sweep 3.282ms
[2225.134s][info][gc] GC(96) Concurrent Reset
[2225.134s][info][gc] GC(96) Concurrent Reset 0.030ms
[2227.138s][info][gc] GC(97) Pause Initial Mark 49M->49M(50M) 1.266ms
[2227.138s][info][gc] GC(97) Concurrent Mark
[2227.150s][info][gc] GC(97) Concurrent Mark 12.144ms
[2227.150s][info][gc] GC(97) Concurrent Preclean
[2227.150s][info][gc] GC(97) Concurrent Preclean 0.142ms
[2227.150s][info][gc] GC(97) Concurrent Abortable Preclean
[2227.150s][info][gc] GC(97) Concurrent Abortable Preclean 0.016ms
[2227.156s][info][gc] GC(97) Pause Remark 49M->49M(50M) 5.642ms
[2227.156s][info][gc] GC(97) Concurrent Sweep
[2227.159s][info][gc] GC(97) Concurrent Sweep 3.309ms
[2227.159s][info][gc] GC(97) Concurrent Reset
[2227.159s][info][gc] GC(97) Concurrent Reset 0.029ms
[2229.168s][info][gc] GC(98) Pause Initial Mark 49M->49M(50M) 3.768ms
[2229.168s][info][gc] GC(98) Concurrent Mark
[2229.190s][info][gc] GC(98) Concurrent Mark 21.491ms
[2229.190s][info][gc] GC(98) Concurrent Preclean
[2229.190s][info][gc] GC(98) Concurrent Preclean 0.216ms
[2229.190s][info][gc] GC(98) Concurrent Abortable Preclean
[2229.190s][info][gc] GC(98) Concurrent Abortable Preclean 0.023ms
[2229.204s][info][gc] GC(98) Pause Remark 49M->49M(50M) 13.634ms
[2229.204s][info][gc] GC(98) Concurrent Sweep
[2229.209s][info][gc] GC(98) Concurrent Sweep 4.363ms
[2229.209s][info][gc] GC(98) Concurrent Reset
[2229.209s][info][gc] GC(98) Concurrent Reset 0.172ms
[2231.211s][info][gc] GC(99) Pause Initial Mark 49M->49M(50M) 1.388ms
[2231.211s][info][gc] GC(99) Concurrent Mark
[2231.231s][info][gc] GC(99) Concurrent Mark 20.233ms
[2231.232s][info][gc] GC(99) Concurrent Preclean
[2231.232s][info][gc] GC(99) Concurrent Preclean 0.214ms
[2231.232s][info][gc] GC(99) Concurrent Abortable Preclean
[2231.232s][info][gc] GC(99) Concurrent Abortable Preclean 0.024ms
[2231.240s][info][gc] GC(99) Pause Remark 49M->49M(50M) 8.381ms
[2231.241s][info][gc] GC(99) Concurrent Sweep
[2231.246s][info][gc] GC(99) Concurrent Sweep 5.578ms
[2231.246s][info][gc] GC(99) Concurrent Reset
[2231.247s][info][gc] GC(99) Concurrent Reset 0.139ms
[2233.249s][info][gc] GC(100) Pause Initial Mark 49M->49M(50M) 1.903ms
[2233.249s][info][gc] GC(100) Concurrent Mark
[2233.259s][info][gc] GC(100) Concurrent Mark 9.997ms
[2233.259s][info][gc] GC(100) Concurrent Preclean
[2233.259s][info][gc] GC(100) Concurrent Preclean 0.136ms
[2233.259s][info][gc] GC(100) Concurrent Abortable Preclean
[2233.259s][info][gc] GC(100) Concurrent Abortable Preclean 0.015ms
[2233.265s][info][gc] GC(100) Pause Remark 49M->49M(50M) 5.325ms
[2233.265s][info][gc] GC(100) Concurrent Sweep
[2233.268s][info][gc] GC(100) Concurrent Sweep 3.292ms
[2233.268s][info][gc] GC(100) Concurrent Reset
[2233.268s][info][gc] GC(100) Concurrent Reset 0.029ms
[2235.271s][info][gc] GC(101) Pause Initial Mark 49M->49M(50M) 1.215ms
[2235.271s][info][gc] GC(101) Concurrent Mark
[2235.284s][info][gc] GC(101) Concurrent Mark 13.021ms
[2235.284s][info][gc] GC(101) Concurrent Preclean
[2235.285s][info][gc] GC(101) Concurrent Preclean 0.475ms
[2235.285s][info][gc] GC(101) Concurrent Abortable Preclean
[2235.285s][info][gc] GC(101) Concurrent Abortable Preclean 0.015ms
[2235.290s][info][gc] GC(101) Pause Remark 49M->49M(50M) 5.592ms
[2235.290s][info][gc] GC(101) Concurrent Sweep
[2235.294s][info][gc] GC(101) Concurrent Sweep 3.272ms
[2235.294s][info][gc] GC(101) Concurrent Reset
[2235.294s][info][gc] GC(101) Concurrent Reset 0.027ms
[2237.300s][info][gc] GC(102) Pause Initial Mark 49M->49M(50M) 1.197ms
[2237.300s][info][gc] GC(102) Concurrent Mark
[2237.312s][info][gc] GC(102) Concurrent Mark 12.111ms
[2237.312s][info][gc] GC(102) Concurrent Preclean
[2237.312s][info][gc] GC(102) Concurrent Preclean 0.139ms
[2237.312s][info][gc] GC(102) Concurrent Abortable Preclean
[2237.312s][info][gc] GC(102) Concurrent Abortable Preclean 0.014ms
[2237.318s][info][gc] GC(102) Pause Remark 49M->49M(50M) 5.463ms
[2237.318s][info][gc] GC(102) Concurrent Sweep
[2237.322s][info][gc] GC(102) Concurrent Sweep 3.970ms
[2237.322s][info][gc] GC(102) Concurrent Reset
[2237.322s][info][gc] GC(102) Concurrent Reset 0.026ms
[2239.325s][info][gc] GC(103) Pause Initial Mark 49M->49M(50M) 2.298ms
[2239.325s][info][gc] GC(103) Concurrent Mark
[2239.337s][info][gc] GC(103) Concurrent Mark 12.464ms
[2239.337s][info][gc] GC(103) Concurrent Preclean
[2239.337s][info][gc] GC(103) Concurrent Preclean 0.146ms
[2239.338s][info][gc] GC(103) Concurrent Abortable Preclean
[2239.338s][info][gc] GC(103) Concurrent Abortable Preclean 0.019ms
[2239.343s][info][gc] GC(103) Pause Remark 49M->49M(50M) 5.550ms
[2239.343s][info][gc] GC(103) Concurrent Sweep
[2239.347s][info][gc] GC(103) Concurrent Sweep 3.972ms
[2239.347s][info][gc] GC(103) Concurrent Reset
[2239.347s][info][gc] GC(103) Concurrent Reset 0.034ms
[2241.352s][info][gc] GC(104) Pause Initial Mark 49M->49M(50M) 1.034ms
[2241.353s][info][gc] GC(104) Concurrent Mark
[2241.366s][info][gc] GC(104) Concurrent Mark 13.283ms
[2241.366s][info][gc] GC(104) Concurrent Preclean
[2241.366s][info][gc] GC(104) Concurrent Preclean 0.157ms
[2241.366s][info][gc] GC(104) Concurrent Abortable Preclean
[2241.366s][info][gc] GC(104) Concurrent Abortable Preclean 0.019ms
[2241.373s][info][gc] GC(104) Pause Remark 49M->49M(50M) 7.089ms
[2241.373s][info][gc] GC(104) Concurrent Sweep
[2241.377s][info][gc] GC(104) Concurrent Sweep 3.210ms
[2241.377s][info][gc] GC(104) Concurrent Reset
[2241.377s][info][gc] GC(104) Concurrent Reset 0.030ms
[2243.380s][info][gc] GC(105) Pause Initial Mark 49M->49M(50M) 1.300ms
[2243.380s][info][gc] GC(105) Concurrent Mark
[2243.393s][info][gc] GC(105) Concurrent Mark 12.903ms
[2243.393s][info][gc] GC(105) Concurrent Preclean
[2243.393s][info][gc] GC(105) Concurrent Preclean 0.154ms
[2243.393s][info][gc] GC(105) Concurrent Abortable Preclean
[2243.393s][info][gc] GC(105) Concurrent Abortable Preclean 0.016ms
[2243.400s][info][gc] GC(105) Pause Remark 49M->49M(50M) 6.442ms
[2243.400s][info][gc] GC(105) Concurrent Sweep
[2243.403s][info][gc] GC(105) Concurrent Sweep 3.274ms
[2243.403s][info][gc] GC(105) Concurrent Reset
[2243.403s][info][gc] GC(105) Concurrent Reset 0.029ms
[2245.406s][info][gc] GC(106) Pause Initial Mark 49M->49M(50M) 1.106ms
[2245.406s][info][gc] GC(106) Concurrent Mark
[2245.417s][info][gc] GC(106) Concurrent Mark 11.068ms
[2245.418s][info][gc] GC(106) Concurrent Preclean
[2245.418s][info][gc] GC(106) Concurrent Preclean 0.155ms
[2245.418s][info][gc] GC(106) Concurrent Abortable Preclean
[2245.418s][info][gc] GC(106) Concurrent Abortable Preclean 0.015ms
[2245.423s][info][gc] GC(106) Pause Remark 49M->49M(50M) 5.165ms
[2245.423s][info][gc] GC(106) Concurrent Sweep
[2245.426s][info][gc] GC(106) Concurrent Sweep 3.128ms
[2245.426s][info][gc] GC(106) Concurrent Reset
[2245.426s][info][gc] GC(106) Concurrent Reset 0.027ms
[2247.433s][info][gc] GC(107) Pause Initial Mark 49M->49M(50M) 1.283ms
[2247.433s][info][gc] GC(107) Concurrent Mark
[2247.445s][info][gc] GC(107) Concurrent Mark 12.015ms
[2247.445s][info][gc] GC(107) Concurrent Preclean
[2247.445s][info][gc] GC(107) Concurrent Preclean 0.160ms
[2247.445s][info][gc] GC(107) Concurrent Abortable Preclean
[2247.445s][info][gc] GC(107) Concurrent Abortable Preclean 0.017ms
[2247.451s][info][gc] GC(107) Pause Remark 49M->49M(50M) 5.519ms
[2247.451s][info][gc] GC(107) Concurrent Sweep
[2247.454s][info][gc] GC(107) Concurrent Sweep 3.078ms
[2247.454s][info][gc] GC(107) Concurrent Reset
[2247.454s][info][gc] GC(107) Concurrent Reset 0.031ms
[2249.455s][info][gc] GC(108) Pause Initial Mark 49M->49M(50M) 1.202ms
[2249.455s][info][gc] GC(108) Concurrent Mark
[2249.467s][info][gc] GC(108) Concurrent Mark 11.964ms
[2249.467s][info][gc] GC(108) Concurrent Preclean
[2249.467s][info][gc] GC(108) Concurrent Preclean 0.143ms
[2249.467s][info][gc] GC(108) Concurrent Abortable Preclean
[2249.467s][info][gc] GC(108) Concurrent Abortable Preclean 0.016ms
[2249.473s][info][gc] GC(108) Pause Remark 49M->49M(50M) 5.318ms
[2249.473s][info][gc] GC(108) Concurrent Sweep
[2249.476s][info][gc] GC(108) Concurrent Sweep 3.192ms
[2249.476s][info][gc] GC(108) Concurrent Reset
[2249.476s][info][gc] GC(108) Concurrent Reset 0.037ms
[2251.477s][info][gc] GC(109) Pause Initial Mark 49M->49M(50M) 1.079ms
[2251.477s][info][gc] GC(109) Concurrent Mark
[2251.491s][info][gc] GC(109) Concurrent Mark 13.129ms
[2251.491s][info][gc] GC(109) Concurrent Preclean
[2251.491s][info][gc] GC(109) Concurrent Preclean 0.184ms
[2251.491s][info][gc] GC(109) Concurrent Abortable Preclean
[2251.491s][info][gc] GC(109) Concurrent Abortable Preclean 0.022ms
[2251.500s][info][gc] GC(109) Pause Remark 49M->49M(50M) 8.911ms
[2251.500s][info][gc] GC(109) Concurrent Sweep
[2251.504s][info][gc] GC(109) Concurrent Sweep 3.760ms
[2251.504s][info][gc] GC(109) Concurrent Reset
[2251.504s][info][gc] GC(109) Concurrent Reset 0.028ms
[2253.507s][info][gc] GC(110) Pause Initial Mark 49M->49M(50M) 1.189ms
[2253.507s][info][gc] GC(110) Concurrent Mark
[2253.519s][info][gc] GC(110) Concurrent Mark 11.785ms
[2253.519s][info][gc] GC(110) Concurrent Preclean
[2253.519s][info][gc] GC(110) Concurrent Preclean 0.153ms
[2253.519s][info][gc] GC(110) Concurrent Abortable Preclean
[2253.519s][info][gc] GC(110) Concurrent Abortable Preclean 0.016ms
[2253.524s][info][gc] GC(110) Pause Remark 49M->49M(50M) 5.361ms
[2253.525s][info][gc] GC(110) Concurrent Sweep
[2253.528s][info][gc] GC(110) Concurrent Sweep 3.044ms
[2253.528s][info][gc] GC(110) Concurrent Reset
[2253.528s][info][gc] GC(110) Concurrent Reset 0.028ms
[2255.532s][info][gc] GC(111) Pause Initial Mark 49M->49M(50M) 1.352ms
[2255.532s][info][gc] GC(111) Concurrent Mark
[2255.544s][info][gc] GC(111) Concurrent Mark 11.970ms
[2255.544s][info][gc] GC(111) Concurrent Preclean
[2255.544s][info][gc] GC(111) Concurrent Preclean 0.161ms
[2255.544s][info][gc] GC(111) Concurrent Abortable Preclean
[2255.544s][info][gc] GC(111) Concurrent Abortable Preclean 0.018ms
[2255.550s][info][gc] GC(111) Pause Remark 49M->49M(50M) 5.565ms
[2255.550s][info][gc] GC(111) Concurrent Sweep
[2255.553s][info][gc] GC(111) Concurrent Sweep 3.016ms
[2255.553s][info][gc] GC(111) Concurrent Reset
[2255.553s][info][gc] GC(111) Concurrent Reset 0.027ms
[2257.556s][info][gc] GC(112) Pause Initial Mark 49M->49M(50M) 1.091ms
[2257.556s][info][gc] GC(112) Concurrent Mark
[2257.568s][info][gc] GC(112) Concurrent Mark 12.036ms
[2257.568s][info][gc] GC(112) Concurrent Preclean
[2257.568s][info][gc] GC(112) Concurrent Preclean 0.144ms
[2257.568s][info][gc] GC(112) Concurrent Abortable Preclean
[2257.568s][info][gc] GC(112) Concurrent Abortable Preclean 0.026ms
[2257.575s][info][gc] GC(112) Pause Remark 49M->49M(50M) 6.813ms
[2257.575s][info][gc] GC(112) Concurrent Sweep
[2257.579s][info][gc] GC(112) Concurrent Sweep 3.238ms
[2257.579s][info][gc] GC(112) Concurrent Reset
[2257.579s][info][gc] GC(112) Concurrent Reset 0.030ms
[2259.586s][info][gc] GC(113) Pause Initial Mark 49M->49M(50M) 3.096ms
[2259.586s][info][gc] GC(113) Concurrent Mark
[2259.598s][info][gc] GC(113) Concurrent Mark 11.926ms
[2259.598s][info][gc] GC(113) Concurrent Preclean
[2259.599s][info][gc] GC(113) Concurrent Preclean 0.167ms
[2259.599s][info][gc] GC(113) Concurrent Abortable Preclean
[2259.599s][info][gc] GC(113) Concurrent Abortable Preclean 0.020ms
[2259.604s][info][gc] GC(113) Pause Remark 49M->49M(50M) 5.660ms
[2259.605s][info][gc] GC(113) Concurrent Sweep
[2259.608s][info][gc] GC(113) Concurrent Sweep 3.186ms
[2259.608s][info][gc] GC(113) Concurrent Reset
[2259.608s][info][gc] GC(113) Concurrent Reset 0.033ms
[2261.609s][info][gc] GC(114) Pause Initial Mark 49M->49M(50M) 1.199ms
[2261.609s][info][gc] GC(114) Concurrent Mark
[2261.623s][info][gc] GC(114) Concurrent Mark 13.741ms
[2261.623s][info][gc] GC(114) Concurrent Preclean
[2261.623s][info][gc] GC(114) Concurrent Preclean 0.151ms
[2261.623s][info][gc] GC(114) Concurrent Abortable Preclean
[2261.623s][info][gc] GC(114) Concurrent Abortable Preclean 0.019ms
[2261.629s][info][gc] GC(114) Pause Remark 49M->49M(50M) 5.397ms
[2261.629s][info][gc] GC(114) Concurrent Sweep
[2261.633s][info][gc] GC(114) Concurrent Sweep 3.734ms
[2261.633s][info][gc] GC(114) Concurrent Reset
[2261.633s][info][gc] GC(114) Concurrent Reset 0.031ms
[2263.635s][info][gc] GC(115) Pause Initial Mark 49M->49M(50M) 2.520ms
[2263.635s][info][gc] GC(115) Concurrent Mark
[2263.648s][info][gc] GC(115) Concurrent Mark 12.386ms
[2263.648s][info][gc] GC(115) Concurrent Preclean
[2263.648s][info][gc] GC(115) Concurrent Preclean 0.156ms
[2263.648s][info][gc] GC(115) Concurrent Abortable Preclean
[2263.648s][info][gc] GC(115) Concurrent Abortable Preclean 0.019ms
[2263.654s][info][gc] GC(115) Pause Remark 49M->49M(50M) 5.405ms
[2263.654s][info][gc] GC(115) Concurrent Sweep
[2263.658s][info][gc] GC(115) Concurrent Sweep 3.969ms
[2263.658s][info][gc] GC(115) Concurrent Reset
[2263.658s][info][gc] GC(115) Concurrent Reset 0.032ms
[2265.660s][info][gc] GC(116) Pause Initial Mark 49M->49M(50M) 2.221ms
[2265.660s][info][gc] GC(116) Concurrent Mark
[2265.680s][info][gc] GC(116) Concurrent Mark 19.673ms
[2265.680s][info][gc] GC(116) Concurrent Preclean
[2265.680s][info][gc] GC(116) Concurrent Preclean 0.144ms
[2265.680s][info][gc] GC(116) Concurrent Abortable Preclean
[2265.680s][info][gc] GC(116) Concurrent Abortable Preclean 0.018ms
[2265.685s][info][gc] GC(116) Pause Remark 49M->49M(50M) 5.352ms
[2265.686s][info][gc] GC(116) Concurrent Sweep
[2265.689s][info][gc] GC(116) Concurrent Sweep 3.322ms
[2265.689s][info][gc] GC(116) Concurrent Reset
[2265.689s][info][gc] GC(116) Concurrent Reset 0.033ms
[2267.692s][info][gc] GC(117) Pause Initial Mark 49M->49M(50M) 2.111ms
[2267.692s][info][gc] GC(117) Concurrent Mark
[2267.703s][info][gc] GC(117) Concurrent Mark 10.713ms
[2267.703s][info][gc] GC(117) Concurrent Preclean
[2267.703s][info][gc] GC(117) Concurrent Preclean 0.149ms
[2267.703s][info][gc] GC(117) Concurrent Abortable Preclean
[2267.703s][info][gc] GC(117) Concurrent Abortable Preclean 0.016ms
[2267.709s][info][gc] GC(117) Pause Remark 49M->49M(50M) 5.843ms
[2267.709s][info][gc] GC(117) Concurrent Sweep
[2267.712s][info][gc] GC(117) Concurrent Sweep 3.315ms
[2267.713s][info][gc] GC(117) Concurrent Reset
[2267.713s][info][gc] GC(117) Concurrent Reset 0.030ms
[2269.718s][info][gc] GC(118) Pause Initial Mark 49M->49M(50M) 1.136ms
[2269.718s][info][gc] GC(118) Concurrent Mark
[2269.731s][info][gc] GC(118) Concurrent Mark 13.567ms
[2269.731s][info][gc] GC(118) Concurrent Preclean
[2269.731s][info][gc] GC(118) Concurrent Preclean 0.155ms
[2269.732s][info][gc] GC(118) Concurrent Abortable Preclean
[2269.732s][info][gc] GC(118) Concurrent Abortable Preclean 0.016ms
[2269.737s][info][gc] GC(118) Pause Remark 49M->49M(50M) 5.447ms
[2269.737s][info][gc] GC(118) Concurrent Sweep
[2269.740s][info][gc] GC(118) Concurrent Sweep 3.196ms
[2269.740s][info][gc] GC(118) Concurrent Reset
[2269.740s][info][gc] GC(118) Concurrent Reset 0.028ms
[2271.746s][info][gc] GC(119) Pause Initial Mark 49M->49M(50M) 0.690ms
[2271.746s][info][gc] GC(119) Concurrent Mark
[2271.755s][info][gc] GC(119) Concurrent Mark 9.739ms
[2271.756s][info][gc] GC(119) Concurrent Preclean
[2271.756s][info][gc] GC(119) Concurrent Preclean 0.240ms
[2271.756s][info][gc] GC(119) Concurrent Abortable Preclean
[2271.756s][info][gc] GC(119) Concurrent Abortable Preclean 0.015ms
[2271.763s][info][gc] GC(119) Pause Remark 49M->49M(50M) 6.863ms
[2271.763s][info][gc] GC(119) Concurrent Sweep
[2271.766s][info][gc] GC(119) Concurrent Sweep 3.013ms
[2271.766s][info][gc] GC(119) Concurrent Reset
[2271.767s][info][gc] GC(119) Concurrent Reset 0.049ms
[2273.772s][info][gc] GC(120) Pause Initial Mark 49M->49M(50M) 1.355ms
[2273.773s][info][gc] GC(120) Concurrent Mark
[2273.785s][info][gc] GC(120) Concurrent Mark 12.039ms
[2273.785s][info][gc] GC(120) Concurrent Preclean
[2273.785s][info][gc] GC(120) Concurrent Preclean 0.167ms
[2273.785s][info][gc] GC(120) Concurrent Abortable Preclean
[2273.785s][info][gc] GC(120) Concurrent Abortable Preclean 0.017ms
[2273.791s][info][gc] GC(120) Pause Remark 49M->49M(50M) 5.620ms
[2273.791s][info][gc] GC(120) Concurrent Sweep
[2273.794s][info][gc] GC(120) Concurrent Sweep 3.241ms
[2273.794s][info][gc] GC(120) Concurrent Reset
[2273.794s][info][gc] GC(120) Concurrent Reset 0.028ms
[2275.798s][info][gc] GC(121) Pause Initial Mark 49M->49M(50M) 2.938ms
[2275.798s][info][gc] GC(121) Concurrent Mark
[2275.813s][info][gc] GC(121) Concurrent Mark 14.366ms
[2275.813s][info][gc] GC(121) Concurrent Preclean
[2275.813s][info][gc] GC(121) Concurrent Preclean 0.140ms
[2275.813s][info][gc] GC(121) Concurrent Abortable Preclean
[2275.813s][info][gc] GC(121) Concurrent Abortable Preclean 0.016ms
[2275.819s][info][gc] GC(121) Pause Remark 49M->49M(50M) 6.138ms
[2275.819s][info][gc] GC(121) Concurrent Sweep
[2275.822s][info][gc] GC(121) Concurrent Sweep 3.137ms
[2275.822s][info][gc] GC(121) Concurrent Reset
[2275.822s][info][gc] GC(121) Concurrent Reset 0.033ms
[2277.824s][info][gc] GC(122) Pause Initial Mark 49M->49M(50M) 0.847ms
[2277.824s][info][gc] GC(122) Concurrent Mark
[2277.839s][info][gc] GC(122) Concurrent Mark 15.714ms
[2277.840s][info][gc] GC(122) Concurrent Preclean
[2277.840s][info][gc] GC(122) Concurrent Preclean 0.167ms
[2277.840s][info][gc] GC(122) Concurrent Abortable Preclean
[2277.840s][info][gc] GC(122) Concurrent Abortable Preclean 0.017ms
[2277.847s][info][gc] GC(122) Pause Remark 49M->49M(50M) 6.471ms
[2277.847s][info][gc] GC(122) Concurrent Sweep
[2277.851s][info][gc] GC(122) Concurrent Sweep 3.553ms
[2277.851s][info][gc] GC(122) Concurrent Reset
[2277.851s][info][gc] GC(122) Concurrent Reset 0.030ms
[2279.851s][info][gc] GC(123) Pause Initial Mark 49M->49M(50M) 0.618ms
[2279.852s][info][gc] GC(123) Concurrent Mark
[2279.861s][info][gc] GC(123) Concurrent Mark 9.965ms
[2279.862s][info][gc] GC(123) Concurrent Preclean
[2279.862s][info][gc] GC(123) Concurrent Preclean 0.162ms
[2279.862s][info][gc] GC(123) Concurrent Abortable Preclean
[2279.862s][info][gc] GC(123) Concurrent Abortable Preclean 0.014ms
[2279.869s][info][gc] GC(123) Pause Remark 49M->49M(50M) 7.032ms
[2279.869s][info][gc] GC(123) Concurrent Sweep
[2279.873s][info][gc] GC(123) Concurrent Sweep 3.966ms
[2279.873s][info][gc] GC(123) Concurrent Reset
[2279.873s][info][gc] GC(123) Concurrent Reset 0.029ms
[2281.876s][info][gc] GC(124) Pause Initial Mark 49M->49M(50M) 1.148ms
[2281.876s][info][gc] GC(124) Concurrent Mark
[2281.888s][info][gc] GC(124) Concurrent Mark 11.551ms
[2281.888s][info][gc] GC(124) Concurrent Preclean
[2281.888s][info][gc] GC(124) Concurrent Preclean 0.145ms
[2281.888s][info][gc] GC(124) Concurrent Abortable Preclean
[2281.888s][info][gc] GC(124) Concurrent Abortable Preclean 0.016ms
[2281.894s][info][gc] GC(124) Pause Remark 49M->49M(50M) 5.517ms
[2281.894s][info][gc] GC(124) Concurrent Sweep
[2281.897s][info][gc] GC(124) Concurrent Sweep 3.138ms
[2281.897s][info][gc] GC(124) Concurrent Reset
[2281.897s][info][gc] GC(124) Concurrent Reset 0.027ms
[2283.899s][info][gc] GC(125) Pause Initial Mark 49M->49M(50M) 1.044ms
[2283.899s][info][gc] GC(125) Concurrent Mark
[2283.911s][info][gc] GC(125) Concurrent Mark 11.813ms
[2283.911s][info][gc] GC(125) Concurrent Preclean
[2283.911s][info][gc] GC(125) Concurrent Preclean 0.152ms
[2283.911s][info][gc] GC(125) Concurrent Abortable Preclean
[2283.911s][info][gc] GC(125) Concurrent Abortable Preclean 0.016ms
[2283.917s][info][gc] GC(125) Pause Remark 49M->49M(50M) 5.578ms
[2283.917s][info][gc] GC(125) Concurrent Sweep
[2283.920s][info][gc] GC(125) Concurrent Sweep 3.071ms
[2283.920s][info][gc] GC(125) Concurrent Reset
[2283.920s][info][gc] GC(125) Concurrent Reset 0.027ms
[2285.925s][info][gc] GC(126) Pause Initial Mark 49M->49M(50M) 1.318ms
[2285.926s][info][gc] GC(126) Concurrent Mark
[2285.950s][info][gc] GC(126) Concurrent Mark 24.348ms
[2285.950s][info][gc] GC(126) Concurrent Preclean
[2285.951s][info][gc] GC(126) Concurrent Preclean 0.349ms
[2285.951s][info][gc] GC(126) Concurrent Abortable Preclean
[2285.951s][info][gc] GC(126) Concurrent Abortable Preclean 0.024ms
[2285.962s][info][gc] GC(126) Pause Remark 49M->49M(50M) 11.093ms
[2285.962s][info][gc] GC(126) Concurrent Sweep
[2285.965s][info][gc] GC(126) Concurrent Sweep 3.346ms
[2285.965s][info][gc] GC(126) Concurrent Reset
[2285.965s][info][gc] GC(126) Concurrent Reset 0.028ms
[2287.969s][info][gc] GC(127) Pause Initial Mark 49M->49M(50M) 2.385ms
[2287.969s][info][gc] GC(127) Concurrent Mark
[2287.984s][info][gc] GC(127) Concurrent Mark 14.664ms
[2287.984s][info][gc] GC(127) Concurrent Preclean
[2287.984s][info][gc] GC(127) Concurrent Preclean 0.185ms
[2287.984s][info][gc] GC(127) Concurrent Abortable Preclean
[2287.984s][info][gc] GC(127) Concurrent Abortable Preclean 0.017ms
[2287.993s][info][gc] GC(127) Pause Remark 49M->49M(50M) 8.794ms
[2287.993s][info][gc] GC(127) Concurrent Sweep
[2287.997s][info][gc] GC(127) Concurrent Sweep 3.371ms
[2287.997s][info][gc] GC(127) Concurrent Reset
[2287.997s][info][gc] GC(127) Concurrent Reset 0.031ms
[2290.001s][info][gc] GC(128) Pause Initial Mark 49M->49M(50M) 0.628ms
[2290.001s][info][gc] GC(128) Concurrent Mark
[2290.010s][info][gc] GC(128) Concurrent Mark 9.486ms
[2290.010s][info][gc] GC(128) Concurrent Preclean
[2290.011s][info][gc] GC(128) Concurrent Preclean 0.129ms
[2290.011s][info][gc] GC(128) Concurrent Abortable Preclean
[2290.011s][info][gc] GC(128) Concurrent Abortable Preclean 0.016ms
[2290.020s][info][gc] GC(128) Pause Remark 49M->49M(50M) 9.781ms
[2290.021s][info][gc] GC(128) Concurrent Sweep
[2290.024s][info][gc] GC(128) Concurrent Sweep 3.540ms
[2290.024s][info][gc] GC(128) Concurrent Reset
[2290.024s][info][gc] GC(128) Concurrent Reset 0.031ms
[2292.027s][info][gc] GC(129) Pause Initial Mark 49M->49M(50M) 0.982ms
[2292.027s][info][gc] GC(129) Concurrent Mark
[2292.036s][info][gc] GC(129) Concurrent Mark 9.682ms
[2292.036s][info][gc] GC(129) Concurrent Preclean
[2292.037s][info][gc] GC(129) Concurrent Preclean 0.171ms
[2292.037s][info][gc] GC(129) Concurrent Abortable Preclean
[2292.037s][info][gc] GC(129) Concurrent Abortable Preclean 0.014ms
[2292.043s][info][gc] GC(129) Pause Remark 49M->49M(50M) 5.821ms
[2292.043s][info][gc] GC(129) Concurrent Sweep
[2292.046s][info][gc] GC(129) Concurrent Sweep 3.273ms
[2292.046s][info][gc] GC(129) Concurrent Reset
[2292.046s][info][gc] GC(129) Concurrent Reset 0.028ms
[2294.051s][info][gc] GC(130) Pause Initial Mark 49M->49M(50M) 3.130ms
[2294.051s][info][gc] GC(130) Concurrent Mark
[2294.067s][info][gc] GC(130) Concurrent Mark 15.477ms
[2294.067s][info][gc] GC(130) Concurrent Preclean
[2294.067s][info][gc] GC(130) Concurrent Preclean 0.226ms
[2294.067s][info][gc] GC(130) Concurrent Abortable Preclean
[2294.067s][info][gc] GC(130) Concurrent Abortable Preclean 0.040ms
[2294.073s][info][gc] GC(130) Pause Remark 49M->49M(50M) 5.894ms
[2294.073s][info][gc] GC(130) Concurrent Sweep
[2294.076s][info][gc] GC(130) Concurrent Sweep 3.106ms
[2294.076s][info][gc] GC(130) Concurrent Reset
[2294.076s][info][gc] GC(130) Concurrent Reset 0.028ms
[2296.077s][info][gc] GC(131) Pause Initial Mark 49M->49M(50M) 1.593ms
[2296.078s][info][gc] GC(131) Concurrent Mark
[2296.094s][info][gc] GC(131) Concurrent Mark 16.180ms
[2296.094s][info][gc] GC(131) Concurrent Preclean
[2296.094s][info][gc] GC(131) Concurrent Preclean 0.131ms
[2296.094s][info][gc] GC(131) Concurrent Abortable Preclean
[2296.094s][info][gc] GC(131) Concurrent Abortable Preclean 0.014ms
[2296.101s][info][gc] GC(131) Pause Remark 49M->49M(50M) 7.281ms
[2296.102s][info][gc] GC(131) Concurrent Sweep
[2296.105s][info][gc] GC(131) Concurrent Sweep 3.488ms
[2296.105s][info][gc] GC(131) Concurrent Reset
[2296.105s][info][gc] GC(131) Concurrent Reset 0.032ms
[2298.106s][info][gc] GC(132) Pause Initial Mark 49M->49M(50M) 0.847ms
[2298.106s][info][gc] GC(132) Concurrent Mark
[2298.118s][info][gc] GC(132) Concurrent Mark 11.393ms
[2298.118s][info][gc] GC(132) Concurrent Preclean
[2298.118s][info][gc] GC(132) Concurrent Preclean 0.146ms
[2298.118s][info][gc] GC(132) Concurrent Abortable Preclean
[2298.118s][info][gc] GC(132) Concurrent Abortable Preclean 0.019ms
[2298.125s][info][gc] GC(132) Pause Remark 49M->49M(50M) 7.356ms
[2298.125s][info][gc] GC(132) Concurrent Sweep
[2298.129s][info][gc] GC(132) Concurrent Sweep 3.530ms
[2298.129s][info][gc] GC(132) Concurrent Reset
[2298.129s][info][gc] GC(132) Concurrent Reset 0.030ms
[2300.129s][info][gc] GC(133) Pause Initial Mark 49M->49M(50M) 0.888ms
[2300.129s][info][gc] GC(133) Concurrent Mark
[2300.141s][info][gc] GC(133) Concurrent Mark 11.737ms
[2300.141s][info][gc] GC(133) Concurrent Preclean
[2300.141s][info][gc] GC(133) Concurrent Preclean 0.148ms
[2300.141s][info][gc] GC(133) Concurrent Abortable Preclean
[2300.141s][info][gc] GC(133) Concurrent Abortable Preclean 0.019ms
[2300.147s][info][gc] GC(133) Pause Remark 49M->49M(50M) 5.507ms
[2300.147s][info][gc] GC(133) Concurrent Sweep
[2300.151s][info][gc] GC(133) Concurrent Sweep 4.211ms
[2300.151s][info][gc] GC(133) Concurrent Reset
[2300.151s][info][gc] GC(133) Concurrent Reset 0.032ms
[2302.154s][info][gc] GC(134) Pause Initial Mark 49M->49M(50M) 1.223ms
[2302.154s][info][gc] GC(134) Concurrent Mark
[2302.166s][info][gc] GC(134) Concurrent Mark 11.962ms
[2302.166s][info][gc] GC(134) Concurrent Preclean
[2302.166s][info][gc] GC(134) Concurrent Preclean 0.161ms
[2302.166s][info][gc] GC(134) Concurrent Abortable Preclean
[2302.166s][info][gc] GC(134) Concurrent Abortable Preclean 0.020ms
[2302.173s][info][gc] GC(134) Pause Remark 49M->49M(50M) 6.828ms
[2302.173s][info][gc] GC(134) Concurrent Sweep
[2302.176s][info][gc] GC(134) Concurrent Sweep 3.178ms
[2302.176s][info][gc] GC(134) Concurrent Reset
[2302.176s][info][gc] GC(134) Concurrent Reset 0.029ms
[2304.179s][info][gc] GC(135) Pause Initial Mark 49M->49M(50M) 1.206ms
[2304.179s][info][gc] GC(135) Concurrent Mark
[2304.191s][info][gc] GC(135) Concurrent Mark 12.167ms
[2304.191s][info][gc] GC(135) Concurrent Preclean
[2304.192s][info][gc] GC(135) Concurrent Preclean 0.175ms
[2304.192s][info][gc] GC(135) Concurrent Abortable Preclean
[2304.192s][info][gc] GC(135) Concurrent Abortable Preclean 0.049ms
[2304.197s][info][gc] GC(135) Pause Remark 49M->49M(50M) 5.541ms
[2304.198s][info][gc] GC(135) Concurrent Sweep
[2304.201s][info][gc] GC(135) Concurrent Sweep 3.233ms
[2304.201s][info][gc] GC(135) Concurrent Reset
[2304.201s][info][gc] GC(135) Concurrent Reset 0.032ms
[2306.203s][info][gc] GC(136) Pause Initial Mark 49M->49M(50M) 1.260ms
[2306.203s][info][gc] GC(136) Concurrent Mark
[2306.215s][info][gc] GC(136) Concurrent Mark 12.194ms
[2306.215s][info][gc] GC(136) Concurrent Preclean
[2306.215s][info][gc] GC(136) Concurrent Preclean 0.167ms
[2306.215s][info][gc] GC(136) Concurrent Abortable Preclean
[2306.215s][info][gc] GC(136) Concurrent Abortable Preclean 0.020ms
[2306.221s][info][gc] GC(136) Pause Remark 49M->49M(50M) 5.919ms
[2306.222s][info][gc] GC(136) Concurrent Sweep
[2306.225s][info][gc] GC(136) Concurrent Sweep 3.282ms
[2306.225s][info][gc] GC(136) Concurrent Reset
[2306.225s][info][gc] GC(136) Concurrent Reset 0.033ms
[2308.229s][info][gc] GC(137) Pause Initial Mark 49M->49M(50M) 1.302ms
[2308.229s][info][gc] GC(137) Concurrent Mark
[2308.242s][info][gc] GC(137) Concurrent Mark 12.256ms
[2308.242s][info][gc] GC(137) Concurrent Preclean
[2308.242s][info][gc] GC(137) Concurrent Preclean 0.152ms
[2308.242s][info][gc] GC(137) Concurrent Abortable Preclean
[2308.242s][info][gc] GC(137) Concurrent Abortable Preclean 0.018ms
[2308.249s][info][gc] GC(137) Pause Remark 49M->49M(50M) 6.858ms
[2308.249s][info][gc] GC(137) Concurrent Sweep
[2308.252s][info][gc] GC(137) Concurrent Sweep 3.228ms
[2308.252s][info][gc] GC(137) Concurrent Reset
[2308.252s][info][gc] GC(137) Concurrent Reset 0.031ms
[2310.256s][info][gc] GC(138) Pause Initial Mark 49M->49M(50M) 1.520ms
[2310.256s][info][gc] GC(138) Concurrent Mark
[2310.269s][info][gc] GC(138) Concurrent Mark 12.739ms
[2310.269s][info][gc] GC(138) Concurrent Preclean
[2310.269s][info][gc] GC(138) Concurrent Preclean 0.148ms
[2310.269s][info][gc] GC(138) Concurrent Abortable Preclean
[2310.269s][info][gc] GC(138) Concurrent Abortable Preclean 0.019ms
[2310.275s][info][gc] GC(138) Pause Remark 49M->49M(50M) 6.243ms
[2310.275s][info][gc] GC(138) Concurrent Sweep
[2310.279s][info][gc] GC(138) Concurrent Sweep 3.267ms
[2310.279s][info][gc] GC(138) Concurrent Reset
[2310.279s][info][gc] GC(138) Concurrent Reset 0.031ms
[2312.285s][info][gc] GC(139) Pause Initial Mark 49M->49M(50M) 1.037ms
[2312.285s][info][gc] GC(139) Concurrent Mark
[2312.298s][info][gc] GC(139) Concurrent Mark 12.714ms
[2312.298s][info][gc] GC(139) Concurrent Preclean
[2312.298s][info][gc] GC(139) Concurrent Preclean 0.156ms
[2312.298s][info][gc] GC(139) Concurrent Abortable Preclean
[2312.298s][info][gc] GC(139) Concurrent Abortable Preclean 0.018ms
[2312.304s][info][gc] GC(139) Pause Remark 49M->49M(50M) 5.782ms
[2312.304s][info][gc] GC(139) Concurrent Sweep
[2312.307s][info][gc] GC(139) Concurrent Sweep 3.177ms
[2312.307s][info][gc] GC(139) Concurrent Reset
[2312.307s][info][gc] GC(139) Concurrent Reset 0.033ms
[2314.308s][info][gc] GC(140) Pause Initial Mark 49M->49M(50M) 1.317ms
[2314.308s][info][gc] GC(140) Concurrent Mark
[2314.322s][info][gc] GC(140) Concurrent Mark 13.355ms
[2314.322s][info][gc] GC(140) Concurrent Preclean
[2314.322s][info][gc] GC(140) Concurrent Preclean 0.165ms
[2314.322s][info][gc] GC(140) Concurrent Abortable Preclean
[2314.322s][info][gc] GC(140) Concurrent Abortable Preclean 0.022ms
[2314.328s][info][gc] GC(140) Pause Remark 49M->49M(50M) 6.025ms
[2314.328s][info][gc] GC(140) Concurrent Sweep
[2314.332s][info][gc] GC(140) Concurrent Sweep 3.451ms
[2314.332s][info][gc] GC(140) Concurrent Reset
[2314.332s][info][gc] GC(140) Concurrent Reset 0.030ms
[2316.336s][info][gc] GC(141) Pause Initial Mark 49M->49M(50M) 1.209ms
[2316.336s][info][gc] GC(141) Concurrent Mark
[2316.348s][info][gc] GC(141) Concurrent Mark 12.033ms
[2316.348s][info][gc] GC(141) Concurrent Preclean
[2316.348s][info][gc] GC(141) Concurrent Preclean 0.162ms
[2316.348s][info][gc] GC(141) Concurrent Abortable Preclean
[2316.348s][info][gc] GC(141) Concurrent Abortable Preclean 0.024ms
[2316.354s][info][gc] GC(141) Pause Remark 49M->49M(50M) 5.609ms
[2316.354s][info][gc] GC(141) Concurrent Sweep
[2316.357s][info][gc] GC(141) Concurrent Sweep 3.190ms
[2316.357s][info][gc] GC(141) Concurrent Reset
[2316.357s][info][gc] GC(141) Concurrent Reset 0.029ms
[2318.360s][info][gc] GC(142) Pause Initial Mark 49M->49M(50M) 1.304ms
[2318.360s][info][gc] GC(142) Concurrent Mark
[2318.372s][info][gc] GC(142) Concurrent Mark 11.786ms
[2318.372s][info][gc] GC(142) Concurrent Preclean
[2318.372s][info][gc] GC(142) Concurrent Preclean 0.150ms
[2318.372s][info][gc] GC(142) Concurrent Abortable Preclean
[2318.372s][info][gc] GC(142) Concurrent Abortable Preclean 0.016ms
[2318.380s][info][gc] GC(142) Pause Remark 49M->49M(50M) 8.250ms
[2318.380s][info][gc] GC(142) Concurrent Sweep
[2318.385s][info][gc] GC(142) Concurrent Sweep 4.402ms
[2318.385s][info][gc] GC(142) Concurrent Reset
[2318.385s][info][gc] GC(142) Concurrent Reset 0.031ms
[2320.390s][info][gc] GC(143) Pause Initial Mark 49M->49M(50M) 1.413ms
[2320.390s][info][gc] GC(143) Concurrent Mark
[2320.402s][info][gc] GC(143) Concurrent Mark 11.916ms
[2320.402s][info][gc] GC(143) Concurrent Preclean
[2320.403s][info][gc] GC(143) Concurrent Preclean 0.163ms
[2320.403s][info][gc] GC(143) Concurrent Abortable Preclean
[2320.403s][info][gc] GC(143) Concurrent Abortable Preclean 0.017ms
[2320.408s][info][gc] GC(143) Pause Remark 49M->49M(50M) 5.640ms
[2320.408s][info][gc] GC(143) Concurrent Sweep
[2320.412s][info][gc] GC(143) Concurrent Sweep 3.238ms
[2320.412s][info][gc] GC(143) Concurrent Reset
[2320.412s][info][gc] GC(143) Concurrent Reset 0.029ms
[2322.416s][info][gc] GC(144) Pause Initial Mark 49M->49M(50M) 1.264ms
[2322.416s][info][gc] GC(144) Concurrent Mark
[2322.428s][info][gc] GC(144) Concurrent Mark 11.917ms
[2322.428s][info][gc] GC(144) Concurrent Preclean
[2322.428s][info][gc] GC(144) Concurrent Preclean 0.144ms
[2322.428s][info][gc] GC(144) Concurrent Abortable Preclean
[2322.428s][info][gc] GC(144) Concurrent Abortable Preclean 0.016ms
[2322.434s][info][gc] GC(144) Pause Remark 49M->49M(50M) 5.496ms
[2322.434s][info][gc] GC(144) Concurrent Sweep
[2322.438s][info][gc] GC(144) Concurrent Sweep 3.347ms
[2322.438s][info][gc] GC(144) Concurrent Reset
[2322.438s][info][gc] GC(144) Concurrent Reset 0.029ms
[2324.443s][info][gc] GC(145) Pause Initial Mark 49M->49M(50M) 1.025ms
[2324.443s][info][gc] GC(145) Concurrent Mark
[2324.453s][info][gc] GC(145) Concurrent Mark 9.904ms
[2324.453s][info][gc] GC(145) Concurrent Preclean
[2324.453s][info][gc] GC(145) Concurrent Preclean 0.143ms
[2324.453s][info][gc] GC(145) Concurrent Abortable Preclean
[2324.453s][info][gc] GC(145) Concurrent Abortable Preclean 0.014ms
[2324.458s][info][gc] GC(145) Pause Remark 49M->49M(50M) 5.070ms
[2324.459s][info][gc] GC(145) Concurrent Sweep
[2324.462s][info][gc] GC(145) Concurrent Sweep 2.999ms
[2324.462s][info][gc] GC(145) Concurrent Reset
[2324.462s][info][gc] GC(145) Concurrent Reset 0.027ms
[2326.467s][info][gc] GC(146) Pause Initial Mark 49M->49M(50M) 0.889ms
[2326.467s][info][gc] GC(146) Concurrent Mark
[2326.481s][info][gc] GC(146) Concurrent Mark 14.038ms
[2326.481s][info][gc] GC(146) Concurrent Preclean
[2326.481s][info][gc] GC(146) Concurrent Preclean 0.143ms
[2326.481s][info][gc] GC(146) Concurrent Abortable Preclean
[2326.481s][info][gc] GC(146) Concurrent Abortable Preclean 0.014ms
[2326.489s][info][gc] GC(146) Pause Remark 49M->49M(50M) 7.378ms
[2326.489s][info][gc] GC(146) Concurrent Sweep
[2326.493s][info][gc] GC(146) Concurrent Sweep 3.668ms
[2326.493s][info][gc] GC(146) Concurrent Reset
[2326.493s][info][gc] GC(146) Concurrent Reset 0.036ms
[2328.498s][info][gc] GC(147) Pause Initial Mark 49M->49M(50M) 1.308ms
[2328.498s][info][gc] GC(147) Concurrent Mark
[2328.510s][info][gc] GC(147) Concurrent Mark 12.179ms
[2328.510s][info][gc] GC(147) Concurrent Preclean
[2328.510s][info][gc] GC(147) Concurrent Preclean 0.149ms
[2328.510s][info][gc] GC(147) Concurrent Abortable Preclean
[2328.510s][info][gc] GC(147) Concurrent Abortable Preclean 0.022ms
[2328.516s][info][gc] GC(147) Pause Remark 49M->49M(50M) 5.577ms
[2328.516s][info][gc] GC(147) Concurrent Sweep
[2328.519s][info][gc] GC(147) Concurrent Sweep 3.210ms
[2328.519s][info][gc] GC(147) Concurrent Reset
[2328.520s][info][gc] GC(147) Concurrent Reset 0.030ms
[2330.523s][info][gc] GC(148) Pause Initial Mark 49M->49M(50M) 1.327ms
[2330.524s][info][gc] GC(148) Concurrent Mark
[2330.536s][info][gc] GC(148) Concurrent Mark 12.354ms
[2330.536s][info][gc] GC(148) Concurrent Preclean
[2330.536s][info][gc] GC(148) Concurrent Preclean 0.169ms
[2330.536s][info][gc] GC(148) Concurrent Abortable Preclean
[2330.536s][info][gc] GC(148) Concurrent Abortable Preclean 0.019ms
[2330.542s][info][gc] GC(148) Pause Remark 49M->49M(50M) 6.022ms
[2330.542s][info][gc] GC(148) Concurrent Sweep
[2330.546s][info][gc] GC(148) Concurrent Sweep 3.132ms
[2330.546s][info][gc] GC(148) Concurrent Reset
[2330.546s][info][gc] GC(148) Concurrent Reset 0.030ms
[2332.547s][info][gc] GC(149) Pause Initial Mark 49M->49M(50M) 1.102ms
[2332.547s][info][gc] GC(149) Concurrent Mark
[2332.560s][info][gc] GC(149) Concurrent Mark 12.842ms
[2332.560s][info][gc] GC(149) Concurrent Preclean
[2332.560s][info][gc] GC(149) Concurrent Preclean 0.145ms
[2332.561s][info][gc] GC(149) Concurrent Abortable Preclean
[2332.561s][info][gc] GC(149) Concurrent Abortable Preclean 0.019ms
[2332.566s][info][gc] GC(149) Pause Remark 49M->49M(50M) 5.425ms
[2332.566s][info][gc] GC(149) Concurrent Sweep
[2332.570s][info][gc] GC(149) Concurrent Sweep 3.312ms
[2332.570s][info][gc] GC(149) Concurrent Reset
[2332.570s][info][gc] GC(149) Concurrent Reset 0.033ms
[2334.575s][info][gc] GC(150) Pause Initial Mark 49M->49M(50M) 1.326ms
[2334.576s][info][gc] GC(150) Concurrent Mark
[2334.588s][info][gc] GC(150) Concurrent Mark 12.112ms
[2334.588s][info][gc] GC(150) Concurrent Preclean
[2334.588s][info][gc] GC(150) Concurrent Preclean 0.152ms
[2334.588s][info][gc] GC(150) Concurrent Abortable Preclean
[2334.588s][info][gc] GC(150) Concurrent Abortable Preclean 0.018ms
[2334.594s][info][gc] GC(150) Pause Remark 49M->49M(50M) 5.546ms
[2334.594s][info][gc] GC(150) Concurrent Sweep
[2334.597s][info][gc] GC(150) Concurrent Sweep 3.294ms
[2334.597s][info][gc] GC(150) Concurrent Reset
[2334.597s][info][gc] GC(150) Concurrent Reset 0.032ms
[2336.601s][info][gc] GC(151) Pause Initial Mark 49M->49M(50M) 1.264ms
[2336.601s][info][gc] GC(151) Concurrent Mark
[2336.613s][info][gc] GC(151) Concurrent Mark 11.998ms
[2336.613s][info][gc] GC(151) Concurrent Preclean
[2336.613s][info][gc] GC(151) Concurrent Preclean 0.159ms
[2336.613s][info][gc] GC(151) Concurrent Abortable Preclean
[2336.613s][info][gc] GC(151) Concurrent Abortable Preclean 0.019ms
[2336.619s][info][gc] GC(151) Pause Remark 49M->49M(50M) 5.567ms
[2336.619s][info][gc] GC(151) Concurrent Sweep
[2336.622s][info][gc] GC(151) Concurrent Sweep 3.253ms
[2336.622s][info][gc] GC(151) Concurrent Reset
[2336.622s][info][gc] GC(151) Concurrent Reset 0.031ms
[2338.629s][info][gc] GC(152) Pause Initial Mark 49M->49M(50M) 1.288ms
[2338.629s][info][gc] GC(152) Concurrent Mark
[2338.641s][info][gc] GC(152) Concurrent Mark 11.981ms
[2338.641s][info][gc] GC(152) Concurrent Preclean
[2338.641s][info][gc] GC(152) Concurrent Preclean 0.164ms
[2338.641s][info][gc] GC(152) Concurrent Abortable Preclean
[2338.641s][info][gc] GC(152) Concurrent Abortable Preclean 0.019ms
[2338.647s][info][gc] GC(152) Pause Remark 49M->49M(50M) 5.573ms
[2338.647s][info][gc] GC(152) Concurrent Sweep
[2338.650s][info][gc] GC(152) Concurrent Sweep 3.196ms
[2338.650s][info][gc] GC(152) Concurrent Reset
[2338.650s][info][gc] GC(152) Concurrent Reset 0.030ms
[2340.655s][info][gc] GC(153) Pause Initial Mark 49M->49M(50M) 1.267ms
[2340.655s][info][gc] GC(153) Concurrent Mark
[2340.667s][info][gc] GC(153) Concurrent Mark 12.151ms
[2340.667s][info][gc] GC(153) Concurrent Preclean
[2340.667s][info][gc] GC(153) Concurrent Preclean 0.162ms
[2340.667s][info][gc] GC(153) Concurrent Abortable Preclean
[2340.667s][info][gc] GC(153) Concurrent Abortable Preclean 0.020ms
[2340.673s][info][gc] GC(153) Pause Remark 49M->49M(50M) 5.597ms
[2340.673s][info][gc] GC(153) Concurrent Sweep
[2340.676s][info][gc] GC(153) Concurrent Sweep 3.126ms
[2340.676s][info][gc] GC(153) Concurrent Reset
[2340.676s][info][gc] GC(153) Concurrent Reset 0.029ms
[2342.683s][info][gc] GC(154) Pause Initial Mark 49M->49M(50M) 1.259ms
[2342.683s][info][gc] GC(154) Concurrent Mark
[2342.695s][info][gc] GC(154) Concurrent Mark 11.935ms
[2342.695s][info][gc] GC(154) Concurrent Preclean
[2342.695s][info][gc] GC(154) Concurrent Preclean 0.157ms
[2342.695s][info][gc] GC(154) Concurrent Abortable Preclean
[2342.695s][info][gc] GC(154) Concurrent Abortable Preclean 0.018ms
[2342.701s][info][gc] GC(154) Pause Remark 49M->49M(50M) 5.622ms
[2342.701s][info][gc] GC(154) Concurrent Sweep
[2342.704s][info][gc] GC(154) Concurrent Sweep 3.100ms
[2342.704s][info][gc] GC(154) Concurrent Reset
[2342.704s][info][gc] GC(154) Concurrent Reset 0.030ms
[2344.706s][info][gc] GC(155) Pause Initial Mark 49M->49M(50M) 1.108ms
[2344.706s][info][gc] GC(155) Concurrent Mark
[2344.720s][info][gc] GC(155) Concurrent Mark 14.215ms
[2344.720s][info][gc] GC(155) Concurrent Preclean
[2344.720s][info][gc] GC(155) Concurrent Preclean 0.158ms
[2344.720s][info][gc] GC(155) Concurrent Abortable Preclean
[2344.720s][info][gc] GC(155) Concurrent Abortable Preclean 0.018ms
[2344.726s][info][gc] GC(155) Pause Remark 49M->49M(50M) 5.787ms
[2344.726s][info][gc] GC(155) Concurrent Sweep
[2344.729s][info][gc] GC(155) Concurrent Sweep 3.098ms
[2344.729s][info][gc] GC(155) Concurrent Reset
[2344.729s][info][gc] GC(155) Concurrent Reset 0.029ms
[2346.730s][info][gc] GC(156) Pause Initial Mark 49M->49M(50M) 0.751ms
[2346.731s][info][gc] GC(156) Concurrent Mark
[2346.741s][info][gc] GC(156) Concurrent Mark 10.059ms
[2346.741s][info][gc] GC(156) Concurrent Preclean
[2346.741s][info][gc] GC(156) Concurrent Preclean 0.143ms
[2346.741s][info][gc] GC(156) Concurrent Abortable Preclean
[2346.741s][info][gc] GC(156) Concurrent Abortable Preclean 0.016ms
[2346.748s][info][gc] GC(156) Pause Remark 49M->49M(50M) 6.851ms
[2346.748s][info][gc] GC(156) Concurrent Sweep
[2346.752s][info][gc] GC(156) Concurrent Sweep 3.996ms
[2346.752s][info][gc] GC(156) Concurrent Reset
[2346.752s][info][gc] GC(156) Concurrent Reset 0.108ms
[2348.756s][info][gc] GC(157) Pause Initial Mark 49M->49M(50M) 1.425ms
[2348.756s][info][gc] GC(157) Concurrent Mark
[2348.768s][info][gc] GC(157) Concurrent Mark 12.042ms
[2348.768s][info][gc] GC(157) Concurrent Preclean
[2348.768s][info][gc] GC(157) Concurrent Preclean 0.163ms
[2348.768s][info][gc] GC(157) Concurrent Abortable Preclean
[2348.768s][info][gc] GC(157) Concurrent Abortable Preclean 0.020ms
[2348.774s][info][gc] GC(157) Pause Remark 49M->49M(50M) 6.007ms
[2348.774s][info][gc] GC(157) Concurrent Sweep
[2348.777s][info][gc] GC(157) Concurrent Sweep 3.005ms
[2348.777s][info][gc] GC(157) Concurrent Reset
[2348.778s][info][gc] GC(157) Concurrent Reset 0.029ms
[2350.778s][info][gc] GC(158) Pause Initial Mark 49M->49M(50M) 1.015ms
[2350.778s][info][gc] GC(158) Concurrent Mark
[2350.791s][info][gc] GC(158) Concurrent Mark 13.019ms
[2350.791s][info][gc] GC(158) Concurrent Preclean
[2350.792s][info][gc] GC(158) Concurrent Preclean 0.154ms
[2350.792s][info][gc] GC(158) Concurrent Abortable Preclean
[2350.792s][info][gc] GC(158) Concurrent Abortable Preclean 0.019ms
[2350.797s][info][gc] GC(158) Pause Remark 49M->49M(50M) 5.300ms
[2350.797s][info][gc] GC(158) Concurrent Sweep
[2350.800s][info][gc] GC(158) Concurrent Sweep 3.127ms
[2350.800s][info][gc] GC(158) Concurrent Reset
[2350.800s][info][gc] GC(158) Concurrent Reset 0.042ms
[2352.803s][info][gc] GC(159) Pause Initial Mark 49M->49M(50M) 0.881ms
[2352.803s][info][gc] GC(159) Concurrent Mark
[2352.816s][info][gc] GC(159) Concurrent Mark 12.413ms
[2352.816s][info][gc] GC(159) Concurrent Preclean
[2352.816s][info][gc] GC(159) Concurrent Preclean 0.168ms
[2352.816s][info][gc] GC(159) Concurrent Abortable Preclean
[2352.816s][info][gc] GC(159) Concurrent Abortable Preclean 0.019ms
[2352.825s][info][gc] GC(159) Pause Remark 49M->49M(50M) 9.271ms
[2352.826s][info][gc] GC(159) Concurrent Sweep
[2352.829s][info][gc] GC(159) Concurrent Sweep 3.534ms
[2352.829s][info][gc] GC(159) Concurrent Reset
[2352.829s][info][gc] GC(159) Concurrent Reset 0.036ms
[2354.834s][info][gc] GC(160) Pause Initial Mark 49M->49M(50M) 1.235ms
[2354.834s][info][gc] GC(160) Concurrent Mark
[2354.846s][info][gc] GC(160) Concurrent Mark 12.342ms
[2354.846s][info][gc] GC(160) Concurrent Preclean
[2354.846s][info][gc] GC(160) Concurrent Preclean 0.170ms
[2354.846s][info][gc] GC(160) Concurrent Abortable Preclean
[2354.846s][info][gc] GC(160) Concurrent Abortable Preclean 0.020ms
[2354.852s][info][gc] GC(160) Pause Remark 49M->49M(50M) 5.729ms
[2354.852s][info][gc] GC(160) Concurrent Sweep
[2354.855s][info][gc] GC(160) Concurrent Sweep 3.071ms
[2354.855s][info][gc] GC(160) Concurrent Reset
[2354.855s][info][gc] GC(160) Concurrent Reset 0.029ms
[2356.858s][info][gc] GC(161) Pause Initial Mark 49M->49M(50M) 1.317ms
[2356.858s][info][gc] GC(161) Concurrent Mark
[2356.870s][info][gc] GC(161) Concurrent Mark 12.154ms
[2356.870s][info][gc] GC(161) Concurrent Preclean
[2356.871s][info][gc] GC(161) Concurrent Preclean 0.144ms
[2356.871s][info][gc] GC(161) Concurrent Abortable Preclean
[2356.871s][info][gc] GC(161) Concurrent Abortable Preclean 0.018ms
[2356.877s][info][gc] GC(161) Pause Remark 49M->49M(50M) 5.927ms
[2356.877s][info][gc] GC(161) Concurrent Sweep
[2356.880s][info][gc] GC(161) Concurrent Sweep 2.997ms
[2356.880s][info][gc] GC(161) Concurrent Reset
[2356.880s][info][gc] GC(161) Concurrent Reset 0.029ms
[2358.884s][info][gc] GC(162) Pause Initial Mark 49M->49M(50M) 0.945ms
[2358.884s][info][gc] GC(162) Concurrent Mark
[2358.896s][info][gc] GC(162) Concurrent Mark 12.589ms
[2358.896s][info][gc] GC(162) Concurrent Preclean
[2358.896s][info][gc] GC(162) Concurrent Preclean 0.148ms
[2358.896s][info][gc] GC(162) Concurrent Abortable Preclean
[2358.897s][info][gc] GC(162) Concurrent Abortable Preclean 0.018ms
[2358.902s][info][gc] GC(162) Pause Remark 49M->49M(50M) 5.467ms
[2358.902s][info][gc] GC(162) Concurrent Sweep
[2358.905s][info][gc] GC(162) Concurrent Sweep 3.004ms
[2358.905s][info][gc] GC(162) Concurrent Reset
[2358.905s][info][gc] GC(162) Concurrent Reset 0.029ms
[2360.906s][info][gc] GC(163) Pause Initial Mark 49M->49M(50M) 1.159ms
[2360.906s][info][gc] GC(163) Concurrent Mark
[2360.918s][info][gc] GC(163) Concurrent Mark 11.925ms
[2360.918s][info][gc] GC(163) Concurrent Preclean
[2360.918s][info][gc] GC(163) Concurrent Preclean 0.163ms
[2360.919s][info][gc] GC(163) Concurrent Abortable Preclean
[2360.919s][info][gc] GC(163) Concurrent Abortable Preclean 0.019ms
[2360.924s][info][gc] GC(163) Pause Remark 49M->49M(50M) 5.571ms
[2360.924s][info][gc] GC(163) Concurrent Sweep
[2360.928s][info][gc] GC(163) Concurrent Sweep 3.213ms
[2360.928s][info][gc] GC(163) Concurrent Reset
[2360.928s][info][gc] GC(163) Concurrent Reset 0.030ms
[2362.932s][info][gc] GC(164) Pause Initial Mark 49M->49M(50M) 1.462ms
[2362.932s][info][gc] GC(164) Concurrent Mark
[2362.947s][info][gc] GC(164) Concurrent Mark 14.294ms
[2362.947s][info][gc] GC(164) Concurrent Preclean
[2362.947s][info][gc] GC(164) Concurrent Preclean 0.147ms
[2362.947s][info][gc] GC(164) Concurrent Abortable Preclean
[2362.947s][info][gc] GC(164) Concurrent Abortable Preclean 0.018ms
[2362.952s][info][gc] GC(164) Pause Remark 49M->49M(50M) 5.461ms
[2362.953s][info][gc] GC(164) Concurrent Sweep
[2362.956s][info][gc] GC(164) Concurrent Sweep 3.650ms
[2362.956s][info][gc] GC(164) Concurrent Reset
[2362.956s][info][gc] GC(164) Concurrent Reset 0.032ms
[2364.960s][info][gc] GC(165) Pause Initial Mark 49M->49M(50M) 1.109ms
[2364.960s][info][gc] GC(165) Concurrent Mark
[2364.972s][info][gc] GC(165) Concurrent Mark 12.718ms
[2364.972s][info][gc] GC(165) Concurrent Preclean
[2364.973s][info][gc] GC(165) Concurrent Preclean 0.154ms
[2364.973s][info][gc] GC(165) Concurrent Abortable Preclean
[2364.973s][info][gc] GC(165) Concurrent Abortable Preclean 0.018ms
[2364.979s][info][gc] GC(165) Pause Remark 49M->49M(50M) 5.877ms
[2364.979s][info][gc] GC(165) Concurrent Sweep
[2364.982s][info][gc] GC(165) Concurrent Sweep 3.463ms
[2364.982s][info][gc] GC(165) Concurrent Reset
[2364.982s][info][gc] GC(165) Concurrent Reset 0.032ms
[2366.988s][info][gc] GC(166) Pause Initial Mark 49M->49M(50M) 0.756ms
[2366.988s][info][gc] GC(166) Concurrent Mark
[2367.000s][info][gc] GC(166) Concurrent Mark 11.433ms
[2367.000s][info][gc] GC(166) Concurrent Preclean
[2367.000s][info][gc] GC(166) Concurrent Preclean 0.215ms
[2367.000s][info][gc] GC(166) Concurrent Abortable Preclean
[2367.000s][info][gc] GC(166) Concurrent Abortable Preclean 0.020ms
[2367.006s][info][gc] GC(166) Pause Remark 49M->49M(50M) 5.535ms
[2367.006s][info][gc] GC(166) Concurrent Sweep
[2367.009s][info][gc] GC(166) Concurrent Sweep 3.188ms
[2367.009s][info][gc] GC(166) Concurrent Reset
[2367.009s][info][gc] GC(166) Concurrent Reset 0.041ms
[2369.012s][info][gc] GC(167) Pause Initial Mark 49M->49M(50M) 0.959ms
[2369.012s][info][gc] GC(167) Concurrent Mark
[2369.025s][info][gc] GC(167) Concurrent Mark 12.382ms
[2369.025s][info][gc] GC(167) Concurrent Preclean
[2369.025s][info][gc] GC(167) Concurrent Preclean 0.165ms
[2369.025s][info][gc] GC(167) Concurrent Abortable Preclean
[2369.025s][info][gc] GC(167) Concurrent Abortable Preclean 0.021ms
[2369.031s][info][gc] GC(167) Pause Remark 49M->49M(50M) 5.515ms
[2369.031s][info][gc] GC(167) Concurrent Sweep
[2369.034s][info][gc] GC(167) Concurrent Sweep 3.255ms
[2369.034s][info][gc] GC(167) Concurrent Reset
[2369.034s][info][gc] GC(167) Concurrent Reset 0.032ms
[2371.040s][info][gc] GC(168) Pause Initial Mark 49M->49M(50M) 1.277ms
[2371.040s][info][gc] GC(168) Concurrent Mark
[2371.052s][info][gc] GC(168) Concurrent Mark 11.997ms
[2371.052s][info][gc] GC(168) Concurrent Preclean
[2371.052s][info][gc] GC(168) Concurrent Preclean 0.159ms
[2371.052s][info][gc] GC(168) Concurrent Abortable Preclean
[2371.052s][info][gc] GC(168) Concurrent Abortable Preclean 0.020ms
[2371.058s][info][gc] GC(168) Pause Remark 49M->49M(50M) 5.540ms
[2371.058s][info][gc] GC(168) Concurrent Sweep
[2371.061s][info][gc] GC(168) Concurrent Sweep 3.194ms
[2371.061s][info][gc] GC(168) Concurrent Reset
[2371.061s][info][gc] GC(168) Concurrent Reset 0.030ms
[2373.064s][info][gc] GC(169) Pause Initial Mark 49M->49M(50M) 1.277ms
[2373.064s][info][gc] GC(169) Concurrent Mark
[2373.076s][info][gc] GC(169) Concurrent Mark 12.025ms
[2373.076s][info][gc] GC(169) Concurrent Preclean
[2373.076s][info][gc] GC(169) Concurrent Preclean 0.161ms
[2373.076s][info][gc] GC(169) Concurrent Abortable Preclean
[2373.076s][info][gc] GC(169) Concurrent Abortable Preclean 0.020ms
[2373.082s][info][gc] GC(169) Pause Remark 49M->49M(50M) 5.598ms
[2373.082s][info][gc] GC(169) Concurrent Sweep
[2373.085s][info][gc] GC(169) Concurrent Sweep 3.236ms
[2373.085s][info][gc] GC(169) Concurrent Reset
[2373.086s][info][gc] GC(169) Concurrent Reset 0.030ms
[2375.088s][info][gc] GC(170) Pause Initial Mark 49M->49M(50M) 1.361ms
[2375.088s][info][gc] GC(170) Concurrent Mark
[2375.100s][info][gc] GC(170) Concurrent Mark 11.973ms
[2375.100s][info][gc] GC(170) Concurrent Preclean
[2375.100s][info][gc] GC(170) Concurrent Preclean 0.174ms
[2375.100s][info][gc] GC(170) Concurrent Abortable Preclean
[2375.100s][info][gc] GC(170) Concurrent Abortable Preclean 0.020ms
[2375.106s][info][gc] GC(170) Pause Remark 49M->49M(50M) 5.501ms
[2375.106s][info][gc] GC(170) Concurrent Sweep
[2375.109s][info][gc] GC(170) Concurrent Sweep 3.037ms
[2375.109s][info][gc] GC(170) Concurrent Reset
[2375.109s][info][gc] GC(170) Concurrent Reset 0.029ms
[2377.115s][info][gc] GC(171) Pause Initial Mark 49M->49M(50M) 1.310ms
[2377.115s][info][gc] GC(171) Concurrent Mark
[2377.127s][info][gc] GC(171) Concurrent Mark 11.997ms
[2377.127s][info][gc] GC(171) Concurrent Preclean
[2377.127s][info][gc] GC(171) Concurrent Preclean 0.160ms
[2377.127s][info][gc] GC(171) Concurrent Abortable Preclean
[2377.127s][info][gc] GC(171) Concurrent Abortable Preclean 0.020ms
[2377.133s][info][gc] GC(171) Pause Remark 49M->49M(50M) 5.563ms
[2377.133s][info][gc] GC(171) Concurrent Sweep
[2377.136s][info][gc] GC(171) Concurrent Sweep 3.069ms
[2377.136s][info][gc] GC(171) Concurrent Reset
[2377.136s][info][gc] GC(171) Concurrent Reset 0.029ms
[2379.139s][info][gc] GC(172) Pause Initial Mark 49M->49M(50M) 1.299ms
[2379.139s][info][gc] GC(172) Concurrent Mark
[2379.151s][info][gc] GC(172) Concurrent Mark 12.021ms
[2379.151s][info][gc] GC(172) Concurrent Preclean
[2379.152s][info][gc] GC(172) Concurrent Preclean 0.161ms
[2379.152s][info][gc] GC(172) Concurrent Abortable Preclean
[2379.152s][info][gc] GC(172) Concurrent Abortable Preclean 0.020ms
[2379.157s][info][gc] GC(172) Pause Remark 49M->49M(50M) 5.584ms
[2379.157s][info][gc] GC(172) Concurrent Sweep
[2379.161s][info][gc] GC(172) Concurrent Sweep 3.209ms
[2379.161s][info][gc] GC(172) Concurrent Reset
[2379.161s][info][gc] GC(172) Concurrent Reset 0.030ms
[2381.164s][info][gc] GC(173) Pause Initial Mark 49M->49M(50M) 1.532ms
[2381.164s][info][gc] GC(173) Concurrent Mark
[2381.178s][info][gc] GC(173) Concurrent Mark 14.347ms
[2381.178s][info][gc] GC(173) Concurrent Preclean
[2381.179s][info][gc] GC(173) Concurrent Preclean 0.147ms
[2381.179s][info][gc] GC(173) Concurrent Abortable Preclean
[2381.179s][info][gc] GC(173) Concurrent Abortable Preclean 0.051ms
[2381.188s][info][gc] GC(173) Pause Remark 49M->49M(50M) 8.919ms
[2381.188s][info][gc] GC(173) Concurrent Sweep
[2381.191s][info][gc] GC(173) Concurrent Sweep 3.269ms
[2381.191s][info][gc] GC(173) Concurrent Reset
[2381.191s][info][gc] GC(173) Concurrent Reset 0.032ms
[2383.196s][info][gc] GC(174) Pause Initial Mark 49M->49M(50M) 1.273ms
[2383.196s][info][gc] GC(174) Concurrent Mark
[2383.208s][info][gc] GC(174) Concurrent Mark 11.945ms
[2383.208s][info][gc] GC(174) Concurrent Preclean
[2383.209s][info][gc] GC(174) Concurrent Preclean 0.164ms
[2383.209s][info][gc] GC(174) Concurrent Abortable Preclean
[2383.209s][info][gc] GC(174) Concurrent Abortable Preclean 0.020ms
[2383.214s][info][gc] GC(174) Pause Remark 49M->49M(50M) 5.539ms
[2383.214s][info][gc] GC(174) Concurrent Sweep
[2383.217s][info][gc] GC(174) Concurrent Sweep 3.014ms
[2383.217s][info][gc] GC(174) Concurrent Reset
[2383.217s][info][gc] GC(174) Concurrent Reset 0.029ms
[2385.219s][info][gc] GC(175) Pause Initial Mark 49M->49M(50M) 1.257ms
[2385.219s][info][gc] GC(175) Concurrent Mark
[2385.231s][info][gc] GC(175) Concurrent Mark 12.058ms
[2385.231s][info][gc] GC(175) Concurrent Preclean
[2385.231s][info][gc] GC(175) Concurrent Preclean 0.145ms
[2385.231s][info][gc] GC(175) Concurrent Abortable Preclean
[2385.231s][info][gc] GC(175) Concurrent Abortable Preclean 0.016ms
[2385.236s][info][gc] GC(175) Pause Remark 49M->49M(50M) 5.114ms
[2385.236s][info][gc] GC(175) Concurrent Sweep
[2385.240s][info][gc] GC(175) Concurrent Sweep 3.208ms
[2385.240s][info][gc] GC(175) Concurrent Reset
[2385.240s][info][gc] GC(175) Concurrent Reset 0.030ms
[2387.244s][info][gc] GC(176) Pause Initial Mark 49M->49M(50M) 1.388ms
[2387.244s][info][gc] GC(176) Concurrent Mark
[2387.256s][info][gc] GC(176) Concurrent Mark 12.267ms
[2387.256s][info][gc] GC(176) Concurrent Preclean
[2387.256s][info][gc] GC(176) Concurrent Preclean 0.150ms
[2387.256s][info][gc] GC(176) Concurrent Abortable Preclean
[2387.257s][info][gc] GC(176) Concurrent Abortable Preclean 0.018ms
[2387.262s][info][gc] GC(176) Pause Remark 49M->49M(50M) 5.673ms
[2387.262s][info][gc] GC(176) Concurrent Sweep
[2387.266s][info][gc] GC(176) Concurrent Sweep 3.092ms
[2387.266s][info][gc] GC(176) Concurrent Reset
[2387.266s][info][gc] GC(176) Concurrent Reset 0.029ms
[2389.268s][info][gc] GC(177) Pause Initial Mark 49M->49M(50M) 1.165ms
[2389.268s][info][gc] GC(177) Concurrent Mark
[2389.280s][info][gc] GC(177) Concurrent Mark 11.815ms
[2389.280s][info][gc] GC(177) Concurrent Preclean
[2389.280s][info][gc] GC(177) Concurrent Preclean 0.149ms
[2389.280s][info][gc] GC(177) Concurrent Abortable Preclean
[2389.280s][info][gc] GC(177) Concurrent Abortable Preclean 0.018ms
[2389.286s][info][gc] GC(177) Pause Remark 49M->49M(50M) 5.593ms
[2389.286s][info][gc] GC(177) Concurrent Sweep
[2389.289s][info][gc] GC(177) Concurrent Sweep 3.140ms
[2389.289s][info][gc] GC(177) Concurrent Reset
[2389.289s][info][gc] GC(177) Concurrent Reset 0.029ms
[2391.291s][info][gc] GC(178) Pause Initial Mark 49M->49M(50M) 1.077ms
[2391.291s][info][gc] GC(178) Concurrent Mark
[2391.304s][info][gc] GC(178) Concurrent Mark 13.111ms
[2391.304s][info][gc] GC(178) Concurrent Preclean
[2391.304s][info][gc] GC(178) Concurrent Preclean 0.123ms
[2391.304s][info][gc] GC(178) Concurrent Abortable Preclean
[2391.304s][info][gc] GC(178) Concurrent Abortable Preclean 0.016ms
[2391.311s][info][gc] GC(178) Pause Remark 49M->49M(50M) 6.577ms
[2391.311s][info][gc] GC(178) Concurrent Sweep
[2391.315s][info][gc] GC(178) Concurrent Sweep 3.661ms
[2391.315s][info][gc] GC(178) Concurrent Reset
[2391.315s][info][gc] GC(178) Concurrent Reset 0.094ms
[2393.316s][info][gc] GC(179) Pause Initial Mark 49M->49M(50M) 0.801ms
[2393.316s][info][gc] GC(179) Concurrent Mark
[2393.327s][info][gc] GC(179) Concurrent Mark 10.796ms
[2393.327s][info][gc] GC(179) Concurrent Preclean
[2393.327s][info][gc] GC(179) Concurrent Preclean 0.148ms
[2393.327s][info][gc] GC(179) Concurrent Abortable Preclean
[2393.327s][info][gc] GC(179) Concurrent Abortable Preclean 0.019ms
[2393.333s][info][gc] GC(179) Pause Remark 49M->49M(50M) 5.827ms
[2393.333s][info][gc] GC(179) Concurrent Sweep
[2393.336s][info][gc] GC(179) Concurrent Sweep 3.046ms
[2393.336s][info][gc] GC(179) Concurrent Reset
[2393.336s][info][gc] GC(179) Concurrent Reset 0.030ms
[2395.338s][info][gc] GC(180) Pause Initial Mark 49M->49M(50M) 0.896ms
[2395.338s][info][gc] GC(180) Concurrent Mark
[2395.351s][info][gc] GC(180) Concurrent Mark 12.968ms
[2395.351s][info][gc] GC(180) Concurrent Preclean
[2395.351s][info][gc] GC(180) Concurrent Preclean 0.163ms
[2395.351s][info][gc] GC(180) Concurrent Abortable Preclean
[2395.351s][info][gc] GC(180) Concurrent Abortable Preclean 0.016ms
[2395.359s][info][gc] GC(180) Pause Remark 49M->49M(50M) 7.613ms
[2395.359s][info][gc] GC(180) Concurrent Sweep
[2395.363s][info][gc] GC(180) Concurrent Sweep 3.316ms
[2395.363s][info][gc] GC(180) Concurrent Reset
[2395.363s][info][gc] GC(180) Concurrent Reset 0.030ms
[2397.367s][info][gc] GC(181) Pause Initial Mark 49M->49M(50M) 1.379ms
[2397.367s][info][gc] GC(181) Concurrent Mark
[2397.381s][info][gc] GC(181) Concurrent Mark 13.662ms
[2397.381s][info][gc] GC(181) Concurrent Preclean
[2397.381s][info][gc] GC(181) Concurrent Preclean 0.150ms
[2397.381s][info][gc] GC(181) Concurrent Abortable Preclean
[2397.381s][info][gc] GC(181) Concurrent Abortable Preclean 0.019ms
[2397.387s][info][gc] GC(181) Pause Remark 49M->49M(50M) 5.504ms
[2397.387s][info][gc] GC(181) Concurrent Sweep
[2397.391s][info][gc] GC(181) Concurrent Sweep 3.904ms
[2397.391s][info][gc] GC(181) Concurrent Reset
[2397.391s][info][gc] GC(181) Concurrent Reset 0.030ms
[2399.395s][info][gc] GC(182) Pause Initial Mark 49M->49M(50M) 0.938ms
[2399.395s][info][gc] GC(182) Concurrent Mark
[2399.407s][info][gc] GC(182) Concurrent Mark 11.640ms
[2399.407s][info][gc] GC(182) Concurrent Preclean
[2399.407s][info][gc] GC(182) Concurrent Preclean 0.222ms
[2399.407s][info][gc] GC(182) Concurrent Abortable Preclean
[2399.407s][info][gc] GC(182) Concurrent Abortable Preclean 0.031ms
[2399.415s][info][gc] GC(182) Pause Remark 49M->49M(50M) 7.443ms
[2399.415s][info][gc] GC(182) Concurrent Sweep
[2399.418s][info][gc] GC(182) Concurrent Sweep 3.232ms
[2399.418s][info][gc] GC(182) Concurrent Reset
[2399.418s][info][gc] GC(182) Concurrent Reset 0.030ms
[2401.421s][info][gc] GC(183) Pause Initial Mark 49M->49M(50M) 1.153ms
[2401.421s][info][gc] GC(183) Concurrent Mark
[2401.434s][info][gc] GC(183) Concurrent Mark 12.685ms
[2401.434s][info][gc] GC(183) Concurrent Preclean
[2401.434s][info][gc] GC(183) Concurrent Preclean 0.144ms
[2401.434s][info][gc] GC(183) Concurrent Abortable Preclean
[2401.434s][info][gc] GC(183) Concurrent Abortable Preclean 0.016ms
[2401.442s][info][gc] GC(183) Pause Remark 49M->49M(50M) 7.289ms
[2401.442s][info][gc] GC(183) Concurrent Sweep
[2401.445s][info][gc] GC(183) Concurrent Sweep 3.275ms
[2401.445s][info][gc] GC(183) Concurrent Reset
[2401.445s][info][gc] GC(183) Concurrent Reset 0.030ms
[2403.450s][info][gc] GC(184) Pause Initial Mark 49M->49M(50M) 1.121ms
[2403.450s][info][gc] GC(184) Concurrent Mark
[2403.462s][info][gc] GC(184) Concurrent Mark 12.191ms
[2403.462s][info][gc] GC(184) Concurrent Preclean
[2403.463s][info][gc] GC(184) Concurrent Preclean 0.263ms
[2403.463s][info][gc] GC(184) Concurrent Abortable Preclean
[2403.463s][info][gc] GC(184) Concurrent Abortable Preclean 0.025ms
[2403.469s][info][gc] GC(184) Pause Remark 49M->49M(50M) 5.733ms
[2403.469s][info][gc] GC(184) Concurrent Sweep
[2403.473s][info][gc] GC(184) Concurrent Sweep 4.046ms
[2403.473s][info][gc] GC(184) Concurrent Reset
[2403.473s][info][gc] GC(184) Concurrent Reset 0.076ms
[2405.475s][info][gc] GC(185) Pause Initial Mark 49M->49M(50M) 1.302ms
[2405.476s][info][gc] GC(185) Concurrent Mark
[2405.488s][info][gc] GC(185) Concurrent Mark 11.950ms
[2405.488s][info][gc] GC(185) Concurrent Preclean
[2405.488s][info][gc] GC(185) Concurrent Preclean 0.143ms
[2405.488s][info][gc] GC(185) Concurrent Abortable Preclean
[2405.488s][info][gc] GC(185) Concurrent Abortable Preclean 0.016ms
[2405.493s][info][gc] GC(185) Pause Remark 49M->49M(50M) 5.550ms
[2405.494s][info][gc] GC(185) Concurrent Sweep
[2405.497s][info][gc] GC(185) Concurrent Sweep 3.228ms
[2405.497s][info][gc] GC(185) Concurrent Reset
[2405.497s][info][gc] GC(185) Concurrent Reset 0.030ms
[2407.501s][info][gc] GC(186) Pause Initial Mark 49M->49M(50M) 2.212ms
[2407.501s][info][gc] GC(186) Concurrent Mark
[2407.515s][info][gc] GC(186) Concurrent Mark 14.108ms
[2407.516s][info][gc] GC(186) Concurrent Preclean
[2407.516s][info][gc] GC(186) Concurrent Preclean 0.147ms
[2407.516s][info][gc] GC(186) Concurrent Abortable Preclean
[2407.516s][info][gc] GC(186) Concurrent Abortable Preclean 0.016ms
[2407.521s][info][gc] GC(186) Pause Remark 49M->49M(50M) 5.502ms
[2407.521s][info][gc] GC(186) Concurrent Sweep
[2407.526s][info][gc] GC(186) Concurrent Sweep 4.348ms
[2407.526s][info][gc] GC(186) Concurrent Reset
[2407.526s][info][gc] GC(186) Concurrent Reset 0.030ms
[2409.527s][info][gc] GC(187) Pause Initial Mark 49M->49M(50M) 1.242ms
[2409.527s][info][gc] GC(187) Concurrent Mark
[2409.539s][info][gc] GC(187) Concurrent Mark 12.352ms
[2409.539s][info][gc] GC(187) Concurrent Preclean
[2409.540s][info][gc] GC(187) Concurrent Preclean 0.150ms
[2409.540s][info][gc] GC(187) Concurrent Abortable Preclean
[2409.540s][info][gc] GC(187) Concurrent Abortable Preclean 0.017ms
[2409.545s][info][gc] GC(187) Pause Remark 49M->49M(50M) 5.711ms
[2409.546s][info][gc] GC(187) Concurrent Sweep
[2409.549s][info][gc] GC(187) Concurrent Sweep 3.235ms
[2409.549s][info][gc] GC(187) Concurrent Reset
[2409.549s][info][gc] GC(187) Concurrent Reset 0.029ms
[2411.551s][info][gc] GC(188) Pause Initial Mark 49M->49M(50M) 1.130ms
[2411.551s][info][gc] GC(188) Concurrent Mark
[2411.563s][info][gc] GC(188) Concurrent Mark 11.860ms
[2411.563s][info][gc] GC(188) Concurrent Preclean
[2411.563s][info][gc] GC(188) Concurrent Preclean 0.148ms
[2411.563s][info][gc] GC(188) Concurrent Abortable Preclean
[2411.563s][info][gc] GC(188) Concurrent Abortable Preclean 0.017ms
[2411.571s][info][gc] GC(188) Pause Remark 49M->49M(50M) 7.171ms
[2411.571s][info][gc] GC(188) Concurrent Sweep
[2411.574s][info][gc] GC(188) Concurrent Sweep 3.359ms
[2411.574s][info][gc] GC(188) Concurrent Reset
[2411.574s][info][gc] GC(188) Concurrent Reset 0.031ms
[2413.580s][info][gc] GC(189) Pause Initial Mark 49M->49M(50M) 2.714ms
[2413.581s][info][gc] GC(189) Concurrent Mark
[2413.603s][info][gc] GC(189) Concurrent Mark 22.151ms
[2413.603s][info][gc] GC(189) Concurrent Preclean
[2413.603s][info][gc] GC(189) Concurrent Preclean 0.287ms
[2413.604s][info][gc] GC(189) Concurrent Abortable Preclean
[2413.604s][info][gc] GC(189) Concurrent Abortable Preclean 0.024ms
[2413.619s][info][gc] GC(189) Pause Remark 49M->49M(50M) 15.089ms
[2413.621s][info][gc] GC(189) Concurrent Sweep
[2413.626s][info][gc] GC(189) Concurrent Sweep 4.983ms
[2413.626s][info][gc] GC(189) Concurrent Reset
[2413.627s][info][gc] GC(189) Concurrent Reset 0.356ms
[2415.629s][info][gc] GC(190) Pause Initial Mark 49M->49M(50M) 1.808ms
[2415.630s][info][gc] GC(190) Concurrent Mark
[2415.647s][info][gc] GC(190) Concurrent Mark 17.679ms
[2415.647s][info][gc] GC(190) Concurrent Preclean
[2415.648s][info][gc] GC(190) Concurrent Preclean 0.239ms
[2415.648s][info][gc] GC(190) Concurrent Abortable Preclean
[2415.648s][info][gc] GC(190) Concurrent Abortable Preclean 0.026ms
[2415.654s][info][gc] GC(190) Pause Remark 49M->49M(50M) 6.081ms
[2415.654s][info][gc] GC(190) Concurrent Sweep
[2415.658s][info][gc] GC(190) Concurrent Sweep 3.911ms
[2415.658s][info][gc] GC(190) Concurrent Reset
[2415.658s][info][gc] GC(190) Concurrent Reset 0.031ms
[2417.662s][info][gc] GC(191) Pause Initial Mark 49M->49M(50M) 1.494ms
[2417.662s][info][gc] GC(191) Concurrent Mark
[2417.699s][info][gc] GC(191) Concurrent Mark 36.738ms
[2417.699s][info][gc] GC(191) Concurrent Preclean
[2417.701s][info][gc] GC(191) Concurrent Preclean 1.198ms
[2417.701s][info][gc] GC(191) Concurrent Abortable Preclean
[2417.701s][info][gc] GC(191) Concurrent Abortable Preclean 0.032ms
[2417.709s][info][gc] GC(191) Pause Remark 49M->49M(50M) 7.739ms
[2417.709s][info][gc] GC(191) Concurrent Sweep
[2417.713s][info][gc] GC(191) Concurrent Sweep 4.175ms
[2417.713s][info][gc] GC(191) Concurrent Reset
[2417.713s][info][gc] GC(191) Concurrent Reset 0.038ms
[2419.716s][info][gc] GC(192) Pause Initial Mark 49M->49M(50M) 1.275ms
[2419.716s][info][gc] GC(192) Concurrent Mark
[2419.728s][info][gc] GC(192) Concurrent Mark 11.839ms
[2419.728s][info][gc] GC(192) Concurrent Preclean
[2419.728s][info][gc] GC(192) Concurrent Preclean 0.141ms
[2419.728s][info][gc] GC(192) Concurrent Abortable Preclean
[2419.728s][info][gc] GC(192) Concurrent Abortable Preclean 0.018ms
[2419.734s][info][gc] GC(192) Pause Remark 49M->49M(50M) 5.511ms
[2419.734s][info][gc] GC(192) Concurrent Sweep
[2419.737s][info][gc] GC(192) Concurrent Sweep 3.025ms
[2419.737s][info][gc] GC(192) Concurrent Reset
[2419.737s][info][gc] GC(192) Concurrent Reset 0.029ms
[2421.738s][info][gc] GC(193) Pause Initial Mark 49M->49M(50M) 0.900ms
[2421.738s][info][gc] GC(193) Concurrent Mark
[2421.750s][info][gc] GC(193) Concurrent Mark 12.088ms
[2421.750s][info][gc] GC(193) Concurrent Preclean
[2421.750s][info][gc] GC(193) Concurrent Preclean 0.135ms
[2421.750s][info][gc] GC(193) Concurrent Abortable Preclean
[2421.750s][info][gc] GC(193) Concurrent Abortable Preclean 0.017ms
[2421.756s][info][gc] GC(193) Pause Remark 49M->49M(50M) 5.394ms
[2421.756s][info][gc] GC(193) Concurrent Sweep
[2421.759s][info][gc] GC(193) Concurrent Sweep 3.001ms
[2421.759s][info][gc] GC(193) Concurrent Reset
[2421.759s][info][gc] GC(193) Concurrent Reset 0.029ms
[2423.766s][info][gc] GC(194) Pause Initial Mark 49M->49M(50M) 1.346ms
[2423.766s][info][gc] GC(194) Concurrent Mark
[2423.778s][info][gc] GC(194) Concurrent Mark 12.111ms
[2423.778s][info][gc] GC(194) Concurrent Preclean
[2423.778s][info][gc] GC(194) Concurrent Preclean 0.174ms
[2423.778s][info][gc] GC(194) Concurrent Abortable Preclean
[2423.778s][info][gc] GC(194) Concurrent Abortable Preclean 0.020ms
[2423.784s][info][gc] GC(194) Pause Remark 49M->49M(50M) 5.530ms
[2423.784s][info][gc] GC(194) Concurrent Sweep
[2423.787s][info][gc] GC(194) Concurrent Sweep 3.220ms
[2423.787s][info][gc] GC(194) Concurrent Reset
[2423.787s][info][gc] GC(194) Concurrent Reset 0.031ms
[2425.793s][info][gc] GC(195) Pause Initial Mark 49M->49M(50M) 2.330ms
[2425.793s][info][gc] GC(195) Concurrent Mark
[2425.811s][info][gc] GC(195) Concurrent Mark 17.747ms
[2425.811s][info][gc] GC(195) Concurrent Preclean
[2425.811s][info][gc] GC(195) Concurrent Preclean 0.176ms
[2425.811s][info][gc] GC(195) Concurrent Abortable Preclean
[2425.811s][info][gc] GC(195) Concurrent Abortable Preclean 0.025ms
[2425.830s][info][gc] GC(195) Pause Remark 49M->49M(50M) 18.176ms
[2425.830s][info][gc] GC(195) Concurrent Sweep
[2425.835s][info][gc] GC(195) Concurrent Sweep 4.667ms
[2425.835s][info][gc] GC(195) Concurrent Reset
[2425.835s][info][gc] GC(195) Concurrent Reset 0.050ms
[2427.835s][info][gc] GC(196) Pause Initial Mark 49M->49M(50M) 1.291ms
[2427.836s][info][gc] GC(196) Concurrent Mark
[2427.852s][info][gc] GC(196) Concurrent Mark 16.250ms
[2427.852s][info][gc] GC(196) Concurrent Preclean
[2427.852s][info][gc] GC(196) Concurrent Preclean 0.208ms
[2427.852s][info][gc] GC(196) Concurrent Abortable Preclean
[2427.852s][info][gc] GC(196) Concurrent Abortable Preclean 0.024ms
[2427.858s][info][gc] GC(196) Pause Remark 49M->49M(50M) 5.456ms
[2427.858s][info][gc] GC(196) Concurrent Sweep
[2427.861s][info][gc] GC(196) Concurrent Sweep 3.240ms
[2427.861s][info][gc] GC(196) Concurrent Reset
[2427.861s][info][gc] GC(196) Concurrent Reset 0.031ms
[2429.867s][info][gc] GC(197) Pause Initial Mark 49M->49M(50M) 1.616ms
[2429.867s][info][gc] GC(197) Concurrent Mark
[2429.879s][info][gc] GC(197) Concurrent Mark 12.064ms
[2429.879s][info][gc] GC(197) Concurrent Preclean
[2429.880s][info][gc] GC(197) Concurrent Preclean 0.148ms
[2429.880s][info][gc] GC(197) Concurrent Abortable Preclean
[2429.880s][info][gc] GC(197) Concurrent Abortable Preclean 0.018ms
[2429.886s][info][gc] GC(197) Pause Remark 49M->49M(50M) 6.567ms
[2429.886s][info][gc] GC(197) Concurrent Sweep
[2429.890s][info][gc] GC(197) Concurrent Sweep 3.410ms
[2429.890s][info][gc] GC(197) Concurrent Reset
[2429.890s][info][gc] GC(197) Concurrent Reset 0.032ms
[2431.893s][info][gc] GC(198) Pause Initial Mark 49M->49M(50M) 1.376ms
[2431.893s][info][gc] GC(198) Concurrent Mark
[2431.906s][info][gc] GC(198) Concurrent Mark 12.235ms
[2431.906s][info][gc] GC(198) Concurrent Preclean
[2431.906s][info][gc] GC(198) Concurrent Preclean 0.164ms
[2431.906s][info][gc] GC(198) Concurrent Abortable Preclean
[2431.906s][info][gc] GC(198) Concurrent Abortable Preclean 0.020ms
[2431.912s][info][gc] GC(198) Pause Remark 49M->49M(50M) 5.809ms
[2431.912s][info][gc] GC(198) Concurrent Sweep
[2431.915s][info][gc] GC(198) Concurrent Sweep 3.227ms
[2431.915s][info][gc] GC(198) Concurrent Reset
[2431.915s][info][gc] GC(198) Concurrent Reset 0.031ms
[2433.918s][info][gc] GC(199) Pause Initial Mark 49M->49M(50M) 1.133ms
[2433.918s][info][gc] GC(199) Concurrent Mark
[2433.930s][info][gc] GC(199) Concurrent Mark 11.851ms
[2433.930s][info][gc] GC(199) Concurrent Preclean
[2433.930s][info][gc] GC(199) Concurrent Preclean 0.154ms
[2433.930s][info][gc] GC(199) Concurrent Abortable Preclean
[2433.930s][info][gc] GC(199) Concurrent Abortable Preclean 0.018ms
[2433.936s][info][gc] GC(199) Pause Remark 49M->49M(50M) 6.478ms
[2433.937s][info][gc] GC(199) Concurrent Sweep
[2433.941s][info][gc] GC(199) Concurrent Sweep 4.006ms
[2433.941s][info][gc] GC(199) Concurrent Reset
[2433.941s][info][gc] GC(199) Concurrent Reset 0.067ms
[2435.944s][info][gc] GC(200) Pause Initial Mark 49M->49M(50M) 1.183ms
[2435.944s][info][gc] GC(200) Concurrent Mark
[2435.968s][info][gc] GC(200) Concurrent Mark 24.038ms
[2435.969s][info][gc] GC(200) Concurrent Preclean
[2435.969s][info][gc] GC(200) Concurrent Preclean 0.201ms
[2435.969s][info][gc] GC(200) Concurrent Abortable Preclean
[2435.969s][info][gc] GC(200) Concurrent Abortable Preclean 0.027ms
[2435.996s][info][gc] GC(200) Pause Remark 49M->49M(50M) 22.908ms
[2435.996s][info][gc] GC(200) Concurrent Sweep
[2436.002s][info][gc] GC(200) Concurrent Sweep 5.656ms
[2436.002s][info][gc] GC(200) Concurrent Reset
[2436.002s][info][gc] GC(200) Concurrent Reset 0.042ms
[2438.004s][info][gc] GC(201) Pause Initial Mark 49M->49M(50M) 0.938ms
[2438.004s][info][gc] GC(201) Concurrent Mark
[2438.016s][info][gc] GC(201) Concurrent Mark 11.870ms
[2438.016s][info][gc] GC(201) Concurrent Preclean
[2438.016s][info][gc] GC(201) Concurrent Preclean 0.145ms
[2438.016s][info][gc] GC(201) Concurrent Abortable Preclean
[2438.016s][info][gc] GC(201) Concurrent Abortable Preclean 0.019ms
[2438.022s][info][gc] GC(201) Pause Remark 49M->49M(50M) 5.365ms
[2438.022s][info][gc] GC(201) Concurrent Sweep
[2438.026s][info][gc] GC(201) Concurrent Sweep 3.796ms
[2438.026s][info][gc] GC(201) Concurrent Reset
[2438.026s][info][gc] GC(201) Concurrent Reset 0.033ms
[2440.028s][info][gc] GC(202) Pause Initial Mark 49M->49M(50M) 1.345ms
[2440.028s][info][gc] GC(202) Concurrent Mark
[2440.040s][info][gc] GC(202) Concurrent Mark 12.191ms
[2440.040s][info][gc] GC(202) Concurrent Preclean
[2440.040s][info][gc] GC(202) Concurrent Preclean 0.146ms
[2440.040s][info][gc] GC(202) Concurrent Abortable Preclean
[2440.040s][info][gc] GC(202) Concurrent Abortable Preclean 0.019ms
[2440.046s][info][gc] GC(202) Pause Remark 49M->49M(50M) 5.573ms
[2440.046s][info][gc] GC(202) Concurrent Sweep
[2440.049s][info][gc] GC(202) Concurrent Sweep 3.120ms
[2440.049s][info][gc] GC(202) Concurrent Reset
[2440.049s][info][gc] GC(202) Concurrent Reset 0.030ms
[2442.052s][info][gc] GC(203) Pause Initial Mark 49M->49M(50M) 1.332ms
[2442.052s][info][gc] GC(203) Concurrent Mark
[2442.064s][info][gc] GC(203) Concurrent Mark 11.916ms
[2442.064s][info][gc] GC(203) Concurrent Preclean
[2442.064s][info][gc] GC(203) Concurrent Preclean 0.144ms
[2442.064s][info][gc] GC(203) Concurrent Abortable Preclean
[2442.064s][info][gc] GC(203) Concurrent Abortable Preclean 0.019ms
[2442.070s][info][gc] GC(203) Pause Remark 49M->49M(50M) 5.664ms
[2442.070s][info][gc] GC(203) Concurrent Sweep
[2442.073s][info][gc] GC(203) Concurrent Sweep 3.244ms
[2442.073s][info][gc] GC(203) Concurrent Reset
[2442.073s][info][gc] GC(203) Concurrent Reset 0.032ms
[2444.074s][info][gc] GC(204) Pause Initial Mark 49M->49M(50M) 1.073ms
[2444.074s][info][gc] GC(204) Concurrent Mark
[2444.086s][info][gc] GC(204) Concurrent Mark 11.113ms
[2444.086s][info][gc] GC(204) Concurrent Preclean
[2444.086s][info][gc] GC(204) Concurrent Preclean 0.153ms
[2444.086s][info][gc] GC(204) Concurrent Abortable Preclean
[2444.086s][info][gc] GC(204) Concurrent Abortable Preclean 0.019ms
[2444.092s][info][gc] GC(204) Pause Remark 49M->49M(50M) 5.724ms
[2444.092s][info][gc] GC(204) Concurrent Sweep
[2444.095s][info][gc] GC(204) Concurrent Sweep 3.159ms
[2444.095s][info][gc] GC(204) Concurrent Reset
[2444.095s][info][gc] GC(204) Concurrent Reset 0.030ms
[2446.097s][info][gc] GC(205) Pause Initial Mark 49M->49M(50M) 1.727ms
[2446.097s][info][gc] GC(205) Concurrent Mark
[2446.111s][info][gc] GC(205) Concurrent Mark 13.546ms
[2446.111s][info][gc] GC(205) Concurrent Preclean
[2446.111s][info][gc] GC(205) Concurrent Preclean 0.157ms
[2446.111s][info][gc] GC(205) Concurrent Abortable Preclean
[2446.111s][info][gc] GC(205) Concurrent Abortable Preclean 0.024ms
[2446.121s][info][gc] GC(205) Pause Remark 49M->49M(50M) 9.492ms
[2446.121s][info][gc] GC(205) Concurrent Sweep
[2446.124s][info][gc] GC(205) Concurrent Sweep 3.035ms
[2446.124s][info][gc] GC(205) Concurrent Reset
[2446.124s][info][gc] GC(205) Concurrent Reset 0.040ms
[2448.127s][info][gc] GC(206) Pause Initial Mark 49M->49M(50M) 3.164ms
[2448.128s][info][gc] GC(206) Concurrent Mark
[2448.144s][info][gc] GC(206) Concurrent Mark 15.770ms
[2448.144s][info][gc] GC(206) Concurrent Preclean
[2448.144s][info][gc] GC(206) Concurrent Preclean 0.161ms
[2448.145s][info][gc] GC(206) Concurrent Abortable Preclean
[2448.145s][info][gc] GC(206) Concurrent Abortable Preclean 0.026ms
[2448.150s][info][gc] GC(206) Pause Remark 49M->49M(50M) 5.601ms
[2448.150s][info][gc] GC(206) Concurrent Sweep
[2448.154s][info][gc] GC(206) Concurrent Sweep 3.286ms
[2448.154s][info][gc] GC(206) Concurrent Reset
[2448.154s][info][gc] GC(206) Concurrent Reset 0.032ms
[2450.160s][info][gc] GC(207) Pause Initial Mark 49M->49M(50M) 1.385ms
[2450.160s][info][gc] GC(207) Concurrent Mark
[2450.172s][info][gc] GC(207) Concurrent Mark 12.150ms
[2450.172s][info][gc] GC(207) Concurrent Preclean
[2450.172s][info][gc] GC(207) Concurrent Preclean 0.193ms
[2450.172s][info][gc] GC(207) Concurrent Abortable Preclean
[2450.172s][info][gc] GC(207) Concurrent Abortable Preclean 0.019ms
[2450.178s][info][gc] GC(207) Pause Remark 49M->49M(50M) 5.759ms
[2450.178s][info][gc] GC(207) Concurrent Sweep
[2450.181s][info][gc] GC(207) Concurrent Sweep 3.242ms
[2450.181s][info][gc] GC(207) Concurrent Reset
[2450.181s][info][gc] GC(207) Concurrent Reset 0.032ms
[2452.187s][info][gc] GC(208) Pause Initial Mark 49M->49M(50M) 1.372ms
[2452.188s][info][gc] GC(208) Concurrent Mark
[2452.200s][info][gc] GC(208) Concurrent Mark 11.963ms
[2452.200s][info][gc] GC(208) Concurrent Preclean
[2452.200s][info][gc] GC(208) Concurrent Preclean 0.145ms
[2452.200s][info][gc] GC(208) Concurrent Abortable Preclean
[2452.200s][info][gc] GC(208) Concurrent Abortable Preclean 0.019ms
[2452.205s][info][gc] GC(208) Pause Remark 49M->49M(50M) 5.487ms
[2452.206s][info][gc] GC(208) Concurrent Sweep
[2452.209s][info][gc] GC(208) Concurrent Sweep 3.257ms
[2452.209s][info][gc] GC(208) Concurrent Reset
[2452.209s][info][gc] GC(208) Concurrent Reset 0.031ms
[2454.214s][info][gc] GC(209) Pause Initial Mark 49M->49M(50M) 1.301ms
[2454.215s][info][gc] GC(209) Concurrent Mark
[2454.227s][info][gc] GC(209) Concurrent Mark 12.230ms
[2454.227s][info][gc] GC(209) Concurrent Preclean
[2454.227s][info][gc] GC(209) Concurrent Preclean 0.155ms
[2454.227s][info][gc] GC(209) Concurrent Abortable Preclean
[2454.227s][info][gc] GC(209) Concurrent Abortable Preclean 0.018ms
[2454.233s][info][gc] GC(209) Pause Remark 49M->49M(50M) 5.543ms
[2454.233s][info][gc] GC(209) Concurrent Sweep
[2454.236s][info][gc] GC(209) Concurrent Sweep 3.174ms
[2454.236s][info][gc] GC(209) Concurrent Reset
[2454.236s][info][gc] GC(209) Concurrent Reset 0.029ms
[2456.242s][info][gc] GC(210) Pause Initial Mark 49M->49M(50M) 0.955ms
[2456.242s][info][gc] GC(210) Concurrent Mark
[2456.253s][info][gc] GC(210) Concurrent Mark 10.914ms
[2456.253s][info][gc] GC(210) Concurrent Preclean
[2456.253s][info][gc] GC(210) Concurrent Preclean 0.155ms
[2456.253s][info][gc] GC(210) Concurrent Abortable Preclean
[2456.253s][info][gc] GC(210) Concurrent Abortable Preclean 0.019ms
[2456.261s][info][gc] GC(210) Pause Remark 49M->49M(50M) 8.036ms
[2456.262s][info][gc] GC(210) Concurrent Sweep
[2456.265s][info][gc] GC(210) Concurrent Sweep 3.080ms
[2456.265s][info][gc] GC(210) Concurrent Reset
[2456.265s][info][gc] GC(210) Concurrent Reset 0.029ms
[2458.266s][info][gc] GC(211) Pause Initial Mark 49M->49M(50M) 1.395ms
[2458.266s][info][gc] GC(211) Concurrent Mark
[2458.279s][info][gc] GC(211) Concurrent Mark 12.572ms
[2458.279s][info][gc] GC(211) Concurrent Preclean
[2458.279s][info][gc] GC(211) Concurrent Preclean 0.180ms
[2458.279s][info][gc] GC(211) Concurrent Abortable Preclean
[2458.279s][info][gc] GC(211) Concurrent Abortable Preclean 0.020ms
[2458.285s][info][gc] GC(211) Pause Remark 49M->49M(50M) 5.589ms
[2458.285s][info][gc] GC(211) Concurrent Sweep
[2458.288s][info][gc] GC(211) Concurrent Sweep 3.232ms
[2458.288s][info][gc] GC(211) Concurrent Reset
[2458.288s][info][gc] GC(211) Concurrent Reset 0.032ms
[2460.293s][info][gc] GC(212) Pause Initial Mark 49M->49M(50M) 1.295ms
[2460.293s][info][gc] GC(212) Concurrent Mark
[2460.305s][info][gc] GC(212) Concurrent Mark 12.017ms
[2460.305s][info][gc] GC(212) Concurrent Preclean
[2460.305s][info][gc] GC(212) Concurrent Preclean 0.143ms
[2460.305s][info][gc] GC(212) Concurrent Abortable Preclean
[2460.305s][info][gc] GC(212) Concurrent Abortable Preclean 0.019ms
[2460.311s][info][gc] GC(212) Pause Remark 49M->49M(50M) 5.549ms
[2460.311s][info][gc] GC(212) Concurrent Sweep
[2460.314s][info][gc] GC(212) Concurrent Sweep 3.217ms
[2460.314s][info][gc] GC(212) Concurrent Reset
[2460.314s][info][gc] GC(212) Concurrent Reset 0.030ms
[2462.321s][info][gc] GC(213) Pause Initial Mark 49M->49M(50M) 2.968ms
[2462.322s][info][gc] GC(213) Concurrent Mark
[2462.334s][info][gc] GC(213) Concurrent Mark 12.213ms
[2462.334s][info][gc] GC(213) Concurrent Preclean
[2462.334s][info][gc] GC(213) Concurrent Preclean 0.147ms
[2462.334s][info][gc] GC(213) Concurrent Abortable Preclean
[2462.334s][info][gc] GC(213) Concurrent Abortable Preclean 0.018ms
[2462.340s][info][gc] GC(213) Pause Remark 49M->49M(50M) 5.819ms
[2462.340s][info][gc] GC(213) Concurrent Sweep
[2462.344s][info][gc] GC(213) Concurrent Sweep 3.431ms
[2462.344s][info][gc] GC(213) Concurrent Reset
[2462.344s][info][gc] GC(213) Concurrent Reset 0.030ms
[2464.346s][info][gc] GC(214) Pause Initial Mark 49M->49M(50M) 1.275ms
[2464.347s][info][gc] GC(214) Concurrent Mark
[2464.359s][info][gc] GC(214) Concurrent Mark 11.909ms
[2464.359s][info][gc] GC(214) Concurrent Preclean
[2464.359s][info][gc] GC(214) Concurrent Preclean 0.154ms
[2464.359s][info][gc] GC(214) Concurrent Abortable Preclean
[2464.359s][info][gc] GC(214) Concurrent Abortable Preclean 0.018ms
[2464.364s][info][gc] GC(214) Pause Remark 49M->49M(50M) 5.504ms
[2464.365s][info][gc] GC(214) Concurrent Sweep
[2464.368s][info][gc] GC(214) Concurrent Sweep 3.195ms
[2464.368s][info][gc] GC(214) Concurrent Reset
[2464.368s][info][gc] GC(214) Concurrent Reset 0.030ms
[2466.371s][info][gc] GC(215) Pause Initial Mark 49M->49M(50M) 1.528ms
[2466.371s][info][gc] GC(215) Concurrent Mark
[2466.384s][info][gc] GC(215) Concurrent Mark 13.138ms
[2466.384s][info][gc] GC(215) Concurrent Preclean
[2466.384s][info][gc] GC(215) Concurrent Preclean 0.149ms
[2466.384s][info][gc] GC(215) Concurrent Abortable Preclean
[2466.384s][info][gc] GC(215) Concurrent Abortable Preclean 0.022ms
[2466.390s][info][gc] GC(215) Pause Remark 49M->49M(50M) 5.655ms
[2466.390s][info][gc] GC(215) Concurrent Sweep
[2466.394s][info][gc] GC(215) Concurrent Sweep 3.503ms
[2466.394s][info][gc] GC(215) Concurrent Reset
[2466.394s][info][gc] GC(215) Concurrent Reset 0.031ms
[2468.395s][info][gc] GC(216) Pause Initial Mark 49M->49M(50M) 1.246ms
[2468.396s][info][gc] GC(216) Concurrent Mark
[2468.408s][info][gc] GC(216) Concurrent Mark 11.820ms
[2468.408s][info][gc] GC(216) Concurrent Preclean
[2468.408s][info][gc] GC(216) Concurrent Preclean 0.142ms
[2468.408s][info][gc] GC(216) Concurrent Abortable Preclean
[2468.408s][info][gc] GC(216) Concurrent Abortable Preclean 0.016ms
[2468.414s][info][gc] GC(216) Pause Remark 49M->49M(50M) 5.735ms
[2468.414s][info][gc] GC(216) Concurrent Sweep
[2468.417s][info][gc] GC(216) Concurrent Sweep 3.320ms
[2468.417s][info][gc] GC(216) Concurrent Reset
[2468.417s][info][gc] GC(216) Concurrent Reset 0.057ms
[2470.419s][info][gc] GC(217) Pause Initial Mark 49M->49M(50M) 1.153ms
[2470.419s][info][gc] GC(217) Concurrent Mark
[2470.431s][info][gc] GC(217) Concurrent Mark 12.034ms
[2470.431s][info][gc] GC(217) Concurrent Preclean
[2470.431s][info][gc] GC(217) Concurrent Preclean 0.164ms
[2470.431s][info][gc] GC(217) Concurrent Abortable Preclean
[2470.431s][info][gc] GC(217) Concurrent Abortable Preclean 0.018ms
[2470.441s][info][gc] GC(217) Pause Remark 49M->49M(50M) 9.875ms
[2470.441s][info][gc] GC(217) Concurrent Sweep
[2470.445s][info][gc] GC(217) Concurrent Sweep 3.976ms
[2470.445s][info][gc] GC(217) Concurrent Reset
[2470.445s][info][gc] GC(217) Concurrent Reset 0.101ms
[2472.447s][info][gc] GC(218) Pause Initial Mark 49M->49M(50M) 1.006ms
[2472.447s][info][gc] GC(218) Concurrent Mark
[2472.457s][info][gc] GC(218) Concurrent Mark 9.852ms
[2472.457s][info][gc] GC(218) Concurrent Preclean
[2472.457s][info][gc] GC(218) Concurrent Preclean 0.127ms
[2472.457s][info][gc] GC(218) Concurrent Abortable Preclean
[2472.457s][info][gc] GC(218) Concurrent Abortable Preclean 0.016ms
[2472.462s][info][gc] GC(218) Pause Remark 49M->49M(50M) 5.096ms
[2472.462s][info][gc] GC(218) Concurrent Sweep
[2472.465s][info][gc] GC(218) Concurrent Sweep 2.943ms
[2472.465s][info][gc] GC(218) Concurrent Reset
[2472.465s][info][gc] GC(218) Concurrent Reset 0.030ms
[2474.471s][info][gc] GC(219) Pause Initial Mark 49M->49M(50M) 2.421ms
[2474.471s][info][gc] GC(219) Concurrent Mark
[2474.483s][info][gc] GC(219) Concurrent Mark 12.529ms
[2474.483s][info][gc] GC(219) Concurrent Preclean
[2474.484s][info][gc] GC(219) Concurrent Preclean 0.156ms
[2474.484s][info][gc] GC(219) Concurrent Abortable Preclean
[2474.484s][info][gc] GC(219) Concurrent Abortable Preclean 0.019ms
[2474.489s][info][gc] GC(219) Pause Remark 49M->49M(50M) 5.604ms
[2474.489s][info][gc] GC(219) Concurrent Sweep
[2474.493s][info][gc] GC(219) Concurrent Sweep 3.948ms
[2474.493s][info][gc] GC(219) Concurrent Reset
[2474.493s][info][gc] GC(219) Concurrent Reset 0.033ms
[2476.496s][info][gc] GC(220) Pause Initial Mark 49M->49M(50M) 1.346ms
[2476.496s][info][gc] GC(220) Concurrent Mark
[2476.508s][info][gc] GC(220) Concurrent Mark 12.365ms
[2476.509s][info][gc] GC(220) Concurrent Preclean
[2476.509s][info][gc] GC(220) Concurrent Preclean 0.184ms
[2476.509s][info][gc] GC(220) Concurrent Abortable Preclean
[2476.509s][info][gc] GC(220) Concurrent Abortable Preclean 0.019ms
[2476.515s][info][gc] GC(220) Pause Remark 49M->49M(50M) 5.586ms
[2476.515s][info][gc] GC(220) Concurrent Sweep
[2476.518s][info][gc] GC(220) Concurrent Sweep 3.228ms
[2476.518s][info][gc] GC(220) Concurrent Reset
[2476.518s][info][gc] GC(220) Concurrent Reset 0.032ms
[2478.525s][info][gc] GC(221) Pause Initial Mark 49M->49M(50M) 1.343ms
[2478.525s][info][gc] GC(221) Concurrent Mark
[2478.537s][info][gc] GC(221) Concurrent Mark 12.025ms
[2478.537s][info][gc] GC(221) Concurrent Preclean
[2478.537s][info][gc] GC(221) Concurrent Preclean 0.164ms
[2478.537s][info][gc] GC(221) Concurrent Abortable Preclean
[2478.537s][info][gc] GC(221) Concurrent Abortable Preclean 0.018ms
[2478.543s][info][gc] GC(221) Pause Remark 49M->49M(50M) 5.915ms
[2478.543s][info][gc] GC(221) Concurrent Sweep
[2478.547s][info][gc] GC(221) Concurrent Sweep 3.138ms
[2478.547s][info][gc] GC(221) Concurrent Reset
[2478.547s][info][gc] GC(221) Concurrent Reset 0.030ms
[2480.553s][info][gc] GC(222) Pause Initial Mark 49M->49M(50M) 1.318ms
[2480.553s][info][gc] GC(222) Concurrent Mark
[2480.565s][info][gc] GC(222) Concurrent Mark 11.588ms
[2480.565s][info][gc] GC(222) Concurrent Preclean
[2480.565s][info][gc] GC(222) Concurrent Preclean 0.139ms
[2480.565s][info][gc] GC(222) Concurrent Abortable Preclean
[2480.565s][info][gc] GC(222) Concurrent Abortable Preclean 0.016ms
[2480.570s][info][gc] GC(222) Pause Remark 49M->49M(50M) 5.134ms
[2480.570s][info][gc] GC(222) Concurrent Sweep
[2480.574s][info][gc] GC(222) Concurrent Sweep 3.113ms
[2480.574s][info][gc] GC(222) Concurrent Reset
[2480.574s][info][gc] GC(222) Concurrent Reset 0.030ms
[2482.578s][info][gc] GC(223) Pause Initial Mark 49M->49M(50M) 1.372ms
[2482.578s][info][gc] GC(223) Concurrent Mark
[2482.592s][info][gc] GC(223) Concurrent Mark 13.606ms
[2482.592s][info][gc] GC(223) Concurrent Preclean
[2482.592s][info][gc] GC(223) Concurrent Preclean 0.141ms
[2482.592s][info][gc] GC(223) Concurrent Abortable Preclean
[2482.592s][info][gc] GC(223) Concurrent Abortable Preclean 0.016ms
[2482.598s][info][gc] GC(223) Pause Remark 49M->49M(50M) 5.483ms
[2482.598s][info][gc] GC(223) Concurrent Sweep
[2482.601s][info][gc] GC(223) Concurrent Sweep 3.290ms
[2482.601s][info][gc] GC(223) Concurrent Reset
[2482.601s][info][gc] GC(223) Concurrent Reset 0.038ms
[2484.605s][info][gc] GC(224) Pause Initial Mark 49M->49M(50M) 1.324ms
[2484.605s][info][gc] GC(224) Concurrent Mark
[2484.618s][info][gc] GC(224) Concurrent Mark 12.853ms
[2484.618s][info][gc] GC(224) Concurrent Preclean
[2484.618s][info][gc] GC(224) Concurrent Preclean 0.154ms
[2484.618s][info][gc] GC(224) Concurrent Abortable Preclean
[2484.618s][info][gc] GC(224) Concurrent Abortable Preclean 0.016ms
[2484.624s][info][gc] GC(224) Pause Remark 49M->49M(50M) 5.637ms
[2484.624s][info][gc] GC(224) Concurrent Sweep
[2484.627s][info][gc] GC(224) Concurrent Sweep 3.250ms
[2484.627s][info][gc] GC(224) Concurrent Reset
[2484.627s][info][gc] GC(224) Concurrent Reset 0.030ms
[2486.631s][info][gc] GC(225) Pause Initial Mark 49M->49M(50M) 1.186ms
[2486.631s][info][gc] GC(225) Concurrent Mark
[2486.643s][info][gc] GC(225) Concurrent Mark 11.553ms
[2486.643s][info][gc] GC(225) Concurrent Preclean
[2486.643s][info][gc] GC(225) Concurrent Preclean 0.142ms
[2486.643s][info][gc] GC(225) Concurrent Abortable Preclean
[2486.643s][info][gc] GC(225) Concurrent Abortable Preclean 0.016ms
[2486.649s][info][gc] GC(225) Pause Remark 49M->49M(50M) 5.766ms
[2486.649s][info][gc] GC(225) Concurrent Sweep
[2486.652s][info][gc] GC(225) Concurrent Sweep 3.056ms
[2486.652s][info][gc] GC(225) Concurrent Reset
[2486.652s][info][gc] GC(225) Concurrent Reset 0.027ms
[2488.654s][info][gc] GC(226) Pause Initial Mark 49M->49M(50M) 1.266ms
[2488.654s][info][gc] GC(226) Concurrent Mark
[2488.666s][info][gc] GC(226) Concurrent Mark 11.919ms
[2488.666s][info][gc] GC(226) Concurrent Preclean
[2488.666s][info][gc] GC(226) Concurrent Preclean 0.137ms
[2488.666s][info][gc] GC(226) Concurrent Abortable Preclean
[2488.666s][info][gc] GC(226) Concurrent Abortable Preclean 0.014ms
[2488.672s][info][gc] GC(226) Pause Remark 49M->49M(50M) 5.645ms
[2488.672s][info][gc] GC(226) Concurrent Sweep
[2488.675s][info][gc] GC(226) Concurrent Sweep 3.171ms
[2488.675s][info][gc] GC(226) Concurrent Reset
[2488.675s][info][gc] GC(226) Concurrent Reset 0.025ms
[2490.678s][info][gc] GC(227) Pause Initial Mark 49M->49M(50M) 1.339ms
[2490.678s][info][gc] GC(227) Concurrent Mark
[2490.692s][info][gc] GC(227) Concurrent Mark 13.535ms
[2490.692s][info][gc] GC(227) Concurrent Preclean
[2490.692s][info][gc] GC(227) Concurrent Preclean 0.154ms
[2490.692s][info][gc] GC(227) Concurrent Abortable Preclean
[2490.692s][info][gc] GC(227) Concurrent Abortable Preclean 0.013ms
[2490.698s][info][gc] GC(227) Pause Remark 49M->49M(50M) 5.520ms
[2490.698s][info][gc] GC(227) Concurrent Sweep
[2490.701s][info][gc] GC(227) Concurrent Sweep 3.222ms
[2490.701s][info][gc] GC(227) Concurrent Reset
[2490.701s][info][gc] GC(227) Concurrent Reset 0.026ms
[2492.705s][info][gc] GC(228) Pause Initial Mark 49M->49M(50M) 1.420ms
[2492.705s][info][gc] GC(228) Concurrent Mark
[2492.718s][info][gc] GC(228) Concurrent Mark 13.207ms
[2492.719s][info][gc] GC(228) Concurrent Preclean
[2492.719s][info][gc] GC(228) Concurrent Preclean 0.186ms
[2492.719s][info][gc] GC(228) Concurrent Abortable Preclean
[2492.719s][info][gc] GC(228) Concurrent Abortable Preclean 0.024ms
[2492.724s][info][gc] GC(228) Pause Remark 49M->49M(50M) 5.525ms
[2492.725s][info][gc] GC(228) Concurrent Sweep
[2492.728s][info][gc] GC(228) Concurrent Sweep 3.246ms
[2492.728s][info][gc] GC(228) Concurrent Reset
[2492.728s][info][gc] GC(228) Concurrent Reset 0.026ms
[2494.734s][info][gc] GC(229) Pause Initial Mark 49M->49M(50M) 1.329ms
[2494.734s][info][gc] GC(229) Concurrent Mark
[2494.746s][info][gc] GC(229) Concurrent Mark 11.956ms
[2494.746s][info][gc] GC(229) Concurrent Preclean
[2494.746s][info][gc] GC(229) Concurrent Preclean 0.150ms
[2494.746s][info][gc] GC(229) Concurrent Abortable Preclean
[2494.746s][info][gc] GC(229) Concurrent Abortable Preclean 0.014ms
[2494.752s][info][gc] GC(229) Pause Remark 49M->49M(50M) 5.493ms
[2494.752s][info][gc] GC(229) Concurrent Sweep
[2494.755s][info][gc] GC(229) Concurrent Sweep 3.221ms
[2494.755s][info][gc] GC(229) Concurrent Reset
[2494.755s][info][gc] GC(229) Concurrent Reset 0.027ms
[2496.761s][info][gc] GC(230) Pause Initial Mark 49M->49M(50M) 1.163ms
[2496.761s][info][gc] GC(230) Concurrent Mark
[2496.772s][info][gc] GC(230) Concurrent Mark 11.230ms
[2496.772s][info][gc] GC(230) Concurrent Preclean
[2496.772s][info][gc] GC(230) Concurrent Preclean 0.156ms
[2496.772s][info][gc] GC(230) Concurrent Abortable Preclean
[2496.772s][info][gc] GC(230) Concurrent Abortable Preclean 0.015ms
[2496.778s][info][gc] GC(230) Pause Remark 49M->49M(50M) 5.522ms
[2496.778s][info][gc] GC(230) Concurrent Sweep
[2496.781s][info][gc] GC(230) Concurrent Sweep 2.999ms
[2496.781s][info][gc] GC(230) Concurrent Reset
[2496.781s][info][gc] GC(230) Concurrent Reset 0.025ms
[2498.787s][info][gc] GC(231) Pause Initial Mark 49M->49M(50M) 1.359ms
[2498.787s][info][gc] GC(231) Concurrent Mark
[2498.799s][info][gc] GC(231) Concurrent Mark 12.026ms
[2498.799s][info][gc] GC(231) Concurrent Preclean
[2498.799s][info][gc] GC(231) Concurrent Preclean 0.158ms
[2498.799s][info][gc] GC(231) Concurrent Abortable Preclean
[2498.799s][info][gc] GC(231) Concurrent Abortable Preclean 0.015ms
[2498.805s][info][gc] GC(231) Pause Remark 49M->49M(50M) 5.556ms
[2498.805s][info][gc] GC(231) Concurrent Sweep
[2498.808s][info][gc] GC(231) Concurrent Sweep 3.311ms
[2498.808s][info][gc] GC(231) Concurrent Reset
[2498.808s][info][gc] GC(231) Concurrent Reset 0.027ms
[2500.809s][info][gc] GC(232) Pause Initial Mark 49M->49M(50M) 1.417ms
[2500.809s][info][gc] GC(232) Concurrent Mark
[2500.821s][info][gc] GC(232) Concurrent Mark 12.317ms
[2500.822s][info][gc] GC(232) Concurrent Preclean
[2500.822s][info][gc] GC(232) Concurrent Preclean 0.159ms
[2500.822s][info][gc] GC(232) Concurrent Abortable Preclean
[2500.822s][info][gc] GC(232) Concurrent Abortable Preclean 0.015ms
[2500.827s][info][gc] GC(232) Pause Remark 49M->49M(50M) 5.539ms
[2500.827s][info][gc] GC(232) Concurrent Sweep
[2500.831s][info][gc] GC(232) Concurrent Sweep 3.166ms
[2500.831s][info][gc] GC(232) Concurrent Reset
[2500.831s][info][gc] GC(232) Concurrent Reset 0.026ms
[2502.831s][info][gc] GC(233) Pause Initial Mark 49M->49M(50M) 1.121ms
[2502.831s][info][gc] GC(233) Concurrent Mark
[2502.844s][info][gc] GC(233) Concurrent Mark 12.501ms
[2502.844s][info][gc] GC(233) Concurrent Preclean
[2502.844s][info][gc] GC(233) Concurrent Preclean 0.142ms
[2502.844s][info][gc] GC(233) Concurrent Abortable Preclean
[2502.844s][info][gc] GC(233) Concurrent Abortable Preclean 0.014ms
[2502.850s][info][gc] GC(233) Pause Remark 49M->49M(50M) 5.544ms
[2502.850s][info][gc] GC(233) Concurrent Sweep
[2502.853s][info][gc] GC(233) Concurrent Sweep 3.065ms
[2502.853s][info][gc] GC(233) Concurrent Reset
[2502.853s][info][gc] GC(233) Concurrent Reset 0.025ms
[2504.856s][info][gc] GC(234) Pause Initial Mark 49M->49M(50M) 1.325ms
[2504.856s][info][gc] GC(234) Concurrent Mark
[2504.869s][info][gc] GC(234) Concurrent Mark 12.149ms
[2504.869s][info][gc] GC(234) Concurrent Preclean
[2504.869s][info][gc] GC(234) Concurrent Preclean 0.168ms
[2504.869s][info][gc] GC(234) Concurrent Abortable Preclean
[2504.869s][info][gc] GC(234) Concurrent Abortable Preclean 0.014ms
[2504.874s][info][gc] GC(234) Pause Remark 49M->49M(50M) 5.480ms
[2504.875s][info][gc] GC(234) Concurrent Sweep
[2504.878s][info][gc] GC(234) Concurrent Sweep 3.040ms
[2504.878s][info][gc] GC(234) Concurrent Reset
[2504.878s][info][gc] GC(234) Concurrent Reset 0.025ms
[2506.882s][info][gc] GC(235) Pause Initial Mark 49M->49M(50M) 1.318ms
[2506.882s][info][gc] GC(235) Concurrent Mark
[2506.894s][info][gc] GC(235) Concurrent Mark 12.080ms
[2506.894s][info][gc] GC(235) Concurrent Preclean
[2506.894s][info][gc] GC(235) Concurrent Preclean 0.154ms
[2506.894s][info][gc] GC(235) Concurrent Abortable Preclean
[2506.894s][info][gc] GC(235) Concurrent Abortable Preclean 0.015ms
[2506.900s][info][gc] GC(235) Pause Remark 49M->49M(50M) 5.774ms
[2506.900s][info][gc] GC(235) Concurrent Sweep
[2506.903s][info][gc] GC(235) Concurrent Sweep 3.096ms
[2506.903s][info][gc] GC(235) Concurrent Reset
[2506.903s][info][gc] GC(235) Concurrent Reset 0.025ms
[2508.906s][info][gc] GC(236) Pause Initial Mark 49M->49M(50M) 2.574ms
[2508.906s][info][gc] GC(236) Concurrent Mark
[2508.918s][info][gc] GC(236) Concurrent Mark 11.424ms
[2508.918s][info][gc] GC(236) Concurrent Preclean
[2508.918s][info][gc] GC(236) Concurrent Preclean 0.143ms
[2508.918s][info][gc] GC(236) Concurrent Abortable Preclean
[2508.918s][info][gc] GC(236) Concurrent Abortable Preclean 0.019ms
[2508.924s][info][gc] GC(236) Pause Remark 49M->49M(50M) 5.705ms
[2508.924s][info][gc] GC(236) Concurrent Sweep
[2508.927s][info][gc] GC(236) Concurrent Sweep 3.281ms
[2508.927s][info][gc] GC(236) Concurrent Reset
[2508.927s][info][gc] GC(236) Concurrent Reset 0.032ms
[2510.931s][info][gc] GC(237) Pause Initial Mark 49M->49M(50M) 2.072ms
[2510.931s][info][gc] GC(237) Concurrent Mark
[2510.942s][info][gc] GC(237) Concurrent Mark 11.800ms
[2510.943s][info][gc] GC(237) Concurrent Preclean
[2510.943s][info][gc] GC(237) Concurrent Preclean 0.154ms
[2510.943s][info][gc] GC(237) Concurrent Abortable Preclean
[2510.943s][info][gc] GC(237) Concurrent Abortable Preclean 0.019ms
[2510.948s][info][gc] GC(237) Pause Remark 49M->49M(50M) 5.492ms
[2510.949s][info][gc] GC(237) Concurrent Sweep
[2510.952s][info][gc] GC(237) Concurrent Sweep 3.256ms
[2510.952s][info][gc] GC(237) Concurrent Reset
[2510.952s][info][gc] GC(237) Concurrent Reset 0.031ms
[2512.955s][info][gc] GC(238) Pause Initial Mark 49M->49M(50M) 1.387ms
[2512.955s][info][gc] GC(238) Concurrent Mark
[2512.967s][info][gc] GC(238) Concurrent Mark 11.994ms
[2512.967s][info][gc] GC(238) Concurrent Preclean
[2512.968s][info][gc] GC(238) Concurrent Preclean 0.166ms
[2512.968s][info][gc] GC(238) Concurrent Abortable Preclean
[2512.968s][info][gc] GC(238) Concurrent Abortable Preclean 0.020ms
[2512.973s][info][gc] GC(238) Pause Remark 49M->49M(50M) 5.635ms
[2512.974s][info][gc] GC(238) Concurrent Sweep
[2512.977s][info][gc] GC(238) Concurrent Sweep 3.369ms
[2512.977s][info][gc] GC(238) Concurrent Reset
[2512.977s][info][gc] GC(238) Concurrent Reset 0.031ms
[2514.981s][info][gc] GC(239) Pause Initial Mark 49M->49M(50M) 1.392ms
[2514.981s][info][gc] GC(239) Concurrent Mark
[2514.993s][info][gc] GC(239) Concurrent Mark 11.823ms
[2514.993s][info][gc] GC(239) Concurrent Preclean
[2514.994s][info][gc] GC(239) Concurrent Preclean 0.151ms
[2514.994s][info][gc] GC(239) Concurrent Abortable Preclean
[2514.994s][info][gc] GC(239) Concurrent Abortable Preclean 0.019ms
[2514.999s][info][gc] GC(239) Pause Remark 49M->49M(50M) 5.638ms
[2514.999s][info][gc] GC(239) Concurrent Sweep
[2515.003s][info][gc] GC(239) Concurrent Sweep 3.279ms
[2515.003s][info][gc] GC(239) Concurrent Reset
[2515.003s][info][gc] GC(239) Concurrent Reset 0.033ms
[2517.008s][info][gc] GC(240) Pause Initial Mark 49M->49M(50M) 1.207ms
[2517.008s][info][gc] GC(240) Concurrent Mark
[2517.020s][info][gc] GC(240) Concurrent Mark 11.983ms
[2517.020s][info][gc] GC(240) Concurrent Preclean
[2517.020s][info][gc] GC(240) Concurrent Preclean 0.146ms
[2517.020s][info][gc] GC(240) Concurrent Abortable Preclean
[2517.020s][info][gc] GC(240) Concurrent Abortable Preclean 0.019ms
[2517.027s][info][gc] GC(240) Pause Remark 49M->49M(50M) 6.353ms
[2517.027s][info][gc] GC(240) Concurrent Sweep
[2517.030s][info][gc] GC(240) Concurrent Sweep 3.245ms
[2517.030s][info][gc] GC(240) Concurrent Reset
[2517.030s][info][gc] GC(240) Concurrent Reset 0.031ms
[2519.037s][info][gc] GC(241) Pause Initial Mark 49M->49M(50M) 1.495ms
[2519.037s][info][gc] GC(241) Concurrent Mark
[2519.049s][info][gc] GC(241) Concurrent Mark 11.940ms
[2519.049s][info][gc] GC(241) Concurrent Preclean
[2519.049s][info][gc] GC(241) Concurrent Preclean 0.162ms
[2519.049s][info][gc] GC(241) Concurrent Abortable Preclean
[2519.049s][info][gc] GC(241) Concurrent Abortable Preclean 0.020ms
[2519.055s][info][gc] GC(241) Pause Remark 49M->49M(50M) 5.574ms
[2519.055s][info][gc] GC(241) Concurrent Sweep
[2519.058s][info][gc] GC(241) Concurrent Sweep 3.000ms
[2519.058s][info][gc] GC(241) Concurrent Reset
[2519.058s][info][gc] GC(241) Concurrent Reset 0.029ms
[2521.060s][info][gc] GC(242) Pause Initial Mark 49M->49M(50M) 1.180ms
[2521.060s][info][gc] GC(242) Concurrent Mark
[2521.072s][info][gc] GC(242) Concurrent Mark 11.802ms
[2521.072s][info][gc] GC(242) Concurrent Preclean
[2521.072s][info][gc] GC(242) Concurrent Preclean 0.188ms
[2521.072s][info][gc] GC(242) Concurrent Abortable Preclean
[2521.072s][info][gc] GC(242) Concurrent Abortable Preclean 0.029ms
[2521.078s][info][gc] GC(242) Pause Remark 49M->49M(50M) 5.898ms
[2521.078s][info][gc] GC(242) Concurrent Sweep
[2521.082s][info][gc] GC(242) Concurrent Sweep 3.113ms
[2521.082s][info][gc] GC(242) Concurrent Reset
[2521.082s][info][gc] GC(242) Concurrent Reset 0.030ms
[2523.086s][info][gc] GC(243) Pause Initial Mark 49M->49M(50M) 0.903ms
[2523.086s][info][gc] GC(243) Concurrent Mark
[2523.095s][info][gc] GC(243) Concurrent Mark 9.165ms
[2523.095s][info][gc] GC(243) Concurrent Preclean
[2523.095s][info][gc] GC(243) Concurrent Preclean 0.132ms
[2523.095s][info][gc] GC(243) Concurrent Abortable Preclean
[2523.095s][info][gc] GC(243) Concurrent Abortable Preclean 0.016ms
[2523.101s][info][gc] GC(243) Pause Remark 49M->49M(50M) 5.225ms
[2523.101s][info][gc] GC(243) Concurrent Sweep
[2523.104s][info][gc] GC(243) Concurrent Sweep 3.043ms
[2523.104s][info][gc] GC(243) Concurrent Reset
[2523.104s][info][gc] GC(243) Concurrent Reset 0.030ms
[2525.108s][info][gc] GC(244) Pause Initial Mark 49M->49M(50M) 1.264ms
[2525.108s][info][gc] GC(244) Concurrent Mark
[2525.120s][info][gc] GC(244) Concurrent Mark 11.843ms
[2525.120s][info][gc] GC(244) Concurrent Preclean
[2525.120s][info][gc] GC(244) Concurrent Preclean 0.176ms
[2525.120s][info][gc] GC(244) Concurrent Abortable Preclean
[2525.120s][info][gc] GC(244) Concurrent Abortable Preclean 0.020ms
[2525.126s][info][gc] GC(244) Pause Remark 49M->49M(50M) 5.607ms
[2525.126s][info][gc] GC(244) Concurrent Sweep
[2525.129s][info][gc] GC(244) Concurrent Sweep 3.222ms
[2525.129s][info][gc] GC(244) Concurrent Reset
[2525.129s][info][gc] GC(244) Concurrent Reset 0.030ms
[2527.130s][info][gc] GC(245) Pause Initial Mark 49M->49M(50M) 0.810ms
[2527.130s][info][gc] GC(245) Concurrent Mark
[2527.141s][info][gc] GC(245) Concurrent Mark 10.375ms
[2527.141s][info][gc] GC(245) Concurrent Preclean
[2527.141s][info][gc] GC(245) Concurrent Preclean 0.203ms
[2527.141s][info][gc] GC(245) Concurrent Abortable Preclean
[2527.141s][info][gc] GC(245) Concurrent Abortable Preclean 0.030ms
[2527.151s][info][gc] GC(245) Pause Remark 49M->49M(50M) 10.193ms
[2527.152s][info][gc] GC(245) Concurrent Sweep
[2527.158s][info][gc] GC(245) Concurrent Sweep 6.309ms
[2527.158s][info][gc] GC(245) Concurrent Reset
[2527.158s][info][gc] GC(245) Concurrent Reset 0.057ms
