[0.012s][info][gc] Using Concurrent Mark Sweep
[0.234s][info][gc] GC(0) Pause Young (Allocation Failure) 8M->1M(29M) 4.212ms
[0.455s][info][gc] GC(1) Pause Young (Allocation Failure) 9M->2M(29M) 3.647ms
[0.589s][info][gc] GC(2) Pause Young (Allocation Failure) 10M->3M(29M) 4.493ms
[0.706s][info][gc] GC(3) Pause Young (Allocation Failure) 11M->4M(29M) 4.449ms
[0.808s][info][gc] GC(4) Pause Young (Allocation Failure) 12M->4M(29M) 1.563ms
[0.885s][info][gc] GC(5) Pause Young (Allocation Failure) 12M->4M(29M) 2.429ms
[0.934s][info][gc] GC(6) Pause Young (Allocation Failure) 12M->5M(29M) 1.510ms
[0.975s][info][gc] GC(7) Pause Young (Allocation Failure) 13M->4M(29M) 1.359ms
[1.047s][info][gc] GC(8) Pause Young (Allocation Failure) 12M->5M(29M) 0.971ms
[1.112s][info][gc] GC(9) Pause Young (Allocation Failure) 13M->5M(29M) 0.770ms
[1.182s][info][gc] GC(10) Pause Young (Allocation Failure) 13M->5M(29M) 1.343ms
[1.182s][info][gc] GC(11) Pause Initial Mark 5M->5M(29M) 0.422ms
[1.182s][info][gc] GC(11) Concurrent Mark
[1.189s][info][gc] GC(11) Concurrent Mark 6.576ms
[1.189s][info][gc] GC(11) Concurrent Preclean
[1.189s][info][gc] GC(11) Concurrent Preclean 0.206ms
[1.193s][info][gc] GC(11) Pause Remark 6M->6M(29M) 3.195ms
[1.193s][info][gc] GC(11) Concurrent Sweep
[1.195s][info][gc] GC(11) Concurrent Sweep 2.561ms
[1.195s][info][gc] GC(11) Concurrent Reset
[1.195s][info][gc] GC(11) Concurrent Reset 0.039ms
[1.236s][info][gc] GC(12) Pause Young (Allocation Failure) 13M->5M(29M) 1.215ms
[1.309s][info][gc] GC(13) Pause Young (Allocation Failure) 13M->5M(29M) 1.165ms
[1.407s][info][gc] GC(14) Pause Young (Allocation Failure) 13M->5M(29M) 2.432ms
[1.476s][info][gc] GC(15) Pause Young (Allocation Failure) 13M->5M(29M) 2.754ms
[1.571s][info][gc] GC(16) Pause Young (Allocation Failure) 13M->6M(29M) 1.654ms
[1.609s][info][gc] GC(17) Pause Young (Allocation Failure) 14M->7M(29M) 6.063ms
[1.714s][info][gc] GC(18) Pause Young (Allocation Failure) 15M->7M(29M) 3.020ms
[1.792s][info][gc] GC(19) Pause Young (Allocation Failure) 15M->7M(29M) 3.270ms
[1.885s][info][gc] GC(20) Pause Young (Allocation Failure) 15M->7M(29M) 1.405ms
[2.000s][info][gc] GC(21) Pause Young (Allocation Failure) 15M->8M(29M) 2.883ms
[2.105s][info][gc] GC(22) Pause Young (Allocation Failure) 16M->8M(29M) 2.703ms
[2.228s][info][gc] GC(23) Pause Young (Allocation Failure) 16M->8M(29M) 3.061ms
[2.350s][info][gc] GC(24) Pause Young (Allocation Failure) 16M->9M(29M) 3.771ms
[2.510s][info][gc] GC(25) Pause Young (Allocation Failure) 17M->10M(29M) 5.338ms
[2.590s][info][gc] GC(26) Pause Young (Allocation Failure) 18M->10M(29M) 3.448ms
[2.668s][info][gc] GC(27) Pause Young (Allocation Failure) 18M->10M(29M) 3.137ms
[2.752s][info][gc] GC(28) Pause Young (Allocation Failure) 18M->11M(29M) 1.956ms
[2.870s][info][gc] GC(29) Pause Young (Allocation Failure) 19M->11M(29M) 3.958ms
[3.060s][info][gc] GC(30) Pause Young (Allocation Failure) 19M->11M(29M) 2.060ms
[3.220s][info][gc] GC(31) Pause Young (Allocation Failure) 19M->12M(29M) 3.008ms
[3.304s][info][gc] GC(32) Pause Young (Allocation Failure) 20M->13M(29M) 2.058ms
[3.406s][info][gc] GC(33) Pause Young (Allocation Failure) 21M->13M(29M) 1.550ms
[3.407s][info][gc] GC(34) Pause Initial Mark 13M->13M(29M) 0.617ms
[3.407s][info][gc] GC(34) Concurrent Mark
[3.421s][info][gc] GC(34) Concurrent Mark 14.346ms
[3.421s][info][gc] GC(34) Concurrent Preclean
[3.421s][info][gc] GC(34) Concurrent Preclean 0.212ms
[3.427s][info][gc] GC(34) Pause Remark 13M->13M(29M) 5.061ms
[3.427s][info][gc] GC(34) Concurrent Sweep
[3.435s][info][gc] GC(34) Concurrent Sweep 8.187ms
[3.435s][info][gc] GC(34) Concurrent Reset
[3.435s][info][gc] GC(34) Concurrent Reset 0.030ms
[1598.908s][info][gc] GC(35) Pause Young (Allocation Failure) 18M->10M(29M) 10.701ms
[1598.997s][info][gc] GC(36) Pause Young (Allocation Failure) 18M->10M(29M) 2.951ms
[1599.159s][info][gc] GC(37) Pause Young (Allocation Failure) 18M->11M(29M) 2.292ms
[1602.769s][info][gc] GC(38) Pause Young (Allocation Failure) 18M->16M(29M) 4.732ms
[1602.770s][info][gc] GC(39) Pause Initial Mark 17M->17M(29M) 1.057ms
[1602.771s][info][gc] GC(39) Concurrent Mark
[1602.792s][info][gc] GC(39) Concurrent Mark 21.587ms
[1602.792s][info][gc] GC(39) Concurrent Preclean
[1602.792s][info][gc] GC(39) Concurrent Preclean 0.221ms
[1602.829s][info][gc] GC(39) Pause Remark 17M->17M(29M) 36.594ms
[1602.829s][info][gc] GC(39) Concurrent Sweep
[1602.838s][info][gc] GC(39) Concurrent Sweep 8.960ms
[1602.838s][info][gc] GC(39) Concurrent Reset
[1602.838s][info][gc] GC(39) Concurrent Reset 0.049ms
[1604.839s][info][gc] GC(40) Pause Initial Mark 21M->21M(29M) 0.389ms
[1604.839s][info][gc] GC(40) Concurrent Mark
[1604.851s][info][gc] GC(40) Concurrent Mark 11.649ms
[1604.851s][info][gc] GC(40) Concurrent Preclean
[1604.851s][info][gc] GC(40) Concurrent Preclean 0.700ms
[1604.851s][info][gc] GC(40) Concurrent Abortable Preclean
[1604.851s][info][gc] GC(40) Concurrent Abortable Preclean 0.010ms
[1604.857s][info][gc] GC(40) Pause Remark 21M->21M(29M) 5.649ms
[1604.857s][info][gc] GC(40) Concurrent Sweep
[1604.863s][info][gc] GC(40) Concurrent Sweep 5.518ms
[1604.863s][info][gc] GC(40) Concurrent Reset
[1604.863s][info][gc] GC(40) Concurrent Reset 0.091ms
[1605.125s][info][gc] GC(42) Pause Full (Allocation Failure) 22M->21M(29M) 40.530ms
[1605.125s][info][gc] GC(41) Pause Young (Allocation Failure) 22M->21M(29M) 40.632ms
[1605.126s][info][gc] GC(43) Pause Initial Mark 22M->22M(29M) 0.438ms
[1605.126s][info][gc] GC(43) Concurrent Mark
[1605.135s][info][gc] GC(43) Concurrent Mark 9.786ms
[1605.135s][info][gc] GC(43) Concurrent Preclean
[1605.144s][info][gc] GC(43) Concurrent Preclean 8.462ms
[1605.144s][info][gc] GC(43) Concurrent Abortable Preclean
[1605.144s][info][gc] GC(43) Concurrent Abortable Preclean 0.008ms
[1605.150s][info][gc] GC(43) Pause Remark 22M->22M(29M) 5.839ms
[1605.150s][info][gc] GC(43) Concurrent Sweep
[1605.153s][info][gc] GC(43) Concurrent Sweep 3.227ms
[1605.153s][info][gc] GC(43) Concurrent Reset
[1605.153s][info][gc] GC(43) Concurrent Reset 0.017ms
[1607.158s][info][gc] GC(44) Pause Initial Mark 26M->26M(29M) 0.633ms
[1607.158s][info][gc] GC(44) Concurrent Mark
[1607.169s][info][gc] GC(44) Concurrent Mark 11.440ms
[1607.169s][info][gc] GC(44) Concurrent Preclean
[1607.169s][info][gc] GC(44) Concurrent Preclean 0.197ms
[1607.169s][info][gc] GC(44) Concurrent Abortable Preclean
[1607.169s][info][gc] GC(44) Concurrent Abortable Preclean 0.011ms
[1607.176s][info][gc] GC(44) Pause Remark 26M->26M(29M) 6.725ms
[1607.176s][info][gc] GC(44) Concurrent Sweep
[1607.180s][info][gc] GC(44) Concurrent Sweep 3.398ms
[1607.180s][info][gc] GC(44) Concurrent Reset
[1607.180s][info][gc] GC(44) Concurrent Reset 0.018ms
[1607.475s][info][gc] GC(46) Pause Full (Allocation Failure) 26M->26M(29M) 37.084ms
[1607.475s][info][gc] GC(45) Pause Young (Allocation Failure) 26M->26M(29M) 37.191ms
[1607.511s][info][gc] GC(47) Pause Full (Allocation Failure) 26M->26M(29M) 35.261ms
[1607.511s][info][gc] GC(48) Pause Initial Mark 26M->26M(29M) 0.403ms
[1607.511s][info][gc] GC(48) Concurrent Mark
[1607.527s][info][gc] GC(48) Concurrent Mark 15.471ms
[1607.527s][info][gc] GC(48) Concurrent Preclean
[1607.540s][info][gc] GC(48) Concurrent Preclean 13.419ms
[1607.540s][info][gc] GC(48) Concurrent Abortable Preclean
[1607.540s][info][gc] GC(48) Concurrent Abortable Preclean 0.013ms
[1607.547s][info][gc] GC(48) Pause Remark 28M->28M(29M) 6.237ms
[1607.547s][info][gc] GC(48) Concurrent Sweep
[1607.553s][info][gc] GC(48) Concurrent Sweep 5.945ms
[1607.553s][info][gc] GC(48) Concurrent Reset
[1607.553s][info][gc] GC(48) Concurrent Reset 0.026ms
[1607.587s][info][gc] GC(50) Pause Full (Allocation Failure) 28M->26M(29M) 33.645ms
[1607.587s][info][gc] GC(49) Pause Young (Allocation Failure) 28M->26M(29M) 33.727ms
[1609.554s][info][gc] GC(51) Pause Initial Mark 27M->27M(29M) 1.228ms
[1609.554s][info][gc] GC(51) Concurrent Mark
[1609.567s][info][gc] GC(51) Concurrent Mark 12.333ms
[1609.567s][info][gc] GC(51) Concurrent Preclean
[1609.575s][info][gc] GC(51) Concurrent Preclean 8.169ms
[1609.575s][info][gc] GC(51) Concurrent Abortable Preclean
[1609.575s][info][gc] GC(51) Concurrent Abortable Preclean 0.008ms
[1609.580s][info][gc] GC(51) Pause Remark 27M->27M(29M) 5.438ms
[1609.581s][info][gc] GC(51) Concurrent Sweep
[1609.584s][info][gc] GC(51) Concurrent Sweep 3.071ms
[1609.584s][info][gc] GC(51) Concurrent Reset
[1609.584s][info][gc] GC(51) Concurrent Reset 0.016ms
[1611.587s][info][gc] GC(52) Pause Initial Mark 27M->27M(29M) 1.218ms
[1611.587s][info][gc] GC(52) Concurrent Mark
[1611.599s][info][gc] GC(52) Concurrent Mark 12.367ms
[1611.599s][info][gc] GC(52) Concurrent Preclean
[1611.599s][info][gc] GC(52) Concurrent Preclean 0.143ms
[1611.599s][info][gc] GC(52) Concurrent Abortable Preclean
[1611.600s][info][gc] GC(52) Concurrent Abortable Preclean 0.014ms
[1611.605s][info][gc] GC(52) Pause Remark 27M->27M(29M) 5.832ms
[1611.606s][info][gc] GC(52) Concurrent Sweep
[1611.609s][info][gc] GC(52) Concurrent Sweep 3.306ms
[1611.609s][info][gc] GC(52) Concurrent Reset
[1611.609s][info][gc] GC(52) Concurrent Reset 0.020ms
[1613.612s][info][gc] GC(53) Pause Initial Mark 27M->27M(29M) 0.842ms
[1613.612s][info][gc] GC(53) Concurrent Mark
[1613.623s][info][gc] GC(53) Concurrent Mark 10.570ms
[1613.623s][info][gc] GC(53) Concurrent Preclean
[1613.623s][info][gc] GC(53) Concurrent Preclean 0.125ms
[1613.623s][info][gc] GC(53) Concurrent Abortable Preclean
[1613.623s][info][gc] GC(53) Concurrent Abortable Preclean 0.013ms
[1613.629s][info][gc] GC(53) Pause Remark 27M->27M(29M) 5.827ms
[1613.629s][info][gc] GC(53) Concurrent Sweep
[1613.633s][info][gc] GC(53) Concurrent Sweep 3.633ms
[1613.633s][info][gc] GC(53) Concurrent Reset
[1613.633s][info][gc] GC(53) Concurrent Reset 0.047ms
[1615.638s][info][gc] GC(54) Pause Initial Mark 27M->27M(29M) 1.172ms
[1615.639s][info][gc] GC(54) Concurrent Mark
[1615.651s][info][gc] GC(54) Concurrent Mark 12.087ms
[1615.651s][info][gc] GC(54) Concurrent Preclean
[1615.651s][info][gc] GC(54) Concurrent Preclean 0.130ms
[1615.651s][info][gc] GC(54) Concurrent Abortable Preclean
[1615.651s][info][gc] GC(54) Concurrent Abortable Preclean 0.014ms
[1615.657s][info][gc] GC(54) Pause Remark 27M->27M(29M) 5.747ms
[1615.657s][info][gc] GC(54) Concurrent Sweep
[1615.660s][info][gc] GC(54) Concurrent Sweep 3.343ms
[1615.660s][info][gc] GC(54) Concurrent Reset
[1615.660s][info][gc] GC(54) Concurrent Reset 0.019ms
[1617.662s][info][gc] GC(55) Pause Initial Mark 27M->27M(29M) 1.181ms
[1617.662s][info][gc] GC(55) Concurrent Mark
[1617.675s][info][gc] GC(55) Concurrent Mark 12.275ms
[1617.675s][info][gc] GC(55) Concurrent Preclean
[1617.675s][info][gc] GC(55) Concurrent Preclean 0.134ms
[1617.675s][info][gc] GC(55) Concurrent Abortable Preclean
[1617.675s][info][gc] GC(55) Concurrent Abortable Preclean 0.015ms
[1617.681s][info][gc] GC(55) Pause Remark 27M->27M(29M) 5.812ms
[1617.681s][info][gc] GC(55) Concurrent Sweep
[1617.684s][info][gc] GC(55) Concurrent Sweep 3.328ms
[1617.684s][info][gc] GC(55) Concurrent Reset
[1617.684s][info][gc] GC(55) Concurrent Reset 0.020ms
[1619.686s][info][gc] GC(56) Pause Initial Mark 27M->27M(29M) 1.214ms
[1619.686s][info][gc] GC(56) Concurrent Mark
[1619.699s][info][gc] GC(56) Concurrent Mark 13.332ms
[1619.700s][info][gc] GC(56) Concurrent Preclean
[1619.700s][info][gc] GC(56) Concurrent Preclean 0.122ms
[1619.700s][info][gc] GC(56) Concurrent Abortable Preclean
[1619.700s][info][gc] GC(56) Concurrent Abortable Preclean 0.013ms
[1619.705s][info][gc] GC(56) Pause Remark 27M->27M(29M) 5.723ms
[1619.706s][info][gc] GC(56) Concurrent Sweep
[1619.710s][info][gc] GC(56) Concurrent Sweep 4.096ms
[1619.710s][info][gc] GC(56) Concurrent Reset
[1619.710s][info][gc] GC(56) Concurrent Reset 0.023ms
[1621.712s][info][gc] GC(57) Pause Initial Mark 27M->27M(29M) 1.215ms
[1621.712s][info][gc] GC(57) Concurrent Mark
[1621.725s][info][gc] GC(57) Concurrent Mark 12.647ms
[1621.725s][info][gc] GC(57) Concurrent Preclean
[1621.725s][info][gc] GC(57) Concurrent Preclean 0.120ms
[1621.725s][info][gc] GC(57) Concurrent Abortable Preclean
[1621.725s][info][gc] GC(57) Concurrent Abortable Preclean 0.013ms
[1621.731s][info][gc] GC(57) Pause Remark 27M->27M(29M) 5.674ms
[1621.731s][info][gc] GC(57) Concurrent Sweep
[1621.734s][info][gc] GC(57) Concurrent Sweep 3.510ms
[1621.734s][info][gc] GC(57) Concurrent Reset
[1621.734s][info][gc] GC(57) Concurrent Reset 0.018ms
[1623.736s][info][gc] GC(58) Pause Initial Mark 27M->27M(29M) 0.573ms
[1623.736s][info][gc] GC(58) Concurrent Mark
[1623.751s][info][gc] GC(58) Concurrent Mark 14.484ms
[1623.751s][info][gc] GC(58) Concurrent Preclean
[1623.751s][info][gc] GC(58) Concurrent Preclean 0.173ms
[1623.751s][info][gc] GC(58) Concurrent Abortable Preclean
[1623.751s][info][gc] GC(58) Concurrent Abortable Preclean 0.014ms
[1623.766s][info][gc] GC(58) Pause Remark 27M->27M(29M) 14.736ms
[1623.766s][info][gc] GC(58) Concurrent Sweep
[1623.770s][info][gc] GC(58) Concurrent Sweep 3.514ms
[1623.770s][info][gc] GC(58) Concurrent Reset
[1623.770s][info][gc] GC(58) Concurrent Reset 0.018ms
[1625.771s][info][gc] GC(59) Pause Initial Mark 27M->27M(29M) 1.055ms
[1625.771s][info][gc] GC(59) Concurrent Mark
[1625.783s][info][gc] GC(59) Concurrent Mark 12.052ms
[1625.784s][info][gc] GC(59) Concurrent Preclean
[1625.784s][info][gc] GC(59) Concurrent Preclean 0.135ms
[1625.784s][info][gc] GC(59) Concurrent Abortable Preclean
[1625.784s][info][gc] GC(59) Concurrent Abortable Preclean 0.011ms
[1625.790s][info][gc] GC(59) Pause Remark 27M->27M(29M) 5.930ms
[1625.790s][info][gc] GC(59) Concurrent Sweep
[1625.793s][info][gc] GC(59) Concurrent Sweep 3.289ms
[1625.793s][info][gc] GC(59) Concurrent Reset
[1625.793s][info][gc] GC(59) Concurrent Reset 0.016ms
[1627.795s][info][gc] GC(60) Pause Initial Mark 27M->27M(29M) 1.188ms
[1627.795s][info][gc] GC(60) Concurrent Mark
[1627.807s][info][gc] GC(60) Concurrent Mark 12.091ms
[1627.807s][info][gc] GC(60) Concurrent Preclean
[1627.808s][info][gc] GC(60) Concurrent Preclean 0.120ms
[1627.808s][info][gc] GC(60) Concurrent Abortable Preclean
[1627.808s][info][gc] GC(60) Concurrent Abortable Preclean 0.011ms
[1627.814s][info][gc] GC(60) Pause Remark 27M->27M(29M) 5.894ms
[1627.814s][info][gc] GC(60) Concurrent Sweep
[1627.817s][info][gc] GC(60) Concurrent Sweep 3.417ms
[1627.817s][info][gc] GC(60) Concurrent Reset
[1627.817s][info][gc] GC(60) Concurrent Reset 0.017ms
[1629.821s][info][gc] GC(61) Pause Initial Mark 27M->27M(29M) 1.179ms
[1629.821s][info][gc] GC(61) Concurrent Mark
[1629.833s][info][gc] GC(61) Concurrent Mark 12.183ms
[1629.833s][info][gc] GC(61) Concurrent Preclean
[1629.833s][info][gc] GC(61) Concurrent Preclean 0.119ms
[1629.833s][info][gc] GC(61) Concurrent Abortable Preclean
[1629.833s][info][gc] GC(61) Concurrent Abortable Preclean 0.011ms
[1629.839s][info][gc] GC(61) Pause Remark 27M->27M(29M) 5.694ms
[1629.839s][info][gc] GC(61) Concurrent Sweep
[1629.842s][info][gc] GC(61) Concurrent Sweep 3.377ms
[1629.842s][info][gc] GC(61) Concurrent Reset
[1629.842s][info][gc] GC(61) Concurrent Reset 0.019ms
[1631.843s][info][gc] GC(62) Pause Initial Mark 27M->27M(29M) 0.592ms
[1631.843s][info][gc] GC(62) Concurrent Mark
[1631.858s][info][gc] GC(62) Concurrent Mark 14.883ms
[1631.858s][info][gc] GC(62) Concurrent Preclean
[1631.858s][info][gc] GC(62) Concurrent Preclean 0.155ms
[1631.858s][info][gc] GC(62) Concurrent Abortable Preclean
[1631.858s][info][gc] GC(62) Concurrent Abortable Preclean 0.014ms
[1631.874s][info][gc] GC(62) Pause Remark 27M->27M(29M) 15.709ms
[1631.874s][info][gc] GC(62) Concurrent Sweep
[1631.878s][info][gc] GC(62) Concurrent Sweep 4.168ms
[1631.878s][info][gc] GC(62) Concurrent Reset
[1631.878s][info][gc] GC(62) Concurrent Reset 0.023ms
[1633.883s][info][gc] GC(63) Pause Initial Mark 27M->27M(29M) 1.137ms
[1633.883s][info][gc] GC(63) Concurrent Mark
[1633.895s][info][gc] GC(63) Concurrent Mark 11.675ms
[1633.895s][info][gc] GC(63) Concurrent Preclean
[1633.895s][info][gc] GC(63) Concurrent Preclean 0.122ms
[1633.895s][info][gc] GC(63) Concurrent Abortable Preclean
[1633.895s][info][gc] GC(63) Concurrent Abortable Preclean 0.010ms
[1633.901s][info][gc] GC(63) Pause Remark 27M->27M(29M) 6.013ms
[1633.901s][info][gc] GC(63) Concurrent Sweep
[1633.904s][info][gc] GC(63) Concurrent Sweep 3.088ms
[1633.904s][info][gc] GC(63) Concurrent Reset
[1633.904s][info][gc] GC(63) Concurrent Reset 0.033ms
[1635.907s][info][gc] GC(64) Pause Initial Mark 27M->27M(29M) 1.151ms
[1635.907s][info][gc] GC(64) Concurrent Mark
[1635.920s][info][gc] GC(64) Concurrent Mark 12.178ms
[1635.920s][info][gc] GC(64) Concurrent Preclean
[1635.920s][info][gc] GC(64) Concurrent Preclean 0.120ms
[1635.920s][info][gc] GC(64) Concurrent Abortable Preclean
[1635.920s][info][gc] GC(64) Concurrent Abortable Preclean 0.011ms
[1635.926s][info][gc] GC(64) Pause Remark 27M->27M(29M) 5.760ms
[1635.926s][info][gc] GC(64) Concurrent Sweep
[1635.929s][info][gc] GC(64) Concurrent Sweep 3.296ms
[1635.929s][info][gc] GC(64) Concurrent Reset
[1635.929s][info][gc] GC(64) Concurrent Reset 0.019ms
[1637.933s][info][gc] GC(65) Pause Initial Mark 27M->27M(29M) 1.255ms
[1637.933s][info][gc] GC(65) Concurrent Mark
[1637.945s][info][gc] GC(65) Concurrent Mark 12.291ms
[1637.945s][info][gc] GC(65) Concurrent Preclean
[1637.946s][info][gc] GC(65) Concurrent Preclean 0.117ms
[1637.946s][info][gc] GC(65) Concurrent Abortable Preclean
[1637.946s][info][gc] GC(65) Concurrent Abortable Preclean 0.011ms
[1637.952s][info][gc] GC(65) Pause Remark 27M->27M(29M) 6.043ms
[1637.952s][info][gc] GC(65) Concurrent Sweep
[1637.955s][info][gc] GC(65) Concurrent Sweep 3.307ms
[1637.955s][info][gc] GC(65) Concurrent Reset
[1637.955s][info][gc] GC(65) Concurrent Reset 0.017ms
[1639.959s][info][gc] GC(66) Pause Initial Mark 27M->27M(29M) 1.355ms
[1639.960s][info][gc] GC(66) Concurrent Mark
[1639.972s][info][gc] GC(66) Concurrent Mark 12.382ms
[1639.972s][info][gc] GC(66) Concurrent Preclean
[1639.972s][info][gc] GC(66) Concurrent Preclean 0.115ms
[1639.972s][info][gc] GC(66) Concurrent Abortable Preclean
[1639.972s][info][gc] GC(66) Concurrent Abortable Preclean 0.011ms
[1639.978s][info][gc] GC(66) Pause Remark 27M->27M(29M) 5.885ms
[1639.978s][info][gc] GC(66) Concurrent Sweep
[1639.982s][info][gc] GC(66) Concurrent Sweep 3.260ms
[1639.982s][info][gc] GC(66) Concurrent Reset
[1639.982s][info][gc] GC(66) Concurrent Reset 0.016ms
[1641.984s][info][gc] GC(67) Pause Initial Mark 27M->27M(29M) 1.144ms
[1641.984s][info][gc] GC(67) Concurrent Mark
[1641.996s][info][gc] GC(67) Concurrent Mark 12.202ms
[1641.996s][info][gc] GC(67) Concurrent Preclean
[1641.996s][info][gc] GC(67) Concurrent Preclean 0.133ms
[1641.996s][info][gc] GC(67) Concurrent Abortable Preclean
[1641.996s][info][gc] GC(67) Concurrent Abortable Preclean 0.015ms
[1642.002s][info][gc] GC(67) Pause Remark 27M->27M(29M) 5.752ms
[1642.002s][info][gc] GC(67) Concurrent Sweep
[1642.006s][info][gc] GC(67) Concurrent Sweep 3.317ms
[1642.006s][info][gc] GC(67) Concurrent Reset
[1642.006s][info][gc] GC(67) Concurrent Reset 0.020ms
[1644.007s][info][gc] GC(68) Pause Initial Mark 27M->27M(29M) 1.205ms
[1644.007s][info][gc] GC(68) Concurrent Mark
[1644.019s][info][gc] GC(68) Concurrent Mark 12.126ms
[1644.019s][info][gc] GC(68) Concurrent Preclean
[1644.019s][info][gc] GC(68) Concurrent Preclean 0.125ms
[1644.019s][info][gc] GC(68) Concurrent Abortable Preclean
[1644.019s][info][gc] GC(68) Concurrent Abortable Preclean 0.014ms
[1644.025s][info][gc] GC(68) Pause Remark 27M->27M(29M) 5.779ms
[1644.025s][info][gc] GC(68) Concurrent Sweep
[1644.029s][info][gc] GC(68) Concurrent Sweep 3.398ms
[1644.029s][info][gc] GC(68) Concurrent Reset
[1644.029s][info][gc] GC(68) Concurrent Reset 0.019ms
[1646.034s][info][gc] GC(69) Pause Initial Mark 27M->27M(29M) 1.191ms
[1646.034s][info][gc] GC(69) Concurrent Mark
[1646.046s][info][gc] GC(69) Concurrent Mark 12.246ms
[1646.047s][info][gc] GC(69) Concurrent Preclean
[1646.047s][info][gc] GC(69) Concurrent Preclean 0.137ms
[1646.047s][info][gc] GC(69) Concurrent Abortable Preclean
[1646.047s][info][gc] GC(69) Concurrent Abortable Preclean 0.015ms
[1646.053s][info][gc] GC(69) Pause Remark 27M->27M(29M) 5.915ms
[1646.053s][info][gc] GC(69) Concurrent Sweep
[1646.056s][info][gc] GC(69) Concurrent Sweep 3.241ms
[1646.056s][info][gc] GC(69) Concurrent Reset
[1646.056s][info][gc] GC(69) Concurrent Reset 0.020ms
[1648.057s][info][gc] GC(70) Pause Initial Mark 27M->27M(29M) 0.567ms
[1648.057s][info][gc] GC(70) Concurrent Mark
[1648.071s][info][gc] GC(70) Concurrent Mark 13.749ms
[1648.071s][info][gc] GC(70) Concurrent Preclean
[1648.071s][info][gc] GC(70) Concurrent Preclean 0.130ms
[1648.071s][info][gc] GC(70) Concurrent Abortable Preclean
[1648.071s][info][gc] GC(70) Concurrent Abortable Preclean 0.014ms
[1648.080s][info][gc] GC(70) Pause Remark 27M->27M(29M) 8.533ms
[1648.080s][info][gc] GC(70) Concurrent Sweep
[1648.084s][info][gc] GC(70) Concurrent Sweep 4.152ms
[1648.084s][info][gc] GC(70) Concurrent Reset
[1648.084s][info][gc] GC(70) Concurrent Reset 0.025ms
[1650.085s][info][gc] GC(71) Pause Initial Mark 27M->27M(29M) 1.051ms
[1650.085s][info][gc] GC(71) Concurrent Mark
[1650.098s][info][gc] GC(71) Concurrent Mark 12.527ms
[1650.098s][info][gc] GC(71) Concurrent Preclean
[1650.098s][info][gc] GC(71) Concurrent Preclean 0.120ms
[1650.098s][info][gc] GC(71) Concurrent Abortable Preclean
[1650.098s][info][gc] GC(71) Concurrent Abortable Preclean 0.011ms
[1650.106s][info][gc] GC(71) Pause Remark 27M->27M(29M) 7.544ms
[1650.106s][info][gc] GC(71) Concurrent Sweep
[1650.109s][info][gc] GC(71) Concurrent Sweep 3.343ms
[1650.109s][info][gc] GC(71) Concurrent Reset
[1650.109s][info][gc] GC(71) Concurrent Reset 0.016ms
[1652.113s][info][gc] GC(72) Pause Initial Mark 27M->27M(29M) 1.699ms
[1652.113s][info][gc] GC(72) Concurrent Mark
[1652.129s][info][gc] GC(72) Concurrent Mark 15.728ms
[1652.129s][info][gc] GC(72) Concurrent Preclean
[1652.130s][info][gc] GC(72) Concurrent Preclean 0.194ms
[1652.130s][info][gc] GC(72) Concurrent Abortable Preclean
[1652.130s][info][gc] GC(72) Concurrent Abortable Preclean 0.069ms
[1652.153s][info][gc] GC(72) Pause Remark 27M->27M(29M) 22.389ms
[1652.153s][info][gc] GC(72) Concurrent Sweep
[1652.158s][info][gc] GC(72) Concurrent Sweep 5.130ms
[1652.158s][info][gc] GC(72) Concurrent Reset
[1652.158s][info][gc] GC(72) Concurrent Reset 0.029ms
[1654.159s][info][gc] GC(73) Pause Initial Mark 27M->27M(29M) 1.035ms
[1654.159s][info][gc] GC(73) Concurrent Mark
[1654.175s][info][gc] GC(73) Concurrent Mark 16.042ms
[1654.175s][info][gc] GC(73) Concurrent Preclean
[1654.176s][info][gc] GC(73) Concurrent Preclean 0.132ms
[1654.176s][info][gc] GC(73) Concurrent Abortable Preclean
[1654.176s][info][gc] GC(73) Concurrent Abortable Preclean 0.011ms
[1654.185s][info][gc] GC(73) Pause Remark 27M->27M(29M) 9.206ms
[1654.185s][info][gc] GC(73) Concurrent Sweep
[1654.190s][info][gc] GC(73) Concurrent Sweep 4.532ms
[1654.190s][info][gc] GC(73) Concurrent Reset
[1654.190s][info][gc] GC(73) Concurrent Reset 0.068ms
[1656.191s][info][gc] GC(74) Pause Initial Mark 27M->27M(29M) 0.584ms
[1656.191s][info][gc] GC(74) Concurrent Mark
[1656.201s][info][gc] GC(74) Concurrent Mark 9.984ms
[1656.201s][info][gc] GC(74) Concurrent Preclean
[1656.201s][info][gc] GC(74) Concurrent Preclean 0.110ms
[1656.201s][info][gc] GC(74) Concurrent Abortable Preclean
[1656.201s][info][gc] GC(74) Concurrent Abortable Preclean 0.010ms
[1656.207s][info][gc] GC(74) Pause Remark 27M->27M(29M) 5.685ms
[1656.207s][info][gc] GC(74) Concurrent Sweep
[1656.211s][info][gc] GC(74) Concurrent Sweep 3.420ms
[1656.211s][info][gc] GC(74) Concurrent Reset
[1656.211s][info][gc] GC(74) Concurrent Reset 0.017ms
[1658.211s][info][gc] GC(75) Pause Initial Mark 27M->27M(29M) 0.904ms
[1658.211s][info][gc] GC(75) Concurrent Mark
[1658.223s][info][gc] GC(75) Concurrent Mark 11.972ms
[1658.224s][info][gc] GC(75) Concurrent Preclean
[1658.224s][info][gc] GC(75) Concurrent Preclean 0.118ms
[1658.224s][info][gc] GC(75) Concurrent Abortable Preclean
[1658.224s][info][gc] GC(75) Concurrent Abortable Preclean 0.011ms
[1658.232s][info][gc] GC(75) Pause Remark 27M->27M(29M) 8.350ms
[1658.232s][info][gc] GC(75) Concurrent Sweep
[1658.236s][info][gc] GC(75) Concurrent Sweep 3.412ms
[1658.236s][info][gc] GC(75) Concurrent Reset
[1658.236s][info][gc] GC(75) Concurrent Reset 0.018ms
[1660.241s][info][gc] GC(76) Pause Initial Mark 27M->27M(29M) 1.036ms
[1660.242s][info][gc] GC(76) Concurrent Mark
[1660.257s][info][gc] GC(76) Concurrent Mark 15.171ms
[1660.257s][info][gc] GC(76) Concurrent Preclean
[1660.257s][info][gc] GC(76) Concurrent Preclean 0.138ms
[1660.257s][info][gc] GC(76) Concurrent Abortable Preclean
[1660.257s][info][gc] GC(76) Concurrent Abortable Preclean 0.016ms
[1660.265s][info][gc] GC(76) Pause Remark 27M->27M(29M) 7.984ms
[1660.265s][info][gc] GC(76) Concurrent Sweep
[1660.269s][info][gc] GC(76) Concurrent Sweep 3.350ms
[1660.269s][info][gc] GC(76) Concurrent Reset
[1660.269s][info][gc] GC(76) Concurrent Reset 0.018ms
[1662.272s][info][gc] GC(77) Pause Initial Mark 27M->27M(29M) 0.944ms
[1662.272s][info][gc] GC(77) Concurrent Mark
[1662.284s][info][gc] GC(77) Concurrent Mark 12.535ms
[1662.284s][info][gc] GC(77) Concurrent Preclean
[1662.285s][info][gc] GC(77) Concurrent Preclean 0.117ms
[1662.285s][info][gc] GC(77) Concurrent Abortable Preclean
[1662.285s][info][gc] GC(77) Concurrent Abortable Preclean 0.011ms
[1662.297s][info][gc] GC(77) Pause Remark 27M->27M(29M) 12.609ms
[1662.298s][info][gc] GC(77) Concurrent Sweep
[1662.304s][info][gc] GC(77) Concurrent Sweep 5.845ms
[1662.304s][info][gc] GC(77) Concurrent Reset
[1662.304s][info][gc] GC(77) Concurrent Reset 0.020ms
[1664.305s][info][gc] GC(78) Pause Initial Mark 27M->27M(29M) 1.025ms
[1664.305s][info][gc] GC(78) Concurrent Mark
[1664.317s][info][gc] GC(78) Concurrent Mark 12.230ms
[1664.317s][info][gc] GC(78) Concurrent Preclean
[1664.317s][info][gc] GC(78) Concurrent Preclean 0.128ms
[1664.317s][info][gc] GC(78) Concurrent Abortable Preclean
[1664.317s][info][gc] GC(78) Concurrent Abortable Preclean 0.011ms
[1664.323s][info][gc] GC(78) Pause Remark 27M->27M(29M) 5.837ms
[1664.323s][info][gc] GC(78) Concurrent Sweep
[1664.326s][info][gc] GC(78) Concurrent Sweep 3.107ms
[1664.326s][info][gc] GC(78) Concurrent Reset
[1664.326s][info][gc] GC(78) Concurrent Reset 0.016ms
[1666.333s][info][gc] GC(79) Pause Initial Mark 27M->27M(29M) 1.188ms
[1666.333s][info][gc] GC(79) Concurrent Mark
[1666.345s][info][gc] GC(79) Concurrent Mark 12.116ms
[1666.345s][info][gc] GC(79) Concurrent Preclean
[1666.345s][info][gc] GC(79) Concurrent Preclean 0.111ms
[1666.345s][info][gc] GC(79) Concurrent Abortable Preclean
[1666.345s][info][gc] GC(79) Concurrent Abortable Preclean 0.011ms
[1666.351s][info][gc] GC(79) Pause Remark 27M->27M(29M) 5.759ms
[1666.351s][info][gc] GC(79) Concurrent Sweep
[1666.354s][info][gc] GC(79) Concurrent Sweep 3.386ms
[1666.354s][info][gc] GC(79) Concurrent Reset
[1666.355s][info][gc] GC(79) Concurrent Reset 0.019ms
[1668.357s][info][gc] GC(80) Pause Initial Mark 27M->27M(29M) 1.154ms
[1668.358s][info][gc] GC(80) Concurrent Mark
[1668.370s][info][gc] GC(80) Concurrent Mark 12.165ms
[1668.370s][info][gc] GC(80) Concurrent Preclean
[1668.370s][info][gc] GC(80) Concurrent Preclean 0.134ms
[1668.370s][info][gc] GC(80) Concurrent Abortable Preclean
[1668.370s][info][gc] GC(80) Concurrent Abortable Preclean 0.012ms
[1668.376s][info][gc] GC(80) Pause Remark 27M->27M(29M) 5.890ms
[1668.376s][info][gc] GC(80) Concurrent Sweep
[1668.379s][info][gc] GC(80) Concurrent Sweep 3.382ms
[1668.380s][info][gc] GC(80) Concurrent Reset
[1668.380s][info][gc] GC(80) Concurrent Reset 0.018ms
[1670.382s][info][gc] GC(81) Pause Initial Mark 27M->27M(29M) 1.754ms
[1670.383s][info][gc] GC(81) Concurrent Mark
[1670.394s][info][gc] GC(81) Concurrent Mark 11.555ms
[1670.394s][info][gc] GC(81) Concurrent Preclean
[1670.394s][info][gc] GC(81) Concurrent Preclean 0.109ms
[1670.394s][info][gc] GC(81) Concurrent Abortable Preclean
[1670.394s][info][gc] GC(81) Concurrent Abortable Preclean 0.010ms
[1670.400s][info][gc] GC(81) Pause Remark 27M->27M(29M) 5.440ms
[1670.400s][info][gc] GC(81) Concurrent Sweep
[1670.403s][info][gc] GC(81) Concurrent Sweep 3.295ms
[1670.403s][info][gc] GC(81) Concurrent Reset
[1670.403s][info][gc] GC(81) Concurrent Reset 0.017ms
[1672.405s][info][gc] GC(82) Pause Initial Mark 27M->27M(29M) 1.252ms
[1672.406s][info][gc] GC(82) Concurrent Mark
[1672.418s][info][gc] GC(82) Concurrent Mark 12.256ms
[1672.418s][info][gc] GC(82) Concurrent Preclean
[1672.418s][info][gc] GC(82) Concurrent Preclean 0.135ms
[1672.418s][info][gc] GC(82) Concurrent Abortable Preclean
[1672.418s][info][gc] GC(82) Concurrent Abortable Preclean 0.013ms
[1672.424s][info][gc] GC(82) Pause Remark 27M->27M(29M) 5.855ms
[1672.424s][info][gc] GC(82) Concurrent Sweep
[1672.427s][info][gc] GC(82) Concurrent Sweep 3.315ms
[1672.427s][info][gc] GC(82) Concurrent Reset
[1672.427s][info][gc] GC(82) Concurrent Reset 0.017ms
[1674.429s][info][gc] GC(83) Pause Initial Mark 27M->27M(29M) 1.696ms
[1674.429s][info][gc] GC(83) Concurrent Mark
[1674.454s][info][gc] GC(83) Concurrent Mark 24.617ms
[1674.454s][info][gc] GC(83) Concurrent Preclean
[1674.455s][info][gc] GC(83) Concurrent Preclean 0.678ms
[1674.455s][info][gc] GC(83) Concurrent Abortable Preclean
[1674.455s][info][gc] GC(83) Concurrent Abortable Preclean 0.040ms
[1674.496s][info][gc] GC(83) Pause Remark 27M->27M(29M) 35.279ms
[1674.496s][info][gc] GC(83) Concurrent Sweep
[1674.507s][info][gc] GC(83) Concurrent Sweep 10.071ms
[1674.507s][info][gc] GC(83) Concurrent Reset
[1674.507s][info][gc] GC(83) Concurrent Reset 0.027ms
[1676.509s][info][gc] GC(84) Pause Initial Mark 27M->27M(29M) 1.203ms
[1676.509s][info][gc] GC(84) Concurrent Mark
[1676.521s][info][gc] GC(84) Concurrent Mark 12.132ms
[1676.521s][info][gc] GC(84) Concurrent Preclean
[1676.521s][info][gc] GC(84) Concurrent Preclean 0.115ms
[1676.521s][info][gc] GC(84) Concurrent Abortable Preclean
[1676.521s][info][gc] GC(84) Concurrent Abortable Preclean 0.011ms
[1676.527s][info][gc] GC(84) Pause Remark 27M->27M(29M) 5.648ms
[1676.527s][info][gc] GC(84) Concurrent Sweep
[1676.530s][info][gc] GC(84) Concurrent Sweep 3.296ms
[1676.530s][info][gc] GC(84) Concurrent Reset
[1676.530s][info][gc] GC(84) Concurrent Reset 0.018ms
[1678.534s][info][gc] GC(85) Pause Initial Mark 27M->27M(29M) 2.703ms
[1678.534s][info][gc] GC(85) Concurrent Mark
[1678.551s][info][gc] GC(85) Concurrent Mark 17.047ms
[1678.551s][info][gc] GC(85) Concurrent Preclean
[1678.551s][info][gc] GC(85) Concurrent Preclean 0.162ms
[1678.551s][info][gc] GC(85) Concurrent Abortable Preclean
[1678.551s][info][gc] GC(85) Concurrent Abortable Preclean 0.015ms
[1678.569s][info][gc] GC(85) Pause Remark 27M->27M(29M) 13.369ms
[1678.569s][info][gc] GC(85) Concurrent Sweep
[1678.574s][info][gc] GC(85) Concurrent Sweep 4.821ms
[1678.574s][info][gc] GC(85) Concurrent Reset
[1678.574s][info][gc] GC(85) Concurrent Reset 0.102ms
[1680.580s][info][gc] GC(86) Pause Initial Mark 27M->27M(29M) 1.227ms
[1680.580s][info][gc] GC(86) Concurrent Mark
[1680.592s][info][gc] GC(86) Concurrent Mark 12.315ms
[1680.592s][info][gc] GC(86) Concurrent Preclean
[1680.592s][info][gc] GC(86) Concurrent Preclean 0.120ms
[1680.592s][info][gc] GC(86) Concurrent Abortable Preclean
[1680.592s][info][gc] GC(86) Concurrent Abortable Preclean 0.011ms
[1680.600s][info][gc] GC(86) Pause Remark 27M->27M(29M) 7.215ms
[1680.600s][info][gc] GC(86) Concurrent Sweep
[1680.605s][info][gc] GC(86) Concurrent Sweep 5.393ms
[1680.605s][info][gc] GC(86) Concurrent Reset
[1680.605s][info][gc] GC(86) Concurrent Reset 0.018ms
[1682.605s][info][gc] GC(87) Pause Initial Mark 27M->27M(29M) 0.701ms
[1682.605s][info][gc] GC(87) Concurrent Mark
[1682.618s][info][gc] GC(87) Concurrent Mark 12.053ms
[1682.618s][info][gc] GC(87) Concurrent Preclean
[1682.618s][info][gc] GC(87) Concurrent Preclean 0.134ms
[1682.618s][info][gc] GC(87) Concurrent Abortable Preclean
[1682.618s][info][gc] GC(87) Concurrent Abortable Preclean 0.014ms
[1682.627s][info][gc] GC(87) Pause Remark 27M->27M(29M) 8.937ms
[1682.627s][info][gc] GC(87) Concurrent Sweep
[1682.630s][info][gc] GC(87) Concurrent Sweep 3.444ms
[1682.630s][info][gc] GC(87) Concurrent Reset
[1682.630s][info][gc] GC(87) Concurrent Reset 0.036ms
[1684.633s][info][gc] GC(88) Pause Initial Mark 27M->27M(29M) 1.191ms
[1684.633s][info][gc] GC(88) Concurrent Mark
[1684.646s][info][gc] GC(88) Concurrent Mark 12.448ms
[1684.646s][info][gc] GC(88) Concurrent Preclean
[1684.646s][info][gc] GC(88) Concurrent Preclean 0.174ms
[1684.646s][info][gc] GC(88) Concurrent Abortable Preclean
[1684.646s][info][gc] GC(88) Concurrent Abortable Preclean 0.031ms
[1684.652s][info][gc] GC(88) Pause Remark 27M->27M(29M) 5.772ms
[1684.652s][info][gc] GC(88) Concurrent Sweep
[1684.655s][info][gc] GC(88) Concurrent Sweep 3.123ms
[1684.655s][info][gc] GC(88) Concurrent Reset
[1684.655s][info][gc] GC(88) Concurrent Reset 0.016ms
[1686.656s][info][gc] GC(89) Pause Initial Mark 27M->27M(29M) 1.259ms
[1686.656s][info][gc] GC(89) Concurrent Mark
[1686.669s][info][gc] GC(89) Concurrent Mark 12.199ms
[1686.669s][info][gc] GC(89) Concurrent Preclean
[1686.669s][info][gc] GC(89) Concurrent Preclean 0.116ms
[1686.669s][info][gc] GC(89) Concurrent Abortable Preclean
[1686.669s][info][gc] GC(89) Concurrent Abortable Preclean 0.010ms
[1686.675s][info][gc] GC(89) Pause Remark 27M->27M(29M) 5.768ms
[1686.675s][info][gc] GC(89) Concurrent Sweep
[1686.678s][info][gc] GC(89) Concurrent Sweep 3.268ms
[1686.678s][info][gc] GC(89) Concurrent Reset
[1686.678s][info][gc] GC(89) Concurrent Reset 0.016ms
[1688.682s][info][gc] GC(90) Pause Initial Mark 27M->27M(29M) 1.129ms
[1688.682s][info][gc] GC(90) Concurrent Mark
[1688.695s][info][gc] GC(90) Concurrent Mark 12.562ms
[1688.695s][info][gc] GC(90) Concurrent Preclean
[1688.695s][info][gc] GC(90) Concurrent Preclean 0.115ms
[1688.695s][info][gc] GC(90) Concurrent Abortable Preclean
[1688.695s][info][gc] GC(90) Concurrent Abortable Preclean 0.011ms
[1688.702s][info][gc] GC(90) Pause Remark 27M->27M(29M) 6.371ms
[1688.702s][info][gc] GC(90) Concurrent Sweep
[1688.705s][info][gc] GC(90) Concurrent Sweep 3.128ms
[1688.705s][info][gc] GC(90) Concurrent Reset
[1688.705s][info][gc] GC(90) Concurrent Reset 0.016ms
[1690.708s][info][gc] GC(91) Pause Initial Mark 27M->27M(29M) 1.484ms
[1690.708s][info][gc] GC(91) Concurrent Mark
[1690.721s][info][gc] GC(91) Concurrent Mark 12.277ms
[1690.721s][info][gc] GC(91) Concurrent Preclean
[1690.721s][info][gc] GC(91) Concurrent Preclean 0.174ms
[1690.721s][info][gc] GC(91) Concurrent Abortable Preclean
[1690.721s][info][gc] GC(91) Concurrent Abortable Preclean 0.010ms
[1690.731s][info][gc] GC(91) Pause Remark 27M->27M(29M) 9.576ms
[1690.731s][info][gc] GC(91) Concurrent Sweep
[1690.735s][info][gc] GC(91) Concurrent Sweep 4.145ms
[1690.735s][info][gc] GC(91) Concurrent Reset
[1690.735s][info][gc] GC(91) Concurrent Reset 0.102ms
[1692.742s][info][gc] GC(92) Pause Initial Mark 27M->27M(29M) 3.091ms
[1692.742s][info][gc] GC(92) Concurrent Mark
[1692.755s][info][gc] GC(92) Concurrent Mark 13.094ms
[1692.755s][info][gc] GC(92) Concurrent Preclean
[1692.755s][info][gc] GC(92) Concurrent Preclean 0.118ms
[1692.755s][info][gc] GC(92) Concurrent Abortable Preclean
[1692.755s][info][gc] GC(92) Concurrent Abortable Preclean 0.011ms
[1692.764s][info][gc] GC(92) Pause Remark 27M->27M(29M) 9.155ms
[1692.765s][info][gc] GC(92) Concurrent Sweep
[1692.768s][info][gc] GC(92) Concurrent Sweep 3.723ms
[1692.768s][info][gc] GC(92) Concurrent Reset
[1692.768s][info][gc] GC(92) Concurrent Reset 0.018ms
[1694.768s][info][gc] GC(93) Pause Initial Mark 27M->27M(29M) 0.685ms
[1694.769s][info][gc] GC(93) Concurrent Mark
[1694.782s][info][gc] GC(93) Concurrent Mark 13.818ms
[1694.782s][info][gc] GC(93) Concurrent Preclean
[1694.783s][info][gc] GC(93) Concurrent Preclean 0.137ms
[1694.783s][info][gc] GC(93) Concurrent Abortable Preclean
[1694.783s][info][gc] GC(93) Concurrent Abortable Preclean 0.010ms
[1694.791s][info][gc] GC(93) Pause Remark 27M->27M(29M) 8.166ms
[1694.791s][info][gc] GC(93) Concurrent Sweep
[1694.795s][info][gc] GC(93) Concurrent Sweep 4.012ms
[1694.795s][info][gc] GC(93) Concurrent Reset
[1694.795s][info][gc] GC(93) Concurrent Reset 0.069ms
[1696.798s][info][gc] GC(94) Pause Initial Mark 27M->27M(29M) 0.706ms
[1696.798s][info][gc] GC(94) Concurrent Mark
[1696.811s][info][gc] GC(94) Concurrent Mark 13.601ms
[1696.811s][info][gc] GC(94) Concurrent Preclean
[1696.811s][info][gc] GC(94) Concurrent Preclean 0.137ms
[1696.811s][info][gc] GC(94) Concurrent Abortable Preclean
[1696.811s][info][gc] GC(94) Concurrent Abortable Preclean 0.015ms
[1696.822s][info][gc] GC(94) Pause Remark 27M->27M(29M) 9.858ms
[1696.823s][info][gc] GC(94) Concurrent Sweep
[1696.828s][info][gc] GC(94) Concurrent Sweep 5.249ms
[1696.828s][info][gc] GC(94) Concurrent Reset
[1696.828s][info][gc] GC(94) Concurrent Reset 0.025ms
[1698.830s][info][gc] GC(95) Pause Initial Mark 27M->27M(29M) 0.705ms
[1698.830s][info][gc] GC(95) Concurrent Mark
[1698.841s][info][gc] GC(95) Concurrent Mark 11.595ms
[1698.841s][info][gc] GC(95) Concurrent Preclean
[1698.842s][info][gc] GC(95) Concurrent Preclean 0.181ms
[1698.842s][info][gc] GC(95) Concurrent Abortable Preclean
[1698.842s][info][gc] GC(95) Concurrent Abortable Preclean 0.013ms
[1698.848s][info][gc] GC(95) Pause Remark 27M->27M(29M) 6.391ms
[1698.848s][info][gc] GC(95) Concurrent Sweep
[1698.852s][info][gc] GC(95) Concurrent Sweep 3.273ms
[1698.852s][info][gc] GC(95) Concurrent Reset
[1698.852s][info][gc] GC(95) Concurrent Reset 0.018ms
[1700.853s][info][gc] GC(96) Pause Initial Mark 27M->27M(29M) 1.175ms
[1700.853s][info][gc] GC(96) Concurrent Mark
[1700.866s][info][gc] GC(96) Concurrent Mark 12.767ms
[1700.866s][info][gc] GC(96) Concurrent Preclean
[1700.866s][info][gc] GC(96) Concurrent Preclean 0.139ms
[1700.866s][info][gc] GC(96) Concurrent Abortable Preclean
[1700.866s][info][gc] GC(96) Concurrent Abortable Preclean 0.010ms
[1700.872s][info][gc] GC(96) Pause Remark 27M->27M(29M) 6.104ms
[1700.872s][info][gc] GC(96) Concurrent Sweep
[1700.875s][info][gc] GC(96) Concurrent Sweep 3.042ms
[1700.875s][info][gc] GC(96) Concurrent Reset
[1700.875s][info][gc] GC(96) Concurrent Reset 0.016ms
[1702.876s][info][gc] GC(97) Pause Initial Mark 27M->27M(29M) 0.869ms
[1702.876s][info][gc] GC(97) Concurrent Mark
[1702.889s][info][gc] GC(97) Concurrent Mark 13.075ms
[1702.889s][info][gc] GC(97) Concurrent Preclean
[1702.889s][info][gc] GC(97) Concurrent Preclean 0.131ms
[1702.889s][info][gc] GC(97) Concurrent Abortable Preclean
[1702.889s][info][gc] GC(97) Concurrent Abortable Preclean 0.012ms
[1702.895s][info][gc] GC(97) Pause Remark 27M->27M(29M) 5.770ms
[1702.895s][info][gc] GC(97) Concurrent Sweep
[1702.898s][info][gc] GC(97) Concurrent Sweep 3.235ms
[1702.898s][info][gc] GC(97) Concurrent Reset
[1702.898s][info][gc] GC(97) Concurrent Reset 0.020ms
[1704.902s][info][gc] GC(98) Pause Initial Mark 27M->27M(29M) 2.827ms
[1704.902s][info][gc] GC(98) Concurrent Mark
[1704.916s][info][gc] GC(98) Concurrent Mark 14.063ms
[1704.916s][info][gc] GC(98) Concurrent Preclean
[1704.917s][info][gc] GC(98) Concurrent Preclean 0.126ms
[1704.917s][info][gc] GC(98) Concurrent Abortable Preclean
[1704.917s][info][gc] GC(98) Concurrent Abortable Preclean 0.013ms
[1704.924s][info][gc] GC(98) Pause Remark 27M->27M(29M) 7.746ms
[1704.924s][info][gc] GC(98) Concurrent Sweep
[1704.928s][info][gc] GC(98) Concurrent Sweep 3.268ms
[1704.928s][info][gc] GC(98) Concurrent Reset
[1704.928s][info][gc] GC(98) Concurrent Reset 0.019ms
[1706.932s][info][gc] GC(99) Pause Initial Mark 27M->27M(29M) 0.771ms
[1706.932s][info][gc] GC(99) Concurrent Mark
[1706.943s][info][gc] GC(99) Concurrent Mark 11.000ms
[1706.943s][info][gc] GC(99) Concurrent Preclean
[1706.943s][info][gc] GC(99) Concurrent Preclean 0.116ms
[1706.943s][info][gc] GC(99) Concurrent Abortable Preclean
[1706.943s][info][gc] GC(99) Concurrent Abortable Preclean 0.012ms
[1706.948s][info][gc] GC(99) Pause Remark 27M->27M(29M) 5.155ms
[1706.948s][info][gc] GC(99) Concurrent Sweep
[1706.952s][info][gc] GC(99) Concurrent Sweep 3.633ms
[1706.952s][info][gc] GC(99) Concurrent Reset
[1706.952s][info][gc] GC(99) Concurrent Reset 0.021ms
[1708.954s][info][gc] GC(100) Pause Initial Mark 27M->27M(29M) 1.206ms
[1708.954s][info][gc] GC(100) Concurrent Mark
[1708.969s][info][gc] GC(100) Concurrent Mark 14.210ms
[1708.969s][info][gc] GC(100) Concurrent Preclean
[1708.969s][info][gc] GC(100) Concurrent Preclean 0.131ms
[1708.969s][info][gc] GC(100) Concurrent Abortable Preclean
[1708.969s][info][gc] GC(100) Concurrent Abortable Preclean 0.014ms
[1708.977s][info][gc] GC(100) Pause Remark 27M->27M(29M) 8.193ms
[1708.977s][info][gc] GC(100) Concurrent Sweep
[1708.981s][info][gc] GC(100) Concurrent Sweep 3.752ms
[1708.981s][info][gc] GC(100) Concurrent Reset
[1708.981s][info][gc] GC(100) Concurrent Reset 0.054ms
[1710.982s][info][gc] GC(101) Pause Initial Mark 27M->27M(29M) 0.881ms
[1710.982s][info][gc] GC(101) Concurrent Mark
[1710.994s][info][gc] GC(101) Concurrent Mark 12.135ms
[1710.994s][info][gc] GC(101) Concurrent Preclean
[1710.994s][info][gc] GC(101) Concurrent Preclean 0.112ms
[1710.994s][info][gc] GC(101) Concurrent Abortable Preclean
[1710.994s][info][gc] GC(101) Concurrent Abortable Preclean 0.010ms
[1710.999s][info][gc] GC(101) Pause Remark 27M->27M(29M) 5.252ms
[1710.999s][info][gc] GC(101) Concurrent Sweep
[1711.003s][info][gc] GC(101) Concurrent Sweep 3.086ms
[1711.003s][info][gc] GC(101) Concurrent Reset
[1711.003s][info][gc] GC(101) Concurrent Reset 0.016ms
[1713.004s][info][gc] GC(102) Pause Initial Mark 27M->27M(29M) 1.034ms
[1713.004s][info][gc] GC(102) Concurrent Mark
[1713.017s][info][gc] GC(102) Concurrent Mark 13.553ms
[1713.017s][info][gc] GC(102) Concurrent Preclean
[1713.017s][info][gc] GC(102) Concurrent Preclean 0.195ms
[1713.018s][info][gc] GC(102) Concurrent Abortable Preclean
[1713.018s][info][gc] GC(102) Concurrent Abortable Preclean 0.028ms
[1713.023s][info][gc] GC(102) Pause Remark 27M->27M(29M) 5.581ms
[1713.023s][info][gc] GC(102) Concurrent Sweep
[1713.027s][info][gc] GC(102) Concurrent Sweep 3.682ms
[1713.027s][info][gc] GC(102) Concurrent Reset
[1713.027s][info][gc] GC(102) Concurrent Reset 0.020ms
[1715.028s][info][gc] GC(103) Pause Initial Mark 27M->27M(29M) 1.208ms
[1715.028s][info][gc] GC(103) Concurrent Mark
[1715.042s][info][gc] GC(103) Concurrent Mark 13.547ms
[1715.042s][info][gc] GC(103) Concurrent Preclean
[1715.042s][info][gc] GC(103) Concurrent Preclean 0.160ms
[1715.042s][info][gc] GC(103) Concurrent Abortable Preclean
[1715.042s][info][gc] GC(103) Concurrent Abortable Preclean 0.012ms
[1715.049s][info][gc] GC(103) Pause Remark 27M->27M(29M) 6.802ms
[1715.049s][info][gc] GC(103) Concurrent Sweep
[1715.052s][info][gc] GC(103) Concurrent Sweep 3.218ms
[1715.052s][info][gc] GC(103) Concurrent Reset
[1715.052s][info][gc] GC(103) Concurrent Reset 0.016ms
[1717.056s][info][gc] GC(104) Pause Initial Mark 27M->27M(29M) 1.201ms
[1717.056s][info][gc] GC(104) Concurrent Mark
[1717.069s][info][gc] GC(104) Concurrent Mark 12.167ms
[1717.069s][info][gc] GC(104) Concurrent Preclean
[1717.069s][info][gc] GC(104) Concurrent Preclean 0.132ms
[1717.069s][info][gc] GC(104) Concurrent Abortable Preclean
[1717.069s][info][gc] GC(104) Concurrent Abortable Preclean 0.012ms
[1717.075s][info][gc] GC(104) Pause Remark 27M->27M(29M) 5.692ms
[1717.075s][info][gc] GC(104) Concurrent Sweep
[1717.078s][info][gc] GC(104) Concurrent Sweep 3.295ms
[1717.078s][info][gc] GC(104) Concurrent Reset
[1717.078s][info][gc] GC(104) Concurrent Reset 0.016ms
[1719.080s][info][gc] GC(105) Pause Initial Mark 27M->27M(29M) 1.209ms
[1719.080s][info][gc] GC(105) Concurrent Mark
[1719.093s][info][gc] GC(105) Concurrent Mark 12.899ms
[1719.093s][info][gc] GC(105) Concurrent Preclean
[1719.093s][info][gc] GC(105) Concurrent Preclean 0.118ms
[1719.093s][info][gc] GC(105) Concurrent Abortable Preclean
[1719.093s][info][gc] GC(105) Concurrent Abortable Preclean 0.011ms
[1719.099s][info][gc] GC(105) Pause Remark 27M->27M(29M) 5.729ms
[1719.099s][info][gc] GC(105) Concurrent Sweep
[1719.102s][info][gc] GC(105) Concurrent Sweep 3.315ms
[1719.102s][info][gc] GC(105) Concurrent Reset
[1719.102s][info][gc] GC(105) Concurrent Reset 0.017ms
[1721.106s][info][gc] GC(106) Pause Initial Mark 27M->27M(29M) 1.166ms
[1721.106s][info][gc] GC(106) Concurrent Mark
[1721.118s][info][gc] GC(106) Concurrent Mark 12.027ms
[1721.118s][info][gc] GC(106) Concurrent Preclean
[1721.118s][info][gc] GC(106) Concurrent Preclean 0.112ms
[1721.118s][info][gc] GC(106) Concurrent Abortable Preclean
[1721.118s][info][gc] GC(106) Concurrent Abortable Preclean 0.011ms
[1721.127s][info][gc] GC(106) Pause Remark 27M->27M(29M) 8.512ms
[1721.127s][info][gc] GC(106) Concurrent Sweep
[1721.131s][info][gc] GC(106) Concurrent Sweep 3.891ms
[1721.131s][info][gc] GC(106) Concurrent Reset
[1721.131s][info][gc] GC(106) Concurrent Reset 0.100ms
[1723.132s][info][gc] GC(107) Pause Initial Mark 27M->27M(29M) 1.228ms
[1723.132s][info][gc] GC(107) Concurrent Mark
[1723.144s][info][gc] GC(107) Concurrent Mark 12.101ms
[1723.144s][info][gc] GC(107) Concurrent Preclean
[1723.144s][info][gc] GC(107) Concurrent Preclean 0.119ms
[1723.144s][info][gc] GC(107) Concurrent Abortable Preclean
[1723.144s][info][gc] GC(107) Concurrent Abortable Preclean 0.011ms
[1723.150s][info][gc] GC(107) Pause Remark 27M->27M(29M) 6.018ms
[1723.150s][info][gc] GC(107) Concurrent Sweep
[1723.154s][info][gc] GC(107) Concurrent Sweep 3.453ms
[1723.154s][info][gc] GC(107) Concurrent Reset
[1723.154s][info][gc] GC(107) Concurrent Reset 0.019ms
[1725.155s][info][gc] GC(108) Pause Initial Mark 27M->27M(29M) 1.211ms
[1725.155s][info][gc] GC(108) Concurrent Mark
[1725.167s][info][gc] GC(108) Concurrent Mark 12.285ms
[1725.167s][info][gc] GC(108) Concurrent Preclean
[1725.168s][info][gc] GC(108) Concurrent Preclean 0.144ms
[1725.168s][info][gc] GC(108) Concurrent Abortable Preclean
[1725.168s][info][gc] GC(108) Concurrent Abortable Preclean 0.011ms
[1725.173s][info][gc] GC(108) Pause Remark 27M->27M(29M) 5.744ms
[1725.173s][info][gc] GC(108) Concurrent Sweep
[1725.177s][info][gc] GC(108) Concurrent Sweep 3.358ms
[1725.177s][info][gc] GC(108) Concurrent Reset
[1725.177s][info][gc] GC(108) Concurrent Reset 0.018ms
[1727.181s][info][gc] GC(109) Pause Initial Mark 27M->27M(29M) 1.236ms
[1727.181s][info][gc] GC(109) Concurrent Mark
[1727.193s][info][gc] GC(109) Concurrent Mark 12.321ms
[1727.193s][info][gc] GC(109) Concurrent Preclean
[1727.194s][info][gc] GC(109) Concurrent Preclean 0.133ms
[1727.194s][info][gc] GC(109) Concurrent Abortable Preclean
[1727.194s][info][gc] GC(109) Concurrent Abortable Preclean 0.012ms
[1727.199s][info][gc] GC(109) Pause Remark 27M->27M(29M) 5.778ms
[1727.200s][info][gc] GC(109) Concurrent Sweep
[1727.203s][info][gc] GC(109) Concurrent Sweep 3.323ms
[1727.203s][info][gc] GC(109) Concurrent Reset
[1727.203s][info][gc] GC(109) Concurrent Reset 0.018ms
[1729.205s][info][gc] GC(110) Pause Initial Mark 27M->27M(29M) 1.197ms
[1729.205s][info][gc] GC(110) Concurrent Mark
[1729.217s][info][gc] GC(110) Concurrent Mark 12.220ms
[1729.217s][info][gc] GC(110) Concurrent Preclean
[1729.217s][info][gc] GC(110) Concurrent Preclean 0.119ms
[1729.217s][info][gc] GC(110) Concurrent Abortable Preclean
[1729.217s][info][gc] GC(110) Concurrent Abortable Preclean 0.011ms
[1729.223s][info][gc] GC(110) Pause Remark 27M->27M(29M) 5.601ms
[1729.223s][info][gc] GC(110) Concurrent Sweep
[1729.226s][info][gc] GC(110) Concurrent Sweep 3.345ms
[1729.226s][info][gc] GC(110) Concurrent Reset
[1729.226s][info][gc] GC(110) Concurrent Reset 0.017ms
[1731.232s][info][gc] GC(111) Pause Initial Mark 27M->27M(29M) 1.187ms
[1731.232s][info][gc] GC(111) Concurrent Mark
[1731.244s][info][gc] GC(111) Concurrent Mark 12.254ms
[1731.244s][info][gc] GC(111) Concurrent Preclean
[1731.244s][info][gc] GC(111) Concurrent Preclean 0.116ms
[1731.244s][info][gc] GC(111) Concurrent Abortable Preclean
[1731.244s][info][gc] GC(111) Concurrent Abortable Preclean 0.011ms
[1731.250s][info][gc] GC(111) Pause Remark 27M->27M(29M) 5.661ms
[1731.250s][info][gc] GC(111) Concurrent Sweep
[1731.253s][info][gc] GC(111) Concurrent Sweep 3.376ms
[1731.253s][info][gc] GC(111) Concurrent Reset
[1731.253s][info][gc] GC(111) Concurrent Reset 0.018ms
[1733.255s][info][gc] GC(112) Pause Initial Mark 27M->27M(29M) 1.196ms
[1733.255s][info][gc] GC(112) Concurrent Mark
[1733.267s][info][gc] GC(112) Concurrent Mark 12.561ms
[1733.267s][info][gc] GC(112) Concurrent Preclean
[1733.268s][info][gc] GC(112) Concurrent Preclean 0.152ms
[1733.268s][info][gc] GC(112) Concurrent Abortable Preclean
[1733.268s][info][gc] GC(112) Concurrent Abortable Preclean 0.015ms
[1733.273s][info][gc] GC(112) Pause Remark 27M->27M(29M) 5.669ms
[1733.273s][info][gc] GC(112) Concurrent Sweep
[1733.277s][info][gc] GC(112) Concurrent Sweep 3.502ms
[1733.277s][info][gc] GC(112) Concurrent Reset
[1733.277s][info][gc] GC(112) Concurrent Reset 0.036ms
[1735.277s][info][gc] GC(113) Pause Initial Mark 27M->27M(29M) 0.983ms
[1735.277s][info][gc] GC(113) Concurrent Mark
[1735.290s][info][gc] GC(113) Concurrent Mark 12.594ms
[1735.290s][info][gc] GC(113) Concurrent Preclean
[1735.290s][info][gc] GC(113) Concurrent Preclean 0.126ms
[1735.290s][info][gc] GC(113) Concurrent Abortable Preclean
[1735.290s][info][gc] GC(113) Concurrent Abortable Preclean 0.011ms
[1735.296s][info][gc] GC(113) Pause Remark 27M->27M(29M) 5.727ms
[1735.296s][info][gc] GC(113) Concurrent Sweep
[1735.300s][info][gc] GC(113) Concurrent Sweep 3.430ms
[1735.300s][info][gc] GC(113) Concurrent Reset
[1735.300s][info][gc] GC(113) Concurrent Reset 0.024ms
[1737.300s][info][gc] GC(114) Pause Initial Mark 27M->27M(29M) 0.999ms
[1737.300s][info][gc] GC(114) Concurrent Mark
[1737.313s][info][gc] GC(114) Concurrent Mark 12.535ms
[1737.313s][info][gc] GC(114) Concurrent Preclean
[1737.313s][info][gc] GC(114) Concurrent Preclean 0.115ms
[1737.313s][info][gc] GC(114) Concurrent Abortable Preclean
[1737.313s][info][gc] GC(114) Concurrent Abortable Preclean 0.011ms
[1737.319s][info][gc] GC(114) Pause Remark 27M->27M(29M) 5.555ms
[1737.319s][info][gc] GC(114) Concurrent Sweep
[1737.322s][info][gc] GC(114) Concurrent Sweep 3.321ms
[1737.322s][info][gc] GC(114) Concurrent Reset
[1737.322s][info][gc] GC(114) Concurrent Reset 0.017ms
[1739.323s][info][gc] GC(115) Pause Initial Mark 27M->27M(29M) 1.177ms
[1739.323s][info][gc] GC(115) Concurrent Mark
[1739.335s][info][gc] GC(115) Concurrent Mark 12.138ms
[1739.335s][info][gc] GC(115) Concurrent Preclean
[1739.335s][info][gc] GC(115) Concurrent Preclean 0.129ms
[1739.335s][info][gc] GC(115) Concurrent Abortable Preclean
[1739.335s][info][gc] GC(115) Concurrent Abortable Preclean 0.012ms
[1739.341s][info][gc] GC(115) Pause Remark 27M->27M(29M) 5.686ms
[1739.341s][info][gc] GC(115) Concurrent Sweep
[1739.344s][info][gc] GC(115) Concurrent Sweep 3.317ms
[1739.344s][info][gc] GC(115) Concurrent Reset
[1739.344s][info][gc] GC(115) Concurrent Reset 0.016ms
[1741.346s][info][gc] GC(116) Pause Initial Mark 27M->27M(29M) 1.088ms
[1741.346s][info][gc] GC(116) Concurrent Mark
[1741.358s][info][gc] GC(116) Concurrent Mark 12.312ms
[1741.358s][info][gc] GC(116) Concurrent Preclean
[1741.359s][info][gc] GC(116) Concurrent Preclean 0.140ms
[1741.359s][info][gc] GC(116) Concurrent Abortable Preclean
[1741.359s][info][gc] GC(116) Concurrent Abortable Preclean 0.012ms
[1741.364s][info][gc] GC(116) Pause Remark 27M->27M(29M) 5.596ms
[1741.364s][info][gc] GC(116) Concurrent Sweep
[1741.368s][info][gc] GC(116) Concurrent Sweep 3.345ms
[1741.368s][info][gc] GC(116) Concurrent Reset
[1741.368s][info][gc] GC(116) Concurrent Reset 0.017ms
[1743.372s][info][gc] GC(117) Pause Initial Mark 27M->27M(29M) 0.992ms
[1743.372s][info][gc] GC(117) Concurrent Mark
[1743.385s][info][gc] GC(117) Concurrent Mark 13.081ms
[1743.386s][info][gc] GC(117) Concurrent Preclean
[1743.386s][info][gc] GC(117) Concurrent Preclean 0.152ms
[1743.386s][info][gc] GC(117) Concurrent Abortable Preclean
[1743.386s][info][gc] GC(117) Concurrent Abortable Preclean 0.016ms
[1743.392s][info][gc] GC(117) Pause Remark 27M->27M(29M) 6.406ms
[1743.392s][info][gc] GC(117) Concurrent Sweep
[1743.396s][info][gc] GC(117) Concurrent Sweep 3.261ms
[1743.396s][info][gc] GC(117) Concurrent Reset
[1743.396s][info][gc] GC(117) Concurrent Reset 0.018ms
[1745.399s][info][gc] GC(118) Pause Initial Mark 27M->27M(29M) 1.113ms
[1745.399s][info][gc] GC(118) Concurrent Mark
[1745.412s][info][gc] GC(118) Concurrent Mark 12.287ms
[1745.412s][info][gc] GC(118) Concurrent Preclean
[1745.412s][info][gc] GC(118) Concurrent Preclean 0.123ms
[1745.412s][info][gc] GC(118) Concurrent Abortable Preclean
[1745.412s][info][gc] GC(118) Concurrent Abortable Preclean 0.011ms
[1745.418s][info][gc] GC(118) Pause Remark 27M->27M(29M) 5.552ms
[1745.418s][info][gc] GC(118) Concurrent Sweep
[1745.421s][info][gc] GC(118) Concurrent Sweep 3.366ms
[1745.421s][info][gc] GC(118) Concurrent Reset
[1745.421s][info][gc] GC(118) Concurrent Reset 0.018ms
[1747.426s][info][gc] GC(119) Pause Initial Mark 27M->27M(29M) 1.253ms
[1747.427s][info][gc] GC(119) Concurrent Mark
[1747.439s][info][gc] GC(119) Concurrent Mark 12.187ms
[1747.439s][info][gc] GC(119) Concurrent Preclean
[1747.439s][info][gc] GC(119) Concurrent Preclean 0.130ms
[1747.439s][info][gc] GC(119) Concurrent Abortable Preclean
[1747.439s][info][gc] GC(119) Concurrent Abortable Preclean 0.012ms
[1747.445s][info][gc] GC(119) Pause Remark 27M->27M(29M) 5.845ms
[1747.445s][info][gc] GC(119) Concurrent Sweep
[1747.448s][info][gc] GC(119) Concurrent Sweep 3.358ms
[1747.448s][info][gc] GC(119) Concurrent Reset
[1747.448s][info][gc] GC(119) Concurrent Reset 0.017ms
[1749.452s][info][gc] GC(120) Pause Initial Mark 27M->27M(29M) 1.265ms
[1749.452s][info][gc] GC(120) Concurrent Mark
[1749.464s][info][gc] GC(120) Concurrent Mark 12.046ms
[1749.464s][info][gc] GC(120) Concurrent Preclean
[1749.464s][info][gc] GC(120) Concurrent Preclean 0.135ms
[1749.464s][info][gc] GC(120) Concurrent Abortable Preclean
[1749.464s][info][gc] GC(120) Concurrent Abortable Preclean 0.012ms
[1749.470s][info][gc] GC(120) Pause Remark 27M->27M(29M) 5.725ms
[1749.470s][info][gc] GC(120) Concurrent Sweep
[1749.474s][info][gc] GC(120) Concurrent Sweep 3.281ms
[1749.474s][info][gc] GC(120) Concurrent Reset
[1749.474s][info][gc] GC(120) Concurrent Reset 0.016ms
[1751.476s][info][gc] GC(121) Pause Initial Mark 27M->27M(29M) 1.223ms
[1751.476s][info][gc] GC(121) Concurrent Mark
[1751.488s][info][gc] GC(121) Concurrent Mark 12.222ms
[1751.488s][info][gc] GC(121) Concurrent Preclean
[1751.488s][info][gc] GC(121) Concurrent Preclean 0.130ms
[1751.488s][info][gc] GC(121) Concurrent Abortable Preclean
[1751.488s][info][gc] GC(121) Concurrent Abortable Preclean 0.012ms
[1751.494s][info][gc] GC(121) Pause Remark 27M->27M(29M) 5.665ms
[1751.494s][info][gc] GC(121) Concurrent Sweep
[1751.497s][info][gc] GC(121) Concurrent Sweep 3.090ms
[1751.497s][info][gc] GC(121) Concurrent Reset
[1751.497s][info][gc] GC(121) Concurrent Reset 0.016ms
[1753.499s][info][gc] GC(122) Pause Initial Mark 27M->27M(29M) 1.248ms
[1753.499s][info][gc] GC(122) Concurrent Mark
[1753.511s][info][gc] GC(122) Concurrent Mark 12.209ms
[1753.511s][info][gc] GC(122) Concurrent Preclean
[1753.511s][info][gc] GC(122) Concurrent Preclean 0.147ms
[1753.511s][info][gc] GC(122) Concurrent Abortable Preclean
[1753.511s][info][gc] GC(122) Concurrent Abortable Preclean 0.012ms
[1753.517s][info][gc] GC(122) Pause Remark 27M->27M(29M) 5.847ms
[1753.517s][info][gc] GC(122) Concurrent Sweep
[1753.521s][info][gc] GC(122) Concurrent Sweep 3.261ms
[1753.521s][info][gc] GC(122) Concurrent Reset
[1753.521s][info][gc] GC(122) Concurrent Reset 0.016ms
[1755.523s][info][gc] GC(123) Pause Initial Mark 27M->27M(29M) 1.186ms
[1755.523s][info][gc] GC(123) Concurrent Mark
[1755.535s][info][gc] GC(123) Concurrent Mark 12.235ms
[1755.535s][info][gc] GC(123) Concurrent Preclean
[1755.536s][info][gc] GC(123) Concurrent Preclean 0.136ms
[1755.536s][info][gc] GC(123) Concurrent Abortable Preclean
[1755.536s][info][gc] GC(123) Concurrent Abortable Preclean 0.012ms
[1755.541s][info][gc] GC(123) Pause Remark 27M->27M(29M) 5.594ms
[1755.541s][info][gc] GC(123) Concurrent Sweep
[1755.545s][info][gc] GC(123) Concurrent Sweep 3.122ms
[1755.545s][info][gc] GC(123) Concurrent Reset
[1755.545s][info][gc] GC(123) Concurrent Reset 0.016ms
[1757.549s][info][gc] GC(124) Pause Initial Mark 27M->27M(29M) 1.229ms
[1757.549s][info][gc] GC(124) Concurrent Mark
[1757.562s][info][gc] GC(124) Concurrent Mark 12.423ms
[1757.562s][info][gc] GC(124) Concurrent Preclean
[1757.562s][info][gc] GC(124) Concurrent Preclean 0.131ms
[1757.562s][info][gc] GC(124) Concurrent Abortable Preclean
[1757.562s][info][gc] GC(124) Concurrent Abortable Preclean 0.012ms
[1757.567s][info][gc] GC(124) Pause Remark 27M->27M(29M) 5.494ms
[1757.568s][info][gc] GC(124) Concurrent Sweep
[1757.571s][info][gc] GC(124) Concurrent Sweep 3.143ms
[1757.571s][info][gc] GC(124) Concurrent Reset
[1757.571s][info][gc] GC(124) Concurrent Reset 0.017ms
[1759.571s][info][gc] GC(125) Pause Initial Mark 27M->27M(29M) 0.551ms
[1759.571s][info][gc] GC(125) Concurrent Mark
[1759.582s][info][gc] GC(125) Concurrent Mark 10.933ms
[1759.582s][info][gc] GC(125) Concurrent Preclean
[1759.582s][info][gc] GC(125) Concurrent Preclean 0.112ms
[1759.582s][info][gc] GC(125) Concurrent Abortable Preclean
[1759.582s][info][gc] GC(125) Concurrent Abortable Preclean 0.010ms
[1759.588s][info][gc] GC(125) Pause Remark 27M->27M(29M) 5.358ms
[1759.588s][info][gc] GC(125) Concurrent Sweep
[1759.591s][info][gc] GC(125) Concurrent Sweep 3.173ms
[1759.591s][info][gc] GC(125) Concurrent Reset
[1759.591s][info][gc] GC(125) Concurrent Reset 0.017ms
[1761.593s][info][gc] GC(126) Pause Initial Mark 27M->27M(29M) 0.823ms
[1761.593s][info][gc] GC(126) Concurrent Mark
[1761.605s][info][gc] GC(126) Concurrent Mark 11.923ms
[1761.605s][info][gc] GC(126) Concurrent Preclean
[1761.605s][info][gc] GC(126) Concurrent Preclean 0.111ms
[1761.605s][info][gc] GC(126) Concurrent Abortable Preclean
[1761.605s][info][gc] GC(126) Concurrent Abortable Preclean 0.012ms
[1761.611s][info][gc] GC(126) Pause Remark 27M->27M(29M) 5.269ms
[1761.611s][info][gc] GC(126) Concurrent Sweep
[1761.614s][info][gc] GC(126) Concurrent Sweep 3.067ms
[1761.614s][info][gc] GC(126) Concurrent Reset
[1761.614s][info][gc] GC(126) Concurrent Reset 0.018ms
[1763.617s][info][gc] GC(127) Pause Initial Mark 27M->27M(29M) 1.440ms
[1763.617s][info][gc] GC(127) Concurrent Mark
[1763.631s][info][gc] GC(127) Concurrent Mark 14.013ms
[1763.631s][info][gc] GC(127) Concurrent Preclean
[1763.632s][info][gc] GC(127) Concurrent Preclean 0.129ms
[1763.632s][info][gc] GC(127) Concurrent Abortable Preclean
[1763.632s][info][gc] GC(127) Concurrent Abortable Preclean 0.014ms
[1763.640s][info][gc] GC(127) Pause Remark 27M->27M(29M) 8.124ms
[1763.640s][info][gc] GC(127) Concurrent Sweep
[1763.643s][info][gc] GC(127) Concurrent Sweep 3.274ms
[1763.643s][info][gc] GC(127) Concurrent Reset
[1763.643s][info][gc] GC(127) Concurrent Reset 0.020ms
[1765.644s][info][gc] GC(128) Pause Initial Mark 27M->27M(29M) 1.219ms
[1765.645s][info][gc] GC(128) Concurrent Mark
[1765.657s][info][gc] GC(128) Concurrent Mark 12.569ms
[1765.657s][info][gc] GC(128) Concurrent Preclean
[1765.657s][info][gc] GC(128) Concurrent Preclean 0.134ms
[1765.657s][info][gc] GC(128) Concurrent Abortable Preclean
[1765.657s][info][gc] GC(128) Concurrent Abortable Preclean 0.015ms
[1765.664s][info][gc] GC(128) Pause Remark 27M->27M(29M) 6.453ms
[1765.664s][info][gc] GC(128) Concurrent Sweep
[1765.667s][info][gc] GC(128) Concurrent Sweep 3.059ms
[1765.667s][info][gc] GC(128) Concurrent Reset
[1765.667s][info][gc] GC(128) Concurrent Reset 0.018ms
[1767.668s][info][gc] GC(129) Pause Initial Mark 27M->27M(29M) 0.716ms
[1767.668s][info][gc] GC(129) Concurrent Mark
[1767.679s][info][gc] GC(129) Concurrent Mark 11.393ms
[1767.680s][info][gc] GC(129) Concurrent Preclean
[1767.680s][info][gc] GC(129) Concurrent Preclean 0.125ms
[1767.680s][info][gc] GC(129) Concurrent Abortable Preclean
[1767.680s][info][gc] GC(129) Concurrent Abortable Preclean 0.013ms
[1767.685s][info][gc] GC(129) Pause Remark 27M->27M(29M) 5.480ms
[1767.685s][info][gc] GC(129) Concurrent Sweep
[1767.688s][info][gc] GC(129) Concurrent Sweep 3.073ms
[1767.688s][info][gc] GC(129) Concurrent Reset
[1767.688s][info][gc] GC(129) Concurrent Reset 0.018ms
[1769.689s][info][gc] GC(130) Pause Initial Mark 27M->27M(29M) 1.117ms
[1769.689s][info][gc] GC(130) Concurrent Mark
[1769.702s][info][gc] GC(130) Concurrent Mark 12.414ms
[1769.702s][info][gc] GC(130) Concurrent Preclean
[1769.702s][info][gc] GC(130) Concurrent Preclean 0.120ms
[1769.702s][info][gc] GC(130) Concurrent Abortable Preclean
[1769.702s][info][gc] GC(130) Concurrent Abortable Preclean 0.013ms
[1769.708s][info][gc] GC(130) Pause Remark 27M->27M(29M) 5.686ms
[1769.708s][info][gc] GC(130) Concurrent Sweep
[1769.711s][info][gc] GC(130) Concurrent Sweep 3.177ms
[1769.711s][info][gc] GC(130) Concurrent Reset
[1769.711s][info][gc] GC(130) Concurrent Reset 0.024ms
[1771.716s][info][gc] GC(131) Pause Initial Mark 27M->27M(29M) 1.193ms
[1771.717s][info][gc] GC(131) Concurrent Mark
[1771.729s][info][gc] GC(131) Concurrent Mark 12.335ms
[1771.729s][info][gc] GC(131) Concurrent Preclean
[1771.729s][info][gc] GC(131) Concurrent Preclean 0.116ms
[1771.729s][info][gc] GC(131) Concurrent Abortable Preclean
[1771.729s][info][gc] GC(131) Concurrent Abortable Preclean 0.011ms
[1771.736s][info][gc] GC(131) Pause Remark 27M->27M(29M) 6.509ms
[1771.736s][info][gc] GC(131) Concurrent Sweep
[1771.739s][info][gc] GC(131) Concurrent Sweep 3.359ms
[1771.739s][info][gc] GC(131) Concurrent Reset
[1771.739s][info][gc] GC(131) Concurrent Reset 0.018ms
[1773.740s][info][gc] GC(132) Pause Initial Mark 27M->27M(29M) 0.716ms
[1773.740s][info][gc] GC(132) Concurrent Mark
[1773.753s][info][gc] GC(132) Concurrent Mark 13.250ms
[1773.753s][info][gc] GC(132) Concurrent Preclean
[1773.753s][info][gc] GC(132) Concurrent Preclean 0.152ms
[1773.753s][info][gc] GC(132) Concurrent Abortable Preclean
[1773.753s][info][gc] GC(132) Concurrent Abortable Preclean 0.013ms
[1773.759s][info][gc] GC(132) Pause Remark 27M->27M(29M) 5.254ms
[1773.759s][info][gc] GC(132) Concurrent Sweep
[1773.762s][info][gc] GC(132) Concurrent Sweep 3.153ms
[1773.762s][info][gc] GC(132) Concurrent Reset
[1773.762s][info][gc] GC(132) Concurrent Reset 0.017ms
[1775.766s][info][gc] GC(133) Pause Initial Mark 27M->27M(29M) 3.456ms
[1775.767s][info][gc] GC(133) Concurrent Mark
[1775.802s][info][gc] GC(133) Concurrent Mark 34.532ms
[1775.802s][info][gc] GC(133) Concurrent Preclean
[1775.802s][info][gc] GC(133) Concurrent Preclean 0.444ms
[1775.802s][info][gc] GC(133) Concurrent Abortable Preclean
[1775.802s][info][gc] GC(133) Concurrent Abortable Preclean 0.020ms
[1775.811s][info][gc] GC(133) Pause Remark 27M->27M(29M) 8.823ms
[1775.811s][info][gc] GC(133) Concurrent Sweep
[1775.815s][info][gc] GC(133) Concurrent Sweep 4.176ms
[1775.816s][info][gc] GC(133) Concurrent Reset
[1775.816s][info][gc] GC(133) Concurrent Reset 0.025ms
[1777.817s][info][gc] GC(134) Pause Initial Mark 27M->27M(29M) 1.152ms
[1777.817s][info][gc] GC(134) Concurrent Mark
[1777.831s][info][gc] GC(134) Concurrent Mark 13.300ms
[1777.831s][info][gc] GC(134) Concurrent Preclean
[1777.831s][info][gc] GC(134) Concurrent Preclean 0.180ms
[1777.831s][info][gc] GC(134) Concurrent Abortable Preclean
[1777.831s][info][gc] GC(134) Concurrent Abortable Preclean 0.041ms
[1777.837s][info][gc] GC(134) Pause Remark 27M->27M(29M) 5.790ms
[1777.837s][info][gc] GC(134) Concurrent Sweep
[1777.840s][info][gc] GC(134) Concurrent Sweep 3.362ms
[1777.840s][info][gc] GC(134) Concurrent Reset
[1777.840s][info][gc] GC(134) Concurrent Reset 0.018ms
[1779.845s][info][gc] GC(135) Pause Initial Mark 27M->27M(29M) 1.135ms
[1779.845s][info][gc] GC(135) Concurrent Mark
[1779.857s][info][gc] GC(135) Concurrent Mark 12.023ms
[1779.857s][info][gc] GC(135) Concurrent Preclean
[1779.857s][info][gc] GC(135) Concurrent Preclean 0.134ms
[1779.857s][info][gc] GC(135) Concurrent Abortable Preclean
[1779.857s][info][gc] GC(135) Concurrent Abortable Preclean 0.012ms
[1779.863s][info][gc] GC(135) Pause Remark 27M->27M(29M) 5.716ms
[1779.863s][info][gc] GC(135) Concurrent Sweep
[1779.866s][info][gc] GC(135) Concurrent Sweep 3.261ms
[1779.866s][info][gc] GC(135) Concurrent Reset
[1779.866s][info][gc] GC(135) Concurrent Reset 0.017ms
[1781.872s][info][gc] GC(136) Pause Initial Mark 27M->27M(29M) 1.224ms
[1781.872s][info][gc] GC(136) Concurrent Mark
[1781.884s][info][gc] GC(136) Concurrent Mark 12.143ms
[1781.884s][info][gc] GC(136) Concurrent Preclean
[1781.884s][info][gc] GC(136) Concurrent Preclean 0.115ms
[1781.884s][info][gc] GC(136) Concurrent Abortable Preclean
[1781.884s][info][gc] GC(136) Concurrent Abortable Preclean 0.011ms
[1781.890s][info][gc] GC(136) Pause Remark 27M->27M(29M) 5.452ms
[1781.890s][info][gc] GC(136) Concurrent Sweep
[1781.893s][info][gc] GC(136) Concurrent Sweep 3.295ms
[1781.893s][info][gc] GC(136) Concurrent Reset
[1781.893s][info][gc] GC(136) Concurrent Reset 0.017ms
[1783.899s][info][gc] GC(137) Pause Initial Mark 27M->27M(29M) 1.183ms
[1783.899s][info][gc] GC(137) Concurrent Mark
[1783.911s][info][gc] GC(137) Concurrent Mark 12.118ms
[1783.911s][info][gc] GC(137) Concurrent Preclean
[1783.911s][info][gc] GC(137) Concurrent Preclean 0.136ms
[1783.911s][info][gc] GC(137) Concurrent Abortable Preclean
[1783.911s][info][gc] GC(137) Concurrent Abortable Preclean 0.012ms
[1783.917s][info][gc] GC(137) Pause Remark 27M->27M(29M) 5.662ms
[1783.917s][info][gc] GC(137) Concurrent Sweep
[1783.920s][info][gc] GC(137) Concurrent Sweep 3.173ms
[1783.920s][info][gc] GC(137) Concurrent Reset
[1783.921s][info][gc] GC(137) Concurrent Reset 0.016ms
[1785.925s][info][gc] GC(138) Pause Initial Mark 27M->27M(29M) 1.280ms
[1785.925s][info][gc] GC(138) Concurrent Mark
[1785.939s][info][gc] GC(138) Concurrent Mark 14.257ms
[1785.939s][info][gc] GC(138) Concurrent Preclean
[1785.939s][info][gc] GC(138) Concurrent Preclean 0.140ms
[1785.939s][info][gc] GC(138) Concurrent Abortable Preclean
[1785.939s][info][gc] GC(138) Concurrent Abortable Preclean 0.015ms
[1785.948s][info][gc] GC(138) Pause Remark 27M->27M(29M) 8.563ms
[1785.948s][info][gc] GC(138) Concurrent Sweep
[1785.952s][info][gc] GC(138) Concurrent Sweep 4.078ms
[1785.952s][info][gc] GC(138) Concurrent Reset
[1785.952s][info][gc] GC(138) Concurrent Reset 0.025ms
[1787.954s][info][gc] GC(139) Pause Initial Mark 27M->27M(29M) 1.273ms
[1787.954s][info][gc] GC(139) Concurrent Mark
[1787.966s][info][gc] GC(139) Concurrent Mark 12.070ms
[1787.966s][info][gc] GC(139) Concurrent Preclean
[1787.966s][info][gc] GC(139) Concurrent Preclean 0.114ms
[1787.966s][info][gc] GC(139) Concurrent Abortable Preclean
[1787.966s][info][gc] GC(139) Concurrent Abortable Preclean 0.011ms
[1787.972s][info][gc] GC(139) Pause Remark 27M->27M(29M) 5.560ms
[1787.972s][info][gc] GC(139) Concurrent Sweep
[1787.975s][info][gc] GC(139) Concurrent Sweep 3.108ms
[1787.975s][info][gc] GC(139) Concurrent Reset
[1787.975s][info][gc] GC(139) Concurrent Reset 0.016ms
[1789.978s][info][gc] GC(140) Pause Initial Mark 27M->27M(29M) 0.941ms
[1789.978s][info][gc] GC(140) Concurrent Mark
[1789.991s][info][gc] GC(140) Concurrent Mark 12.847ms
[1789.992s][info][gc] GC(140) Concurrent Preclean
[1789.992s][info][gc] GC(140) Concurrent Preclean 0.252ms
[1789.992s][info][gc] GC(140) Concurrent Abortable Preclean
[1789.992s][info][gc] GC(140) Concurrent Abortable Preclean 0.018ms
[1789.998s][info][gc] GC(140) Pause Remark 27M->27M(29M) 5.665ms
[1789.998s][info][gc] GC(140) Concurrent Sweep
[1790.001s][info][gc] GC(140) Concurrent Sweep 3.361ms
[1790.001s][info][gc] GC(140) Concurrent Reset
[1790.001s][info][gc] GC(140) Concurrent Reset 0.017ms
[1792.003s][info][gc] GC(141) Pause Initial Mark 27M->27M(29M) 0.593ms
[1792.003s][info][gc] GC(141) Concurrent Mark
[1792.019s][info][gc] GC(141) Concurrent Mark 16.448ms
[1792.019s][info][gc] GC(141) Concurrent Preclean
[1792.020s][info][gc] GC(141) Concurrent Preclean 0.147ms
[1792.020s][info][gc] GC(141) Concurrent Abortable Preclean
[1792.020s][info][gc] GC(141) Concurrent Abortable Preclean 0.017ms
[1792.039s][info][gc] GC(141) Pause Remark 27M->27M(29M) 19.465ms
[1792.039s][info][gc] GC(141) Concurrent Sweep
[1792.044s][info][gc] GC(141) Concurrent Sweep 4.185ms
[1792.044s][info][gc] GC(141) Concurrent Reset
[1792.044s][info][gc] GC(141) Concurrent Reset 0.028ms
[1794.047s][info][gc] GC(142) Pause Initial Mark 27M->27M(29M) 0.572ms
[1794.047s][info][gc] GC(142) Concurrent Mark
[1794.062s][info][gc] GC(142) Concurrent Mark 14.621ms
[1794.062s][info][gc] GC(142) Concurrent Preclean
[1794.062s][info][gc] GC(142) Concurrent Preclean 0.154ms
[1794.062s][info][gc] GC(142) Concurrent Abortable Preclean
[1794.062s][info][gc] GC(142) Concurrent Abortable Preclean 0.017ms
[1794.074s][info][gc] GC(142) Pause Remark 27M->27M(29M) 11.284ms
[1794.074s][info][gc] GC(142) Concurrent Sweep
[1794.079s][info][gc] GC(142) Concurrent Sweep 4.608ms
[1794.079s][info][gc] GC(142) Concurrent Reset
[1794.079s][info][gc] GC(142) Concurrent Reset 0.025ms
[1796.083s][info][gc] GC(143) Pause Initial Mark 27M->27M(29M) 1.357ms
[1796.083s][info][gc] GC(143) Concurrent Mark
[1796.097s][info][gc] GC(143) Concurrent Mark 13.804ms
[1796.097s][info][gc] GC(143) Concurrent Preclean
[1796.097s][info][gc] GC(143) Concurrent Preclean 0.141ms
[1796.097s][info][gc] GC(143) Concurrent Abortable Preclean
[1796.097s][info][gc] GC(143) Concurrent Abortable Preclean 0.018ms
[1796.106s][info][gc] GC(143) Pause Remark 27M->27M(29M) 8.567ms
[1796.106s][info][gc] GC(143) Concurrent Sweep
[1796.110s][info][gc] GC(143) Concurrent Sweep 4.006ms
[1796.110s][info][gc] GC(143) Concurrent Reset
[1796.110s][info][gc] GC(143) Concurrent Reset 0.028ms
[1798.111s][info][gc] GC(144) Pause Initial Mark 27M->27M(29M) 1.235ms
[1798.112s][info][gc] GC(144) Concurrent Mark
[1798.124s][info][gc] GC(144) Concurrent Mark 12.120ms
[1798.124s][info][gc] GC(144) Concurrent Preclean
[1798.124s][info][gc] GC(144) Concurrent Preclean 0.130ms
[1798.124s][info][gc] GC(144) Concurrent Abortable Preclean
[1798.124s][info][gc] GC(144) Concurrent Abortable Preclean 0.014ms
[1798.130s][info][gc] GC(144) Pause Remark 27M->27M(29M) 5.536ms
[1798.130s][info][gc] GC(144) Concurrent Sweep
[1798.133s][info][gc] GC(144) Concurrent Sweep 3.311ms
[1798.133s][info][gc] GC(144) Concurrent Reset
[1798.133s][info][gc] GC(144) Concurrent Reset 0.019ms
[1800.137s][info][gc] GC(145) Pause Initial Mark 27M->27M(29M) 0.665ms
[1800.137s][info][gc] GC(145) Concurrent Mark
[1800.166s][info][gc] GC(145) Concurrent Mark 28.840ms
[1800.166s][info][gc] GC(145) Concurrent Preclean
[1800.167s][info][gc] GC(145) Concurrent Preclean 0.582ms
[1800.167s][info][gc] GC(145) Concurrent Abortable Preclean
[1800.167s][info][gc] GC(145) Concurrent Abortable Preclean 0.092ms
[1800.182s][info][gc] GC(145) Pause Remark 27M->27M(29M) 14.018ms
[1800.182s][info][gc] GC(145) Concurrent Sweep
[1800.185s][info][gc] GC(145) Concurrent Sweep 3.590ms
[1800.185s][info][gc] GC(145) Concurrent Reset
[1800.185s][info][gc] GC(145) Concurrent Reset 0.022ms
[1802.186s][info][gc] GC(146) Pause Initial Mark 27M->27M(29M) 1.027ms
[1802.186s][info][gc] GC(146) Concurrent Mark
[1802.206s][info][gc] GC(146) Concurrent Mark 19.902ms
[1802.206s][info][gc] GC(146) Concurrent Preclean
[1802.206s][info][gc] GC(146) Concurrent Preclean 0.161ms
[1802.206s][info][gc] GC(146) Concurrent Abortable Preclean
[1802.206s][info][gc] GC(146) Concurrent Abortable Preclean 0.018ms
[1802.232s][info][gc] GC(146) Pause Remark 27M->27M(29M) 25.327ms
[1802.232s][info][gc] GC(146) Concurrent Sweep
[1802.236s][info][gc] GC(146) Concurrent Sweep 3.666ms
[1802.236s][info][gc] GC(146) Concurrent Reset
[1802.236s][info][gc] GC(146) Concurrent Reset 0.020ms
[1804.237s][info][gc] GC(147) Pause Initial Mark 27M->27M(29M) 0.569ms
[1804.237s][info][gc] GC(147) Concurrent Mark
[1804.251s][info][gc] GC(147) Concurrent Mark 14.124ms
[1804.251s][info][gc] GC(147) Concurrent Preclean
[1804.251s][info][gc] GC(147) Concurrent Preclean 0.158ms
[1804.251s][info][gc] GC(147) Concurrent Abortable Preclean
[1804.251s][info][gc] GC(147) Concurrent Abortable Preclean 0.018ms
[1804.260s][info][gc] GC(147) Pause Remark 27M->27M(29M) 8.502ms
[1804.260s][info][gc] GC(147) Concurrent Sweep
[1804.264s][info][gc] GC(147) Concurrent Sweep 4.186ms
[1804.264s][info][gc] GC(147) Concurrent Reset
[1804.264s][info][gc] GC(147) Concurrent Reset 0.027ms
[1806.267s][info][gc] GC(148) Pause Initial Mark 27M->27M(29M) 0.664ms
[1806.267s][info][gc] GC(148) Concurrent Mark
[1806.286s][info][gc] GC(148) Concurrent Mark 18.481ms
[1806.286s][info][gc] GC(148) Concurrent Preclean
[1806.286s][info][gc] GC(148) Concurrent Preclean 0.164ms
[1806.286s][info][gc] GC(148) Concurrent Abortable Preclean
[1806.286s][info][gc] GC(148) Concurrent Abortable Preclean 0.018ms
[1806.297s][info][gc] GC(148) Pause Remark 27M->27M(29M) 11.247ms
[1806.298s][info][gc] GC(148) Concurrent Sweep
[1806.303s][info][gc] GC(148) Concurrent Sweep 5.024ms
[1806.303s][info][gc] GC(148) Concurrent Reset
[1806.303s][info][gc] GC(148) Concurrent Reset 0.029ms
[1808.305s][info][gc] GC(149) Pause Initial Mark 27M->27M(29M) 1.124ms
[1808.305s][info][gc] GC(149) Concurrent Mark
[1808.319s][info][gc] GC(149) Concurrent Mark 14.085ms
[1808.319s][info][gc] GC(149) Concurrent Preclean
[1808.319s][info][gc] GC(149) Concurrent Preclean 0.197ms
[1808.319s][info][gc] GC(149) Concurrent Abortable Preclean
[1808.319s][info][gc] GC(149) Concurrent Abortable Preclean 0.024ms
[1808.331s][info][gc] GC(149) Pause Remark 27M->27M(29M) 11.620ms
[1808.331s][info][gc] GC(149) Concurrent Sweep
[1808.334s][info][gc] GC(149) Concurrent Sweep 3.184ms
[1808.334s][info][gc] GC(149) Concurrent Reset
[1808.335s][info][gc] GC(149) Concurrent Reset 0.040ms
[1810.338s][info][gc] GC(150) Pause Initial Mark 27M->27M(29M) 1.100ms
[1810.338s][info][gc] GC(150) Concurrent Mark
[1810.351s][info][gc] GC(150) Concurrent Mark 12.196ms
[1810.351s][info][gc] GC(150) Concurrent Preclean
[1810.351s][info][gc] GC(150) Concurrent Preclean 0.167ms
[1810.351s][info][gc] GC(150) Concurrent Abortable Preclean
[1810.351s][info][gc] GC(150) Concurrent Abortable Preclean 0.013ms
[1810.356s][info][gc] GC(150) Pause Remark 27M->27M(29M) 5.413ms
[1810.357s][info][gc] GC(150) Concurrent Sweep
[1810.360s][info][gc] GC(150) Concurrent Sweep 3.318ms
[1810.360s][info][gc] GC(150) Concurrent Reset
[1810.360s][info][gc] GC(150) Concurrent Reset 0.020ms
[1812.365s][info][gc] GC(151) Pause Initial Mark 27M->27M(29M) 1.217ms
[1812.366s][info][gc] GC(151) Concurrent Mark
[1812.378s][info][gc] GC(151) Concurrent Mark 12.290ms
[1812.378s][info][gc] GC(151) Concurrent Preclean
[1812.378s][info][gc] GC(151) Concurrent Preclean 0.137ms
[1812.378s][info][gc] GC(151) Concurrent Abortable Preclean
[1812.378s][info][gc] GC(151) Concurrent Abortable Preclean 0.014ms
[1812.384s][info][gc] GC(151) Pause Remark 27M->27M(29M) 5.668ms
[1812.384s][info][gc] GC(151) Concurrent Sweep
[1812.387s][info][gc] GC(151) Concurrent Sweep 3.311ms
[1812.387s][info][gc] GC(151) Concurrent Reset
[1812.387s][info][gc] GC(151) Concurrent Reset 0.022ms
[1814.388s][info][gc] GC(152) Pause Initial Mark 27M->27M(29M) 0.843ms
[1814.388s][info][gc] GC(152) Concurrent Mark
[1814.400s][info][gc] GC(152) Concurrent Mark 11.663ms
[1814.400s][info][gc] GC(152) Concurrent Preclean
[1814.400s][info][gc] GC(152) Concurrent Preclean 0.118ms
[1814.400s][info][gc] GC(152) Concurrent Abortable Preclean
[1814.400s][info][gc] GC(152) Concurrent Abortable Preclean 0.013ms
[1814.407s][info][gc] GC(152) Pause Remark 27M->27M(29M) 6.845ms
[1814.407s][info][gc] GC(152) Concurrent Sweep
[1814.411s][info][gc] GC(152) Concurrent Sweep 3.260ms
[1814.411s][info][gc] GC(152) Concurrent Reset
[1814.411s][info][gc] GC(152) Concurrent Reset 0.021ms
[1816.416s][info][gc] GC(153) Pause Initial Mark 27M->27M(29M) 1.374ms
[1816.416s][info][gc] GC(153) Concurrent Mark
[1816.428s][info][gc] GC(153) Concurrent Mark 12.132ms
[1816.429s][info][gc] GC(153) Concurrent Preclean
[1816.429s][info][gc] GC(153) Concurrent Preclean 0.120ms
[1816.429s][info][gc] GC(153) Concurrent Abortable Preclean
[1816.429s][info][gc] GC(153) Concurrent Abortable Preclean 0.013ms
[1816.435s][info][gc] GC(153) Pause Remark 27M->27M(29M) 5.721ms
[1816.435s][info][gc] GC(153) Concurrent Sweep
[1816.438s][info][gc] GC(153) Concurrent Sweep 3.440ms
[1816.438s][info][gc] GC(153) Concurrent Reset
[1816.438s][info][gc] GC(153) Concurrent Reset 0.019ms
[1818.445s][info][gc] GC(154) Pause Initial Mark 27M->27M(29M) 1.394ms
[1818.446s][info][gc] GC(154) Concurrent Mark
[1818.463s][info][gc] GC(154) Concurrent Mark 17.358ms
[1818.464s][info][gc] GC(154) Concurrent Preclean
[1818.464s][info][gc] GC(154) Concurrent Preclean 0.153ms
[1818.464s][info][gc] GC(154) Concurrent Abortable Preclean
[1818.464s][info][gc] GC(154) Concurrent Abortable Preclean 0.018ms
[1818.479s][info][gc] GC(154) Pause Remark 27M->27M(29M) 15.027ms
[1818.479s][info][gc] GC(154) Concurrent Sweep
[1818.483s][info][gc] GC(154) Concurrent Sweep 3.538ms
[1818.483s][info][gc] GC(154) Concurrent Reset
[1818.483s][info][gc] GC(154) Concurrent Reset 0.021ms
[1820.487s][info][gc] GC(155) Pause Initial Mark 27M->27M(29M) 0.955ms
[1820.487s][info][gc] GC(155) Concurrent Mark
[1820.499s][info][gc] GC(155) Concurrent Mark 11.269ms
[1820.499s][info][gc] GC(155) Concurrent Preclean
[1820.499s][info][gc] GC(155) Concurrent Preclean 0.125ms
[1820.499s][info][gc] GC(155) Concurrent Abortable Preclean
[1820.499s][info][gc] GC(155) Concurrent Abortable Preclean 0.012ms
[1820.508s][info][gc] GC(155) Pause Remark 27M->27M(29M) 9.043ms
[1820.508s][info][gc] GC(155) Concurrent Sweep
[1820.512s][info][gc] GC(155) Concurrent Sweep 3.509ms
[1820.512s][info][gc] GC(155) Concurrent Reset
[1820.512s][info][gc] GC(155) Concurrent Reset 0.023ms
[1822.514s][info][gc] GC(156) Pause Initial Mark 27M->27M(29M) 1.187ms
[1822.514s][info][gc] GC(156) Concurrent Mark
[1822.526s][info][gc] GC(156) Concurrent Mark 11.949ms
[1822.526s][info][gc] GC(156) Concurrent Preclean
[1822.526s][info][gc] GC(156) Concurrent Preclean 0.116ms
[1822.526s][info][gc] GC(156) Concurrent Abortable Preclean
[1822.526s][info][gc] GC(156) Concurrent Abortable Preclean 0.013ms
[1822.531s][info][gc] GC(156) Pause Remark 27M->27M(29M) 5.474ms
[1822.532s][info][gc] GC(156) Concurrent Sweep
[1822.535s][info][gc] GC(156) Concurrent Sweep 3.309ms
[1822.535s][info][gc] GC(156) Concurrent Reset
[1822.535s][info][gc] GC(156) Concurrent Reset 0.020ms
[1824.537s][info][gc] GC(157) Pause Initial Mark 27M->27M(29M) 1.330ms
[1824.537s][info][gc] GC(157) Concurrent Mark
[1824.549s][info][gc] GC(157) Concurrent Mark 12.011ms
[1824.549s][info][gc] GC(157) Concurrent Preclean
[1824.550s][info][gc] GC(157) Concurrent Preclean 0.133ms
[1824.550s][info][gc] GC(157) Concurrent Abortable Preclean
[1824.550s][info][gc] GC(157) Concurrent Abortable Preclean 0.014ms
[1824.556s][info][gc] GC(157) Pause Remark 27M->27M(29M) 6.081ms
[1824.556s][info][gc] GC(157) Concurrent Sweep
[1824.559s][info][gc] GC(157) Concurrent Sweep 3.435ms
[1824.559s][info][gc] GC(157) Concurrent Reset
[1824.559s][info][gc] GC(157) Concurrent Reset 0.020ms
[1826.561s][info][gc] GC(158) Pause Initial Mark 27M->27M(29M) 0.610ms
[1826.561s][info][gc] GC(158) Concurrent Mark
[1826.573s][info][gc] GC(158) Concurrent Mark 11.478ms
[1826.573s][info][gc] GC(158) Concurrent Preclean
[1826.573s][info][gc] GC(158) Concurrent Preclean 0.157ms
[1826.573s][info][gc] GC(158) Concurrent Abortable Preclean
[1826.573s][info][gc] GC(158) Concurrent Abortable Preclean 0.018ms
[1826.580s][info][gc] GC(158) Pause Remark 27M->27M(29M) 6.262ms
[1826.580s][info][gc] GC(158) Concurrent Sweep
[1826.583s][info][gc] GC(158) Concurrent Sweep 3.533ms
[1826.583s][info][gc] GC(158) Concurrent Reset
[1826.583s][info][gc] GC(158) Concurrent Reset 0.028ms
[1828.587s][info][gc] GC(159) Pause Initial Mark 27M->27M(29M) 1.205ms
[1828.587s][info][gc] GC(159) Concurrent Mark
[1828.599s][info][gc] GC(159) Concurrent Mark 12.210ms
[1828.599s][info][gc] GC(159) Concurrent Preclean
[1828.599s][info][gc] GC(159) Concurrent Preclean 0.120ms
[1828.599s][info][gc] GC(159) Concurrent Abortable Preclean
[1828.600s][info][gc] GC(159) Concurrent Abortable Preclean 0.014ms
[1828.605s][info][gc] GC(159) Pause Remark 27M->27M(29M) 5.507ms
[1828.605s][info][gc] GC(159) Concurrent Sweep
[1828.609s][info][gc] GC(159) Concurrent Sweep 3.396ms
[1828.609s][info][gc] GC(159) Concurrent Reset
[1828.609s][info][gc] GC(159) Concurrent Reset 0.020ms
[1830.611s][info][gc] GC(160) Pause Initial Mark 27M->27M(29M) 1.252ms
[1830.611s][info][gc] GC(160) Concurrent Mark
[1830.623s][info][gc] GC(160) Concurrent Mark 11.884ms
[1830.623s][info][gc] GC(160) Concurrent Preclean
[1830.623s][info][gc] GC(160) Concurrent Preclean 0.115ms
[1830.623s][info][gc] GC(160) Concurrent Abortable Preclean
[1830.623s][info][gc] GC(160) Concurrent Abortable Preclean 0.013ms
[1830.629s][info][gc] GC(160) Pause Remark 27M->27M(29M) 5.651ms
[1830.629s][info][gc] GC(160) Concurrent Sweep
[1830.632s][info][gc] GC(160) Concurrent Sweep 3.292ms
[1830.632s][info][gc] GC(160) Concurrent Reset
[1830.632s][info][gc] GC(160) Concurrent Reset 0.019ms
[1832.639s][info][gc] GC(161) Pause Initial Mark 27M->27M(29M) 1.240ms
[1832.639s][info][gc] GC(161) Concurrent Mark
[1832.651s][info][gc] GC(161) Concurrent Mark 12.199ms
[1832.651s][info][gc] GC(161) Concurrent Preclean
[1832.651s][info][gc] GC(161) Concurrent Preclean 0.140ms
[1832.651s][info][gc] GC(161) Concurrent Abortable Preclean
[1832.651s][info][gc] GC(161) Concurrent Abortable Preclean 0.015ms
[1832.657s][info][gc] GC(161) Pause Remark 27M->27M(29M) 5.673ms
[1832.657s][info][gc] GC(161) Concurrent Sweep
[1832.660s][info][gc] GC(161) Concurrent Sweep 3.355ms
[1832.660s][info][gc] GC(161) Concurrent Reset
[1832.660s][info][gc] GC(161) Concurrent Reset 0.020ms
[1834.662s][info][gc] GC(162) Pause Initial Mark 28M->28M(29M) 0.826ms
[1834.662s][info][gc] GC(162) Concurrent Mark
[1834.671s][info][gc] GC(162) Concurrent Mark 9.598ms
[1834.671s][info][gc] GC(162) Concurrent Preclean
[1834.672s][info][gc] GC(162) Concurrent Preclean 0.116ms
[1834.672s][info][gc] GC(162) Concurrent Abortable Preclean
[1834.672s][info][gc] GC(162) Concurrent Abortable Preclean 0.012ms
[1834.677s][info][gc] GC(162) Pause Remark 28M->28M(29M) 5.094ms
[1834.677s][info][gc] GC(162) Concurrent Sweep
[1834.680s][info][gc] GC(162) Concurrent Sweep 3.164ms
[1834.680s][info][gc] GC(162) Concurrent Reset
[1834.680s][info][gc] GC(162) Concurrent Reset 0.018ms
[1836.683s][info][gc] GC(163) Pause Initial Mark 28M->28M(29M) 2.100ms
[1836.683s][info][gc] GC(163) Concurrent Mark
[1836.694s][info][gc] GC(163) Concurrent Mark 10.888ms
[1836.694s][info][gc] GC(163) Concurrent Preclean
[1836.694s][info][gc] GC(163) Concurrent Preclean 0.117ms
[1836.694s][info][gc] GC(163) Concurrent Abortable Preclean
[1836.694s][info][gc] GC(163) Concurrent Abortable Preclean 0.012ms
[1836.699s][info][gc] GC(163) Pause Remark 28M->28M(29M) 5.283ms
[1836.699s][info][gc] GC(163) Concurrent Sweep
[1836.703s][info][gc] GC(163) Concurrent Sweep 3.800ms
[1836.703s][info][gc] GC(163) Concurrent Reset
[1836.703s][info][gc] GC(163) Concurrent Reset 0.019ms
[1838.707s][info][gc] GC(164) Pause Initial Mark 28M->28M(29M) 1.222ms
[1838.707s][info][gc] GC(164) Concurrent Mark
[1838.719s][info][gc] GC(164) Concurrent Mark 12.207ms
[1838.719s][info][gc] GC(164) Concurrent Preclean
[1838.719s][info][gc] GC(164) Concurrent Preclean 0.141ms
[1838.719s][info][gc] GC(164) Concurrent Abortable Preclean
[1838.719s][info][gc] GC(164) Concurrent Abortable Preclean 0.015ms
[1838.727s][info][gc] GC(164) Pause Remark 28M->28M(29M) 7.857ms
[1838.728s][info][gc] GC(164) Concurrent Sweep
[1838.736s][info][gc] GC(164) Concurrent Sweep 8.339ms
[1838.736s][info][gc] GC(164) Concurrent Reset
[1838.736s][info][gc] GC(164) Concurrent Reset 0.021ms
[1840.737s][info][gc] GC(165) Pause Initial Mark 28M->28M(29M) 0.874ms
[1840.738s][info][gc] GC(165) Concurrent Mark
[1840.748s][info][gc] GC(165) Concurrent Mark 10.823ms
[1840.748s][info][gc] GC(165) Concurrent Preclean
[1840.749s][info][gc] GC(165) Concurrent Preclean 0.119ms
[1840.749s][info][gc] GC(165) Concurrent Abortable Preclean
[1840.749s][info][gc] GC(165) Concurrent Abortable Preclean 0.014ms
[1840.754s][info][gc] GC(165) Pause Remark 28M->28M(29M) 5.348ms
[1840.754s][info][gc] GC(165) Concurrent Sweep
[1840.757s][info][gc] GC(165) Concurrent Sweep 3.056ms
[1840.757s][info][gc] GC(165) Concurrent Reset
[1840.757s][info][gc] GC(165) Concurrent Reset 0.019ms
[1842.763s][info][gc] GC(166) Pause Initial Mark 28M->28M(29M) 1.206ms
[1842.763s][info][gc] GC(166) Concurrent Mark
[1842.778s][info][gc] GC(166) Concurrent Mark 14.606ms
[1842.778s][info][gc] GC(166) Concurrent Preclean
[1842.778s][info][gc] GC(166) Concurrent Preclean 0.132ms
[1842.778s][info][gc] GC(166) Concurrent Abortable Preclean
[1842.778s][info][gc] GC(166) Concurrent Abortable Preclean 0.014ms
[1842.783s][info][gc] GC(166) Pause Remark 28M->28M(29M) 5.492ms
[1842.784s][info][gc] GC(166) Concurrent Sweep
[1842.787s][info][gc] GC(166) Concurrent Sweep 3.332ms
[1842.787s][info][gc] GC(166) Concurrent Reset
[1842.787s][info][gc] GC(166) Concurrent Reset 0.020ms
[1844.788s][info][gc] GC(167) Pause Initial Mark 28M->28M(29M) 0.534ms
[1844.788s][info][gc] GC(167) Concurrent Mark
[1844.797s][info][gc] GC(167) Concurrent Mark 9.414ms
[1844.797s][info][gc] GC(167) Concurrent Preclean
[1844.798s][info][gc] GC(167) Concurrent Preclean 0.117ms
[1844.798s][info][gc] GC(167) Concurrent Abortable Preclean
[1844.798s][info][gc] GC(167) Concurrent Abortable Preclean 0.012ms
[1844.815s][info][gc] GC(167) Pause Remark 28M->28M(29M) 17.251ms
[1844.815s][info][gc] GC(167) Concurrent Sweep
[1844.826s][info][gc] GC(167) Concurrent Sweep 10.786ms
[1844.826s][info][gc] GC(167) Concurrent Reset
[1844.826s][info][gc] GC(167) Concurrent Reset 0.038ms
[1846.826s][info][gc] GC(168) Pause Initial Mark 28M->28M(29M) 0.545ms
[1846.826s][info][gc] GC(168) Concurrent Mark
[1846.839s][info][gc] GC(168) Concurrent Mark 12.829ms
[1846.839s][info][gc] GC(168) Concurrent Preclean
[1846.839s][info][gc] GC(168) Concurrent Preclean 0.149ms
[1846.839s][info][gc] GC(168) Concurrent Abortable Preclean
[1846.839s][info][gc] GC(168) Concurrent Abortable Preclean 0.019ms
[1846.856s][info][gc] GC(168) Pause Remark 28M->28M(29M) 16.608ms
[1846.856s][info][gc] GC(168) Concurrent Sweep
[1846.861s][info][gc] GC(168) Concurrent Sweep 4.521ms
[1846.861s][info][gc] GC(168) Concurrent Reset
[1846.861s][info][gc] GC(168) Concurrent Reset 0.062ms
[1848.865s][info][gc] GC(169) Pause Initial Mark 28M->28M(29M) 0.731ms
[1848.865s][info][gc] GC(169) Concurrent Mark
[1848.877s][info][gc] GC(169) Concurrent Mark 12.137ms
[1848.877s][info][gc] GC(169) Concurrent Preclean
[1848.877s][info][gc] GC(169) Concurrent Preclean 0.127ms
[1848.877s][info][gc] GC(169) Concurrent Abortable Preclean
[1848.877s][info][gc] GC(169) Concurrent Abortable Preclean 0.014ms
[1848.886s][info][gc] GC(169) Pause Remark 28M->28M(29M) 9.244ms
[1848.886s][info][gc] GC(169) Concurrent Sweep
[1848.890s][info][gc] GC(169) Concurrent Sweep 3.402ms
[1848.890s][info][gc] GC(169) Concurrent Reset
[1848.890s][info][gc] GC(169) Concurrent Reset 0.021ms
[1850.892s][info][gc] GC(170) Pause Initial Mark 28M->28M(29M) 0.570ms
[1850.892s][info][gc] GC(170) Concurrent Mark
[1850.905s][info][gc] GC(170) Concurrent Mark 12.882ms
[1850.905s][info][gc] GC(170) Concurrent Preclean
[1850.906s][info][gc] GC(170) Concurrent Preclean 0.371ms
[1850.906s][info][gc] GC(170) Concurrent Abortable Preclean
[1850.906s][info][gc] GC(170) Concurrent Abortable Preclean 0.047ms
[1850.915s][info][gc] GC(170) Pause Remark 28M->28M(29M) 9.178ms
[1850.916s][info][gc] GC(170) Concurrent Sweep
[1850.920s][info][gc] GC(170) Concurrent Sweep 4.630ms
[1850.920s][info][gc] GC(170) Concurrent Reset
[1850.920s][info][gc] GC(170) Concurrent Reset 0.020ms
[1852.923s][info][gc] GC(171) Pause Initial Mark 28M->28M(29M) 1.260ms
[1852.923s][info][gc] GC(171) Concurrent Mark
[1852.935s][info][gc] GC(171) Concurrent Mark 12.347ms
[1852.935s][info][gc] GC(171) Concurrent Preclean
[1852.936s][info][gc] GC(171) Concurrent Preclean 0.135ms
[1852.936s][info][gc] GC(171) Concurrent Abortable Preclean
[1852.936s][info][gc] GC(171) Concurrent Abortable Preclean 0.014ms
[1852.941s][info][gc] GC(171) Pause Remark 28M->28M(29M) 5.512ms
[1852.941s][info][gc] GC(171) Concurrent Sweep
[1852.945s][info][gc] GC(171) Concurrent Sweep 3.240ms
[1852.945s][info][gc] GC(171) Concurrent Reset
[1852.945s][info][gc] GC(171) Concurrent Reset 0.019ms
[1854.946s][info][gc] GC(172) Pause Initial Mark 28M->28M(29M) 1.264ms
[1854.946s][info][gc] GC(172) Concurrent Mark
[1854.958s][info][gc] GC(172) Concurrent Mark 12.088ms
[1854.958s][info][gc] GC(172) Concurrent Preclean
[1854.959s][info][gc] GC(172) Concurrent Preclean 0.252ms
[1854.959s][info][gc] GC(172) Concurrent Abortable Preclean
[1854.959s][info][gc] GC(172) Concurrent Abortable Preclean 0.111ms
[1854.965s][info][gc] GC(172) Pause Remark 28M->28M(29M) 5.723ms
[1854.965s][info][gc] GC(172) Concurrent Sweep
[1854.968s][info][gc] GC(172) Concurrent Sweep 3.322ms
[1854.968s][info][gc] GC(172) Concurrent Reset
[1854.968s][info][gc] GC(172) Concurrent Reset 0.020ms
[1856.968s][info][gc] GC(173) Pause Initial Mark 28M->28M(29M) 0.620ms
[1856.968s][info][gc] GC(173) Concurrent Mark
[1856.981s][info][gc] GC(173) Concurrent Mark 12.179ms
[1856.981s][info][gc] GC(173) Concurrent Preclean
[1856.981s][info][gc] GC(173) Concurrent Preclean 0.146ms
[1856.981s][info][gc] GC(173) Concurrent Abortable Preclean
[1856.981s][info][gc] GC(173) Concurrent Abortable Preclean 0.013ms
[1856.988s][info][gc] GC(173) Pause Remark 28M->28M(29M) 7.085ms
[1856.988s][info][gc] GC(173) Concurrent Sweep
[1856.992s][info][gc] GC(173) Concurrent Sweep 3.517ms
[1856.992s][info][gc] GC(173) Concurrent Reset
[1856.992s][info][gc] GC(173) Concurrent Reset 0.022ms
[1858.994s][info][gc] GC(174) Pause Initial Mark 28M->28M(29M) 1.116ms
[1858.994s][info][gc] GC(174) Concurrent Mark
[1859.006s][info][gc] GC(174) Concurrent Mark 12.226ms
[1859.006s][info][gc] GC(174) Concurrent Preclean
[1859.007s][info][gc] GC(174) Concurrent Preclean 0.120ms
[1859.007s][info][gc] GC(174) Concurrent Abortable Preclean
[1859.007s][info][gc] GC(174) Concurrent Abortable Preclean 0.013ms
[1859.013s][info][gc] GC(174) Pause Remark 28M->28M(29M) 6.749ms
[1859.014s][info][gc] GC(174) Concurrent Sweep
[1859.017s][info][gc] GC(174) Concurrent Sweep 3.497ms
[1859.017s][info][gc] GC(174) Concurrent Reset
[1859.017s][info][gc] GC(174) Concurrent Reset 0.021ms
[1861.023s][info][gc] GC(175) Pause Initial Mark 28M->28M(29M) 1.310ms
[1861.023s][info][gc] GC(175) Concurrent Mark
[1861.035s][info][gc] GC(175) Concurrent Mark 12.073ms
[1861.036s][info][gc] GC(175) Concurrent Preclean
[1861.036s][info][gc] GC(175) Concurrent Preclean 0.119ms
[1861.036s][info][gc] GC(175) Concurrent Abortable Preclean
[1861.036s][info][gc] GC(175) Concurrent Abortable Preclean 0.014ms
[1861.041s][info][gc] GC(175) Pause Remark 28M->28M(29M) 5.427ms
[1861.041s][info][gc] GC(175) Concurrent Sweep
[1861.045s][info][gc] GC(175) Concurrent Sweep 3.171ms
[1861.045s][info][gc] GC(175) Concurrent Reset
[1861.045s][info][gc] GC(175) Concurrent Reset 0.018ms
[1863.046s][info][gc] GC(176) Pause Initial Mark 28M->28M(29M) 1.645ms
[1863.046s][info][gc] GC(176) Concurrent Mark
[1863.068s][info][gc] GC(176) Concurrent Mark 21.935ms
[1863.068s][info][gc] GC(176) Concurrent Preclean
[1863.068s][info][gc] GC(176) Concurrent Preclean 0.167ms
[1863.068s][info][gc] GC(176) Concurrent Abortable Preclean
[1863.068s][info][gc] GC(176) Concurrent Abortable Preclean 0.020ms
[1863.077s][info][gc] GC(176) Pause Remark 28M->28M(29M) 8.736ms
[1863.077s][info][gc] GC(176) Concurrent Sweep
[1863.082s][info][gc] GC(176) Concurrent Sweep 4.428ms
[1863.082s][info][gc] GC(176) Concurrent Reset
[1863.082s][info][gc] GC(176) Concurrent Reset 0.029ms
[1865.082s][info][gc] GC(177) Pause Initial Mark 28M->28M(29M) 0.556ms
[1865.083s][info][gc] GC(177) Concurrent Mark
[1865.099s][info][gc] GC(177) Concurrent Mark 16.692ms
[1865.099s][info][gc] GC(177) Concurrent Preclean
[1865.099s][info][gc] GC(177) Concurrent Preclean 0.120ms
[1865.099s][info][gc] GC(177) Concurrent Abortable Preclean
[1865.099s][info][gc] GC(177) Concurrent Abortable Preclean 0.012ms
[1865.105s][info][gc] GC(177) Pause Remark 28M->28M(29M) 5.345ms
[1865.105s][info][gc] GC(177) Concurrent Sweep
[1865.108s][info][gc] GC(177) Concurrent Sweep 3.293ms
[1865.108s][info][gc] GC(177) Concurrent Reset
[1865.108s][info][gc] GC(177) Concurrent Reset 0.020ms
[1867.111s][info][gc] GC(178) Pause Initial Mark 28M->28M(29M) 2.461ms
[1867.111s][info][gc] GC(178) Concurrent Mark
[1867.124s][info][gc] GC(178) Concurrent Mark 12.683ms
[1867.124s][info][gc] GC(178) Concurrent Preclean
[1867.124s][info][gc] GC(178) Concurrent Preclean 0.127ms
[1867.124s][info][gc] GC(178) Concurrent Abortable Preclean
[1867.124s][info][gc] GC(178) Concurrent Abortable Preclean 0.013ms
[1867.130s][info][gc] GC(178) Pause Remark 28M->28M(29M) 5.496ms
[1867.130s][info][gc] GC(178) Concurrent Sweep
[1867.133s][info][gc] GC(178) Concurrent Sweep 3.332ms
[1867.133s][info][gc] GC(178) Concurrent Reset
[1867.133s][info][gc] GC(178) Concurrent Reset 0.020ms
[1869.135s][info][gc] GC(179) Pause Initial Mark 28M->28M(29M) 1.208ms
[1869.135s][info][gc] GC(179) Concurrent Mark
[1869.148s][info][gc] GC(179) Concurrent Mark 12.898ms
[1869.148s][info][gc] GC(179) Concurrent Preclean
[1869.148s][info][gc] GC(179) Concurrent Preclean 0.123ms
[1869.148s][info][gc] GC(179) Concurrent Abortable Preclean
[1869.148s][info][gc] GC(179) Concurrent Abortable Preclean 0.017ms
[1869.154s][info][gc] GC(179) Pause Remark 28M->28M(29M) 5.569ms
[1869.154s][info][gc] GC(179) Concurrent Sweep
[1869.157s][info][gc] GC(179) Concurrent Sweep 3.324ms
[1869.157s][info][gc] GC(179) Concurrent Reset
[1869.157s][info][gc] GC(179) Concurrent Reset 0.020ms
[1871.160s][info][gc] GC(180) Pause Initial Mark 28M->28M(29M) 1.190ms
[1871.160s][info][gc] GC(180) Concurrent Mark
[1871.172s][info][gc] GC(180) Concurrent Mark 12.222ms
[1871.173s][info][gc] GC(180) Concurrent Preclean
[1871.173s][info][gc] GC(180) Concurrent Preclean 0.150ms
[1871.173s][info][gc] GC(180) Concurrent Abortable Preclean
[1871.173s][info][gc] GC(180) Concurrent Abortable Preclean 0.015ms
[1871.178s][info][gc] GC(180) Pause Remark 28M->28M(29M) 5.431ms
[1871.178s][info][gc] GC(180) Concurrent Sweep
[1871.181s][info][gc] GC(180) Concurrent Sweep 3.054ms
[1871.181s][info][gc] GC(180) Concurrent Reset
[1871.181s][info][gc] GC(180) Concurrent Reset 0.018ms
[1873.186s][info][gc] GC(181) Pause Initial Mark 28M->28M(29M) 1.855ms
[1873.186s][info][gc] GC(181) Concurrent Mark
[1873.199s][info][gc] GC(181) Concurrent Mark 12.789ms
[1873.199s][info][gc] GC(181) Concurrent Preclean
[1873.199s][info][gc] GC(181) Concurrent Preclean 0.123ms
[1873.199s][info][gc] GC(181) Concurrent Abortable Preclean
[1873.199s][info][gc] GC(181) Concurrent Abortable Preclean 0.014ms
[1873.204s][info][gc] GC(181) Pause Remark 28M->28M(29M) 5.546ms
[1873.205s][info][gc] GC(181) Concurrent Sweep
[1873.209s][info][gc] GC(181) Concurrent Sweep 4.084ms
[1873.209s][info][gc] GC(181) Concurrent Reset
[1873.209s][info][gc] GC(181) Concurrent Reset 0.022ms
[1875.214s][info][gc] GC(182) Pause Initial Mark 28M->28M(29M) 2.993ms
[1875.214s][info][gc] GC(182) Concurrent Mark
[1875.238s][info][gc] GC(182) Concurrent Mark 24.161ms
[1875.238s][info][gc] GC(182) Concurrent Preclean
[1875.239s][info][gc] GC(182) Concurrent Preclean 0.508ms
[1875.239s][info][gc] GC(182) Concurrent Abortable Preclean
[1875.239s][info][gc] GC(182) Concurrent Abortable Preclean 0.068ms
[1875.249s][info][gc] GC(182) Pause Remark 28M->28M(29M) 10.030ms
[1875.249s][info][gc] GC(182) Concurrent Sweep
[1875.256s][info][gc] GC(182) Concurrent Sweep 6.975ms
[1875.257s][info][gc] GC(182) Concurrent Reset
[1875.257s][info][gc] GC(182) Concurrent Reset 0.031ms
[1877.258s][info][gc] GC(183) Pause Initial Mark 28M->28M(29M) 1.509ms
[1877.259s][info][gc] GC(183) Concurrent Mark
[1877.271s][info][gc] GC(183) Concurrent Mark 12.232ms
[1877.271s][info][gc] GC(183) Concurrent Preclean
[1877.271s][info][gc] GC(183) Concurrent Preclean 0.276ms
[1877.271s][info][gc] GC(183) Concurrent Abortable Preclean
[1877.271s][info][gc] GC(183) Concurrent Abortable Preclean 0.029ms
[1877.277s][info][gc] GC(183) Pause Remark 28M->28M(29M) 5.452ms
[1877.277s][info][gc] GC(183) Concurrent Sweep
[1877.281s][info][gc] GC(183) Concurrent Sweep 3.524ms
[1877.281s][info][gc] GC(183) Concurrent Reset
[1877.281s][info][gc] GC(183) Concurrent Reset 0.021ms
[1879.281s][info][gc] GC(184) Pause Initial Mark 28M->28M(29M) 0.710ms
[1879.281s][info][gc] GC(184) Concurrent Mark
[1879.297s][info][gc] GC(184) Concurrent Mark 15.876ms
[1879.297s][info][gc] GC(184) Concurrent Preclean
[1879.297s][info][gc] GC(184) Concurrent Preclean 0.134ms
[1879.297s][info][gc] GC(184) Concurrent Abortable Preclean
[1879.297s][info][gc] GC(184) Concurrent Abortable Preclean 0.013ms
[1879.307s][info][gc] GC(184) Pause Remark 28M->28M(29M) 9.801ms
[1879.308s][info][gc] GC(184) Concurrent Sweep
[1879.311s][info][gc] GC(184) Concurrent Sweep 3.466ms
[1879.311s][info][gc] GC(184) Concurrent Reset
[1879.311s][info][gc] GC(184) Concurrent Reset 0.022ms
[1881.312s][info][gc] GC(185) Pause Initial Mark 28M->28M(29M) 1.231ms
[1881.313s][info][gc] GC(185) Concurrent Mark
[1881.325s][info][gc] GC(185) Concurrent Mark 11.924ms
[1881.325s][info][gc] GC(185) Concurrent Preclean
[1881.325s][info][gc] GC(185) Concurrent Preclean 0.117ms
[1881.325s][info][gc] GC(185) Concurrent Abortable Preclean
[1881.325s][info][gc] GC(185) Concurrent Abortable Preclean 0.018ms
[1881.331s][info][gc] GC(185) Pause Remark 28M->28M(29M) 6.012ms
[1881.331s][info][gc] GC(185) Concurrent Sweep
[1881.335s][info][gc] GC(185) Concurrent Sweep 3.557ms
[1881.335s][info][gc] GC(185) Concurrent Reset
[1881.335s][info][gc] GC(185) Concurrent Reset 0.035ms
[1883.337s][info][gc] GC(186) Pause Initial Mark 28M->28M(29M) 1.196ms
[1883.337s][info][gc] GC(186) Concurrent Mark
[1883.349s][info][gc] GC(186) Concurrent Mark 12.144ms
[1883.349s][info][gc] GC(186) Concurrent Preclean
[1883.350s][info][gc] GC(186) Concurrent Preclean 0.109ms
[1883.350s][info][gc] GC(186) Concurrent Abortable Preclean
[1883.350s][info][gc] GC(186) Concurrent Abortable Preclean 0.013ms
[1883.355s][info][gc] GC(186) Pause Remark 28M->28M(29M) 5.055ms
[1883.355s][info][gc] GC(186) Concurrent Sweep
[1883.358s][info][gc] GC(186) Concurrent Sweep 2.941ms
[1883.358s][info][gc] GC(186) Concurrent Reset
[1883.358s][info][gc] GC(186) Concurrent Reset 0.018ms
[1885.363s][info][gc] GC(187) Pause Initial Mark 28M->28M(29M) 1.212ms
[1885.363s][info][gc] GC(187) Concurrent Mark
[1885.375s][info][gc] GC(187) Concurrent Mark 12.197ms
[1885.375s][info][gc] GC(187) Concurrent Preclean
[1885.375s][info][gc] GC(187) Concurrent Preclean 0.127ms
[1885.375s][info][gc] GC(187) Concurrent Abortable Preclean
[1885.375s][info][gc] GC(187) Concurrent Abortable Preclean 0.014ms
[1885.381s][info][gc] GC(187) Pause Remark 28M->28M(29M) 5.482ms
[1885.381s][info][gc] GC(187) Concurrent Sweep
[1885.384s][info][gc] GC(187) Concurrent Sweep 3.371ms
[1885.384s][info][gc] GC(187) Concurrent Reset
[1885.384s][info][gc] GC(187) Concurrent Reset 0.021ms
[1887.387s][info][gc] GC(188) Pause Initial Mark 28M->28M(29M) 1.083ms
[1887.388s][info][gc] GC(188) Concurrent Mark
[1887.400s][info][gc] GC(188) Concurrent Mark 12.585ms
[1887.400s][info][gc] GC(188) Concurrent Preclean
[1887.400s][info][gc] GC(188) Concurrent Preclean 0.124ms
[1887.400s][info][gc] GC(188) Concurrent Abortable Preclean
[1887.400s][info][gc] GC(188) Concurrent Abortable Preclean 0.014ms
[1887.407s][info][gc] GC(188) Pause Remark 28M->28M(29M) 6.435ms
[1887.407s][info][gc] GC(188) Concurrent Sweep
[1887.410s][info][gc] GC(188) Concurrent Sweep 3.133ms
[1887.410s][info][gc] GC(188) Concurrent Reset
[1887.410s][info][gc] GC(188) Concurrent Reset 0.019ms
[1889.412s][info][gc] GC(189) Pause Initial Mark 28M->28M(29M) 1.430ms
[1889.412s][info][gc] GC(189) Concurrent Mark
[1889.426s][info][gc] GC(189) Concurrent Mark 13.496ms
[1889.426s][info][gc] GC(189) Concurrent Preclean
[1889.426s][info][gc] GC(189) Concurrent Preclean 0.127ms
[1889.426s][info][gc] GC(189) Concurrent Abortable Preclean
[1889.426s][info][gc] GC(189) Concurrent Abortable Preclean 0.014ms
[1889.433s][info][gc] GC(189) Pause Remark 28M->28M(29M) 7.093ms
[1889.433s][info][gc] GC(189) Concurrent Sweep
[1889.437s][info][gc] GC(189) Concurrent Sweep 3.443ms
[1889.437s][info][gc] GC(189) Concurrent Reset
[1889.437s][info][gc] GC(189) Concurrent Reset 0.021ms
[1891.438s][info][gc] GC(190) Pause Initial Mark 28M->28M(29M) 0.915ms
[1891.438s][info][gc] GC(190) Concurrent Mark
[1891.450s][info][gc] GC(190) Concurrent Mark 11.773ms
[1891.450s][info][gc] GC(190) Concurrent Preclean
[1891.450s][info][gc] GC(190) Concurrent Preclean 0.111ms
[1891.450s][info][gc] GC(190) Concurrent Abortable Preclean
[1891.450s][info][gc] GC(190) Concurrent Abortable Preclean 0.012ms
[1891.457s][info][gc] GC(190) Pause Remark 28M->28M(29M) 6.813ms
[1891.457s][info][gc] GC(190) Concurrent Sweep
[1891.461s][info][gc] GC(190) Concurrent Sweep 3.852ms
[1891.461s][info][gc] GC(190) Concurrent Reset
[1891.461s][info][gc] GC(190) Concurrent Reset 0.027ms
[1893.463s][info][gc] GC(191) Pause Initial Mark 28M->28M(29M) 1.550ms
[1893.463s][info][gc] GC(191) Concurrent Mark
[1893.476s][info][gc] GC(191) Concurrent Mark 13.490ms
[1893.477s][info][gc] GC(191) Concurrent Preclean
[1893.477s][info][gc] GC(191) Concurrent Preclean 0.136ms
[1893.477s][info][gc] GC(191) Concurrent Abortable Preclean
[1893.477s][info][gc] GC(191) Concurrent Abortable Preclean 0.012ms
[1893.487s][info][gc] GC(191) Pause Remark 28M->28M(29M) 9.971ms
[1893.487s][info][gc] GC(191) Concurrent Sweep
[1893.492s][info][gc] GC(191) Concurrent Sweep 5.277ms
[1893.492s][info][gc] GC(191) Concurrent Reset
[1893.492s][info][gc] GC(191) Concurrent Reset 0.030ms
[1895.494s][info][gc] GC(192) Pause Initial Mark 28M->28M(29M) 2.179ms
[1895.496s][info][gc] GC(192) Concurrent Mark
[1895.509s][info][gc] GC(192) Concurrent Mark 13.232ms
[1895.509s][info][gc] GC(192) Concurrent Preclean
[1895.509s][info][gc] GC(192) Concurrent Preclean 0.120ms
[1895.509s][info][gc] GC(192) Concurrent Abortable Preclean
[1895.509s][info][gc] GC(192) Concurrent Abortable Preclean 0.013ms
[1895.516s][info][gc] GC(192) Pause Remark 28M->28M(29M) 6.510ms
[1895.516s][info][gc] GC(192) Concurrent Sweep
[1895.519s][info][gc] GC(192) Concurrent Sweep 3.301ms
[1895.519s][info][gc] GC(192) Concurrent Reset
[1895.519s][info][gc] GC(192) Concurrent Reset 0.020ms
[1897.520s][info][gc] GC(193) Pause Initial Mark 28M->28M(29M) 0.831ms
[1897.520s][info][gc] GC(193) Concurrent Mark
[1897.533s][info][gc] GC(193) Concurrent Mark 12.636ms
[1897.533s][info][gc] GC(193) Concurrent Preclean
[1897.534s][info][gc] GC(193) Concurrent Preclean 0.401ms
[1897.534s][info][gc] GC(193) Concurrent Abortable Preclean
[1897.534s][info][gc] GC(193) Concurrent Abortable Preclean 0.041ms
[1897.545s][info][gc] GC(193) Pause Remark 28M->28M(29M) 10.760ms
[1897.545s][info][gc] GC(193) Concurrent Sweep
[1897.548s][info][gc] GC(193) Concurrent Sweep 3.443ms
[1897.548s][info][gc] GC(193) Concurrent Reset
[1897.548s][info][gc] GC(193) Concurrent Reset 0.020ms
[1899.550s][info][gc] GC(194) Pause Initial Mark 28M->28M(29M) 1.211ms
[1899.550s][info][gc] GC(194) Concurrent Mark
[1899.562s][info][gc] GC(194) Concurrent Mark 12.059ms
[1899.562s][info][gc] GC(194) Concurrent Preclean
[1899.562s][info][gc] GC(194) Concurrent Preclean 0.115ms
[1899.563s][info][gc] GC(194) Concurrent Abortable Preclean
[1899.563s][info][gc] GC(194) Concurrent Abortable Preclean 0.013ms
[1899.569s][info][gc] GC(194) Pause Remark 28M->28M(29M) 6.812ms
[1899.570s][info][gc] GC(194) Concurrent Sweep
[1899.573s][info][gc] GC(194) Concurrent Sweep 3.491ms
[1899.573s][info][gc] GC(194) Concurrent Reset
[1899.573s][info][gc] GC(194) Concurrent Reset 0.021ms
[1901.577s][info][gc] GC(195) Pause Initial Mark 28M->28M(29M) 0.819ms
[1901.578s][info][gc] GC(195) Concurrent Mark
[1901.590s][info][gc] GC(195) Concurrent Mark 11.727ms
[1901.590s][info][gc] GC(195) Concurrent Preclean
[1901.590s][info][gc] GC(195) Concurrent Preclean 0.217ms
[1901.590s][info][gc] GC(195) Concurrent Abortable Preclean
[1901.590s][info][gc] GC(195) Concurrent Abortable Preclean 0.014ms
[1901.597s][info][gc] GC(195) Pause Remark 28M->28M(29M) 6.761ms
[1901.597s][info][gc] GC(195) Concurrent Sweep
[1901.600s][info][gc] GC(195) Concurrent Sweep 3.052ms
[1901.600s][info][gc] GC(195) Concurrent Reset
[1901.600s][info][gc] GC(195) Concurrent Reset 0.020ms
[1903.604s][info][gc] GC(196) Pause Initial Mark 28M->28M(29M) 0.770ms
[1903.604s][info][gc] GC(196) Concurrent Mark
[1903.620s][info][gc] GC(196) Concurrent Mark 15.798ms
[1903.620s][info][gc] GC(196) Concurrent Preclean
[1903.620s][info][gc] GC(196) Concurrent Preclean 0.159ms
[1903.620s][info][gc] GC(196) Concurrent Abortable Preclean
[1903.620s][info][gc] GC(196) Concurrent Abortable Preclean 0.017ms
[1903.629s][info][gc] GC(196) Pause Remark 28M->28M(29M) 8.782ms
[1903.629s][info][gc] GC(196) Concurrent Sweep
[1903.633s][info][gc] GC(196) Concurrent Sweep 3.909ms
[1903.633s][info][gc] GC(196) Concurrent Reset
[1903.633s][info][gc] GC(196) Concurrent Reset 0.135ms
[1905.636s][info][gc] GC(197) Pause Initial Mark 28M->28M(29M) 0.573ms
[1905.636s][info][gc] GC(197) Concurrent Mark
[1905.650s][info][gc] GC(197) Concurrent Mark 13.970ms
[1905.650s][info][gc] GC(197) Concurrent Preclean
[1905.650s][info][gc] GC(197) Concurrent Preclean 0.144ms
[1905.650s][info][gc] GC(197) Concurrent Abortable Preclean
[1905.650s][info][gc] GC(197) Concurrent Abortable Preclean 0.019ms
[1905.660s][info][gc] GC(197) Pause Remark 28M->28M(29M) 9.326ms
[1905.660s][info][gc] GC(197) Concurrent Sweep
[1905.664s][info][gc] GC(197) Concurrent Sweep 4.221ms
[1905.664s][info][gc] GC(197) Concurrent Reset
[1905.664s][info][gc] GC(197) Concurrent Reset 0.031ms
[1907.668s][info][gc] GC(198) Pause Initial Mark 28M->28M(29M) 2.529ms
[1907.668s][info][gc] GC(198) Concurrent Mark
[1907.680s][info][gc] GC(198) Concurrent Mark 11.247ms
[1907.680s][info][gc] GC(198) Concurrent Preclean
[1907.680s][info][gc] GC(198) Concurrent Preclean 0.118ms
[1907.680s][info][gc] GC(198) Concurrent Abortable Preclean
[1907.680s][info][gc] GC(198) Concurrent Abortable Preclean 0.014ms
[1907.685s][info][gc] GC(198) Pause Remark 28M->28M(29M) 5.388ms
[1907.686s][info][gc] GC(198) Concurrent Sweep
[1907.689s][info][gc] GC(198) Concurrent Sweep 3.327ms
[1907.689s][info][gc] GC(198) Concurrent Reset
[1907.689s][info][gc] GC(198) Concurrent Reset 0.027ms
[1909.693s][info][gc] GC(199) Pause Initial Mark 28M->28M(29M) 1.033ms
[1909.693s][info][gc] GC(199) Concurrent Mark
[1909.705s][info][gc] GC(199) Concurrent Mark 12.371ms
[1909.705s][info][gc] GC(199) Concurrent Preclean
[1909.705s][info][gc] GC(199) Concurrent Preclean 0.129ms
[1909.705s][info][gc] GC(199) Concurrent Abortable Preclean
[1909.705s][info][gc] GC(199) Concurrent Abortable Preclean 0.014ms
[1909.712s][info][gc] GC(199) Pause Remark 28M->28M(29M) 6.142ms
[1909.712s][info][gc] GC(199) Concurrent Sweep
[1909.715s][info][gc] GC(199) Concurrent Sweep 3.659ms
[1909.715s][info][gc] GC(199) Concurrent Reset
[1909.715s][info][gc] GC(199) Concurrent Reset 0.023ms
[1911.718s][info][gc] GC(200) Pause Initial Mark 28M->28M(29M) 1.159ms
[1911.718s][info][gc] GC(200) Concurrent Mark
[1911.730s][info][gc] GC(200) Concurrent Mark 12.228ms
[1911.730s][info][gc] GC(200) Concurrent Preclean
[1911.730s][info][gc] GC(200) Concurrent Preclean 0.138ms
[1911.730s][info][gc] GC(200) Concurrent Abortable Preclean
[1911.730s][info][gc] GC(200) Concurrent Abortable Preclean 0.015ms
[1911.736s][info][gc] GC(200) Pause Remark 28M->28M(29M) 5.618ms
[1911.736s][info][gc] GC(200) Concurrent Sweep
[1911.740s][info][gc] GC(200) Concurrent Sweep 3.309ms
[1911.740s][info][gc] GC(200) Concurrent Reset
[1911.740s][info][gc] GC(200) Concurrent Reset 0.020ms
[1913.741s][info][gc] GC(201) Pause Initial Mark 28M->28M(29M) 1.233ms
[1913.741s][info][gc] GC(201) Concurrent Mark
[1913.753s][info][gc] GC(201) Concurrent Mark 12.320ms
[1913.753s][info][gc] GC(201) Concurrent Preclean
[1913.753s][info][gc] GC(201) Concurrent Preclean 0.127ms
[1913.753s][info][gc] GC(201) Concurrent Abortable Preclean
[1913.753s][info][gc] GC(201) Concurrent Abortable Preclean 0.013ms
[1913.760s][info][gc] GC(201) Pause Remark 28M->28M(29M) 6.876ms
[1913.760s][info][gc] GC(201) Concurrent Sweep
[1913.765s][info][gc] GC(201) Concurrent Sweep 4.442ms
[1913.765s][info][gc] GC(201) Concurrent Reset
[1913.765s][info][gc] GC(201) Concurrent Reset 0.031ms
[1915.767s][info][gc] GC(202) Pause Initial Mark 28M->28M(29M) 1.288ms
[1915.767s][info][gc] GC(202) Concurrent Mark
[1915.779s][info][gc] GC(202) Concurrent Mark 12.230ms
[1915.780s][info][gc] GC(202) Concurrent Preclean
[1915.780s][info][gc] GC(202) Concurrent Preclean 0.140ms
[1915.780s][info][gc] GC(202) Concurrent Abortable Preclean
[1915.780s][info][gc] GC(202) Concurrent Abortable Preclean 0.015ms
[1915.786s][info][gc] GC(202) Pause Remark 28M->28M(29M) 5.780ms
[1915.786s][info][gc] GC(202) Concurrent Sweep
[1915.789s][info][gc] GC(202) Concurrent Sweep 3.110ms
[1915.789s][info][gc] GC(202) Concurrent Reset
[1915.789s][info][gc] GC(202) Concurrent Reset 0.019ms
[1917.795s][info][gc] GC(203) Pause Initial Mark 28M->28M(29M) 1.265ms
[1917.795s][info][gc] GC(203) Concurrent Mark
[1917.807s][info][gc] GC(203) Concurrent Mark 12.141ms
[1917.807s][info][gc] GC(203) Concurrent Preclean
[1917.807s][info][gc] GC(203) Concurrent Preclean 0.120ms
[1917.807s][info][gc] GC(203) Concurrent Abortable Preclean
[1917.807s][info][gc] GC(203) Concurrent Abortable Preclean 0.013ms
[1917.813s][info][gc] GC(203) Pause Remark 28M->28M(29M) 5.531ms
[1917.813s][info][gc] GC(203) Concurrent Sweep
[1917.816s][info][gc] GC(203) Concurrent Sweep 3.120ms
[1917.816s][info][gc] GC(203) Concurrent Reset
[1917.816s][info][gc] GC(203) Concurrent Reset 0.020ms
[1919.817s][info][gc] GC(204) Pause Initial Mark 28M->28M(29M) 0.710ms
[1919.817s][info][gc] GC(204) Concurrent Mark
[1919.828s][info][gc] GC(204) Concurrent Mark 10.716ms
[1919.828s][info][gc] GC(204) Concurrent Preclean
[1919.828s][info][gc] GC(204) Concurrent Preclean 0.132ms
[1919.828s][info][gc] GC(204) Concurrent Abortable Preclean
[1919.828s][info][gc] GC(204) Concurrent Abortable Preclean 0.013ms
[1919.834s][info][gc] GC(204) Pause Remark 28M->28M(29M) 5.443ms
[1919.834s][info][gc] GC(204) Concurrent Sweep
[1919.837s][info][gc] GC(204) Concurrent Sweep 3.387ms
[1919.837s][info][gc] GC(204) Concurrent Reset
[1919.837s][info][gc] GC(204) Concurrent Reset 0.020ms
[1921.840s][info][gc] GC(205) Pause Initial Mark 28M->28M(29M) 1.255ms
[1921.840s][info][gc] GC(205) Concurrent Mark
[1921.852s][info][gc] GC(205) Concurrent Mark 12.031ms
[1921.852s][info][gc] GC(205) Concurrent Preclean
[1921.852s][info][gc] GC(205) Concurrent Preclean 0.131ms
[1921.852s][info][gc] GC(205) Concurrent Abortable Preclean
[1921.852s][info][gc] GC(205) Concurrent Abortable Preclean 0.015ms
[1921.858s][info][gc] GC(205) Pause Remark 28M->28M(29M) 5.558ms
[1921.858s][info][gc] GC(205) Concurrent Sweep
[1921.861s][info][gc] GC(205) Concurrent Sweep 3.230ms
[1921.861s][info][gc] GC(205) Concurrent Reset
[1921.861s][info][gc] GC(205) Concurrent Reset 0.019ms
[1923.863s][info][gc] GC(206) Pause Initial Mark 28M->28M(29M) 1.056ms
[1923.863s][info][gc] GC(206) Concurrent Mark
[1923.877s][info][gc] GC(206) Concurrent Mark 14.312ms
[1923.877s][info][gc] GC(206) Concurrent Preclean
[1923.877s][info][gc] GC(206) Concurrent Preclean 0.194ms
[1923.877s][info][gc] GC(206) Concurrent Abortable Preclean
[1923.878s][info][gc] GC(206) Concurrent Abortable Preclean 0.017ms
[1923.886s][info][gc] GC(206) Pause Remark 28M->28M(29M) 8.348ms
[1923.886s][info][gc] GC(206) Concurrent Sweep
[1923.890s][info][gc] GC(206) Concurrent Sweep 4.039ms
[1923.890s][info][gc] GC(206) Concurrent Reset
[1923.890s][info][gc] GC(206) Concurrent Reset 0.030ms
[1925.891s][info][gc] GC(207) Pause Initial Mark 28M->28M(29M) 1.043ms
[1925.891s][info][gc] GC(207) Concurrent Mark
[1925.905s][info][gc] GC(207) Concurrent Mark 14.007ms
[1925.905s][info][gc] GC(207) Concurrent Preclean
[1925.905s][info][gc] GC(207) Concurrent Preclean 0.126ms
[1925.905s][info][gc] GC(207) Concurrent Abortable Preclean
[1925.905s][info][gc] GC(207) Concurrent Abortable Preclean 0.013ms
[1925.915s][info][gc] GC(207) Pause Remark 28M->28M(29M) 9.852ms
[1925.915s][info][gc] GC(207) Concurrent Sweep
[1925.920s][info][gc] GC(207) Concurrent Sweep 4.830ms
[1925.920s][info][gc] GC(207) Concurrent Reset
[1925.920s][info][gc] GC(207) Concurrent Reset 0.023ms
[1927.921s][info][gc] GC(208) Pause Initial Mark 28M->28M(29M) 1.236ms
[1927.921s][info][gc] GC(208) Concurrent Mark
[1927.934s][info][gc] GC(208) Concurrent Mark 12.515ms
[1927.934s][info][gc] GC(208) Concurrent Preclean
[1927.934s][info][gc] GC(208) Concurrent Preclean 0.330ms
[1927.934s][info][gc] GC(208) Concurrent Abortable Preclean
[1927.934s][info][gc] GC(208) Concurrent Abortable Preclean 0.066ms
[1927.943s][info][gc] GC(208) Pause Remark 28M->28M(29M) 7.918ms
[1927.943s][info][gc] GC(208) Concurrent Sweep
[1927.946s][info][gc] GC(208) Concurrent Sweep 3.301ms
[1927.946s][info][gc] GC(208) Concurrent Reset
[1927.946s][info][gc] GC(208) Concurrent Reset 0.020ms
[1929.955s][info][gc] GC(209) Pause Initial Mark 28M->28M(29M) 4.911ms
[1929.966s][info][gc] GC(209) Concurrent Mark
[1929.990s][info][gc] GC(209) Concurrent Mark 24.145ms
[1929.990s][info][gc] GC(209) Concurrent Preclean
[1929.990s][info][gc] GC(209) Concurrent Preclean 0.591ms
[1929.990s][info][gc] GC(209) Concurrent Abortable Preclean
[1929.990s][info][gc] GC(209) Concurrent Abortable Preclean 0.023ms
[1930.017s][info][gc] GC(209) Pause Remark 28M->28M(29M) 23.959ms
[1930.017s][info][gc] GC(209) Concurrent Sweep
[1930.021s][info][gc] GC(209) Concurrent Sweep 3.548ms
[1930.021s][info][gc] GC(209) Concurrent Reset
[1930.021s][info][gc] GC(209) Concurrent Reset 0.022ms
[1932.024s][info][gc] GC(210) Pause Initial Mark 28M->28M(29M) 1.227ms
[1932.024s][info][gc] GC(210) Concurrent Mark
[1932.036s][info][gc] GC(210) Concurrent Mark 12.116ms
[1932.036s][info][gc] GC(210) Concurrent Preclean
[1932.037s][info][gc] GC(210) Concurrent Preclean 0.117ms
[1932.037s][info][gc] GC(210) Concurrent Abortable Preclean
[1932.037s][info][gc] GC(210) Concurrent Abortable Preclean 0.014ms
[1932.043s][info][gc] GC(210) Pause Remark 28M->28M(29M) 5.844ms
[1932.043s][info][gc] GC(210) Concurrent Sweep
[1932.046s][info][gc] GC(210) Concurrent Sweep 3.754ms
[1932.047s][info][gc] GC(210) Concurrent Reset
[1932.047s][info][gc] GC(210) Concurrent Reset 0.023ms
[1934.051s][info][gc] GC(211) Pause Initial Mark 28M->28M(29M) 0.700ms
[1934.051s][info][gc] GC(211) Concurrent Mark
[1934.068s][info][gc] GC(211) Concurrent Mark 16.751ms
[1934.068s][info][gc] GC(211) Concurrent Preclean
[1934.069s][info][gc] GC(211) Concurrent Preclean 0.451ms
[1934.069s][info][gc] GC(211) Concurrent Abortable Preclean
[1934.069s][info][gc] GC(211) Concurrent Abortable Preclean 0.070ms
[1934.078s][info][gc] GC(211) Pause Remark 28M->28M(29M) 9.190ms
[1934.079s][info][gc] GC(211) Concurrent Sweep
[1934.084s][info][gc] GC(211) Concurrent Sweep 5.184ms
[1934.084s][info][gc] GC(211) Concurrent Reset
[1934.084s][info][gc] GC(211) Concurrent Reset 0.031ms
[1936.086s][info][gc] GC(212) Pause Initial Mark 28M->28M(29M) 1.249ms
[1936.086s][info][gc] GC(212) Concurrent Mark
[1936.098s][info][gc] GC(212) Concurrent Mark 12.160ms
[1936.098s][info][gc] GC(212) Concurrent Preclean
[1936.098s][info][gc] GC(212) Concurrent Preclean 0.136ms
[1936.098s][info][gc] GC(212) Concurrent Abortable Preclean
[1936.098s][info][gc] GC(212) Concurrent Abortable Preclean 0.015ms
[1936.104s][info][gc] GC(212) Pause Remark 28M->28M(29M) 5.452ms
[1936.104s][info][gc] GC(212) Concurrent Sweep
[1936.107s][info][gc] GC(212) Concurrent Sweep 3.418ms
[1936.107s][info][gc] GC(212) Concurrent Reset
[1936.107s][info][gc] GC(212) Concurrent Reset 0.021ms
[1938.112s][info][gc] GC(213) Pause Initial Mark 28M->28M(29M) 1.229ms
[1938.112s][info][gc] GC(213) Concurrent Mark
[1938.125s][info][gc] GC(213) Concurrent Mark 12.487ms
[1938.125s][info][gc] GC(213) Concurrent Preclean
[1938.125s][info][gc] GC(213) Concurrent Preclean 0.125ms
[1938.125s][info][gc] GC(213) Concurrent Abortable Preclean
[1938.125s][info][gc] GC(213) Concurrent Abortable Preclean 0.014ms
[1938.131s][info][gc] GC(213) Pause Remark 28M->28M(29M) 5.525ms
[1938.131s][info][gc] GC(213) Concurrent Sweep
[1938.134s][info][gc] GC(213) Concurrent Sweep 3.090ms
[1938.134s][info][gc] GC(213) Concurrent Reset
[1938.134s][info][gc] GC(213) Concurrent Reset 0.019ms
[1940.137s][info][gc] GC(214) Pause Initial Mark 28M->28M(29M) 1.262ms
[1940.137s][info][gc] GC(214) Concurrent Mark
[1940.150s][info][gc] GC(214) Concurrent Mark 13.120ms
[1940.150s][info][gc] GC(214) Concurrent Preclean
[1940.150s][info][gc] GC(214) Concurrent Preclean 0.121ms
[1940.150s][info][gc] GC(214) Concurrent Abortable Preclean
[1940.150s][info][gc] GC(214) Concurrent Abortable Preclean 0.013ms
[1940.159s][info][gc] GC(214) Pause Remark 28M->28M(29M) 8.734ms
[1940.159s][info][gc] GC(214) Concurrent Sweep
[1940.162s][info][gc] GC(214) Concurrent Sweep 3.423ms
[1940.163s][info][gc] GC(214) Concurrent Reset
[1940.163s][info][gc] GC(214) Concurrent Reset 0.020ms
[1942.165s][info][gc] GC(215) Pause Initial Mark 28M->28M(29M) 1.140ms
[1942.166s][info][gc] GC(215) Concurrent Mark
[1942.179s][info][gc] GC(215) Concurrent Mark 13.547ms
[1942.179s][info][gc] GC(215) Concurrent Preclean
[1942.179s][info][gc] GC(215) Concurrent Preclean 0.123ms
[1942.179s][info][gc] GC(215) Concurrent Abortable Preclean
[1942.179s][info][gc] GC(215) Concurrent Abortable Preclean 0.014ms
[1942.187s][info][gc] GC(215) Pause Remark 28M->28M(29M) 7.271ms
[1942.187s][info][gc] GC(215) Concurrent Sweep
[1942.190s][info][gc] GC(215) Concurrent Sweep 3.558ms
[1942.191s][info][gc] GC(215) Concurrent Reset
[1942.191s][info][gc] GC(215) Concurrent Reset 0.047ms
[1944.196s][info][gc] GC(216) Pause Initial Mark 28M->28M(29M) 1.179ms
[1944.196s][info][gc] GC(216) Concurrent Mark
[1944.208s][info][gc] GC(216) Concurrent Mark 12.196ms
[1944.208s][info][gc] GC(216) Concurrent Preclean
[1944.208s][info][gc] GC(216) Concurrent Preclean 0.129ms
[1944.208s][info][gc] GC(216) Concurrent Abortable Preclean
[1944.209s][info][gc] GC(216) Concurrent Abortable Preclean 0.013ms
[1944.214s][info][gc] GC(216) Pause Remark 28M->28M(29M) 5.397ms
[1944.214s][info][gc] GC(216) Concurrent Sweep
[1944.217s][info][gc] GC(216) Concurrent Sweep 3.342ms
[1944.217s][info][gc] GC(216) Concurrent Reset
[1944.218s][info][gc] GC(216) Concurrent Reset 0.020ms
[1946.219s][info][gc] GC(217) Pause Initial Mark 28M->28M(29M) 1.442ms
[1946.219s][info][gc] GC(217) Concurrent Mark
[1946.232s][info][gc] GC(217) Concurrent Mark 12.960ms
[1946.232s][info][gc] GC(217) Concurrent Preclean
[1946.232s][info][gc] GC(217) Concurrent Preclean 0.123ms
[1946.232s][info][gc] GC(217) Concurrent Abortable Preclean
[1946.232s][info][gc] GC(217) Concurrent Abortable Preclean 0.013ms
[1946.238s][info][gc] GC(217) Pause Remark 28M->28M(29M) 5.607ms
[1946.238s][info][gc] GC(217) Concurrent Sweep
[1946.243s][info][gc] GC(217) Concurrent Sweep 4.438ms
[1946.243s][info][gc] GC(217) Concurrent Reset
[1946.243s][info][gc] GC(217) Concurrent Reset 0.033ms
[1948.245s][info][gc] GC(218) Pause Initial Mark 28M->28M(29M) 1.084ms
[1948.245s][info][gc] GC(218) Concurrent Mark
[1948.257s][info][gc] GC(218) Concurrent Mark 12.043ms
[1948.257s][info][gc] GC(218) Concurrent Preclean
[1948.257s][info][gc] GC(218) Concurrent Preclean 0.119ms
[1948.257s][info][gc] GC(218) Concurrent Abortable Preclean
[1948.257s][info][gc] GC(218) Concurrent Abortable Preclean 0.014ms
[1948.263s][info][gc] GC(218) Pause Remark 28M->28M(29M) 5.938ms
[1948.263s][info][gc] GC(218) Concurrent Sweep
[1948.267s][info][gc] GC(218) Concurrent Sweep 3.419ms
[1948.267s][info][gc] GC(218) Concurrent Reset
[1948.267s][info][gc] GC(218) Concurrent Reset 0.019ms
[1950.268s][info][gc] GC(219) Pause Initial Mark 28M->28M(29M) 1.280ms
[1950.268s][info][gc] GC(219) Concurrent Mark
[1950.281s][info][gc] GC(219) Concurrent Mark 13.167ms
[1950.281s][info][gc] GC(219) Concurrent Preclean
[1950.281s][info][gc] GC(219) Concurrent Preclean 0.120ms
[1950.281s][info][gc] GC(219) Concurrent Abortable Preclean
[1950.281s][info][gc] GC(219) Concurrent Abortable Preclean 0.014ms
[1950.290s][info][gc] GC(219) Pause Remark 28M->28M(29M) 9.182ms
[1950.291s][info][gc] GC(219) Concurrent Sweep
[1950.294s][info][gc] GC(219) Concurrent Sweep 3.538ms
[1950.294s][info][gc] GC(219) Concurrent Reset
[1950.294s][info][gc] GC(219) Concurrent Reset 0.020ms
[1952.299s][info][gc] GC(220) Pause Initial Mark 28M->28M(29M) 1.192ms
[1952.299s][info][gc] GC(220) Concurrent Mark
[1952.312s][info][gc] GC(220) Concurrent Mark 12.058ms
[1952.312s][info][gc] GC(220) Concurrent Preclean
[1952.312s][info][gc] GC(220) Concurrent Preclean 0.123ms
[1952.312s][info][gc] GC(220) Concurrent Abortable Preclean
[1952.312s][info][gc] GC(220) Concurrent Abortable Preclean 0.014ms
[1952.318s][info][gc] GC(220) Pause Remark 28M->28M(29M) 5.685ms
[1952.318s][info][gc] GC(220) Concurrent Sweep
[1952.321s][info][gc] GC(220) Concurrent Sweep 3.307ms
[1952.321s][info][gc] GC(220) Concurrent Reset
[1952.321s][info][gc] GC(220) Concurrent Reset 0.019ms
[1954.322s][info][gc] GC(221) Pause Initial Mark 28M->28M(29M) 0.999ms
[1954.322s][info][gc] GC(221) Concurrent Mark
[1954.334s][info][gc] GC(221) Concurrent Mark 12.086ms
[1954.334s][info][gc] GC(221) Concurrent Preclean
[1954.334s][info][gc] GC(221) Concurrent Preclean 0.148ms
[1954.334s][info][gc] GC(221) Concurrent Abortable Preclean
[1954.334s][info][gc] GC(221) Concurrent Abortable Preclean 0.014ms
[1954.340s][info][gc] GC(221) Pause Remark 28M->28M(29M) 5.735ms
[1954.340s][info][gc] GC(221) Concurrent Sweep
[1954.343s][info][gc] GC(221) Concurrent Sweep 3.290ms
[1954.343s][info][gc] GC(221) Concurrent Reset
[1954.343s][info][gc] GC(221) Concurrent Reset 0.021ms
[1956.346s][info][gc] GC(222) Pause Initial Mark 28M->28M(29M) 1.154ms
[1956.346s][info][gc] GC(222) Concurrent Mark
[1956.359s][info][gc] GC(222) Concurrent Mark 12.453ms
[1956.359s][info][gc] GC(222) Concurrent Preclean
[1956.359s][info][gc] GC(222) Concurrent Preclean 0.119ms
[1956.359s][info][gc] GC(222) Concurrent Abortable Preclean
[1956.359s][info][gc] GC(222) Concurrent Abortable Preclean 0.014ms
[1956.364s][info][gc] GC(222) Pause Remark 28M->28M(29M) 5.416ms
[1956.365s][info][gc] GC(222) Concurrent Sweep
[1956.368s][info][gc] GC(222) Concurrent Sweep 3.327ms
[1956.368s][info][gc] GC(222) Concurrent Reset
[1956.368s][info][gc] GC(222) Concurrent Reset 0.020ms
[1958.371s][info][gc] GC(223) Pause Initial Mark 28M->28M(29M) 1.381ms
[1958.371s][info][gc] GC(223) Concurrent Mark
[1958.383s][info][gc] GC(223) Concurrent Mark 11.969ms
[1958.383s][info][gc] GC(223) Concurrent Preclean
[1958.383s][info][gc] GC(223) Concurrent Preclean 0.136ms
[1958.383s][info][gc] GC(223) Concurrent Abortable Preclean
[1958.383s][info][gc] GC(223) Concurrent Abortable Preclean 0.015ms
[1958.389s][info][gc] GC(223) Pause Remark 28M->28M(29M) 5.787ms
[1958.389s][info][gc] GC(223) Concurrent Sweep
[1958.393s][info][gc] GC(223) Concurrent Sweep 3.318ms
[1958.393s][info][gc] GC(223) Concurrent Reset
[1958.393s][info][gc] GC(223) Concurrent Reset 0.021ms
[1960.394s][info][gc] GC(224) Pause Initial Mark 28M->28M(29M) 1.191ms
[1960.395s][info][gc] GC(224) Concurrent Mark
[1960.407s][info][gc] GC(224) Concurrent Mark 12.176ms
[1960.407s][info][gc] GC(224) Concurrent Preclean
[1960.407s][info][gc] GC(224) Concurrent Preclean 0.120ms
[1960.407s][info][gc] GC(224) Concurrent Abortable Preclean
[1960.407s][info][gc] GC(224) Concurrent Abortable Preclean 0.014ms
[1960.413s][info][gc] GC(224) Pause Remark 28M->28M(29M) 5.465ms
[1960.413s][info][gc] GC(224) Concurrent Sweep
[1960.416s][info][gc] GC(224) Concurrent Sweep 3.248ms
[1960.416s][info][gc] GC(224) Concurrent Reset
[1960.416s][info][gc] GC(224) Concurrent Reset 0.019ms
[1962.423s][info][gc] GC(225) Pause Initial Mark 28M->28M(29M) 1.631ms
[1962.423s][info][gc] GC(225) Concurrent Mark
[1962.439s][info][gc] GC(225) Concurrent Mark 15.626ms
[1962.439s][info][gc] GC(225) Concurrent Preclean
[1962.439s][info][gc] GC(225) Concurrent Preclean 0.113ms
[1962.439s][info][gc] GC(225) Concurrent Abortable Preclean
[1962.439s][info][gc] GC(225) Concurrent Abortable Preclean 0.012ms
[1962.444s][info][gc] GC(225) Pause Remark 28M->28M(29M) 5.064ms
[1962.444s][info][gc] GC(225) Concurrent Sweep
[1962.447s][info][gc] GC(225) Concurrent Sweep 3.265ms
[1962.447s][info][gc] GC(225) Concurrent Reset
[1962.448s][info][gc] GC(225) Concurrent Reset 0.020ms
[1964.450s][info][gc] GC(226) Pause Initial Mark 28M->28M(29M) 1.459ms
[1964.450s][info][gc] GC(226) Concurrent Mark
[1964.466s][info][gc] GC(226) Concurrent Mark 15.577ms
[1964.466s][info][gc] GC(226) Concurrent Preclean
[1964.466s][info][gc] GC(226) Concurrent Preclean 0.127ms
[1964.466s][info][gc] GC(226) Concurrent Abortable Preclean
[1964.466s][info][gc] GC(226) Concurrent Abortable Preclean 0.013ms
[1964.471s][info][gc] GC(226) Pause Remark 28M->28M(29M) 5.316ms
[1964.471s][info][gc] GC(226) Concurrent Sweep
[1964.475s][info][gc] GC(226) Concurrent Sweep 3.250ms
[1964.475s][info][gc] GC(226) Concurrent Reset
[1964.475s][info][gc] GC(226) Concurrent Reset 0.020ms
[1966.475s][info][gc] GC(227) Pause Initial Mark 28M->28M(29M) 1.232ms
[1966.476s][info][gc] GC(227) Concurrent Mark
[1966.488s][info][gc] GC(227) Concurrent Mark 12.185ms
[1966.488s][info][gc] GC(227) Concurrent Preclean
[1966.488s][info][gc] GC(227) Concurrent Preclean 0.119ms
[1966.488s][info][gc] GC(227) Concurrent Abortable Preclean
[1966.488s][info][gc] GC(227) Concurrent Abortable Preclean 0.014ms
[1966.494s][info][gc] GC(227) Pause Remark 28M->28M(29M) 5.667ms
[1966.494s][info][gc] GC(227) Concurrent Sweep
[1966.497s][info][gc] GC(227) Concurrent Sweep 3.141ms
[1966.497s][info][gc] GC(227) Concurrent Reset
[1966.497s][info][gc] GC(227) Concurrent Reset 0.019ms
[1968.503s][info][gc] GC(228) Pause Initial Mark 28M->28M(29M) 1.037ms
[1968.504s][info][gc] GC(228) Concurrent Mark
[1968.516s][info][gc] GC(228) Concurrent Mark 11.275ms
[1968.516s][info][gc] GC(228) Concurrent Preclean
[1968.516s][info][gc] GC(228) Concurrent Preclean 0.125ms
[1968.516s][info][gc] GC(228) Concurrent Abortable Preclean
[1968.516s][info][gc] GC(228) Concurrent Abortable Preclean 0.014ms
[1968.522s][info][gc] GC(228) Pause Remark 28M->28M(29M) 5.751ms
[1968.522s][info][gc] GC(228) Concurrent Sweep
[1968.525s][info][gc] GC(228) Concurrent Sweep 3.264ms
[1968.525s][info][gc] GC(228) Concurrent Reset
[1968.525s][info][gc] GC(228) Concurrent Reset 0.019ms
[1970.529s][info][gc] GC(229) Pause Initial Mark 28M->28M(29M) 1.101ms
[1970.529s][info][gc] GC(229) Concurrent Mark
[1970.546s][info][gc] GC(229) Concurrent Mark 17.046ms
[1970.546s][info][gc] GC(229) Concurrent Preclean
[1970.546s][info][gc] GC(229) Concurrent Preclean 0.154ms
[1970.546s][info][gc] GC(229) Concurrent Abortable Preclean
[1970.546s][info][gc] GC(229) Concurrent Abortable Preclean 0.013ms
[1970.555s][info][gc] GC(229) Pause Remark 28M->28M(29M) 9.124ms
[1970.555s][info][gc] GC(229) Concurrent Sweep
[1970.560s][info][gc] GC(229) Concurrent Sweep 4.141ms
[1970.560s][info][gc] GC(229) Concurrent Reset
[1970.560s][info][gc] GC(229) Concurrent Reset 0.045ms
[1972.561s][info][gc] GC(230) Pause Initial Mark 28M->28M(29M) 1.265ms
[1972.561s][info][gc] GC(230) Concurrent Mark
[1972.587s][info][gc] GC(230) Concurrent Mark 25.924ms
[1972.587s][info][gc] GC(230) Concurrent Preclean
[1972.587s][info][gc] GC(230) Concurrent Preclean 0.201ms
[1972.587s][info][gc] GC(230) Concurrent Abortable Preclean
[1972.587s][info][gc] GC(230) Concurrent Abortable Preclean 0.017ms
[1972.599s][info][gc] GC(230) Pause Remark 28M->28M(29M) 12.445ms
[1972.600s][info][gc] GC(230) Concurrent Sweep
[1972.604s][info][gc] GC(230) Concurrent Sweep 4.805ms
[1972.604s][info][gc] GC(230) Concurrent Reset
[1972.604s][info][gc] GC(230) Concurrent Reset 0.030ms
[1974.243s][info][gc] GC(232) Pause Full (Allocation Failure) 28M->26M(29M) 34.662ms
[1974.244s][info][gc] GC(231) Pause Young (Allocation Failure) 28M->26M(29M) 35.609ms
[1974.245s][info][gc] GC(233) Pause Initial Mark 27M->27M(29M) 0.621ms
[1974.245s][info][gc] GC(233) Concurrent Mark
[1974.261s][info][gc] GC(233) Concurrent Mark 15.766ms
[1974.262s][info][gc] GC(233) Concurrent Preclean
[1974.271s][info][gc] GC(233) Concurrent Preclean 9.122ms
[1974.271s][info][gc] GC(233) Concurrent Abortable Preclean
[1974.271s][info][gc] GC(233) Concurrent Abortable Preclean 0.010ms
[1974.278s][info][gc] GC(233) Pause Remark 27M->27M(29M) 6.304ms
[1974.278s][info][gc] GC(233) Concurrent Sweep
[1974.282s][info][gc] GC(233) Concurrent Sweep 3.278ms
[1974.282s][info][gc] GC(233) Concurrent Reset
[1974.282s][info][gc] GC(233) Concurrent Reset 0.020ms
[1975.058s][info][gc] GC(235) Pause Full (Allocation Failure) 27M->27M(29M) 39.341ms
[1975.058s][info][gc] GC(234) Pause Young (Allocation Failure) 27M->27M(29M) 39.483ms
[1975.088s][info][gc] GC(236) Pause Full (Allocation Failure) 27M->27M(29M) 30.332ms
[1975.089s][info][gc] GC(237) Pause Initial Mark 27M->27M(29M) 0.584ms
[1975.089s][info][gc] GC(237) Concurrent Mark
[1975.103s][info][gc] GC(237) Concurrent Mark 13.585ms
[1975.103s][info][gc] GC(237) Concurrent Preclean
[1975.119s][info][gc] GC(237) Concurrent Preclean 15.889ms
[1975.119s][info][gc] GC(237) Concurrent Abortable Preclean
[1975.119s][info][gc] GC(237) Concurrent Abortable Preclean 0.018ms
[1975.130s][info][gc] GC(237) Pause Remark 27M->27M(29M) 11.152ms
[1975.132s][info][gc] GC(237) Concurrent Sweep
[1975.136s][info][gc] GC(237) Concurrent Sweep 4.162ms
[1975.137s][info][gc] GC(237) Concurrent Reset
[1975.137s][info][gc] GC(237) Concurrent Reset 0.032ms
[1977.137s][info][gc] GC(238) Pause Initial Mark 27M->27M(29M) 0.793ms
[1977.137s][info][gc] GC(238) Concurrent Mark
[1977.149s][info][gc] GC(238) Concurrent Mark 11.488ms
[1977.149s][info][gc] GC(238) Concurrent Preclean
[1977.149s][info][gc] GC(238) Concurrent Preclean 0.167ms
[1977.149s][info][gc] GC(238) Concurrent Abortable Preclean
[1977.149s][info][gc] GC(238) Concurrent Abortable Preclean 0.011ms
[1977.162s][info][gc] GC(238) Pause Remark 27M->27M(29M) 12.196ms
[1977.162s][info][gc] GC(238) Concurrent Sweep
[1977.166s][info][gc] GC(238) Concurrent Sweep 4.119ms
[1977.166s][info][gc] GC(238) Concurrent Reset
[1977.166s][info][gc] GC(238) Concurrent Reset 0.018ms
[1979.167s][info][gc] GC(239) Pause Initial Mark 27M->27M(29M) 1.415ms
[1979.167s][info][gc] GC(239) Concurrent Mark
[1979.190s][info][gc] GC(239) Concurrent Mark 22.712ms
[1979.190s][info][gc] GC(239) Concurrent Preclean
[1979.190s][info][gc] GC(239) Concurrent Preclean 0.191ms
[1979.190s][info][gc] GC(239) Concurrent Abortable Preclean
[1979.190s][info][gc] GC(239) Concurrent Abortable Preclean 0.014ms
[1979.213s][info][gc] GC(239) Pause Remark 27M->27M(29M) 22.629ms
[1979.213s][info][gc] GC(239) Concurrent Sweep
[1979.217s][info][gc] GC(239) Concurrent Sweep 3.753ms
[1979.217s][info][gc] GC(239) Concurrent Reset
[1979.217s][info][gc] GC(239) Concurrent Reset 0.019ms
[1981.217s][info][gc] GC(240) Pause Initial Mark 27M->27M(29M) 0.637ms
[1981.217s][info][gc] GC(240) Concurrent Mark
[1981.229s][info][gc] GC(240) Concurrent Mark 12.300ms
[1981.230s][info][gc] GC(240) Concurrent Preclean
[1981.230s][info][gc] GC(240) Concurrent Preclean 0.121ms
[1981.230s][info][gc] GC(240) Concurrent Abortable Preclean
[1981.230s][info][gc] GC(240) Concurrent Abortable Preclean 0.010ms
[1981.237s][info][gc] GC(240) Pause Remark 27M->27M(29M) 7.358ms
[1981.237s][info][gc] GC(240) Concurrent Sweep
[1981.241s][info][gc] GC(240) Concurrent Sweep 3.508ms
[1981.241s][info][gc] GC(240) Concurrent Reset
[1981.241s][info][gc] GC(240) Concurrent Reset 0.025ms
[1983.242s][info][gc] GC(241) Pause Initial Mark 27M->27M(29M) 0.856ms
[1983.242s][info][gc] GC(241) Concurrent Mark
[1983.258s][info][gc] GC(241) Concurrent Mark 15.674ms
[1983.258s][info][gc] GC(241) Concurrent Preclean
[1983.258s][info][gc] GC(241) Concurrent Preclean 0.357ms
[1983.258s][info][gc] GC(241) Concurrent Abortable Preclean
[1983.258s][info][gc] GC(241) Concurrent Abortable Preclean 0.027ms
[1983.268s][info][gc] GC(241) Pause Remark 27M->27M(29M) 8.993ms
[1983.268s][info][gc] GC(241) Concurrent Sweep
[1983.271s][info][gc] GC(241) Concurrent Sweep 3.092ms
[1983.271s][info][gc] GC(241) Concurrent Reset
[1983.271s][info][gc] GC(241) Concurrent Reset 0.017ms
[1985.274s][info][gc] GC(242) Pause Initial Mark 27M->27M(29M) 0.934ms
[1985.274s][info][gc] GC(242) Concurrent Mark
[1985.286s][info][gc] GC(242) Concurrent Mark 12.182ms
[1985.286s][info][gc] GC(242) Concurrent Preclean
[1985.287s][info][gc] GC(242) Concurrent Preclean 0.140ms
[1985.287s][info][gc] GC(242) Concurrent Abortable Preclean
[1985.287s][info][gc] GC(242) Concurrent Abortable Preclean 0.011ms
[1985.295s][info][gc] GC(242) Pause Remark 27M->27M(29M) 7.967ms
[1985.295s][info][gc] GC(242) Concurrent Sweep
[1985.298s][info][gc] GC(242) Concurrent Sweep 3.146ms
[1985.298s][info][gc] GC(242) Concurrent Reset
[1985.298s][info][gc] GC(242) Concurrent Reset 0.021ms
[1987.301s][info][gc] GC(243) Pause Initial Mark 27M->27M(29M) 0.995ms
[1987.301s][info][gc] GC(243) Concurrent Mark
[1987.313s][info][gc] GC(243) Concurrent Mark 11.691ms
[1987.313s][info][gc] GC(243) Concurrent Preclean
[1987.313s][info][gc] GC(243) Concurrent Preclean 0.117ms
[1987.313s][info][gc] GC(243) Concurrent Abortable Preclean
[1987.313s][info][gc] GC(243) Concurrent Abortable Preclean 0.011ms
[1987.319s][info][gc] GC(243) Pause Remark 27M->27M(29M) 5.866ms
[1987.319s][info][gc] GC(243) Concurrent Sweep
[1987.322s][info][gc] GC(243) Concurrent Sweep 3.133ms
[1987.322s][info][gc] GC(243) Concurrent Reset
[1987.322s][info][gc] GC(243) Concurrent Reset 0.016ms
[1989.327s][info][gc] GC(244) Pause Initial Mark 27M->27M(29M) 2.229ms
[1989.327s][info][gc] GC(244) Concurrent Mark
[1989.341s][info][gc] GC(244) Concurrent Mark 14.178ms
[1989.341s][info][gc] GC(244) Concurrent Preclean
[1989.341s][info][gc] GC(244) Concurrent Preclean 0.179ms
[1989.341s][info][gc] GC(244) Concurrent Abortable Preclean
[1989.341s][info][gc] GC(244) Concurrent Abortable Preclean 0.016ms
[1989.349s][info][gc] GC(244) Pause Remark 27M->27M(29M) 7.823ms
[1989.349s][info][gc] GC(244) Concurrent Sweep
[1989.353s][info][gc] GC(244) Concurrent Sweep 3.436ms
[1989.353s][info][gc] GC(244) Concurrent Reset
[1989.353s][info][gc] GC(244) Concurrent Reset 0.026ms
[1991.355s][info][gc] GC(245) Pause Initial Mark 27M->27M(29M) 1.131ms
[1991.355s][info][gc] GC(245) Concurrent Mark
[1991.367s][info][gc] GC(245) Concurrent Mark 12.009ms
[1991.367s][info][gc] GC(245) Concurrent Preclean
[1991.367s][info][gc] GC(245) Concurrent Preclean 0.148ms
[1991.368s][info][gc] GC(245) Concurrent Abortable Preclean
[1991.368s][info][gc] GC(245) Concurrent Abortable Preclean 0.012ms
[1991.377s][info][gc] GC(245) Pause Remark 27M->27M(29M) 9.170ms
[1991.377s][info][gc] GC(245) Concurrent Sweep
[1991.381s][info][gc] GC(245) Concurrent Sweep 3.946ms
[1991.381s][info][gc] GC(245) Concurrent Reset
[1991.381s][info][gc] GC(245) Concurrent Reset 0.022ms
[1993.386s][info][gc] GC(246) Pause Initial Mark 27M->27M(29M) 1.095ms
[1993.386s][info][gc] GC(246) Concurrent Mark
[1993.398s][info][gc] GC(246) Concurrent Mark 12.143ms
[1993.398s][info][gc] GC(246) Concurrent Preclean
[1993.398s][info][gc] GC(246) Concurrent Preclean 0.133ms
[1993.398s][info][gc] GC(246) Concurrent Abortable Preclean
[1993.398s][info][gc] GC(246) Concurrent Abortable Preclean 0.012ms
[1993.404s][info][gc] GC(246) Pause Remark 27M->27M(29M) 5.728ms
[1993.404s][info][gc] GC(246) Concurrent Sweep
[1993.408s][info][gc] GC(246) Concurrent Sweep 3.299ms
[1993.408s][info][gc] GC(246) Concurrent Reset
[1993.408s][info][gc] GC(246) Concurrent Reset 0.018ms
[1995.409s][info][gc] GC(247) Pause Initial Mark 27M->27M(29M) 1.277ms
[1995.410s][info][gc] GC(247) Concurrent Mark
[1995.422s][info][gc] GC(247) Concurrent Mark 11.952ms
[1995.422s][info][gc] GC(247) Concurrent Preclean
[1995.422s][info][gc] GC(247) Concurrent Preclean 0.137ms
[1995.422s][info][gc] GC(247) Concurrent Abortable Preclean
[1995.422s][info][gc] GC(247) Concurrent Abortable Preclean 0.012ms
[1995.428s][info][gc] GC(247) Pause Remark 27M->27M(29M) 5.781ms
[1995.428s][info][gc] GC(247) Concurrent Sweep
[1995.431s][info][gc] GC(247) Concurrent Sweep 3.487ms
[1995.431s][info][gc] GC(247) Concurrent Reset
[1995.431s][info][gc] GC(247) Concurrent Reset 0.023ms
[1997.434s][info][gc] GC(248) Pause Initial Mark 27M->27M(29M) 1.074ms
[1997.434s][info][gc] GC(248) Concurrent Mark
[1997.446s][info][gc] GC(248) Concurrent Mark 11.959ms
[1997.446s][info][gc] GC(248) Concurrent Preclean
[1997.446s][info][gc] GC(248) Concurrent Preclean 0.135ms
[1997.446s][info][gc] GC(248) Concurrent Abortable Preclean
[1997.446s][info][gc] GC(248) Concurrent Abortable Preclean 0.013ms
[1997.452s][info][gc] GC(248) Pause Remark 27M->27M(29M) 5.827ms
[1997.452s][info][gc] GC(248) Concurrent Sweep
[1997.456s][info][gc] GC(248) Concurrent Sweep 3.269ms
[1997.456s][info][gc] GC(248) Concurrent Reset
[1997.456s][info][gc] GC(248) Concurrent Reset 0.018ms
[1999.457s][info][gc] GC(249) Pause Initial Mark 27M->27M(29M) 0.655ms
[1999.457s][info][gc] GC(249) Concurrent Mark
[1999.468s][info][gc] GC(249) Concurrent Mark 10.764ms
[1999.468s][info][gc] GC(249) Concurrent Preclean
[1999.468s][info][gc] GC(249) Concurrent Preclean 0.099ms
[1999.468s][info][gc] GC(249) Concurrent Abortable Preclean
[1999.468s][info][gc] GC(249) Concurrent Abortable Preclean 0.009ms
[1999.476s][info][gc] GC(249) Pause Remark 27M->27M(29M) 7.690ms
[1999.476s][info][gc] GC(249) Concurrent Sweep
[1999.479s][info][gc] GC(249) Concurrent Sweep 3.038ms
[1999.479s][info][gc] GC(249) Concurrent Reset
[1999.479s][info][gc] GC(249) Concurrent Reset 0.017ms
[2001.480s][info][gc] GC(250) Pause Initial Mark 27M->27M(29M) 1.067ms
[2001.481s][info][gc] GC(250) Concurrent Mark
[2001.494s][info][gc] GC(250) Concurrent Mark 13.329ms
[2001.494s][info][gc] GC(250) Concurrent Preclean
[2001.494s][info][gc] GC(250) Concurrent Preclean 0.122ms
[2001.494s][info][gc] GC(250) Concurrent Abortable Preclean
[2001.494s][info][gc] GC(250) Concurrent Abortable Preclean 0.014ms
[2001.500s][info][gc] GC(250) Pause Remark 27M->27M(29M) 5.703ms
[2001.500s][info][gc] GC(250) Concurrent Sweep
[2001.503s][info][gc] GC(250) Concurrent Sweep 3.248ms
[2001.503s][info][gc] GC(250) Concurrent Reset
[2001.503s][info][gc] GC(250) Concurrent Reset 0.020ms
[2003.505s][info][gc] GC(251) Pause Initial Mark 27M->27M(29M) 1.110ms
[2003.505s][info][gc] GC(251) Concurrent Mark
[2003.517s][info][gc] GC(251) Concurrent Mark 11.884ms
[2003.517s][info][gc] GC(251) Concurrent Preclean
[2003.517s][info][gc] GC(251) Concurrent Preclean 0.135ms
[2003.517s][info][gc] GC(251) Concurrent Abortable Preclean
[2003.517s][info][gc] GC(251) Concurrent Abortable Preclean 0.013ms
[2003.523s][info][gc] GC(251) Pause Remark 27M->27M(29M) 5.571ms
[2003.523s][info][gc] GC(251) Concurrent Sweep
[2003.526s][info][gc] GC(251) Concurrent Sweep 3.271ms
[2003.526s][info][gc] GC(251) Concurrent Reset
[2003.526s][info][gc] GC(251) Concurrent Reset 0.020ms
[2005.528s][info][gc] GC(252) Pause Initial Mark 27M->27M(29M) 1.110ms
[2005.528s][info][gc] GC(252) Concurrent Mark
[2005.540s][info][gc] GC(252) Concurrent Mark 11.950ms
[2005.540s][info][gc] GC(252) Concurrent Preclean
[2005.540s][info][gc] GC(252) Concurrent Preclean 0.136ms
[2005.540s][info][gc] GC(252) Concurrent Abortable Preclean
[2005.540s][info][gc] GC(252) Concurrent Abortable Preclean 0.015ms
[2005.546s][info][gc] GC(252) Pause Remark 27M->27M(29M) 5.699ms
[2005.546s][info][gc] GC(252) Concurrent Sweep
[2005.549s][info][gc] GC(252) Concurrent Sweep 3.245ms
[2005.549s][info][gc] GC(252) Concurrent Reset
[2005.549s][info][gc] GC(252) Concurrent Reset 0.020ms
[2007.550s][info][gc] GC(253) Pause Initial Mark 27M->27M(29M) 1.388ms
[2007.550s][info][gc] GC(253) Concurrent Mark
[2007.560s][info][gc] GC(253) Concurrent Mark 9.193ms
[2007.560s][info][gc] GC(253) Concurrent Preclean
[2007.560s][info][gc] GC(253) Concurrent Preclean 0.136ms
[2007.560s][info][gc] GC(253) Concurrent Abortable Preclean
[2007.560s][info][gc] GC(253) Concurrent Abortable Preclean 0.043ms
[2007.566s][info][gc] GC(253) Pause Remark 27M->27M(29M) 6.112ms
[2007.566s][info][gc] GC(253) Concurrent Sweep
[2007.569s][info][gc] GC(253) Concurrent Sweep 3.009ms
[2007.569s][info][gc] GC(253) Concurrent Reset
[2007.569s][info][gc] GC(253) Concurrent Reset 0.019ms
[2009.575s][info][gc] GC(254) Pause Initial Mark 27M->27M(29M) 1.037ms
[2009.575s][info][gc] GC(254) Concurrent Mark
[2009.587s][info][gc] GC(254) Concurrent Mark 12.040ms
[2009.587s][info][gc] GC(254) Concurrent Preclean
[2009.587s][info][gc] GC(254) Concurrent Preclean 0.121ms
[2009.587s][info][gc] GC(254) Concurrent Abortable Preclean
[2009.587s][info][gc] GC(254) Concurrent Abortable Preclean 0.013ms
[2009.593s][info][gc] GC(254) Pause Remark 27M->27M(29M) 5.633ms
[2009.593s][info][gc] GC(254) Concurrent Sweep
[2009.596s][info][gc] GC(254) Concurrent Sweep 3.284ms
[2009.596s][info][gc] GC(254) Concurrent Reset
[2009.596s][info][gc] GC(254) Concurrent Reset 0.021ms
[2011.598s][info][gc] GC(255) Pause Initial Mark 27M->27M(29M) 0.900ms
[2011.598s][info][gc] GC(255) Concurrent Mark
[2011.611s][info][gc] GC(255) Concurrent Mark 13.436ms
[2011.612s][info][gc] GC(255) Concurrent Preclean
[2011.612s][info][gc] GC(255) Concurrent Preclean 0.137ms
[2011.612s][info][gc] GC(255) Concurrent Abortable Preclean
[2011.612s][info][gc] GC(255) Concurrent Abortable Preclean 0.014ms
[2011.617s][info][gc] GC(255) Pause Remark 27M->27M(29M) 5.637ms
[2011.618s][info][gc] GC(255) Concurrent Sweep
[2011.621s][info][gc] GC(255) Concurrent Sweep 3.290ms
[2011.621s][info][gc] GC(255) Concurrent Reset
[2011.621s][info][gc] GC(255) Concurrent Reset 0.044ms
[2013.627s][info][gc] GC(256) Pause Initial Mark 27M->27M(29M) 1.235ms
[2013.628s][info][gc] GC(256) Concurrent Mark
[2013.639s][info][gc] GC(256) Concurrent Mark 11.820ms
[2013.639s][info][gc] GC(256) Concurrent Preclean
[2013.640s][info][gc] GC(256) Concurrent Preclean 0.128ms
[2013.640s][info][gc] GC(256) Concurrent Abortable Preclean
[2013.640s][info][gc] GC(256) Concurrent Abortable Preclean 0.014ms
[2013.647s][info][gc] GC(256) Pause Remark 27M->27M(29M) 7.333ms
[2013.647s][info][gc] GC(256) Concurrent Sweep
[2013.650s][info][gc] GC(256) Concurrent Sweep 3.313ms
[2013.650s][info][gc] GC(256) Concurrent Reset
[2013.650s][info][gc] GC(256) Concurrent Reset 0.019ms
[2015.652s][info][gc] GC(257) Pause Initial Mark 27M->27M(29M) 0.801ms
[2015.652s][info][gc] GC(257) Concurrent Mark
[2015.664s][info][gc] GC(257) Concurrent Mark 11.322ms
[2015.664s][info][gc] GC(257) Concurrent Preclean
[2015.664s][info][gc] GC(257) Concurrent Preclean 0.120ms
[2015.664s][info][gc] GC(257) Concurrent Abortable Preclean
[2015.664s][info][gc] GC(257) Concurrent Abortable Preclean 0.014ms
[2015.674s][info][gc] GC(257) Pause Remark 27M->27M(29M) 10.087ms
[2015.674s][info][gc] GC(257) Concurrent Sweep
[2015.678s][info][gc] GC(257) Concurrent Sweep 4.013ms
[2015.678s][info][gc] GC(257) Concurrent Reset
[2015.678s][info][gc] GC(257) Concurrent Reset 0.021ms
[2017.684s][info][gc] GC(258) Pause Initial Mark 27M->27M(29M) 1.091ms
[2017.684s][info][gc] GC(258) Concurrent Mark
[2017.696s][info][gc] GC(258) Concurrent Mark 12.733ms
[2017.696s][info][gc] GC(258) Concurrent Preclean
[2017.697s][info][gc] GC(258) Concurrent Preclean 0.122ms
[2017.697s][info][gc] GC(258) Concurrent Abortable Preclean
[2017.697s][info][gc] GC(258) Concurrent Abortable Preclean 0.013ms
[2017.704s][info][gc] GC(258) Pause Remark 27M->27M(29M) 6.776ms
[2017.704s][info][gc] GC(258) Concurrent Sweep
[2017.707s][info][gc] GC(258) Concurrent Sweep 3.269ms
[2017.707s][info][gc] GC(258) Concurrent Reset
[2017.707s][info][gc] GC(258) Concurrent Reset 0.020ms
[2019.708s][info][gc] GC(259) Pause Initial Mark 27M->27M(29M) 1.057ms
[2019.708s][info][gc] GC(259) Concurrent Mark
[2019.720s][info][gc] GC(259) Concurrent Mark 11.599ms
[2019.720s][info][gc] GC(259) Concurrent Preclean
[2019.720s][info][gc] GC(259) Concurrent Preclean 0.134ms
[2019.720s][info][gc] GC(259) Concurrent Abortable Preclean
[2019.720s][info][gc] GC(259) Concurrent Abortable Preclean 0.015ms
[2019.726s][info][gc] GC(259) Pause Remark 27M->27M(29M) 5.753ms
[2019.726s][info][gc] GC(259) Concurrent Sweep
[2019.729s][info][gc] GC(259) Concurrent Sweep 3.006ms
[2019.729s][info][gc] GC(259) Concurrent Reset
[2019.729s][info][gc] GC(259) Concurrent Reset 0.018ms
[2021.732s][info][gc] GC(260) Pause Initial Mark 27M->27M(29M) 0.691ms
[2021.732s][info][gc] GC(260) Concurrent Mark
[2021.744s][info][gc] GC(260) Concurrent Mark 12.239ms
[2021.745s][info][gc] GC(260) Concurrent Preclean
[2021.745s][info][gc] GC(260) Concurrent Preclean 0.176ms
[2021.745s][info][gc] GC(260) Concurrent Abortable Preclean
[2021.745s][info][gc] GC(260) Concurrent Abortable Preclean 0.019ms
[2021.755s][info][gc] GC(260) Pause Remark 27M->27M(29M) 9.712ms
[2021.755s][info][gc] GC(260) Concurrent Sweep
[2021.759s][info][gc] GC(260) Concurrent Sweep 4.168ms
[2021.759s][info][gc] GC(260) Concurrent Reset
[2021.759s][info][gc] GC(260) Concurrent Reset 0.038ms
[2023.761s][info][gc] GC(261) Pause Initial Mark 27M->27M(29M) 2.811ms
[2023.762s][info][gc] GC(261) Concurrent Mark
[2023.773s][info][gc] GC(261) Concurrent Mark 11.257ms
[2023.773s][info][gc] GC(261) Concurrent Preclean
[2023.773s][info][gc] GC(261) Concurrent Preclean 0.141ms
[2023.773s][info][gc] GC(261) Concurrent Abortable Preclean
[2023.773s][info][gc] GC(261) Concurrent Abortable Preclean 0.018ms
[2023.782s][info][gc] GC(261) Pause Remark 27M->27M(29M) 8.735ms
[2023.782s][info][gc] GC(261) Concurrent Sweep
[2023.786s][info][gc] GC(261) Concurrent Sweep 4.179ms
[2023.786s][info][gc] GC(261) Concurrent Reset
[2023.786s][info][gc] GC(261) Concurrent Reset 0.020ms
[2025.787s][info][gc] GC(262) Pause Initial Mark 27M->27M(29M) 0.822ms
[2025.787s][info][gc] GC(262) Concurrent Mark
[2025.801s][info][gc] GC(262) Concurrent Mark 13.837ms
[2025.801s][info][gc] GC(262) Concurrent Preclean
[2025.801s][info][gc] GC(262) Concurrent Preclean 0.136ms
[2025.801s][info][gc] GC(262) Concurrent Abortable Preclean
[2025.801s][info][gc] GC(262) Concurrent Abortable Preclean 0.022ms
[2025.812s][info][gc] GC(262) Pause Remark 27M->27M(29M) 9.703ms
[2025.812s][info][gc] GC(262) Concurrent Sweep
[2025.815s][info][gc] GC(262) Concurrent Sweep 3.651ms
[2025.815s][info][gc] GC(262) Concurrent Reset
[2025.815s][info][gc] GC(262) Concurrent Reset 0.028ms
[2026.283s][info][gc] GC(264) Pause Full (Allocation Failure) 27M->27M(29M) 30.731ms
[2026.283s][info][gc] GC(263) Pause Young (Allocation Failure) 27M->27M(29M) 30.828ms
[2026.308s][info][gc] GC(265) Pause Full (Allocation Failure) 27M->27M(29M) 24.917ms
[2026.308s][info][gc] GC(266) Pause Initial Mark 27M->27M(29M) 0.438ms
[2026.308s][info][gc] GC(266) Concurrent Mark
[2026.318s][info][gc] GC(266) Concurrent Mark 9.245ms
[2026.318s][info][gc] GC(266) Concurrent Preclean
[2026.327s][info][gc] GC(266) Concurrent Preclean 8.955ms
[2026.327s][info][gc] GC(266) Concurrent Abortable Preclean
[2026.327s][info][gc] GC(266) Concurrent Abortable Preclean 0.017ms
[2026.335s][info][gc] GC(266) Pause Remark 27M->27M(29M) 8.020ms
[2026.335s][info][gc] GC(266) Concurrent Sweep
[2026.339s][info][gc] GC(266) Concurrent Sweep 3.613ms
[2026.339s][info][gc] GC(266) Concurrent Reset
[2026.339s][info][gc] GC(266) Concurrent Reset 0.022ms
[2028.343s][info][gc] GC(267) Pause Initial Mark 27M->27M(29M) 1.082ms
[2028.343s][info][gc] GC(267) Concurrent Mark
[2028.355s][info][gc] GC(267) Concurrent Mark 12.159ms
[2028.355s][info][gc] GC(267) Concurrent Preclean
[2028.355s][info][gc] GC(267) Concurrent Preclean 0.121ms
[2028.355s][info][gc] GC(267) Concurrent Abortable Preclean
[2028.355s][info][gc] GC(267) Concurrent Abortable Preclean 0.014ms
[2028.361s][info][gc] GC(267) Pause Remark 27M->27M(29M) 5.475ms
[2028.361s][info][gc] GC(267) Concurrent Sweep
[2028.364s][info][gc] GC(267) Concurrent Sweep 3.262ms
[2028.364s][info][gc] GC(267) Concurrent Reset
[2028.364s][info][gc] GC(267) Concurrent Reset 0.020ms
[2030.366s][info][gc] GC(268) Pause Initial Mark 27M->27M(29M) 1.067ms
[2030.366s][info][gc] GC(268) Concurrent Mark
[2030.378s][info][gc] GC(268) Concurrent Mark 12.080ms
[2030.378s][info][gc] GC(268) Concurrent Preclean
[2030.378s][info][gc] GC(268) Concurrent Preclean 0.136ms
[2030.378s][info][gc] GC(268) Concurrent Abortable Preclean
[2030.378s][info][gc] GC(268) Concurrent Abortable Preclean 0.015ms
[2030.384s][info][gc] GC(268) Pause Remark 27M->27M(29M) 5.557ms
[2030.384s][info][gc] GC(268) Concurrent Sweep
[2030.387s][info][gc] GC(268) Concurrent Sweep 3.253ms
[2030.387s][info][gc] GC(268) Concurrent Reset
[2030.387s][info][gc] GC(268) Concurrent Reset 0.020ms
[2032.388s][info][gc] GC(269) Pause Initial Mark 27M->27M(29M) 0.843ms
[2032.388s][info][gc] GC(269) Concurrent Mark
[2032.400s][info][gc] GC(269) Concurrent Mark 11.925ms
[2032.400s][info][gc] GC(269) Concurrent Preclean
[2032.400s][info][gc] GC(269) Concurrent Preclean 0.142ms
[2032.400s][info][gc] GC(269) Concurrent Abortable Preclean
[2032.400s][info][gc] GC(269) Concurrent Abortable Preclean 0.015ms
[2032.407s][info][gc] GC(269) Pause Remark 27M->27M(29M) 7.068ms
[2032.408s][info][gc] GC(269) Concurrent Sweep
[2032.411s][info][gc] GC(269) Concurrent Sweep 3.394ms
[2032.411s][info][gc] GC(269) Concurrent Reset
[2032.411s][info][gc] GC(269) Concurrent Reset 0.021ms
[2034.412s][info][gc] GC(270) Pause Initial Mark 27M->27M(29M) 0.888ms
[2034.412s][info][gc] GC(270) Concurrent Mark
[2034.424s][info][gc] GC(270) Concurrent Mark 11.901ms
[2034.424s][info][gc] GC(270) Concurrent Preclean
[2034.424s][info][gc] GC(270) Concurrent Preclean 0.144ms
[2034.424s][info][gc] GC(270) Concurrent Abortable Preclean
[2034.424s][info][gc] GC(270) Concurrent Abortable Preclean 0.015ms
[2034.430s][info][gc] GC(270) Pause Remark 27M->27M(29M) 5.713ms
[2034.430s][info][gc] GC(270) Concurrent Sweep
[2034.433s][info][gc] GC(270) Concurrent Sweep 3.333ms
[2034.433s][info][gc] GC(270) Concurrent Reset
[2034.433s][info][gc] GC(270) Concurrent Reset 0.019ms
[2036.436s][info][gc] GC(271) Pause Initial Mark 27M->27M(29M) 2.292ms
[2036.436s][info][gc] GC(271) Concurrent Mark
[2036.452s][info][gc] GC(271) Concurrent Mark 15.686ms
[2036.452s][info][gc] GC(271) Concurrent Preclean
[2036.452s][info][gc] GC(271) Concurrent Preclean 0.153ms
[2036.452s][info][gc] GC(271) Concurrent Abortable Preclean
[2036.452s][info][gc] GC(271) Concurrent Abortable Preclean 0.018ms
[2036.469s][info][gc] GC(271) Pause Remark 27M->27M(29M) 16.934ms
[2036.470s][info][gc] GC(271) Concurrent Sweep
[2036.474s][info][gc] GC(271) Concurrent Sweep 4.880ms
[2036.475s][info][gc] GC(271) Concurrent Reset
[2036.475s][info][gc] GC(271) Concurrent Reset 0.033ms
[2038.476s][info][gc] GC(272) Pause Initial Mark 27M->27M(29M) 1.891ms
[2038.477s][info][gc] GC(272) Concurrent Mark
[2038.489s][info][gc] GC(272) Concurrent Mark 12.424ms
[2038.489s][info][gc] GC(272) Concurrent Preclean
[2038.489s][info][gc] GC(272) Concurrent Preclean 0.122ms
[2038.489s][info][gc] GC(272) Concurrent Abortable Preclean
[2038.489s][info][gc] GC(272) Concurrent Abortable Preclean 0.013ms
[2038.495s][info][gc] GC(272) Pause Remark 27M->27M(29M) 5.542ms
[2038.495s][info][gc] GC(272) Concurrent Sweep
[2038.499s][info][gc] GC(272) Concurrent Sweep 3.679ms
[2038.499s][info][gc] GC(272) Concurrent Reset
[2038.499s][info][gc] GC(272) Concurrent Reset 0.023ms
[2040.501s][info][gc] GC(273) Pause Initial Mark 27M->27M(29M) 1.824ms
[2040.501s][info][gc] GC(273) Concurrent Mark
[2040.512s][info][gc] GC(273) Concurrent Mark 10.931ms
[2040.512s][info][gc] GC(273) Concurrent Preclean
[2040.512s][info][gc] GC(273) Concurrent Preclean 0.106ms
[2040.512s][info][gc] GC(273) Concurrent Abortable Preclean
[2040.512s][info][gc] GC(273) Concurrent Abortable Preclean 0.013ms
[2040.517s][info][gc] GC(273) Pause Remark 27M->27M(29M) 5.160ms
[2040.517s][info][gc] GC(273) Concurrent Sweep
[2040.520s][info][gc] GC(273) Concurrent Sweep 2.922ms
[2040.520s][info][gc] GC(273) Concurrent Reset
[2040.520s][info][gc] GC(273) Concurrent Reset 0.018ms
[2042.521s][info][gc] GC(274) Pause Initial Mark 27M->27M(29M) 1.117ms
[2042.521s][info][gc] GC(274) Concurrent Mark
[2042.533s][info][gc] GC(274) Concurrent Mark 11.934ms
[2042.533s][info][gc] GC(274) Concurrent Preclean
[2042.533s][info][gc] GC(274) Concurrent Preclean 0.132ms
[2042.533s][info][gc] GC(274) Concurrent Abortable Preclean
[2042.533s][info][gc] GC(274) Concurrent Abortable Preclean 0.015ms
[2042.539s][info][gc] GC(274) Pause Remark 27M->27M(29M) 5.831ms
[2042.539s][info][gc] GC(274) Concurrent Sweep
[2042.543s][info][gc] GC(274) Concurrent Sweep 3.260ms
[2042.543s][info][gc] GC(274) Concurrent Reset
[2042.543s][info][gc] GC(274) Concurrent Reset 0.019ms
[2044.551s][info][gc] GC(275) Pause Initial Mark 27M->27M(29M) 5.141ms
[2044.552s][info][gc] GC(275) Concurrent Mark
[2044.576s][info][gc] GC(275) Concurrent Mark 24.345ms
[2044.576s][info][gc] GC(275) Concurrent Preclean
[2044.576s][info][gc] GC(275) Concurrent Preclean 0.159ms
[2044.576s][info][gc] GC(275) Concurrent Abortable Preclean
[2044.576s][info][gc] GC(275) Concurrent Abortable Preclean 0.017ms
[2044.604s][info][gc] GC(275) Pause Remark 27M->27M(29M) 27.383ms
[2044.604s][info][gc] GC(275) Concurrent Sweep
[2044.608s][info][gc] GC(275) Concurrent Sweep 4.204ms
[2044.608s][info][gc] GC(275) Concurrent Reset
[2044.608s][info][gc] GC(275) Concurrent Reset 0.029ms
[2046.613s][info][gc] GC(276) Pause Initial Mark 27M->27M(29M) 1.034ms
[2046.613s][info][gc] GC(276) Concurrent Mark
[2046.625s][info][gc] GC(276) Concurrent Mark 12.055ms
[2046.625s][info][gc] GC(276) Concurrent Preclean
[2046.625s][info][gc] GC(276) Concurrent Preclean 0.117ms
[2046.625s][info][gc] GC(276) Concurrent Abortable Preclean
[2046.625s][info][gc] GC(276) Concurrent Abortable Preclean 0.014ms
[2046.631s][info][gc] GC(276) Pause Remark 27M->27M(29M) 5.413ms
[2046.631s][info][gc] GC(276) Concurrent Sweep
[2046.634s][info][gc] GC(276) Concurrent Sweep 3.249ms
[2046.634s][info][gc] GC(276) Concurrent Reset
[2046.634s][info][gc] GC(276) Concurrent Reset 0.020ms
[2048.639s][info][gc] GC(277) Pause Initial Mark 27M->27M(29M) 1.149ms
[2048.639s][info][gc] GC(277) Concurrent Mark
[2048.651s][info][gc] GC(277) Concurrent Mark 12.036ms
[2048.651s][info][gc] GC(277) Concurrent Preclean
[2048.651s][info][gc] GC(277) Concurrent Preclean 0.134ms
[2048.651s][info][gc] GC(277) Concurrent Abortable Preclean
[2048.651s][info][gc] GC(277) Concurrent Abortable Preclean 0.015ms
[2048.657s][info][gc] GC(277) Pause Remark 27M->27M(29M) 5.706ms
[2048.657s][info][gc] GC(277) Concurrent Sweep
[2048.660s][info][gc] GC(277) Concurrent Sweep 3.128ms
[2048.660s][info][gc] GC(277) Concurrent Reset
[2048.660s][info][gc] GC(277) Concurrent Reset 0.018ms
[2050.664s][info][gc] GC(278) Pause Initial Mark 27M->27M(29M) 1.170ms
[2050.664s][info][gc] GC(278) Concurrent Mark
[2050.677s][info][gc] GC(278) Concurrent Mark 12.297ms
[2050.677s][info][gc] GC(278) Concurrent Preclean
[2050.677s][info][gc] GC(278) Concurrent Preclean 0.119ms
[2050.677s][info][gc] GC(278) Concurrent Abortable Preclean
[2050.677s][info][gc] GC(278) Concurrent Abortable Preclean 0.014ms
[2050.683s][info][gc] GC(278) Pause Remark 27M->27M(29M) 5.585ms
[2050.683s][info][gc] GC(278) Concurrent Sweep
[2050.686s][info][gc] GC(278) Concurrent Sweep 3.154ms
[2050.686s][info][gc] GC(278) Concurrent Reset
[2050.686s][info][gc] GC(278) Concurrent Reset 0.019ms
[2052.692s][info][gc] GC(279) Pause Initial Mark 27M->27M(29M) 1.138ms
[2052.692s][info][gc] GC(279) Concurrent Mark
[2052.704s][info][gc] GC(279) Concurrent Mark 12.285ms
[2052.704s][info][gc] GC(279) Concurrent Preclean
[2052.704s][info][gc] GC(279) Concurrent Preclean 0.124ms
[2052.704s][info][gc] GC(279) Concurrent Abortable Preclean
[2052.704s][info][gc] GC(279) Concurrent Abortable Preclean 0.013ms
[2052.711s][info][gc] GC(279) Pause Remark 27M->27M(29M) 6.763ms
[2052.711s][info][gc] GC(279) Concurrent Sweep
[2052.715s][info][gc] GC(279) Concurrent Sweep 3.260ms
[2052.715s][info][gc] GC(279) Concurrent Reset
[2052.715s][info][gc] GC(279) Concurrent Reset 0.019ms
[2054.720s][info][gc] GC(280) Pause Initial Mark 27M->27M(29M) 1.105ms
[2054.720s][info][gc] GC(280) Concurrent Mark
[2054.732s][info][gc] GC(280) Concurrent Mark 11.995ms
[2054.732s][info][gc] GC(280) Concurrent Preclean
[2054.732s][info][gc] GC(280) Concurrent Preclean 0.126ms
[2054.732s][info][gc] GC(280) Concurrent Abortable Preclean
[2054.732s][info][gc] GC(280) Concurrent Abortable Preclean 0.013ms
[2054.738s][info][gc] GC(280) Pause Remark 27M->27M(29M) 5.438ms
[2054.738s][info][gc] GC(280) Concurrent Sweep
[2054.741s][info][gc] GC(280) Concurrent Sweep 3.265ms
[2054.741s][info][gc] GC(280) Concurrent Reset
[2054.741s][info][gc] GC(280) Concurrent Reset 0.020ms
[2056.746s][info][gc] GC(281) Pause Initial Mark 27M->27M(29M) 1.716ms
[2056.746s][info][gc] GC(281) Concurrent Mark
[2056.763s][info][gc] GC(281) Concurrent Mark 17.444ms
[2056.764s][info][gc] GC(281) Concurrent Preclean
[2056.764s][info][gc] GC(281) Concurrent Preclean 0.123ms
[2056.764s][info][gc] GC(281) Concurrent Abortable Preclean
[2056.764s][info][gc] GC(281) Concurrent Abortable Preclean 0.012ms
[2056.771s][info][gc] GC(281) Pause Remark 27M->27M(29M) 7.639ms
[2056.772s][info][gc] GC(281) Concurrent Sweep
[2056.775s][info][gc] GC(281) Concurrent Sweep 3.064ms
[2056.775s][info][gc] GC(281) Concurrent Reset
[2056.775s][info][gc] GC(281) Concurrent Reset 0.019ms
[2058.779s][info][gc] GC(282) Pause Initial Mark 27M->27M(29M) 1.145ms
[2058.779s][info][gc] GC(282) Concurrent Mark
[2058.791s][info][gc] GC(282) Concurrent Mark 11.876ms
[2058.791s][info][gc] GC(282) Concurrent Preclean
[2058.791s][info][gc] GC(282) Concurrent Preclean 0.118ms
[2058.791s][info][gc] GC(282) Concurrent Abortable Preclean
[2058.791s][info][gc] GC(282) Concurrent Abortable Preclean 0.014ms
[2058.799s][info][gc] GC(282) Pause Remark 27M->27M(29M) 7.636ms
[2058.799s][info][gc] GC(282) Concurrent Sweep
[2058.802s][info][gc] GC(282) Concurrent Sweep 3.221ms
[2058.802s][info][gc] GC(282) Concurrent Reset
[2058.802s][info][gc] GC(282) Concurrent Reset 0.019ms
[2060.807s][info][gc] GC(283) Pause Initial Mark 27M->27M(29M) 1.128ms
[2060.807s][info][gc] GC(283) Concurrent Mark
[2060.819s][info][gc] GC(283) Concurrent Mark 12.071ms
[2060.819s][info][gc] GC(283) Concurrent Preclean
[2060.819s][info][gc] GC(283) Concurrent Preclean 0.133ms
[2060.819s][info][gc] GC(283) Concurrent Abortable Preclean
[2060.819s][info][gc] GC(283) Concurrent Abortable Preclean 0.015ms
[2060.825s][info][gc] GC(283) Pause Remark 27M->27M(29M) 5.543ms
[2060.825s][info][gc] GC(283) Concurrent Sweep
[2060.828s][info][gc] GC(283) Concurrent Sweep 3.256ms
[2060.828s][info][gc] GC(283) Concurrent Reset
[2060.828s][info][gc] GC(283) Concurrent Reset 0.019ms
[2062.832s][info][gc] GC(284) Pause Initial Mark 27M->27M(29M) 1.084ms
[2062.832s][info][gc] GC(284) Concurrent Mark
[2062.844s][info][gc] GC(284) Concurrent Mark 12.202ms
[2062.844s][info][gc] GC(284) Concurrent Preclean
[2062.844s][info][gc] GC(284) Concurrent Preclean 0.140ms
[2062.844s][info][gc] GC(284) Concurrent Abortable Preclean
[2062.844s][info][gc] GC(284) Concurrent Abortable Preclean 0.015ms
[2062.850s][info][gc] GC(284) Pause Remark 27M->27M(29M) 5.747ms
[2062.850s][info][gc] GC(284) Concurrent Sweep
[2062.854s][info][gc] GC(284) Concurrent Sweep 3.243ms
[2062.854s][info][gc] GC(284) Concurrent Reset
[2062.854s][info][gc] GC(284) Concurrent Reset 0.020ms
[2064.856s][info][gc] GC(285) Pause Initial Mark 27M->27M(29M) 0.824ms
[2064.856s][info][gc] GC(285) Concurrent Mark
[2064.868s][info][gc] GC(285) Concurrent Mark 12.106ms
[2064.868s][info][gc] GC(285) Concurrent Preclean
[2064.868s][info][gc] GC(285) Concurrent Preclean 0.106ms
[2064.868s][info][gc] GC(285) Concurrent Abortable Preclean
[2064.868s][info][gc] GC(285) Concurrent Abortable Preclean 0.012ms
[2064.873s][info][gc] GC(285) Pause Remark 27M->27M(29M) 4.698ms
[2064.873s][info][gc] GC(285) Concurrent Sweep
[2064.876s][info][gc] GC(285) Concurrent Sweep 2.928ms
[2064.876s][info][gc] GC(285) Concurrent Reset
[2064.876s][info][gc] GC(285) Concurrent Reset 0.018ms
[2066.880s][info][gc] GC(286) Pause Initial Mark 27M->27M(29M) 1.120ms
[2066.880s][info][gc] GC(286) Concurrent Mark
[2066.892s][info][gc] GC(286) Concurrent Mark 11.894ms
[2066.892s][info][gc] GC(286) Concurrent Preclean
[2066.892s][info][gc] GC(286) Concurrent Preclean 0.115ms
[2066.892s][info][gc] GC(286) Concurrent Abortable Preclean
[2066.892s][info][gc] GC(286) Concurrent Abortable Preclean 0.014ms
[2066.898s][info][gc] GC(286) Pause Remark 27M->27M(29M) 5.856ms
[2066.898s][info][gc] GC(286) Concurrent Sweep
[2066.901s][info][gc] GC(286) Concurrent Sweep 3.314ms
[2066.901s][info][gc] GC(286) Concurrent Reset
[2066.901s][info][gc] GC(286) Concurrent Reset 0.018ms
[2068.905s][info][gc] GC(287) Pause Initial Mark 27M->27M(29M) 1.040ms
[2068.905s][info][gc] GC(287) Concurrent Mark
[2068.917s][info][gc] GC(287) Concurrent Mark 11.883ms
[2068.917s][info][gc] GC(287) Concurrent Preclean
[2068.917s][info][gc] GC(287) Concurrent Preclean 0.131ms
[2068.917s][info][gc] GC(287) Concurrent Abortable Preclean
[2068.917s][info][gc] GC(287) Concurrent Abortable Preclean 0.014ms
[2068.923s][info][gc] GC(287) Pause Remark 27M->27M(29M) 5.959ms
[2068.924s][info][gc] GC(287) Concurrent Sweep
[2068.927s][info][gc] GC(287) Concurrent Sweep 3.247ms
[2068.927s][info][gc] GC(287) Concurrent Reset
[2068.927s][info][gc] GC(287) Concurrent Reset 0.020ms
[2070.933s][info][gc] GC(288) Pause Initial Mark 27M->27M(29M) 1.095ms
[2070.934s][info][gc] GC(288) Concurrent Mark
[2070.949s][info][gc] GC(288) Concurrent Mark 15.214ms
[2070.949s][info][gc] GC(288) Concurrent Preclean
[2070.949s][info][gc] GC(288) Concurrent Preclean 0.121ms
[2070.949s][info][gc] GC(288) Concurrent Abortable Preclean
[2070.949s][info][gc] GC(288) Concurrent Abortable Preclean 0.014ms
[2070.957s][info][gc] GC(288) Pause Remark 27M->27M(29M) 8.061ms
[2070.957s][info][gc] GC(288) Concurrent Sweep
[2070.963s][info][gc] GC(288) Concurrent Sweep 5.793ms
[2070.963s][info][gc] GC(288) Concurrent Reset
[2070.963s][info][gc] GC(288) Concurrent Reset 0.049ms
[2072.965s][info][gc] GC(289) Pause Initial Mark 27M->27M(29M) 1.095ms
[2072.965s][info][gc] GC(289) Concurrent Mark
[2072.977s][info][gc] GC(289) Concurrent Mark 12.095ms
[2072.977s][info][gc] GC(289) Concurrent Preclean
[2072.977s][info][gc] GC(289) Concurrent Preclean 0.142ms
[2072.977s][info][gc] GC(289) Concurrent Abortable Preclean
[2072.977s][info][gc] GC(289) Concurrent Abortable Preclean 0.013ms
[2072.983s][info][gc] GC(289) Pause Remark 27M->27M(29M) 5.466ms
[2072.983s][info][gc] GC(289) Concurrent Sweep
[2072.986s][info][gc] GC(289) Concurrent Sweep 3.208ms
[2072.986s][info][gc] GC(289) Concurrent Reset
[2072.986s][info][gc] GC(289) Concurrent Reset 0.028ms
[2074.990s][info][gc] GC(290) Pause Initial Mark 27M->27M(29M) 1.107ms
[2074.990s][info][gc] GC(290) Concurrent Mark
[2075.002s][info][gc] GC(290) Concurrent Mark 11.946ms
[2075.002s][info][gc] GC(290) Concurrent Preclean
[2075.002s][info][gc] GC(290) Concurrent Preclean 0.140ms
[2075.002s][info][gc] GC(290) Concurrent Abortable Preclean
[2075.002s][info][gc] GC(290) Concurrent Abortable Preclean 0.014ms
[2075.008s][info][gc] GC(290) Pause Remark 27M->27M(29M) 5.715ms
[2075.008s][info][gc] GC(290) Concurrent Sweep
[2075.012s][info][gc] GC(290) Concurrent Sweep 3.257ms
[2075.012s][info][gc] GC(290) Concurrent Reset
[2075.012s][info][gc] GC(290) Concurrent Reset 0.020ms
[2077.018s][info][gc] GC(291) Pause Initial Mark 27M->27M(29M) 1.054ms
[2077.018s][info][gc] GC(291) Concurrent Mark
[2077.030s][info][gc] GC(291) Concurrent Mark 12.083ms
[2077.030s][info][gc] GC(291) Concurrent Preclean
[2077.030s][info][gc] GC(291) Concurrent Preclean 0.118ms
[2077.030s][info][gc] GC(291) Concurrent Abortable Preclean
[2077.030s][info][gc] GC(291) Concurrent Abortable Preclean 0.014ms
[2077.036s][info][gc] GC(291) Pause Remark 27M->27M(29M) 5.433ms
[2077.036s][info][gc] GC(291) Concurrent Sweep
[2077.039s][info][gc] GC(291) Concurrent Sweep 3.316ms
[2077.039s][info][gc] GC(291) Concurrent Reset
[2077.039s][info][gc] GC(291) Concurrent Reset 0.021ms
[2079.040s][info][gc] GC(292) Pause Initial Mark 27M->27M(29M) 1.103ms
[2079.041s][info][gc] GC(292) Concurrent Mark
[2079.052s][info][gc] GC(292) Concurrent Mark 11.923ms
[2079.053s][info][gc] GC(292) Concurrent Preclean
[2079.053s][info][gc] GC(292) Concurrent Preclean 0.160ms
[2079.053s][info][gc] GC(292) Concurrent Abortable Preclean
[2079.053s][info][gc] GC(292) Concurrent Abortable Preclean 0.017ms
[2079.059s][info][gc] GC(292) Pause Remark 27M->27M(29M) 5.849ms
[2079.059s][info][gc] GC(292) Concurrent Sweep
[2079.062s][info][gc] GC(292) Concurrent Sweep 3.242ms
[2079.062s][info][gc] GC(292) Concurrent Reset
[2079.062s][info][gc] GC(292) Concurrent Reset 0.019ms
[2081.062s][info][gc] GC(293) Pause Initial Mark 27M->27M(29M) 0.754ms
[2081.062s][info][gc] GC(293) Concurrent Mark
[2081.075s][info][gc] GC(293) Concurrent Mark 12.526ms
[2081.075s][info][gc] GC(293) Concurrent Preclean
[2081.075s][info][gc] GC(293) Concurrent Preclean 0.114ms
[2081.075s][info][gc] GC(293) Concurrent Abortable Preclean
[2081.075s][info][gc] GC(293) Concurrent Abortable Preclean 0.012ms
[2081.080s][info][gc] GC(293) Pause Remark 27M->27M(29M) 5.105ms
[2081.080s][info][gc] GC(293) Concurrent Sweep
[2081.083s][info][gc] GC(293) Concurrent Sweep 3.023ms
[2081.083s][info][gc] GC(293) Concurrent Reset
[2081.083s][info][gc] GC(293) Concurrent Reset 0.018ms
[2083.089s][info][gc] GC(294) Pause Initial Mark 27M->27M(29M) 1.106ms
[2083.089s][info][gc] GC(294) Concurrent Mark
[2083.101s][info][gc] GC(294) Concurrent Mark 11.937ms
[2083.101s][info][gc] GC(294) Concurrent Preclean
[2083.101s][info][gc] GC(294) Concurrent Preclean 0.121ms
[2083.101s][info][gc] GC(294) Concurrent Abortable Preclean
[2083.101s][info][gc] GC(294) Concurrent Abortable Preclean 0.014ms
[2083.112s][info][gc] GC(294) Pause Remark 27M->27M(29M) 11.239ms
[2083.112s][info][gc] GC(294) Concurrent Sweep
[2083.116s][info][gc] GC(294) Concurrent Sweep 3.276ms
[2083.116s][info][gc] GC(294) Concurrent Reset
[2083.116s][info][gc] GC(294) Concurrent Reset 0.020ms
[2085.122s][info][gc] GC(295) Pause Initial Mark 27M->27M(29M) 1.107ms
[2085.122s][info][gc] GC(295) Concurrent Mark
[2085.134s][info][gc] GC(295) Concurrent Mark 12.110ms
[2085.134s][info][gc] GC(295) Concurrent Preclean
[2085.135s][info][gc] GC(295) Concurrent Preclean 0.147ms
[2085.135s][info][gc] GC(295) Concurrent Abortable Preclean
[2085.135s][info][gc] GC(295) Concurrent Abortable Preclean 0.015ms
[2085.140s][info][gc] GC(295) Pause Remark 27M->27M(29M) 5.433ms
[2085.140s][info][gc] GC(295) Concurrent Sweep
[2085.144s][info][gc] GC(295) Concurrent Sweep 3.266ms
[2085.144s][info][gc] GC(295) Concurrent Reset
[2085.144s][info][gc] GC(295) Concurrent Reset 0.020ms
[2087.147s][info][gc] GC(296) Pause Initial Mark 27M->27M(29M) 0.599ms
[2087.147s][info][gc] GC(296) Concurrent Mark
[2087.159s][info][gc] GC(296) Concurrent Mark 11.564ms
[2087.159s][info][gc] GC(296) Concurrent Preclean
[2087.159s][info][gc] GC(296) Concurrent Preclean 0.110ms
[2087.159s][info][gc] GC(296) Concurrent Abortable Preclean
[2087.159s][info][gc] GC(296) Concurrent Abortable Preclean 0.013ms
[2087.166s][info][gc] GC(296) Pause Remark 27M->27M(29M) 6.449ms
[2087.166s][info][gc] GC(296) Concurrent Sweep
[2087.169s][info][gc] GC(296) Concurrent Sweep 3.389ms
[2087.169s][info][gc] GC(296) Concurrent Reset
[2087.169s][info][gc] GC(296) Concurrent Reset 0.021ms
[2089.173s][info][gc] GC(297) Pause Initial Mark 27M->27M(29M) 0.873ms
[2089.173s][info][gc] GC(297) Concurrent Mark
[2089.185s][info][gc] GC(297) Concurrent Mark 11.596ms
[2089.185s][info][gc] GC(297) Concurrent Preclean
[2089.185s][info][gc] GC(297) Concurrent Preclean 0.119ms
[2089.185s][info][gc] GC(297) Concurrent Abortable Preclean
[2089.185s][info][gc] GC(297) Concurrent Abortable Preclean 0.013ms
[2089.192s][info][gc] GC(297) Pause Remark 27M->27M(29M) 6.759ms
[2089.192s][info][gc] GC(297) Concurrent Sweep
[2089.195s][info][gc] GC(297) Concurrent Sweep 3.277ms
[2089.195s][info][gc] GC(297) Concurrent Reset
[2089.195s][info][gc] GC(297) Concurrent Reset 0.020ms
[2091.196s][info][gc] GC(298) Pause Initial Mark 27M->27M(29M) 0.956ms
[2091.196s][info][gc] GC(298) Concurrent Mark
[2091.208s][info][gc] GC(298) Concurrent Mark 12.120ms
[2091.208s][info][gc] GC(298) Concurrent Preclean
[2091.208s][info][gc] GC(298) Concurrent Preclean 0.127ms
[2091.208s][info][gc] GC(298) Concurrent Abortable Preclean
[2091.208s][info][gc] GC(298) Concurrent Abortable Preclean 0.013ms
[2091.214s][info][gc] GC(298) Pause Remark 27M->27M(29M) 5.838ms
[2091.214s][info][gc] GC(298) Concurrent Sweep
[2091.218s][info][gc] GC(298) Concurrent Sweep 3.843ms
[2091.218s][info][gc] GC(298) Concurrent Reset
[2091.218s][info][gc] GC(298) Concurrent Reset 0.023ms
[2093.219s][info][gc] GC(299) Pause Initial Mark 27M->27M(29M) 0.686ms
[2093.219s][info][gc] GC(299) Concurrent Mark
[2093.229s][info][gc] GC(299) Concurrent Mark 10.446ms
[2093.229s][info][gc] GC(299) Concurrent Preclean
[2093.229s][info][gc] GC(299) Concurrent Preclean 0.114ms
[2093.229s][info][gc] GC(299) Concurrent Abortable Preclean
[2093.229s][info][gc] GC(299) Concurrent Abortable Preclean 0.012ms
[2093.236s][info][gc] GC(299) Pause Remark 27M->27M(29M) 6.235ms
[2093.236s][info][gc] GC(299) Concurrent Sweep
[2093.240s][info][gc] GC(299) Concurrent Sweep 3.798ms
[2093.240s][info][gc] GC(299) Concurrent Reset
[2093.240s][info][gc] GC(299) Concurrent Reset 0.030ms
[2095.242s][info][gc] GC(300) Pause Initial Mark 27M->27M(29M) 0.961ms
[2095.242s][info][gc] GC(300) Concurrent Mark
[2095.254s][info][gc] GC(300) Concurrent Mark 12.434ms
[2095.254s][info][gc] GC(300) Concurrent Preclean
[2095.255s][info][gc] GC(300) Concurrent Preclean 0.139ms
[2095.255s][info][gc] GC(300) Concurrent Abortable Preclean
[2095.255s][info][gc] GC(300) Concurrent Abortable Preclean 0.014ms
[2095.262s][info][gc] GC(300) Pause Remark 27M->27M(29M) 7.096ms
[2095.262s][info][gc] GC(300) Concurrent Sweep
[2095.265s][info][gc] GC(300) Concurrent Sweep 3.211ms
[2095.265s][info][gc] GC(300) Concurrent Reset
[2095.265s][info][gc] GC(300) Concurrent Reset 0.020ms
[2097.267s][info][gc] GC(301) Pause Initial Mark 27M->27M(29M) 0.988ms
[2097.267s][info][gc] GC(301) Concurrent Mark
[2097.286s][info][gc] GC(301) Concurrent Mark 18.535ms
[2097.286s][info][gc] GC(301) Concurrent Preclean
[2097.286s][info][gc] GC(301) Concurrent Preclean 0.165ms
[2097.286s][info][gc] GC(301) Concurrent Abortable Preclean
[2097.286s][info][gc] GC(301) Concurrent Abortable Preclean 0.025ms
[2097.295s][info][gc] GC(301) Pause Remark 27M->27M(29M) 8.390ms
[2097.295s][info][gc] GC(301) Concurrent Sweep
[2097.298s][info][gc] GC(301) Concurrent Sweep 3.050ms
[2097.298s][info][gc] GC(301) Concurrent Reset
[2097.298s][info][gc] GC(301) Concurrent Reset 0.020ms
[2099.300s][info][gc] GC(302) Pause Initial Mark 27M->27M(29M) 0.750ms
[2099.300s][info][gc] GC(302) Concurrent Mark
[2099.312s][info][gc] GC(302) Concurrent Mark 11.780ms
[2099.312s][info][gc] GC(302) Concurrent Preclean
[2099.312s][info][gc] GC(302) Concurrent Preclean 0.132ms
[2099.312s][info][gc] GC(302) Concurrent Abortable Preclean
[2099.312s][info][gc] GC(302) Concurrent Abortable Preclean 0.012ms
[2099.319s][info][gc] GC(302) Pause Remark 27M->27M(29M) 6.314ms
[2099.319s][info][gc] GC(302) Concurrent Sweep
[2099.322s][info][gc] GC(302) Concurrent Sweep 3.037ms
[2099.322s][info][gc] GC(302) Concurrent Reset
[2099.322s][info][gc] GC(302) Concurrent Reset 0.021ms
[2101.322s][info][gc] GC(303) Pause Initial Mark 27M->27M(29M) 0.656ms
[2101.322s][info][gc] GC(303) Concurrent Mark
[2101.335s][info][gc] GC(303) Concurrent Mark 13.521ms
[2101.335s][info][gc] GC(303) Concurrent Preclean
[2101.335s][info][gc] GC(303) Concurrent Preclean 0.119ms
[2101.335s][info][gc] GC(303) Concurrent Abortable Preclean
[2101.335s][info][gc] GC(303) Concurrent Abortable Preclean 0.012ms
[2101.345s][info][gc] GC(303) Pause Remark 27M->27M(29M) 9.307ms
[2101.345s][info][gc] GC(303) Concurrent Sweep
[2101.348s][info][gc] GC(303) Concurrent Sweep 3.469ms
[2101.348s][info][gc] GC(303) Concurrent Reset
[2101.349s][info][gc] GC(303) Concurrent Reset 0.044ms
[2103.361s][info][gc] GC(304) Pause Initial Mark 27M->27M(29M) 4.861ms
[2103.365s][info][gc] GC(304) Concurrent Mark
[2103.393s][info][gc] GC(304) Concurrent Mark 27.849ms
[2103.393s][info][gc] GC(304) Concurrent Preclean
[2103.393s][info][gc] GC(304) Concurrent Preclean 0.181ms
[2103.394s][info][gc] GC(304) Concurrent Abortable Preclean
[2103.394s][info][gc] GC(304) Concurrent Abortable Preclean 0.018ms
[2103.419s][info][gc] GC(304) Pause Remark 27M->27M(29M) 25.586ms
[2103.419s][info][gc] GC(304) Concurrent Sweep
[2103.426s][info][gc] GC(304) Concurrent Sweep 6.356ms
[2103.426s][info][gc] GC(304) Concurrent Reset
[2103.426s][info][gc] GC(304) Concurrent Reset 0.036ms
[2105.428s][info][gc] GC(305) Pause Initial Mark 27M->27M(29M) 0.642ms
[2105.428s][info][gc] GC(305) Concurrent Mark
[2105.439s][info][gc] GC(305) Concurrent Mark 11.272ms
[2105.439s][info][gc] GC(305) Concurrent Preclean
[2105.439s][info][gc] GC(305) Concurrent Preclean 0.120ms
[2105.439s][info][gc] GC(305) Concurrent Abortable Preclean
[2105.439s][info][gc] GC(305) Concurrent Abortable Preclean 0.012ms
[2105.445s][info][gc] GC(305) Pause Remark 27M->27M(29M) 5.400ms
[2105.445s][info][gc] GC(305) Concurrent Sweep
[2105.450s][info][gc] GC(305) Concurrent Sweep 4.845ms
[2105.451s][info][gc] GC(305) Concurrent Reset
[2105.451s][info][gc] GC(305) Concurrent Reset 0.067ms
[2107.451s][info][gc] GC(306) Pause Initial Mark 27M->27M(29M) 0.979ms
[2107.452s][info][gc] GC(306) Concurrent Mark
[2107.468s][info][gc] GC(306) Concurrent Mark 16.483ms
[2107.468s][info][gc] GC(306) Concurrent Preclean
[2107.468s][info][gc] GC(306) Concurrent Preclean 0.136ms
[2107.468s][info][gc] GC(306) Concurrent Abortable Preclean
[2107.468s][info][gc] GC(306) Concurrent Abortable Preclean 0.012ms
[2107.475s][info][gc] GC(306) Pause Remark 27M->27M(29M) 6.120ms
[2107.475s][info][gc] GC(306) Concurrent Sweep
[2107.478s][info][gc] GC(306) Concurrent Sweep 3.047ms
[2107.478s][info][gc] GC(306) Concurrent Reset
[2107.478s][info][gc] GC(306) Concurrent Reset 0.018ms
[2109.478s][info][gc] GC(307) Pause Initial Mark 27M->27M(29M) 0.538ms
[2109.478s][info][gc] GC(307) Concurrent Mark
[2109.489s][info][gc] GC(307) Concurrent Mark 10.920ms
[2109.489s][info][gc] GC(307) Concurrent Preclean
[2109.489s][info][gc] GC(307) Concurrent Preclean 0.108ms
[2109.489s][info][gc] GC(307) Concurrent Abortable Preclean
[2109.489s][info][gc] GC(307) Concurrent Abortable Preclean 0.016ms
[2109.498s][info][gc] GC(307) Pause Remark 27M->27M(29M) 8.234ms
[2109.498s][info][gc] GC(307) Concurrent Sweep
[2109.501s][info][gc] GC(307) Concurrent Sweep 3.436ms
[2109.501s][info][gc] GC(307) Concurrent Reset
[2109.501s][info][gc] GC(307) Concurrent Reset 0.020ms
[2111.504s][info][gc] GC(308) Pause Initial Mark 27M->27M(29M) 0.777ms
[2111.506s][info][gc] GC(308) Concurrent Mark
[2111.517s][info][gc] GC(308) Concurrent Mark 11.378ms
[2111.517s][info][gc] GC(308) Concurrent Preclean
[2111.517s][info][gc] GC(308) Concurrent Preclean 0.101ms
[2111.517s][info][gc] GC(308) Concurrent Abortable Preclean
[2111.517s][info][gc] GC(308) Concurrent Abortable Preclean 0.011ms
[2111.522s][info][gc] GC(308) Pause Remark 27M->27M(29M) 4.954ms
[2111.522s][info][gc] GC(308) Concurrent Sweep
[2111.525s][info][gc] GC(308) Concurrent Sweep 2.988ms
[2111.525s][info][gc] GC(308) Concurrent Reset
[2111.525s][info][gc] GC(308) Concurrent Reset 0.019ms
[2113.529s][info][gc] GC(309) Pause Initial Mark 27M->27M(29M) 1.905ms
[2113.530s][info][gc] GC(309) Concurrent Mark
[2113.542s][info][gc] GC(309) Concurrent Mark 12.061ms
[2113.542s][info][gc] GC(309) Concurrent Preclean
[2113.542s][info][gc] GC(309) Concurrent Preclean 0.124ms
[2113.542s][info][gc] GC(309) Concurrent Abortable Preclean
[2113.542s][info][gc] GC(309) Concurrent Abortable Preclean 0.012ms
[2113.550s][info][gc] GC(309) Pause Remark 27M->27M(29M) 8.147ms
[2113.550s][info][gc] GC(309) Concurrent Sweep
[2113.554s][info][gc] GC(309) Concurrent Sweep 3.274ms
[2113.554s][info][gc] GC(309) Concurrent Reset
[2113.554s][info][gc] GC(309) Concurrent Reset 0.038ms
[2115.556s][info][gc] GC(310) Pause Initial Mark 27M->27M(29M) 0.985ms
[2115.556s][info][gc] GC(310) Concurrent Mark
[2115.568s][info][gc] GC(310) Concurrent Mark 11.767ms
[2115.568s][info][gc] GC(310) Concurrent Preclean
[2115.568s][info][gc] GC(310) Concurrent Preclean 0.124ms
[2115.568s][info][gc] GC(310) Concurrent Abortable Preclean
[2115.568s][info][gc] GC(310) Concurrent Abortable Preclean 0.012ms
[2115.576s][info][gc] GC(310) Pause Remark 27M->27M(29M) 7.512ms
[2115.576s][info][gc] GC(310) Concurrent Sweep
[2115.579s][info][gc] GC(310) Concurrent Sweep 3.171ms
[2115.579s][info][gc] GC(310) Concurrent Reset
[2115.579s][info][gc] GC(310) Concurrent Reset 0.019ms
[2117.582s][info][gc] GC(311) Pause Initial Mark 27M->27M(29M) 1.330ms
[2117.582s][info][gc] GC(311) Concurrent Mark
[2117.595s][info][gc] GC(311) Concurrent Mark 13.017ms
[2117.595s][info][gc] GC(311) Concurrent Preclean
[2117.595s][info][gc] GC(311) Concurrent Preclean 0.118ms
[2117.596s][info][gc] GC(311) Concurrent Abortable Preclean
[2117.596s][info][gc] GC(311) Concurrent Abortable Preclean 0.013ms
[2117.602s][info][gc] GC(311) Pause Remark 27M->27M(29M) 6.427ms
[2117.602s][info][gc] GC(311) Concurrent Sweep
[2117.605s][info][gc] GC(311) Concurrent Sweep 3.274ms
[2117.605s][info][gc] GC(311) Concurrent Reset
[2117.605s][info][gc] GC(311) Concurrent Reset 0.019ms
[2119.609s][info][gc] GC(312) Pause Initial Mark 27M->27M(29M) 1.265ms
[2119.609s][info][gc] GC(312) Concurrent Mark
[2119.622s][info][gc] GC(312) Concurrent Mark 13.223ms
[2119.622s][info][gc] GC(312) Concurrent Preclean
[2119.623s][info][gc] GC(312) Concurrent Preclean 0.151ms
[2119.623s][info][gc] GC(312) Concurrent Abortable Preclean
[2119.623s][info][gc] GC(312) Concurrent Abortable Preclean 0.020ms
[2119.629s][info][gc] GC(312) Pause Remark 27M->27M(29M) 6.082ms
[2119.629s][info][gc] GC(312) Concurrent Sweep
[2119.632s][info][gc] GC(312) Concurrent Sweep 3.638ms
[2119.633s][info][gc] GC(312) Concurrent Reset
[2119.633s][info][gc] GC(312) Concurrent Reset 0.023ms
[2121.634s][info][gc] GC(313) Pause Initial Mark 27M->27M(29M) 1.619ms
[2121.634s][info][gc] GC(313) Concurrent Mark
[2121.648s][info][gc] GC(313) Concurrent Mark 13.857ms
[2121.648s][info][gc] GC(313) Concurrent Preclean
[2121.648s][info][gc] GC(313) Concurrent Preclean 0.128ms
[2121.648s][info][gc] GC(313) Concurrent Abortable Preclean
[2121.648s][info][gc] GC(313) Concurrent Abortable Preclean 0.015ms
[2121.654s][info][gc] GC(313) Pause Remark 27M->27M(29M) 6.450ms
[2121.654s][info][gc] GC(313) Concurrent Sweep
[2121.658s][info][gc] GC(313) Concurrent Sweep 3.439ms
[2121.658s][info][gc] GC(313) Concurrent Reset
[2121.658s][info][gc] GC(313) Concurrent Reset 0.020ms
[2123.661s][info][gc] GC(314) Pause Initial Mark 27M->27M(29M) 1.074ms
[2123.663s][info][gc] GC(314) Concurrent Mark
[2123.676s][info][gc] GC(314) Concurrent Mark 13.147ms
[2123.676s][info][gc] GC(314) Concurrent Preclean
[2123.676s][info][gc] GC(314) Concurrent Preclean 0.129ms
[2123.676s][info][gc] GC(314) Concurrent Abortable Preclean
[2123.676s][info][gc] GC(314) Concurrent Abortable Preclean 0.013ms
[2123.683s][info][gc] GC(314) Pause Remark 27M->27M(29M) 6.390ms
[2123.683s][info][gc] GC(314) Concurrent Sweep
[2123.686s][info][gc] GC(314) Concurrent Sweep 3.538ms
[2123.686s][info][gc] GC(314) Concurrent Reset
[2123.686s][info][gc] GC(314) Concurrent Reset 0.022ms
[2125.690s][info][gc] GC(315) Pause Initial Mark 27M->27M(29M) 1.122ms
[2125.690s][info][gc] GC(315) Concurrent Mark
[2125.702s][info][gc] GC(315) Concurrent Mark 11.866ms
[2125.702s][info][gc] GC(315) Concurrent Preclean
[2125.702s][info][gc] GC(315) Concurrent Preclean 0.132ms
[2125.702s][info][gc] GC(315) Concurrent Abortable Preclean
[2125.702s][info][gc] GC(315) Concurrent Abortable Preclean 0.016ms
[2125.709s][info][gc] GC(315) Pause Remark 27M->27M(29M) 6.720ms
[2125.709s][info][gc] GC(315) Concurrent Sweep
[2125.712s][info][gc] GC(315) Concurrent Sweep 3.321ms
[2125.712s][info][gc] GC(315) Concurrent Reset
[2125.712s][info][gc] GC(315) Concurrent Reset 0.021ms
[2127.715s][info][gc] GC(316) Pause Initial Mark 27M->27M(29M) 1.120ms
[2127.715s][info][gc] GC(316) Concurrent Mark
[2127.728s][info][gc] GC(316) Concurrent Mark 12.823ms
[2127.729s][info][gc] GC(316) Concurrent Preclean
[2127.729s][info][gc] GC(316) Concurrent Preclean 0.158ms
[2127.729s][info][gc] GC(316) Concurrent Abortable Preclean
[2127.729s][info][gc] GC(316) Concurrent Abortable Preclean 0.013ms
[2127.735s][info][gc] GC(316) Pause Remark 27M->27M(29M) 5.573ms
[2127.735s][info][gc] GC(316) Concurrent Sweep
[2127.738s][info][gc] GC(316) Concurrent Sweep 3.064ms
[2127.738s][info][gc] GC(316) Concurrent Reset
[2127.738s][info][gc] GC(316) Concurrent Reset 0.018ms
[2129.740s][info][gc] GC(317) Pause Initial Mark 27M->27M(29M) 1.011ms
[2129.740s][info][gc] GC(317) Concurrent Mark
[2129.752s][info][gc] GC(317) Concurrent Mark 11.662ms
[2129.752s][info][gc] GC(317) Concurrent Preclean
[2129.752s][info][gc] GC(317) Concurrent Preclean 0.119ms
[2129.752s][info][gc] GC(317) Concurrent Abortable Preclean
[2129.752s][info][gc] GC(317) Concurrent Abortable Preclean 0.013ms
[2129.758s][info][gc] GC(317) Pause Remark 27M->27M(29M) 5.723ms
[2129.758s][info][gc] GC(317) Concurrent Sweep
[2129.761s][info][gc] GC(317) Concurrent Sweep 3.227ms
[2129.762s][info][gc] GC(317) Concurrent Reset
[2129.762s][info][gc] GC(317) Concurrent Reset 0.018ms
[2131.765s][info][gc] GC(318) Pause Initial Mark 27M->27M(29M) 1.329ms
[2131.766s][info][gc] GC(318) Concurrent Mark
[2131.778s][info][gc] GC(318) Concurrent Mark 12.298ms
[2131.778s][info][gc] GC(318) Concurrent Preclean
[2131.778s][info][gc] GC(318) Concurrent Preclean 0.117ms
[2131.778s][info][gc] GC(318) Concurrent Abortable Preclean
[2131.778s][info][gc] GC(318) Concurrent Abortable Preclean 0.014ms
[2131.784s][info][gc] GC(318) Pause Remark 27M->27M(29M) 6.242ms
[2131.785s][info][gc] GC(318) Concurrent Sweep
[2131.788s][info][gc] GC(318) Concurrent Sweep 3.303ms
[2131.788s][info][gc] GC(318) Concurrent Reset
[2131.788s][info][gc] GC(318) Concurrent Reset 0.020ms
[2133.791s][info][gc] GC(319) Pause Initial Mark 27M->27M(29M) 1.109ms
[2133.792s][info][gc] GC(319) Concurrent Mark
[2133.804s][info][gc] GC(319) Concurrent Mark 12.113ms
[2133.804s][info][gc] GC(319) Concurrent Preclean
[2133.804s][info][gc] GC(319) Concurrent Preclean 0.144ms
[2133.804s][info][gc] GC(319) Concurrent Abortable Preclean
[2133.804s][info][gc] GC(319) Concurrent Abortable Preclean 0.015ms
[2133.810s][info][gc] GC(319) Pause Remark 27M->27M(29M) 5.664ms
[2133.810s][info][gc] GC(319) Concurrent Sweep
[2133.813s][info][gc] GC(319) Concurrent Sweep 3.373ms
[2133.813s][info][gc] GC(319) Concurrent Reset
[2133.813s][info][gc] GC(319) Concurrent Reset 0.020ms
[2135.814s][info][gc] GC(320) Pause Initial Mark 27M->27M(29M) 1.076ms
[2135.814s][info][gc] GC(320) Concurrent Mark
[2135.826s][info][gc] GC(320) Concurrent Mark 12.051ms
[2135.826s][info][gc] GC(320) Concurrent Preclean
[2135.827s][info][gc] GC(320) Concurrent Preclean 0.138ms
[2135.827s][info][gc] GC(320) Concurrent Abortable Preclean
[2135.827s][info][gc] GC(320) Concurrent Abortable Preclean 0.015ms
[2135.832s][info][gc] GC(320) Pause Remark 27M->27M(29M) 5.456ms
[2135.832s][info][gc] GC(320) Concurrent Sweep
[2135.836s][info][gc] GC(320) Concurrent Sweep 3.193ms
[2135.836s][info][gc] GC(320) Concurrent Reset
[2135.836s][info][gc] GC(320) Concurrent Reset 0.019ms
[2137.837s][info][gc] GC(321) Pause Initial Mark 27M->27M(29M) 1.130ms
[2137.838s][info][gc] GC(321) Concurrent Mark
[2137.849s][info][gc] GC(321) Concurrent Mark 11.878ms
[2137.850s][info][gc] GC(321) Concurrent Preclean
[2137.850s][info][gc] GC(321) Concurrent Preclean 0.123ms
[2137.850s][info][gc] GC(321) Concurrent Abortable Preclean
[2137.850s][info][gc] GC(321) Concurrent Abortable Preclean 0.013ms
[2137.855s][info][gc] GC(321) Pause Remark 27M->27M(29M) 5.485ms
[2137.855s][info][gc] GC(321) Concurrent Sweep
[2137.859s][info][gc] GC(321) Concurrent Sweep 3.228ms
[2137.859s][info][gc] GC(321) Concurrent Reset
[2137.859s][info][gc] GC(321) Concurrent Reset 0.019ms
[2139.864s][info][gc] GC(322) Pause Initial Mark 27M->27M(29M) 1.127ms
[2139.864s][info][gc] GC(322) Concurrent Mark
[2139.876s][info][gc] GC(322) Concurrent Mark 11.931ms
[2139.876s][info][gc] GC(322) Concurrent Preclean
[2139.876s][info][gc] GC(322) Concurrent Preclean 0.133ms
[2139.876s][info][gc] GC(322) Concurrent Abortable Preclean
[2139.876s][info][gc] GC(322) Concurrent Abortable Preclean 0.015ms
[2139.882s][info][gc] GC(322) Pause Remark 27M->27M(29M) 5.582ms
[2139.882s][info][gc] GC(322) Concurrent Sweep
[2139.885s][info][gc] GC(322) Concurrent Sweep 3.136ms
[2139.885s][info][gc] GC(322) Concurrent Reset
[2139.885s][info][gc] GC(322) Concurrent Reset 0.018ms
[2141.889s][info][gc] GC(323) Pause Initial Mark 27M->27M(29M) 1.096ms
[2141.889s][info][gc] GC(323) Concurrent Mark
[2141.901s][info][gc] GC(323) Concurrent Mark 11.978ms
[2141.901s][info][gc] GC(323) Concurrent Preclean
[2141.901s][info][gc] GC(323) Concurrent Preclean 0.119ms
[2141.902s][info][gc] GC(323) Concurrent Abortable Preclean
[2141.902s][info][gc] GC(323) Concurrent Abortable Preclean 0.014ms
[2141.908s][info][gc] GC(323) Pause Remark 27M->27M(29M) 6.783ms
[2141.908s][info][gc] GC(323) Concurrent Sweep
[2141.912s][info][gc] GC(323) Concurrent Sweep 3.214ms
[2141.912s][info][gc] GC(323) Concurrent Reset
[2141.912s][info][gc] GC(323) Concurrent Reset 0.019ms
[2143.914s][info][gc] GC(324) Pause Initial Mark 27M->27M(29M) 1.187ms
[2143.914s][info][gc] GC(324) Concurrent Mark
[2143.926s][info][gc] GC(324) Concurrent Mark 12.593ms
[2143.935s][info][gc] GC(324) Concurrent Preclean
[2143.936s][info][gc] GC(324) Concurrent Preclean 0.300ms
[2143.936s][info][gc] GC(324) Concurrent Abortable Preclean
[2143.936s][info][gc] GC(324) Concurrent Abortable Preclean 0.039ms
[2143.943s][info][gc] GC(324) Pause Remark 27M->27M(29M) 6.768ms
[2143.943s][info][gc] GC(324) Concurrent Sweep
[2143.947s][info][gc] GC(324) Concurrent Sweep 3.768ms
[2143.947s][info][gc] GC(324) Concurrent Reset
[2143.947s][info][gc] GC(324) Concurrent Reset 0.023ms
[2145.949s][info][gc] GC(325) Pause Initial Mark 27M->27M(29M) 1.134ms
[2145.950s][info][gc] GC(325) Concurrent Mark
[2145.963s][info][gc] GC(325) Concurrent Mark 12.806ms
[2145.963s][info][gc] GC(325) Concurrent Preclean
[2145.963s][info][gc] GC(325) Concurrent Preclean 0.122ms
[2145.963s][info][gc] GC(325) Concurrent Abortable Preclean
[2145.963s][info][gc] GC(325) Concurrent Abortable Preclean 0.013ms
[2145.970s][info][gc] GC(325) Pause Remark 27M->27M(29M) 6.507ms
[2145.970s][info][gc] GC(325) Concurrent Sweep
[2145.973s][info][gc] GC(325) Concurrent Sweep 3.381ms
[2145.974s][info][gc] GC(325) Concurrent Reset
[2145.974s][info][gc] GC(325) Concurrent Reset 0.022ms
[2147.975s][info][gc] GC(326) Pause Initial Mark 27M->27M(29M) 1.112ms
[2147.975s][info][gc] GC(326) Concurrent Mark
[2147.987s][info][gc] GC(326) Concurrent Mark 11.894ms
[2147.987s][info][gc] GC(326) Concurrent Preclean
[2147.987s][info][gc] GC(326) Concurrent Preclean 0.131ms
[2147.987s][info][gc] GC(326) Concurrent Abortable Preclean
[2147.987s][info][gc] GC(326) Concurrent Abortable Preclean 0.015ms
[2147.995s][info][gc] GC(326) Pause Remark 27M->27M(29M) 7.327ms
[2147.995s][info][gc] GC(326) Concurrent Sweep
[2147.998s][info][gc] GC(326) Concurrent Sweep 3.148ms
[2147.998s][info][gc] GC(326) Concurrent Reset
[2147.998s][info][gc] GC(326) Concurrent Reset 0.019ms
[2150.002s][info][gc] GC(327) Pause Initial Mark 27M->27M(29M) 1.066ms
[2150.002s][info][gc] GC(327) Concurrent Mark
[2150.014s][info][gc] GC(327) Concurrent Mark 12.004ms
[2150.014s][info][gc] GC(327) Concurrent Preclean
[2150.014s][info][gc] GC(327) Concurrent Preclean 0.117ms
[2150.014s][info][gc] GC(327) Concurrent Abortable Preclean
[2150.014s][info][gc] GC(327) Concurrent Abortable Preclean 0.013ms
[2150.024s][info][gc] GC(327) Pause Remark 27M->27M(29M) 9.408ms
[2150.025s][info][gc] GC(327) Concurrent Sweep
[2150.029s][info][gc] GC(327) Concurrent Sweep 4.401ms
[2150.029s][info][gc] GC(327) Concurrent Reset
[2150.029s][info][gc] GC(327) Concurrent Reset 0.020ms
[2152.034s][info][gc] GC(328) Pause Initial Mark 27M->27M(29M) 0.931ms
[2152.034s][info][gc] GC(328) Concurrent Mark
[2152.052s][info][gc] GC(328) Concurrent Mark 17.906ms
[2152.052s][info][gc] GC(328) Concurrent Preclean
[2152.052s][info][gc] GC(328) Concurrent Preclean 0.199ms
[2152.052s][info][gc] GC(328) Concurrent Abortable Preclean
[2152.052s][info][gc] GC(328) Concurrent Abortable Preclean 0.013ms
[2152.061s][info][gc] GC(328) Pause Remark 27M->27M(29M) 9.084ms
[2152.061s][info][gc] GC(328) Concurrent Sweep
[2152.065s][info][gc] GC(328) Concurrent Sweep 3.307ms
[2152.065s][info][gc] GC(328) Concurrent Reset
[2152.065s][info][gc] GC(328) Concurrent Reset 0.039ms
[2154.067s][info][gc] GC(329) Pause Initial Mark 27M->27M(29M) 1.333ms
[2154.068s][info][gc] GC(329) Concurrent Mark
[2154.082s][info][gc] GC(329) Concurrent Mark 14.000ms
[2154.082s][info][gc] GC(329) Concurrent Preclean
[2154.082s][info][gc] GC(329) Concurrent Preclean 0.130ms
[2154.082s][info][gc] GC(329) Concurrent Abortable Preclean
[2154.082s][info][gc] GC(329) Concurrent Abortable Preclean 0.014ms
[2154.089s][info][gc] GC(329) Pause Remark 27M->27M(29M) 6.846ms
[2154.089s][info][gc] GC(329) Concurrent Sweep
[2154.092s][info][gc] GC(329) Concurrent Sweep 3.142ms
[2154.092s][info][gc] GC(329) Concurrent Reset
[2154.092s][info][gc] GC(329) Concurrent Reset 0.018ms
[2156.095s][info][gc] GC(330) Pause Initial Mark 27M->27M(29M) 0.981ms
[2156.095s][info][gc] GC(330) Concurrent Mark
[2156.107s][info][gc] GC(330) Concurrent Mark 11.928ms
[2156.107s][info][gc] GC(330) Concurrent Preclean
[2156.107s][info][gc] GC(330) Concurrent Preclean 0.133ms
[2156.107s][info][gc] GC(330) Concurrent Abortable Preclean
[2156.107s][info][gc] GC(330) Concurrent Abortable Preclean 0.015ms
[2156.113s][info][gc] GC(330) Pause Remark 27M->27M(29M) 5.627ms
[2156.113s][info][gc] GC(330) Concurrent Sweep
[2156.116s][info][gc] GC(330) Concurrent Sweep 3.197ms
[2156.116s][info][gc] GC(330) Concurrent Reset
[2156.116s][info][gc] GC(330) Concurrent Reset 0.019ms
[2158.120s][info][gc] GC(331) Pause Initial Mark 27M->27M(29M) 0.823ms
[2158.120s][info][gc] GC(331) Concurrent Mark
[2158.133s][info][gc] GC(331) Concurrent Mark 13.406ms
[2158.133s][info][gc] GC(331) Concurrent Preclean
[2158.133s][info][gc] GC(331) Concurrent Preclean 0.118ms
[2158.133s][info][gc] GC(331) Concurrent Abortable Preclean
[2158.133s][info][gc] GC(331) Concurrent Abortable Preclean 0.013ms
[2158.140s][info][gc] GC(331) Pause Remark 27M->27M(29M) 7.063ms
[2158.141s][info][gc] GC(331) Concurrent Sweep
[2158.144s][info][gc] GC(331) Concurrent Sweep 3.209ms
[2158.144s][info][gc] GC(331) Concurrent Reset
[2158.144s][info][gc] GC(331) Concurrent Reset 0.019ms
[2160.147s][info][gc] GC(332) Pause Initial Mark 27M->27M(29M) 0.936ms
[2160.147s][info][gc] GC(332) Concurrent Mark
[2160.165s][info][gc] GC(332) Concurrent Mark 18.145ms
[2160.165s][info][gc] GC(332) Concurrent Preclean
[2160.165s][info][gc] GC(332) Concurrent Preclean 0.170ms
[2160.165s][info][gc] GC(332) Concurrent Abortable Preclean
[2160.165s][info][gc] GC(332) Concurrent Abortable Preclean 0.020ms
[2160.173s][info][gc] GC(332) Pause Remark 27M->27M(29M) 7.934ms
[2160.173s][info][gc] GC(332) Concurrent Sweep
[2160.178s][info][gc] GC(332) Concurrent Sweep 4.555ms
[2160.178s][info][gc] GC(332) Concurrent Reset
[2160.178s][info][gc] GC(332) Concurrent Reset 0.021ms
[2162.179s][info][gc] GC(333) Pause Initial Mark 27M->27M(29M) 0.912ms
[2162.180s][info][gc] GC(333) Concurrent Mark
[2162.192s][info][gc] GC(333) Concurrent Mark 12.203ms
[2162.192s][info][gc] GC(333) Concurrent Preclean
[2162.192s][info][gc] GC(333) Concurrent Preclean 0.122ms
[2162.192s][info][gc] GC(333) Concurrent Abortable Preclean
[2162.192s][info][gc] GC(333) Concurrent Abortable Preclean 0.014ms
[2162.199s][info][gc] GC(333) Pause Remark 27M->27M(29M) 6.906ms
[2162.200s][info][gc] GC(333) Concurrent Sweep
[2162.203s][info][gc] GC(333) Concurrent Sweep 3.367ms
[2162.203s][info][gc] GC(333) Concurrent Reset
[2162.203s][info][gc] GC(333) Concurrent Reset 0.031ms
[2164.204s][info][gc] GC(334) Pause Initial Mark 27M->27M(29M) 1.286ms
[2164.204s][info][gc] GC(334) Concurrent Mark
[2164.215s][info][gc] GC(334) Concurrent Mark 10.958ms
[2164.215s][info][gc] GC(334) Concurrent Preclean
[2164.215s][info][gc] GC(334) Concurrent Preclean 0.130ms
[2164.215s][info][gc] GC(334) Concurrent Abortable Preclean
[2164.215s][info][gc] GC(334) Concurrent Abortable Preclean 0.012ms
[2164.224s][info][gc] GC(334) Pause Remark 27M->27M(29M) 8.099ms
[2164.224s][info][gc] GC(334) Concurrent Sweep
[2164.227s][info][gc] GC(334) Concurrent Sweep 3.530ms
[2164.227s][info][gc] GC(334) Concurrent Reset
[2164.227s][info][gc] GC(334) Concurrent Reset 0.021ms
[2166.228s][info][gc] GC(335) Pause Initial Mark 27M->27M(29M) 0.629ms
[2166.228s][info][gc] GC(335) Concurrent Mark
[2166.239s][info][gc] GC(335) Concurrent Mark 10.642ms
[2166.239s][info][gc] GC(335) Concurrent Preclean
[2166.239s][info][gc] GC(335) Concurrent Preclean 0.134ms
[2166.239s][info][gc] GC(335) Concurrent Abortable Preclean
[2166.239s][info][gc] GC(335) Concurrent Abortable Preclean 0.012ms
[2166.246s][info][gc] GC(335) Pause Remark 27M->27M(29M) 6.994ms
[2166.246s][info][gc] GC(335) Concurrent Sweep
[2166.250s][info][gc] GC(335) Concurrent Sweep 3.367ms
[2166.250s][info][gc] GC(335) Concurrent Reset
[2166.250s][info][gc] GC(335) Concurrent Reset 0.032ms
[2168.253s][info][gc] GC(336) Pause Initial Mark 27M->27M(29M) 1.128ms
[2168.253s][info][gc] GC(336) Concurrent Mark
[2168.268s][info][gc] GC(336) Concurrent Mark 14.118ms
[2168.268s][info][gc] GC(336) Concurrent Preclean
[2168.268s][info][gc] GC(336) Concurrent Preclean 0.125ms
[2168.268s][info][gc] GC(336) Concurrent Abortable Preclean
[2168.268s][info][gc] GC(336) Concurrent Abortable Preclean 0.013ms
[2168.275s][info][gc] GC(336) Pause Remark 27M->27M(29M) 6.746ms
[2168.275s][info][gc] GC(336) Concurrent Sweep
[2168.278s][info][gc] GC(336) Concurrent Sweep 3.313ms
[2168.278s][info][gc] GC(336) Concurrent Reset
[2168.278s][info][gc] GC(336) Concurrent Reset 0.019ms
[2170.279s][info][gc] GC(337) Pause Initial Mark 27M->27M(29M) 0.924ms
[2170.279s][info][gc] GC(337) Concurrent Mark
[2170.294s][info][gc] GC(337) Concurrent Mark 15.362ms
[2170.294s][info][gc] GC(337) Concurrent Preclean
[2170.294s][info][gc] GC(337) Concurrent Preclean 0.174ms
[2170.294s][info][gc] GC(337) Concurrent Abortable Preclean
[2170.294s][info][gc] GC(337) Concurrent Abortable Preclean 0.015ms
[2170.302s][info][gc] GC(337) Pause Remark 27M->27M(29M) 6.962ms
[2170.302s][info][gc] GC(337) Concurrent Sweep
[2170.305s][info][gc] GC(337) Concurrent Sweep 3.605ms
[2170.305s][info][gc] GC(337) Concurrent Reset
[2170.305s][info][gc] GC(337) Concurrent Reset 0.018ms
[2172.306s][info][gc] GC(338) Pause Initial Mark 27M->27M(29M) 0.781ms
[2172.306s][info][gc] GC(338) Concurrent Mark
[2172.317s][info][gc] GC(338) Concurrent Mark 10.925ms
[2172.317s][info][gc] GC(338) Concurrent Preclean
[2172.317s][info][gc] GC(338) Concurrent Preclean 0.122ms
[2172.317s][info][gc] GC(338) Concurrent Abortable Preclean
[2172.317s][info][gc] GC(338) Concurrent Abortable Preclean 0.011ms
[2172.323s][info][gc] GC(338) Pause Remark 27M->27M(29M) 5.075ms
[2172.323s][info][gc] GC(338) Concurrent Sweep
[2172.326s][info][gc] GC(338) Concurrent Sweep 3.001ms
[2172.326s][info][gc] GC(338) Concurrent Reset
[2172.326s][info][gc] GC(338) Concurrent Reset 0.016ms
[2174.327s][info][gc] GC(339) Pause Initial Mark 27M->27M(29M) 1.036ms
[2174.328s][info][gc] GC(339) Concurrent Mark
[2174.340s][info][gc] GC(339) Concurrent Mark 12.068ms
[2174.340s][info][gc] GC(339) Concurrent Preclean
[2174.340s][info][gc] GC(339) Concurrent Preclean 0.125ms
[2174.340s][info][gc] GC(339) Concurrent Abortable Preclean
[2174.340s][info][gc] GC(339) Concurrent Abortable Preclean 0.011ms
[2174.346s][info][gc] GC(339) Pause Remark 27M->27M(29M) 5.607ms
[2174.346s][info][gc] GC(339) Concurrent Sweep
[2174.349s][info][gc] GC(339) Concurrent Sweep 3.251ms
[2174.349s][info][gc] GC(339) Concurrent Reset
[2174.349s][info][gc] GC(339) Concurrent Reset 0.018ms
[2176.351s][info][gc] GC(340) Pause Initial Mark 27M->27M(29M) 0.703ms
[2176.351s][info][gc] GC(340) Concurrent Mark
[2176.362s][info][gc] GC(340) Concurrent Mark 11.323ms
[2176.362s][info][gc] GC(340) Concurrent Preclean
[2176.363s][info][gc] GC(340) Concurrent Preclean 0.112ms
[2176.363s][info][gc] GC(340) Concurrent Abortable Preclean
[2176.363s][info][gc] GC(340) Concurrent Abortable Preclean 0.010ms
[2176.368s][info][gc] GC(340) Pause Remark 27M->27M(29M) 5.120ms
[2176.368s][info][gc] GC(340) Concurrent Sweep
[2176.371s][info][gc] GC(340) Concurrent Sweep 3.106ms
[2176.371s][info][gc] GC(340) Concurrent Reset
[2176.371s][info][gc] GC(340) Concurrent Reset 0.017ms
[2178.373s][info][gc] GC(341) Pause Initial Mark 27M->27M(29M) 0.840ms
[2178.373s][info][gc] GC(341) Concurrent Mark
[2178.386s][info][gc] GC(341) Concurrent Mark 12.282ms
[2178.386s][info][gc] GC(341) Concurrent Preclean
[2178.386s][info][gc] GC(341) Concurrent Preclean 0.156ms
[2178.386s][info][gc] GC(341) Concurrent Abortable Preclean
[2178.386s][info][gc] GC(341) Concurrent Abortable Preclean 0.015ms
[2178.392s][info][gc] GC(341) Pause Remark 27M->27M(29M) 6.378ms
[2178.393s][info][gc] GC(341) Concurrent Sweep
[2178.396s][info][gc] GC(341) Concurrent Sweep 3.215ms
[2178.396s][info][gc] GC(341) Concurrent Reset
[2178.396s][info][gc] GC(341) Concurrent Reset 0.018ms
[2180.396s][info][gc] GC(342) Pause Initial Mark 27M->27M(29M) 0.877ms
[2180.396s][info][gc] GC(342) Concurrent Mark
[2180.410s][info][gc] GC(342) Concurrent Mark 13.617ms
[2180.410s][info][gc] GC(342) Concurrent Preclean
[2180.410s][info][gc] GC(342) Concurrent Preclean 0.116ms
[2180.410s][info][gc] GC(342) Concurrent Abortable Preclean
[2180.410s][info][gc] GC(342) Concurrent Abortable Preclean 0.010ms
[2180.417s][info][gc] GC(342) Pause Remark 27M->27M(29M) 6.595ms
[2180.417s][info][gc] GC(342) Concurrent Sweep
[2180.421s][info][gc] GC(342) Concurrent Sweep 3.530ms
[2180.421s][info][gc] GC(342) Concurrent Reset
[2180.421s][info][gc] GC(342) Concurrent Reset 0.016ms
[2182.421s][info][gc] GC(343) Pause Initial Mark 27M->27M(29M) 1.100ms
[2182.421s][info][gc] GC(343) Concurrent Mark
[2182.435s][info][gc] GC(343) Concurrent Mark 13.522ms
[2182.435s][info][gc] GC(343) Concurrent Preclean
[2182.435s][info][gc] GC(343) Concurrent Preclean 0.135ms
[2182.435s][info][gc] GC(343) Concurrent Abortable Preclean
[2182.435s][info][gc] GC(343) Concurrent Abortable Preclean 0.014ms
[2182.441s][info][gc] GC(343) Pause Remark 27M->27M(29M) 5.802ms
[2182.441s][info][gc] GC(343) Concurrent Sweep
[2182.445s][info][gc] GC(343) Concurrent Sweep 3.443ms
[2182.445s][info][gc] GC(343) Concurrent Reset
[2182.445s][info][gc] GC(343) Concurrent Reset 0.030ms
[2184.446s][info][gc] GC(344) Pause Initial Mark 27M->27M(29M) 0.791ms
[2184.446s][info][gc] GC(344) Concurrent Mark
[2184.458s][info][gc] GC(344) Concurrent Mark 11.628ms
[2184.458s][info][gc] GC(344) Concurrent Preclean
[2184.458s][info][gc] GC(344) Concurrent Preclean 0.118ms
[2184.458s][info][gc] GC(344) Concurrent Abortable Preclean
[2184.458s][info][gc] GC(344) Concurrent Abortable Preclean 0.014ms
[2184.465s][info][gc] GC(344) Pause Remark 27M->27M(29M) 7.277ms
[2184.465s][info][gc] GC(344) Concurrent Sweep
[2184.469s][info][gc] GC(344) Concurrent Sweep 3.848ms
[2184.469s][info][gc] GC(344) Concurrent Reset
[2184.469s][info][gc] GC(344) Concurrent Reset 0.026ms
[2186.471s][info][gc] GC(345) Pause Initial Mark 27M->27M(29M) 0.918ms
[2186.471s][info][gc] GC(345) Concurrent Mark
[2186.483s][info][gc] GC(345) Concurrent Mark 11.807ms
[2186.483s][info][gc] GC(345) Concurrent Preclean
[2186.483s][info][gc] GC(345) Concurrent Preclean 0.114ms
[2186.483s][info][gc] GC(345) Concurrent Abortable Preclean
[2186.483s][info][gc] GC(345) Concurrent Abortable Preclean 0.014ms
[2186.490s][info][gc] GC(345) Pause Remark 27M->27M(29M) 6.837ms
[2186.490s][info][gc] GC(345) Concurrent Sweep
[2186.493s][info][gc] GC(345) Concurrent Sweep 3.337ms
[2186.493s][info][gc] GC(345) Concurrent Reset
[2186.493s][info][gc] GC(345) Concurrent Reset 0.031ms
[2188.497s][info][gc] GC(346) Pause Initial Mark 27M->27M(29M) 1.444ms
[2188.497s][info][gc] GC(346) Concurrent Mark
[2188.511s][info][gc] GC(346) Concurrent Mark 13.994ms
[2188.511s][info][gc] GC(346) Concurrent Preclean
[2188.511s][info][gc] GC(346) Concurrent Preclean 0.125ms
[2188.511s][info][gc] GC(346) Concurrent Abortable Preclean
[2188.511s][info][gc] GC(346) Concurrent Abortable Preclean 0.013ms
[2188.517s][info][gc] GC(346) Pause Remark 27M->27M(29M) 5.519ms
[2188.517s][info][gc] GC(346) Concurrent Sweep
[2188.520s][info][gc] GC(346) Concurrent Sweep 3.258ms
[2188.520s][info][gc] GC(346) Concurrent Reset
[2188.520s][info][gc] GC(346) Concurrent Reset 0.020ms
[2190.524s][info][gc] GC(347) Pause Initial Mark 27M->27M(29M) 1.760ms
[2190.524s][info][gc] GC(347) Concurrent Mark
[2190.543s][info][gc] GC(347) Concurrent Mark 18.501ms
[2190.543s][info][gc] GC(347) Concurrent Preclean
[2190.543s][info][gc] GC(347) Concurrent Preclean 0.207ms
[2190.543s][info][gc] GC(347) Concurrent Abortable Preclean
[2190.543s][info][gc] GC(347) Concurrent Abortable Preclean 0.020ms
[2190.554s][info][gc] GC(347) Pause Remark 27M->27M(29M) 10.226ms
[2190.555s][info][gc] GC(347) Concurrent Sweep
[2190.561s][info][gc] GC(347) Concurrent Sweep 5.841ms
[2190.561s][info][gc] GC(347) Concurrent Reset
[2190.561s][info][gc] GC(347) Concurrent Reset 0.031ms
[2192.561s][info][gc] GC(348) Pause Initial Mark 27M->27M(29M) 0.889ms
[2192.561s][info][gc] GC(348) Concurrent Mark
[2192.575s][info][gc] GC(348) Concurrent Mark 13.812ms
[2192.575s][info][gc] GC(348) Concurrent Preclean
[2192.576s][info][gc] GC(348) Concurrent Preclean 0.188ms
[2192.576s][info][gc] GC(348) Concurrent Abortable Preclean
[2192.576s][info][gc] GC(348) Concurrent Abortable Preclean 0.013ms
[2192.586s][info][gc] GC(348) Pause Remark 27M->27M(29M) 10.078ms
[2192.586s][info][gc] GC(348) Concurrent Sweep
[2192.591s][info][gc] GC(348) Concurrent Sweep 5.382ms
[2192.591s][info][gc] GC(348) Concurrent Reset
[2192.591s][info][gc] GC(348) Concurrent Reset 0.027ms
[2194.592s][info][gc] GC(349) Pause Initial Mark 27M->27M(29M) 0.962ms
[2194.592s][info][gc] GC(349) Concurrent Mark
[2194.605s][info][gc] GC(349) Concurrent Mark 12.721ms
[2194.605s][info][gc] GC(349) Concurrent Preclean
[2194.605s][info][gc] GC(349) Concurrent Preclean 0.126ms
[2194.605s][info][gc] GC(349) Concurrent Abortable Preclean
[2194.605s][info][gc] GC(349) Concurrent Abortable Preclean 0.012ms
[2194.610s][info][gc] GC(349) Pause Remark 27M->27M(29M) 5.035ms
[2194.611s][info][gc] GC(349) Concurrent Sweep
[2194.614s][info][gc] GC(349) Concurrent Sweep 3.088ms
[2194.614s][info][gc] GC(349) Concurrent Reset
[2194.614s][info][gc] GC(349) Concurrent Reset 0.020ms
[2196.616s][info][gc] GC(350) Pause Initial Mark 27M->27M(29M) 0.922ms
[2196.616s][info][gc] GC(350) Concurrent Mark
[2196.630s][info][gc] GC(350) Concurrent Mark 13.955ms
[2196.630s][info][gc] GC(350) Concurrent Preclean
[2196.630s][info][gc] GC(350) Concurrent Preclean 0.130ms
[2196.630s][info][gc] GC(350) Concurrent Abortable Preclean
[2196.630s][info][gc] GC(350) Concurrent Abortable Preclean 0.015ms
[2196.636s][info][gc] GC(350) Pause Remark 27M->27M(29M) 5.728ms
[2196.636s][info][gc] GC(350) Concurrent Sweep
[2196.640s][info][gc] GC(350) Concurrent Sweep 4.244ms
[2196.640s][info][gc] GC(350) Concurrent Reset
[2196.640s][info][gc] GC(350) Concurrent Reset 0.024ms
[2198.641s][info][gc] GC(351) Pause Initial Mark 27M->27M(29M) 0.877ms
[2198.643s][info][gc] GC(351) Concurrent Mark
[2198.655s][info][gc] GC(351) Concurrent Mark 12.424ms
[2198.655s][info][gc] GC(351) Concurrent Preclean
[2198.656s][info][gc] GC(351) Concurrent Preclean 0.147ms
[2198.656s][info][gc] GC(351) Concurrent Abortable Preclean
[2198.656s][info][gc] GC(351) Concurrent Abortable Preclean 0.017ms
[2198.670s][info][gc] GC(351) Pause Remark 27M->27M(29M) 13.605ms
[2198.670s][info][gc] GC(351) Concurrent Sweep
[2198.674s][info][gc] GC(351) Concurrent Sweep 4.782ms
[2198.675s][info][gc] GC(351) Concurrent Reset
[2198.675s][info][gc] GC(351) Concurrent Reset 0.022ms
[2200.675s][info][gc] GC(352) Pause Initial Mark 27M->27M(29M) 0.732ms
[2200.675s][info][gc] GC(352) Concurrent Mark
[2200.689s][info][gc] GC(352) Concurrent Mark 13.636ms
[2200.689s][info][gc] GC(352) Concurrent Preclean
[2200.689s][info][gc] GC(352) Concurrent Preclean 0.132ms
[2200.689s][info][gc] GC(352) Concurrent Abortable Preclean
[2200.689s][info][gc] GC(352) Concurrent Abortable Preclean 0.020ms
[2200.695s][info][gc] GC(352) Pause Remark 27M->27M(29M) 5.137ms
[2200.695s][info][gc] GC(352) Concurrent Sweep
[2200.698s][info][gc] GC(352) Concurrent Sweep 3.528ms
[2200.698s][info][gc] GC(352) Concurrent Reset
[2200.698s][info][gc] GC(352) Concurrent Reset 0.020ms
[2202.698s][info][gc] GC(353) Pause Initial Mark 27M->27M(29M) 0.606ms
[2202.699s][info][gc] GC(353) Concurrent Mark
[2202.710s][info][gc] GC(353) Concurrent Mark 11.835ms
[2202.710s][info][gc] GC(353) Concurrent Preclean
[2202.711s][info][gc] GC(353) Concurrent Preclean 0.117ms
[2202.711s][info][gc] GC(353) Concurrent Abortable Preclean
[2202.711s][info][gc] GC(353) Concurrent Abortable Preclean 0.013ms
[2202.717s][info][gc] GC(353) Pause Remark 27M->27M(29M) 6.486ms
[2202.717s][info][gc] GC(353) Concurrent Sweep
[2202.721s][info][gc] GC(353) Concurrent Sweep 3.548ms
[2202.721s][info][gc] GC(353) Concurrent Reset
[2202.721s][info][gc] GC(353) Concurrent Reset 0.044ms
[2204.724s][info][gc] GC(354) Pause Initial Mark 27M->27M(29M) 0.777ms
[2204.724s][info][gc] GC(354) Concurrent Mark
[2204.734s][info][gc] GC(354) Concurrent Mark 10.576ms
[2204.734s][info][gc] GC(354) Concurrent Preclean
[2204.734s][info][gc] GC(354) Concurrent Preclean 0.106ms
[2204.734s][info][gc] GC(354) Concurrent Abortable Preclean
[2204.734s][info][gc] GC(354) Concurrent Abortable Preclean 0.012ms
[2204.741s][info][gc] GC(354) Pause Remark 27M->27M(29M) 6.907ms
[2204.741s][info][gc] GC(354) Concurrent Sweep
[2204.745s][info][gc] GC(354) Concurrent Sweep 3.135ms
[2204.745s][info][gc] GC(354) Concurrent Reset
[2204.745s][info][gc] GC(354) Concurrent Reset 0.023ms
[2206.749s][info][gc] GC(355) Pause Initial Mark 27M->27M(29M) 0.946ms
[2206.750s][info][gc] GC(355) Concurrent Mark
[2206.764s][info][gc] GC(355) Concurrent Mark 14.566ms
[2206.764s][info][gc] GC(355) Concurrent Preclean
[2206.765s][info][gc] GC(355) Concurrent Preclean 0.137ms
[2206.765s][info][gc] GC(355) Concurrent Abortable Preclean
[2206.765s][info][gc] GC(355) Concurrent Abortable Preclean 0.018ms
[2206.772s][info][gc] GC(355) Pause Remark 27M->27M(29M) 6.961ms
[2206.772s][info][gc] GC(355) Concurrent Sweep
[2206.776s][info][gc] GC(355) Concurrent Sweep 4.064ms
[2206.776s][info][gc] GC(355) Concurrent Reset
[2206.776s][info][gc] GC(355) Concurrent Reset 0.025ms
[2208.777s][info][gc] GC(356) Pause Initial Mark 27M->27M(29M) 0.965ms
[2208.777s][info][gc] GC(356) Concurrent Mark
[2208.797s][info][gc] GC(356) Concurrent Mark 20.104ms
[2208.797s][info][gc] GC(356) Concurrent Preclean
[2208.797s][info][gc] GC(356) Concurrent Preclean 0.202ms
[2208.797s][info][gc] GC(356) Concurrent Abortable Preclean
[2208.797s][info][gc] GC(356) Concurrent Abortable Preclean 0.022ms
[2208.815s][info][gc] GC(356) Pause Remark 27M->27M(29M) 17.052ms
[2208.815s][info][gc] GC(356) Concurrent Sweep
[2208.820s][info][gc] GC(356) Concurrent Sweep 4.890ms
[2208.820s][info][gc] GC(356) Concurrent Reset
[2208.820s][info][gc] GC(356) Concurrent Reset 0.032ms
[2210.821s][info][gc] GC(357) Pause Initial Mark 27M->27M(29M) 1.005ms
[2210.822s][info][gc] GC(357) Concurrent Mark
[2210.835s][info][gc] GC(357) Concurrent Mark 13.342ms
[2210.835s][info][gc] GC(357) Concurrent Preclean
[2210.835s][info][gc] GC(357) Concurrent Preclean 0.182ms
[2210.835s][info][gc] GC(357) Concurrent Abortable Preclean
[2210.836s][info][gc] GC(357) Concurrent Abortable Preclean 0.021ms
[2210.844s][info][gc] GC(357) Pause Remark 27M->27M(29M) 7.942ms
[2210.844s][info][gc] GC(357) Concurrent Sweep
[2210.847s][info][gc] GC(357) Concurrent Sweep 3.278ms
[2210.847s][info][gc] GC(357) Concurrent Reset
[2210.847s][info][gc] GC(357) Concurrent Reset 0.019ms
[2212.850s][info][gc] GC(358) Pause Initial Mark 27M->27M(29M) 1.031ms
[2212.851s][info][gc] GC(358) Concurrent Mark
[2212.863s][info][gc] GC(358) Concurrent Mark 11.587ms
[2212.863s][info][gc] GC(358) Concurrent Preclean
[2212.863s][info][gc] GC(358) Concurrent Preclean 0.271ms
[2212.863s][info][gc] GC(358) Concurrent Abortable Preclean
[2212.863s][info][gc] GC(358) Concurrent Abortable Preclean 0.018ms
[2212.870s][info][gc] GC(358) Pause Remark 27M->27M(29M) 6.467ms
[2212.870s][info][gc] GC(358) Concurrent Sweep
[2212.874s][info][gc] GC(358) Concurrent Sweep 4.317ms
[2212.874s][info][gc] GC(358) Concurrent Reset
[2212.874s][info][gc] GC(358) Concurrent Reset 0.026ms
[2214.875s][info][gc] GC(359) Pause Initial Mark 27M->27M(29M) 0.992ms
[2214.875s][info][gc] GC(359) Concurrent Mark
[2214.886s][info][gc] GC(359) Concurrent Mark 11.590ms
[2214.886s][info][gc] GC(359) Concurrent Preclean
[2214.887s][info][gc] GC(359) Concurrent Preclean 0.107ms
[2214.887s][info][gc] GC(359) Concurrent Abortable Preclean
[2214.887s][info][gc] GC(359) Concurrent Abortable Preclean 0.012ms
[2214.895s][info][gc] GC(359) Pause Remark 27M->27M(29M) 8.591ms
[2214.895s][info][gc] GC(359) Concurrent Sweep
[2214.899s][info][gc] GC(359) Concurrent Sweep 3.507ms
[2214.899s][info][gc] GC(359) Concurrent Reset
[2214.899s][info][gc] GC(359) Concurrent Reset 0.021ms
[2216.899s][info][gc] GC(360) Pause Initial Mark 27M->27M(29M) 0.793ms
[2216.899s][info][gc] GC(360) Concurrent Mark
[2216.912s][info][gc] GC(360) Concurrent Mark 12.339ms
[2216.912s][info][gc] GC(360) Concurrent Preclean
[2216.912s][info][gc] GC(360) Concurrent Preclean 0.215ms
[2216.912s][info][gc] GC(360) Concurrent Abortable Preclean
[2216.912s][info][gc] GC(360) Concurrent Abortable Preclean 0.015ms
[2216.920s][info][gc] GC(360) Pause Remark 27M->27M(29M) 7.434ms
[2216.920s][info][gc] GC(360) Concurrent Sweep
[2216.924s][info][gc] GC(360) Concurrent Sweep 3.840ms
[2216.924s][info][gc] GC(360) Concurrent Reset
[2216.924s][info][gc] GC(360) Concurrent Reset 0.021ms
[2218.924s][info][gc] GC(361) Pause Initial Mark 27M->27M(29M) 0.623ms
[2218.924s][info][gc] GC(361) Concurrent Mark
[2218.933s][info][gc] GC(361) Concurrent Mark 9.087ms
[2218.933s][info][gc] GC(361) Concurrent Preclean
[2218.934s][info][gc] GC(361) Concurrent Preclean 0.111ms
[2218.934s][info][gc] GC(361) Concurrent Abortable Preclean
[2218.934s][info][gc] GC(361) Concurrent Abortable Preclean 0.012ms
[2218.940s][info][gc] GC(361) Pause Remark 27M->27M(29M) 6.662ms
[2218.940s][info][gc] GC(361) Concurrent Sweep
[2218.944s][info][gc] GC(361) Concurrent Sweep 3.869ms
[2218.944s][info][gc] GC(361) Concurrent Reset
[2218.944s][info][gc] GC(361) Concurrent Reset 0.025ms
[2220.948s][info][gc] GC(362) Pause Initial Mark 27M->27M(29M) 1.615ms
[2220.948s][info][gc] GC(362) Concurrent Mark
[2220.963s][info][gc] GC(362) Concurrent Mark 15.332ms
[2220.963s][info][gc] GC(362) Concurrent Preclean
[2220.964s][info][gc] GC(362) Concurrent Preclean 0.130ms
[2220.964s][info][gc] GC(362) Concurrent Abortable Preclean
[2220.964s][info][gc] GC(362) Concurrent Abortable Preclean 0.017ms
[2220.993s][info][gc] GC(362) Pause Remark 27M->27M(29M) 28.111ms
[2220.993s][info][gc] GC(362) Concurrent Sweep
[2220.997s][info][gc] GC(362) Concurrent Sweep 4.248ms
[2220.997s][info][gc] GC(362) Concurrent Reset
[2220.997s][info][gc] GC(362) Concurrent Reset 0.026ms
[2222.998s][info][gc] GC(363) Pause Initial Mark 27M->27M(29M) 0.792ms
[2222.998s][info][gc] GC(363) Concurrent Mark
[2223.014s][info][gc] GC(363) Concurrent Mark 16.073ms
[2223.014s][info][gc] GC(363) Concurrent Preclean
[2223.014s][info][gc] GC(363) Concurrent Preclean 0.134ms
[2223.014s][info][gc] GC(363) Concurrent Abortable Preclean
[2223.014s][info][gc] GC(363) Concurrent Abortable Preclean 0.013ms
[2223.025s][info][gc] GC(363) Pause Remark 27M->27M(29M) 11.087ms
[2223.025s][info][gc] GC(363) Concurrent Sweep
[2223.029s][info][gc] GC(363) Concurrent Sweep 3.368ms
[2223.029s][info][gc] GC(363) Concurrent Reset
[2223.029s][info][gc] GC(363) Concurrent Reset 0.020ms
[2225.030s][info][gc] GC(364) Pause Initial Mark 27M->27M(29M) 1.087ms
[2225.030s][info][gc] GC(364) Concurrent Mark
[2225.042s][info][gc] GC(364) Concurrent Mark 12.018ms
[2225.042s][info][gc] GC(364) Concurrent Preclean
[2225.042s][info][gc] GC(364) Concurrent Preclean 0.144ms
[2225.042s][info][gc] GC(364) Concurrent Abortable Preclean
[2225.043s][info][gc] GC(364) Concurrent Abortable Preclean 0.015ms
[2225.048s][info][gc] GC(364) Pause Remark 27M->27M(29M) 5.546ms
[2225.048s][info][gc] GC(364) Concurrent Sweep
[2225.051s][info][gc] GC(364) Concurrent Sweep 3.212ms
[2225.051s][info][gc] GC(364) Concurrent Reset
[2225.052s][info][gc] GC(364) Concurrent Reset 0.019ms
[2227.055s][info][gc] GC(365) Pause Initial Mark 27M->27M(29M) 1.097ms
[2227.055s][info][gc] GC(365) Concurrent Mark
[2227.067s][info][gc] GC(365) Concurrent Mark 12.089ms
[2227.068s][info][gc] GC(365) Concurrent Preclean
[2227.068s][info][gc] GC(365) Concurrent Preclean 0.118ms
[2227.068s][info][gc] GC(365) Concurrent Abortable Preclean
[2227.068s][info][gc] GC(365) Concurrent Abortable Preclean 0.013ms
[2227.073s][info][gc] GC(365) Pause Remark 27M->27M(29M) 5.628ms
[2227.073s][info][gc] GC(365) Concurrent Sweep
[2227.077s][info][gc] GC(365) Concurrent Sweep 3.261ms
[2227.077s][info][gc] GC(365) Concurrent Reset
[2227.077s][info][gc] GC(365) Concurrent Reset 0.020ms
[2229.078s][info][gc] GC(366) Pause Initial Mark 27M->27M(29M) 1.188ms
[2229.078s][info][gc] GC(366) Concurrent Mark
[2229.090s][info][gc] GC(366) Concurrent Mark 12.114ms
[2229.090s][info][gc] GC(366) Concurrent Preclean
[2229.090s][info][gc] GC(366) Concurrent Preclean 0.134ms
[2229.090s][info][gc] GC(366) Concurrent Abortable Preclean
[2229.090s][info][gc] GC(366) Concurrent Abortable Preclean 0.015ms
[2229.096s][info][gc] GC(366) Pause Remark 27M->27M(29M) 5.540ms
[2229.096s][info][gc] GC(366) Concurrent Sweep
[2229.099s][info][gc] GC(366) Concurrent Sweep 3.239ms
[2229.099s][info][gc] GC(366) Concurrent Reset
[2229.099s][info][gc] GC(366) Concurrent Reset 0.019ms
[2231.105s][info][gc] GC(367) Pause Initial Mark 27M->27M(29M) 1.008ms
[2231.105s][info][gc] GC(367) Concurrent Mark
[2231.117s][info][gc] GC(367) Concurrent Mark 12.077ms
[2231.117s][info][gc] GC(367) Concurrent Preclean
[2231.118s][info][gc] GC(367) Concurrent Preclean 0.140ms
[2231.118s][info][gc] GC(367) Concurrent Abortable Preclean
[2231.118s][info][gc] GC(367) Concurrent Abortable Preclean 0.015ms
[2231.123s][info][gc] GC(367) Pause Remark 27M->27M(29M) 5.472ms
[2231.123s][info][gc] GC(367) Concurrent Sweep
[2231.127s][info][gc] GC(367) Concurrent Sweep 3.245ms
[2231.127s][info][gc] GC(367) Concurrent Reset
[2231.127s][info][gc] GC(367) Concurrent Reset 0.020ms
[2233.131s][info][gc] GC(368) Pause Initial Mark 27M->27M(29M) 1.051ms
[2233.131s][info][gc] GC(368) Concurrent Mark
[2233.143s][info][gc] GC(368) Concurrent Mark 11.837ms
[2233.143s][info][gc] GC(368) Concurrent Preclean
[2233.143s][info][gc] GC(368) Concurrent Preclean 0.120ms
[2233.143s][info][gc] GC(368) Concurrent Abortable Preclean
[2233.143s][info][gc] GC(368) Concurrent Abortable Preclean 0.013ms
[2233.149s][info][gc] GC(368) Pause Remark 27M->27M(29M) 5.453ms
[2233.149s][info][gc] GC(368) Concurrent Sweep
[2233.152s][info][gc] GC(368) Concurrent Sweep 3.244ms
[2233.152s][info][gc] GC(368) Concurrent Reset
[2233.152s][info][gc] GC(368) Concurrent Reset 0.020ms
[2235.155s][info][gc] GC(369) Pause Initial Mark 27M->27M(29M) 0.784ms
[2235.155s][info][gc] GC(369) Concurrent Mark
[2235.167s][info][gc] GC(369) Concurrent Mark 11.971ms
[2235.167s][info][gc] GC(369) Concurrent Preclean
[2235.167s][info][gc] GC(369) Concurrent Preclean 0.127ms
[2235.167s][info][gc] GC(369) Concurrent Abortable Preclean
[2235.167s][info][gc] GC(369) Concurrent Abortable Preclean 0.013ms
[2235.175s][info][gc] GC(369) Pause Remark 27M->27M(29M) 7.232ms
[2235.175s][info][gc] GC(369) Concurrent Sweep
[2235.178s][info][gc] GC(369) Concurrent Sweep 3.092ms
[2235.178s][info][gc] GC(369) Concurrent Reset
[2235.178s][info][gc] GC(369) Concurrent Reset 0.023ms
[2237.181s][info][gc] GC(370) Pause Initial Mark 27M->27M(29M) 1.082ms
[2237.181s][info][gc] GC(370) Concurrent Mark
[2237.193s][info][gc] GC(370) Concurrent Mark 11.973ms
[2237.193s][info][gc] GC(370) Concurrent Preclean
[2237.193s][info][gc] GC(370) Concurrent Preclean 0.138ms
[2237.193s][info][gc] GC(370) Concurrent Abortable Preclean
[2237.193s][info][gc] GC(370) Concurrent Abortable Preclean 0.014ms
[2237.199s][info][gc] GC(370) Pause Remark 27M->27M(29M) 5.508ms
[2237.199s][info][gc] GC(370) Concurrent Sweep
[2237.202s][info][gc] GC(370) Concurrent Sweep 3.247ms
[2237.202s][info][gc] GC(370) Concurrent Reset
[2237.202s][info][gc] GC(370) Concurrent Reset 0.020ms
[2239.208s][info][gc] GC(371) Pause Initial Mark 27M->27M(29M) 1.141ms
[2239.208s][info][gc] GC(371) Concurrent Mark
[2239.220s][info][gc] GC(371) Concurrent Mark 12.022ms
[2239.220s][info][gc] GC(371) Concurrent Preclean
[2239.220s][info][gc] GC(371) Concurrent Preclean 0.133ms
[2239.220s][info][gc] GC(371) Concurrent Abortable Preclean
[2239.220s][info][gc] GC(371) Concurrent Abortable Preclean 0.015ms
[2239.227s][info][gc] GC(371) Pause Remark 27M->27M(29M) 6.155ms
[2239.227s][info][gc] GC(371) Concurrent Sweep
[2239.230s][info][gc] GC(371) Concurrent Sweep 3.296ms
[2239.230s][info][gc] GC(371) Concurrent Reset
[2239.230s][info][gc] GC(371) Concurrent Reset 0.020ms
[2241.231s][info][gc] GC(372) Pause Initial Mark 27M->27M(29M) 1.140ms
[2241.231s][info][gc] GC(372) Concurrent Mark
[2241.243s][info][gc] GC(372) Concurrent Mark 12.191ms
[2241.243s][info][gc] GC(372) Concurrent Preclean
[2241.243s][info][gc] GC(372) Concurrent Preclean 0.122ms
[2241.243s][info][gc] GC(372) Concurrent Abortable Preclean
[2241.243s][info][gc] GC(372) Concurrent Abortable Preclean 0.013ms
[2241.249s][info][gc] GC(372) Pause Remark 27M->27M(29M) 5.421ms
[2241.249s][info][gc] GC(372) Concurrent Sweep
[2241.252s][info][gc] GC(372) Concurrent Sweep 3.252ms
[2241.252s][info][gc] GC(372) Concurrent Reset
[2241.252s][info][gc] GC(372) Concurrent Reset 0.020ms
[2243.253s][info][gc] GC(373) Pause Initial Mark 27M->27M(29M) 0.954ms
[2243.253s][info][gc] GC(373) Concurrent Mark
[2243.264s][info][gc] GC(373) Concurrent Mark 11.045ms
[2243.265s][info][gc] GC(373) Concurrent Preclean
[2243.265s][info][gc] GC(373) Concurrent Preclean 0.115ms
[2243.265s][info][gc] GC(373) Concurrent Abortable Preclean
[2243.265s][info][gc] GC(373) Concurrent Abortable Preclean 0.012ms
[2243.270s][info][gc] GC(373) Pause Remark 27M->27M(29M) 5.411ms
[2243.270s][info][gc] GC(373) Concurrent Sweep
[2243.274s][info][gc] GC(373) Concurrent Sweep 3.912ms
[2243.274s][info][gc] GC(373) Concurrent Reset
[2243.274s][info][gc] GC(373) Concurrent Reset 0.020ms
[2245.279s][info][gc] GC(374) Pause Initial Mark 27M->27M(29M) 1.597ms
[2245.279s][info][gc] GC(374) Concurrent Mark
[2245.291s][info][gc] GC(374) Concurrent Mark 11.702ms
[2245.291s][info][gc] GC(374) Concurrent Preclean
[2245.291s][info][gc] GC(374) Concurrent Preclean 0.129ms
[2245.291s][info][gc] GC(374) Concurrent Abortable Preclean
[2245.291s][info][gc] GC(374) Concurrent Abortable Preclean 0.013ms
[2245.297s][info][gc] GC(374) Pause Remark 27M->27M(29M) 5.512ms
[2245.297s][info][gc] GC(374) Concurrent Sweep
[2245.300s][info][gc] GC(374) Concurrent Sweep 3.268ms
[2245.300s][info][gc] GC(374) Concurrent Reset
[2245.300s][info][gc] GC(374) Concurrent Reset 0.020ms
[2247.305s][info][gc] GC(375) Pause Initial Mark 27M->27M(29M) 0.936ms
[2247.305s][info][gc] GC(375) Concurrent Mark
[2247.316s][info][gc] GC(375) Concurrent Mark 11.644ms
[2247.316s][info][gc] GC(375) Concurrent Preclean
[2247.317s][info][gc] GC(375) Concurrent Preclean 0.137ms
[2247.317s][info][gc] GC(375) Concurrent Abortable Preclean
[2247.317s][info][gc] GC(375) Concurrent Abortable Preclean 0.015ms
[2247.322s][info][gc] GC(375) Pause Remark 27M->27M(29M) 5.666ms
[2247.322s][info][gc] GC(375) Concurrent Sweep
[2247.326s][info][gc] GC(375) Concurrent Sweep 3.125ms
[2247.326s][info][gc] GC(375) Concurrent Reset
[2247.326s][info][gc] GC(375) Concurrent Reset 0.018ms
[2249.329s][info][gc] GC(376) Pause Initial Mark 27M->27M(29M) 1.172ms
[2249.329s][info][gc] GC(376) Concurrent Mark
[2249.341s][info][gc] GC(376) Concurrent Mark 11.999ms
[2249.341s][info][gc] GC(376) Concurrent Preclean
[2249.341s][info][gc] GC(376) Concurrent Preclean 0.117ms
[2249.341s][info][gc] GC(376) Concurrent Abortable Preclean
[2249.341s][info][gc] GC(376) Concurrent Abortable Preclean 0.013ms
[2249.347s][info][gc] GC(376) Pause Remark 27M->27M(29M) 5.559ms
[2249.347s][info][gc] GC(376) Concurrent Sweep
[2249.350s][info][gc] GC(376) Concurrent Sweep 3.249ms
[2249.350s][info][gc] GC(376) Concurrent Reset
[2249.350s][info][gc] GC(376) Concurrent Reset 0.019ms
[2251.354s][info][gc] GC(377) Pause Initial Mark 27M->27M(29M) 1.125ms
[2251.355s][info][gc] GC(377) Concurrent Mark
[2251.367s][info][gc] GC(377) Concurrent Mark 11.987ms
[2251.367s][info][gc] GC(377) Concurrent Preclean
[2251.367s][info][gc] GC(377) Concurrent Preclean 0.119ms
[2251.367s][info][gc] GC(377) Concurrent Abortable Preclean
[2251.367s][info][gc] GC(377) Concurrent Abortable Preclean 0.013ms
[2251.372s][info][gc] GC(377) Pause Remark 27M->27M(29M) 5.410ms
[2251.372s][info][gc] GC(377) Concurrent Sweep
[2251.375s][info][gc] GC(377) Concurrent Sweep 3.129ms
[2251.376s][info][gc] GC(377) Concurrent Reset
[2251.376s][info][gc] GC(377) Concurrent Reset 0.019ms
[2253.379s][info][gc] GC(378) Pause Initial Mark 27M->27M(29M) 1.036ms
[2253.379s][info][gc] GC(378) Concurrent Mark
[2253.391s][info][gc] GC(378) Concurrent Mark 11.870ms
[2253.391s][info][gc] GC(378) Concurrent Preclean
[2253.391s][info][gc] GC(378) Concurrent Preclean 0.122ms
[2253.391s][info][gc] GC(378) Concurrent Abortable Preclean
[2253.391s][info][gc] GC(378) Concurrent Abortable Preclean 0.013ms
[2253.396s][info][gc] GC(378) Pause Remark 27M->27M(29M) 5.427ms
[2253.397s][info][gc] GC(378) Concurrent Sweep
[2253.400s][info][gc] GC(378) Concurrent Sweep 3.245ms
[2253.400s][info][gc] GC(378) Concurrent Reset
[2253.400s][info][gc] GC(378) Concurrent Reset 0.020ms
[2255.402s][info][gc] GC(379) Pause Initial Mark 27M->27M(29M) 1.105ms
[2255.402s][info][gc] GC(379) Concurrent Mark
[2255.414s][info][gc] GC(379) Concurrent Mark 11.817ms
[2255.414s][info][gc] GC(379) Concurrent Preclean
[2255.414s][info][gc] GC(379) Concurrent Preclean 0.138ms
[2255.414s][info][gc] GC(379) Concurrent Abortable Preclean
[2255.414s][info][gc] GC(379) Concurrent Abortable Preclean 0.015ms
[2255.419s][info][gc] GC(379) Pause Remark 27M->27M(29M) 5.574ms
[2255.420s][info][gc] GC(379) Concurrent Sweep
[2255.423s][info][gc] GC(379) Concurrent Sweep 3.246ms
[2255.423s][info][gc] GC(379) Concurrent Reset
[2255.423s][info][gc] GC(379) Concurrent Reset 0.020ms
[2257.426s][info][gc] GC(380) Pause Initial Mark 27M->27M(29M) 1.238ms
[2257.426s][info][gc] GC(380) Concurrent Mark
[2257.438s][info][gc] GC(380) Concurrent Mark 12.133ms
[2257.438s][info][gc] GC(380) Concurrent Preclean
[2257.438s][info][gc] GC(380) Concurrent Preclean 0.139ms
[2257.438s][info][gc] GC(380) Concurrent Abortable Preclean
[2257.438s][info][gc] GC(380) Concurrent Abortable Preclean 0.014ms
[2257.444s][info][gc] GC(380) Pause Remark 27M->27M(29M) 5.658ms
[2257.444s][info][gc] GC(380) Concurrent Sweep
[2257.447s][info][gc] GC(380) Concurrent Sweep 3.226ms
[2257.447s][info][gc] GC(380) Concurrent Reset
[2257.447s][info][gc] GC(380) Concurrent Reset 0.019ms
[2259.454s][info][gc] GC(381) Pause Initial Mark 27M->27M(29M) 1.221ms
[2259.454s][info][gc] GC(381) Concurrent Mark
[2259.466s][info][gc] GC(381) Concurrent Mark 12.216ms
[2259.466s][info][gc] GC(381) Concurrent Preclean
[2259.466s][info][gc] GC(381) Concurrent Preclean 0.135ms
[2259.466s][info][gc] GC(381) Concurrent Abortable Preclean
[2259.466s][info][gc] GC(381) Concurrent Abortable Preclean 0.015ms
[2259.472s][info][gc] GC(381) Pause Remark 27M->27M(29M) 5.758ms
[2259.472s][info][gc] GC(381) Concurrent Sweep
[2259.476s][info][gc] GC(381) Concurrent Sweep 3.267ms
[2259.476s][info][gc] GC(381) Concurrent Reset
[2259.476s][info][gc] GC(381) Concurrent Reset 0.019ms
[2261.480s][info][gc] GC(382) Pause Initial Mark 27M->27M(29M) 1.061ms
[2261.480s][info][gc] GC(382) Concurrent Mark
[2261.493s][info][gc] GC(382) Concurrent Mark 12.115ms
[2261.493s][info][gc] GC(382) Concurrent Preclean
[2261.493s][info][gc] GC(382) Concurrent Preclean 0.132ms
[2261.493s][info][gc] GC(382) Concurrent Abortable Preclean
[2261.493s][info][gc] GC(382) Concurrent Abortable Preclean 0.015ms
[2261.498s][info][gc] GC(382) Pause Remark 27M->27M(29M) 5.506ms
[2261.499s][info][gc] GC(382) Concurrent Sweep
[2261.502s][info][gc] GC(382) Concurrent Sweep 3.237ms
[2261.502s][info][gc] GC(382) Concurrent Reset
[2261.502s][info][gc] GC(382) Concurrent Reset 0.020ms
[2263.503s][info][gc] GC(383) Pause Initial Mark 27M->27M(29M) 1.085ms
[2263.503s][info][gc] GC(383) Concurrent Mark
[2263.515s][info][gc] GC(383) Concurrent Mark 11.858ms
[2263.515s][info][gc] GC(383) Concurrent Preclean
[2263.515s][info][gc] GC(383) Concurrent Preclean 0.122ms
[2263.515s][info][gc] GC(383) Concurrent Abortable Preclean
[2263.515s][info][gc] GC(383) Concurrent Abortable Preclean 0.013ms
[2263.520s][info][gc] GC(383) Pause Remark 27M->27M(29M) 5.426ms
[2263.520s][info][gc] GC(383) Concurrent Sweep
[2263.524s][info][gc] GC(383) Concurrent Sweep 3.255ms
[2263.524s][info][gc] GC(383) Concurrent Reset
[2263.524s][info][gc] GC(383) Concurrent Reset 0.019ms
[2265.526s][info][gc] GC(384) Pause Initial Mark 27M->27M(29M) 1.097ms
[2265.526s][info][gc] GC(384) Concurrent Mark
[2265.540s][info][gc] GC(384) Concurrent Mark 13.356ms
[2265.540s][info][gc] GC(384) Concurrent Preclean
[2265.540s][info][gc] GC(384) Concurrent Preclean 0.132ms
[2265.540s][info][gc] GC(384) Concurrent Abortable Preclean
[2265.540s][info][gc] GC(384) Concurrent Abortable Preclean 0.014ms
[2265.546s][info][gc] GC(384) Pause Remark 27M->27M(29M) 5.886ms
[2265.546s][info][gc] GC(384) Concurrent Sweep
[2265.549s][info][gc] GC(384) Concurrent Sweep 3.285ms
[2265.549s][info][gc] GC(384) Concurrent Reset
[2265.549s][info][gc] GC(384) Concurrent Reset 0.034ms
[2267.551s][info][gc] GC(385) Pause Initial Mark 27M->27M(29M) 1.121ms
[2267.551s][info][gc] GC(385) Concurrent Mark
[2267.564s][info][gc] GC(385) Concurrent Mark 12.016ms
[2267.564s][info][gc] GC(385) Concurrent Preclean
[2267.564s][info][gc] GC(385) Concurrent Preclean 0.136ms
[2267.564s][info][gc] GC(385) Concurrent Abortable Preclean
[2267.564s][info][gc] GC(385) Concurrent Abortable Preclean 0.015ms
[2267.569s][info][gc] GC(385) Pause Remark 27M->27M(29M) 5.498ms
[2267.570s][info][gc] GC(385) Concurrent Sweep
[2267.573s][info][gc] GC(385) Concurrent Sweep 3.260ms
[2267.573s][info][gc] GC(385) Concurrent Reset
[2267.573s][info][gc] GC(385) Concurrent Reset 0.019ms
[2269.579s][info][gc] GC(386) Pause Initial Mark 27M->27M(29M) 1.172ms
[2269.579s][info][gc] GC(386) Concurrent Mark
[2269.591s][info][gc] GC(386) Concurrent Mark 11.932ms
[2269.591s][info][gc] GC(386) Concurrent Preclean
[2269.591s][info][gc] GC(386) Concurrent Preclean 0.133ms
[2269.591s][info][gc] GC(386) Concurrent Abortable Preclean
[2269.591s][info][gc] GC(386) Concurrent Abortable Preclean 0.015ms
[2269.597s][info][gc] GC(386) Pause Remark 27M->27M(29M) 5.622ms
[2269.597s][info][gc] GC(386) Concurrent Sweep
[2269.600s][info][gc] GC(386) Concurrent Sweep 3.253ms
[2269.600s][info][gc] GC(386) Concurrent Reset
[2269.600s][info][gc] GC(386) Concurrent Reset 0.020ms
[2271.605s][info][gc] GC(387) Pause Initial Mark 27M->27M(29M) 0.700ms
[2271.605s][info][gc] GC(387) Concurrent Mark
[2271.615s][info][gc] GC(387) Concurrent Mark 10.114ms
[2271.615s][info][gc] GC(387) Concurrent Preclean
[2271.615s][info][gc] GC(387) Concurrent Preclean 0.111ms
[2271.615s][info][gc] GC(387) Concurrent Abortable Preclean
[2271.615s][info][gc] GC(387) Concurrent Abortable Preclean 0.012ms
[2271.621s][info][gc] GC(387) Pause Remark 27M->27M(29M) 5.174ms
[2271.621s][info][gc] GC(387) Concurrent Sweep
[2271.624s][info][gc] GC(387) Concurrent Sweep 3.224ms
[2271.624s][info][gc] GC(387) Concurrent Reset
[2271.624s][info][gc] GC(387) Concurrent Reset 0.019ms
[2273.627s][info][gc] GC(388) Pause Initial Mark 27M->27M(29M) 1.239ms
[2273.627s][info][gc] GC(388) Concurrent Mark
[2273.639s][info][gc] GC(388) Concurrent Mark 12.399ms
[2273.640s][info][gc] GC(388) Concurrent Preclean
[2273.640s][info][gc] GC(388) Concurrent Preclean 0.145ms
[2273.640s][info][gc] GC(388) Concurrent Abortable Preclean
[2273.640s][info][gc] GC(388) Concurrent Abortable Preclean 0.015ms
[2273.645s][info][gc] GC(388) Pause Remark 27M->27M(29M) 5.506ms
[2273.645s][info][gc] GC(388) Concurrent Sweep
[2273.649s][info][gc] GC(388) Concurrent Sweep 3.263ms
[2273.649s][info][gc] GC(388) Concurrent Reset
[2273.649s][info][gc] GC(388) Concurrent Reset 0.018ms
[2275.655s][info][gc] GC(389) Pause Initial Mark 27M->27M(29M) 1.141ms
[2275.655s][info][gc] GC(389) Concurrent Mark
[2275.667s][info][gc] GC(389) Concurrent Mark 12.009ms
[2275.667s][info][gc] GC(389) Concurrent Preclean
[2275.667s][info][gc] GC(389) Concurrent Preclean 0.134ms
[2275.667s][info][gc] GC(389) Concurrent Abortable Preclean
[2275.667s][info][gc] GC(389) Concurrent Abortable Preclean 0.015ms
[2275.673s][info][gc] GC(389) Pause Remark 27M->27M(29M) 5.499ms
[2275.673s][info][gc] GC(389) Concurrent Sweep
[2275.676s][info][gc] GC(389) Concurrent Sweep 3.417ms
[2275.676s][info][gc] GC(389) Concurrent Reset
[2275.676s][info][gc] GC(389) Concurrent Reset 0.020ms
[2277.682s][info][gc] GC(390) Pause Initial Mark 27M->27M(29M) 1.121ms
[2277.682s][info][gc] GC(390) Concurrent Mark
[2277.694s][info][gc] GC(390) Concurrent Mark 11.871ms
[2277.694s][info][gc] GC(390) Concurrent Preclean
[2277.694s][info][gc] GC(390) Concurrent Preclean 0.117ms
[2277.695s][info][gc] GC(390) Concurrent Abortable Preclean
[2277.695s][info][gc] GC(390) Concurrent Abortable Preclean 0.013ms
[2277.700s][info][gc] GC(390) Pause Remark 27M->27M(29M) 5.458ms
[2277.700s][info][gc] GC(390) Concurrent Sweep
[2277.703s][info][gc] GC(390) Concurrent Sweep 3.245ms
[2277.703s][info][gc] GC(390) Concurrent Reset
[2277.703s][info][gc] GC(390) Concurrent Reset 0.019ms
[2279.707s][info][gc] GC(391) Pause Initial Mark 27M->27M(29M) 1.108ms
[2279.707s][info][gc] GC(391) Concurrent Mark
[2279.719s][info][gc] GC(391) Concurrent Mark 12.072ms
[2279.719s][info][gc] GC(391) Concurrent Preclean
[2279.719s][info][gc] GC(391) Concurrent Preclean 0.150ms
[2279.719s][info][gc] GC(391) Concurrent Abortable Preclean
[2279.719s][info][gc] GC(391) Concurrent Abortable Preclean 0.015ms
[2279.725s][info][gc] GC(391) Pause Remark 27M->27M(29M) 6.220ms
[2279.726s][info][gc] GC(391) Concurrent Sweep
[2279.729s][info][gc] GC(391) Concurrent Sweep 3.243ms
[2279.729s][info][gc] GC(391) Concurrent Reset
[2279.729s][info][gc] GC(391) Concurrent Reset 0.020ms
[2281.733s][info][gc] GC(392) Pause Initial Mark 27M->27M(29M) 1.171ms
[2281.733s][info][gc] GC(392) Concurrent Mark
[2281.745s][info][gc] GC(392) Concurrent Mark 12.006ms
[2281.745s][info][gc] GC(392) Concurrent Preclean
[2281.745s][info][gc] GC(392) Concurrent Preclean 0.117ms
[2281.745s][info][gc] GC(392) Concurrent Abortable Preclean
[2281.745s][info][gc] GC(392) Concurrent Abortable Preclean 0.013ms
[2281.751s][info][gc] GC(392) Pause Remark 27M->27M(29M) 5.512ms
[2281.751s][info][gc] GC(392) Concurrent Sweep
[2281.754s][info][gc] GC(392) Concurrent Sweep 3.246ms
[2281.754s][info][gc] GC(392) Concurrent Reset
[2281.754s][info][gc] GC(392) Concurrent Reset 0.020ms
[2283.760s][info][gc] GC(393) Pause Initial Mark 27M->27M(29M) 1.207ms
[2283.761s][info][gc] GC(393) Concurrent Mark
[2283.773s][info][gc] GC(393) Concurrent Mark 12.387ms
[2283.773s][info][gc] GC(393) Concurrent Preclean
[2283.773s][info][gc] GC(393) Concurrent Preclean 0.146ms
[2283.773s][info][gc] GC(393) Concurrent Abortable Preclean
[2283.773s][info][gc] GC(393) Concurrent Abortable Preclean 0.014ms
[2283.779s][info][gc] GC(393) Pause Remark 27M->27M(29M) 5.489ms
[2283.779s][info][gc] GC(393) Concurrent Sweep
[2283.782s][info][gc] GC(393) Concurrent Sweep 3.002ms
[2283.782s][info][gc] GC(393) Concurrent Reset
[2283.782s][info][gc] GC(393) Concurrent Reset 0.018ms
[2285.785s][info][gc] GC(394) Pause Initial Mark 27M->27M(29M) 0.953ms
[2285.785s][info][gc] GC(394) Concurrent Mark
[2285.797s][info][gc] GC(394) Concurrent Mark 11.871ms
[2285.797s][info][gc] GC(394) Concurrent Preclean
[2285.797s][info][gc] GC(394) Concurrent Preclean 0.131ms
[2285.797s][info][gc] GC(394) Concurrent Abortable Preclean
[2285.797s][info][gc] GC(394) Concurrent Abortable Preclean 0.015ms
[2285.802s][info][gc] GC(394) Pause Remark 27M->27M(29M) 5.578ms
[2285.803s][info][gc] GC(394) Concurrent Sweep
[2285.806s][info][gc] GC(394) Concurrent Sweep 3.223ms
[2285.806s][info][gc] GC(394) Concurrent Reset
[2285.806s][info][gc] GC(394) Concurrent Reset 0.019ms
[2287.807s][info][gc] GC(395) Pause Initial Mark 27M->27M(29M) 0.860ms
[2287.807s][info][gc] GC(395) Concurrent Mark
[2287.820s][info][gc] GC(395) Concurrent Mark 12.518ms
[2287.820s][info][gc] GC(395) Concurrent Preclean
[2287.820s][info][gc] GC(395) Concurrent Preclean 0.127ms
[2287.820s][info][gc] GC(395) Concurrent Abortable Preclean
[2287.820s][info][gc] GC(395) Concurrent Abortable Preclean 0.013ms
[2287.826s][info][gc] GC(395) Pause Remark 27M->27M(29M) 6.047ms
[2287.826s][info][gc] GC(395) Concurrent Sweep
[2287.829s][info][gc] GC(395) Concurrent Sweep 3.224ms
[2287.829s][info][gc] GC(395) Concurrent Reset
[2287.829s][info][gc] GC(395) Concurrent Reset 0.021ms
[2289.832s][info][gc] GC(396) Pause Initial Mark 27M->27M(29M) 1.109ms
[2289.832s][info][gc] GC(396) Concurrent Mark
[2289.844s][info][gc] GC(396) Concurrent Mark 11.984ms
[2289.844s][info][gc] GC(396) Concurrent Preclean
[2289.844s][info][gc] GC(396) Concurrent Preclean 0.119ms
[2289.844s][info][gc] GC(396) Concurrent Abortable Preclean
[2289.844s][info][gc] GC(396) Concurrent Abortable Preclean 0.013ms
[2289.849s][info][gc] GC(396) Pause Remark 27M->27M(29M) 5.506ms
[2289.850s][info][gc] GC(396) Concurrent Sweep
[2289.853s][info][gc] GC(396) Concurrent Sweep 3.240ms
[2289.853s][info][gc] GC(396) Concurrent Reset
[2289.853s][info][gc] GC(396) Concurrent Reset 0.019ms
[2291.856s][info][gc] GC(397) Pause Initial Mark 27M->27M(29M) 0.997ms
[2291.856s][info][gc] GC(397) Concurrent Mark
[2291.868s][info][gc] GC(397) Concurrent Mark 11.933ms
[2291.868s][info][gc] GC(397) Concurrent Preclean
[2291.868s][info][gc] GC(397) Concurrent Preclean 0.117ms
[2291.868s][info][gc] GC(397) Concurrent Abortable Preclean
[2291.868s][info][gc] GC(397) Concurrent Abortable Preclean 0.013ms
[2291.874s][info][gc] GC(397) Pause Remark 27M->27M(29M) 5.572ms
[2291.874s][info][gc] GC(397) Concurrent Sweep
[2291.877s][info][gc] GC(397) Concurrent Sweep 3.245ms
[2291.877s][info][gc] GC(397) Concurrent Reset
[2291.877s][info][gc] GC(397) Concurrent Reset 0.020ms
[2293.878s][info][gc] GC(398) Pause Initial Mark 27M->27M(29M) 0.706ms
[2293.878s][info][gc] GC(398) Concurrent Mark
[2293.889s][info][gc] GC(398) Concurrent Mark 10.897ms
[2293.889s][info][gc] GC(398) Concurrent Preclean
[2293.889s][info][gc] GC(398) Concurrent Preclean 0.204ms
[2293.889s][info][gc] GC(398) Concurrent Abortable Preclean
[2293.889s][info][gc] GC(398) Concurrent Abortable Preclean 0.013ms
[2293.894s][info][gc] GC(398) Pause Remark 27M->27M(29M) 5.203ms
[2293.894s][info][gc] GC(398) Concurrent Sweep
[2293.898s][info][gc] GC(398) Concurrent Sweep 3.352ms
[2293.898s][info][gc] GC(398) Concurrent Reset
[2293.898s][info][gc] GC(398) Concurrent Reset 0.021ms
[2295.899s][info][gc] GC(399) Pause Initial Mark 27M->27M(29M) 1.099ms
[2295.899s][info][gc] GC(399) Concurrent Mark
[2295.911s][info][gc] GC(399) Concurrent Mark 11.977ms
[2295.912s][info][gc] GC(399) Concurrent Preclean
[2295.912s][info][gc] GC(399) Concurrent Preclean 0.135ms
[2295.912s][info][gc] GC(399) Concurrent Abortable Preclean
[2295.912s][info][gc] GC(399) Concurrent Abortable Preclean 0.015ms
[2295.917s][info][gc] GC(399) Pause Remark 27M->27M(29M) 5.544ms
[2295.917s][info][gc] GC(399) Concurrent Sweep
[2295.921s][info][gc] GC(399) Concurrent Sweep 3.258ms
[2295.921s][info][gc] GC(399) Concurrent Reset
[2295.921s][info][gc] GC(399) Concurrent Reset 0.019ms
[2297.923s][info][gc] GC(400) Pause Initial Mark 27M->27M(29M) 1.032ms
[2297.923s][info][gc] GC(400) Concurrent Mark
[2297.935s][info][gc] GC(400) Concurrent Mark 11.874ms
[2297.935s][info][gc] GC(400) Concurrent Preclean
[2297.935s][info][gc] GC(400) Concurrent Preclean 0.116ms
[2297.935s][info][gc] GC(400) Concurrent Abortable Preclean
[2297.935s][info][gc] GC(400) Concurrent Abortable Preclean 0.014ms
[2297.941s][info][gc] GC(400) Pause Remark 27M->27M(29M) 5.623ms
[2297.941s][info][gc] GC(400) Concurrent Sweep
[2297.944s][info][gc] GC(400) Concurrent Sweep 3.167ms
[2297.944s][info][gc] GC(400) Concurrent Reset
[2297.944s][info][gc] GC(400) Concurrent Reset 0.024ms
[2299.947s][info][gc] GC(401) Pause Initial Mark 27M->27M(29M) 1.130ms
[2299.947s][info][gc] GC(401) Concurrent Mark
[2299.959s][info][gc] GC(401) Concurrent Mark 11.800ms
[2299.959s][info][gc] GC(401) Concurrent Preclean
[2299.959s][info][gc] GC(401) Concurrent Preclean 0.127ms
[2299.959s][info][gc] GC(401) Concurrent Abortable Preclean
[2299.959s][info][gc] GC(401) Concurrent Abortable Preclean 0.013ms
[2299.965s][info][gc] GC(401) Pause Remark 27M->27M(29M) 6.274ms
[2299.966s][info][gc] GC(401) Concurrent Sweep
[2299.969s][info][gc] GC(401) Concurrent Sweep 3.217ms
[2299.969s][info][gc] GC(401) Concurrent Reset
[2299.969s][info][gc] GC(401) Concurrent Reset 0.019ms
[2301.970s][info][gc] GC(402) Pause Initial Mark 27M->27M(29M) 1.105ms
[2301.970s][info][gc] GC(402) Concurrent Mark
[2301.982s][info][gc] GC(402) Concurrent Mark 11.854ms
[2301.982s][info][gc] GC(402) Concurrent Preclean
[2301.982s][info][gc] GC(402) Concurrent Preclean 0.117ms
[2301.982s][info][gc] GC(402) Concurrent Abortable Preclean
[2301.982s][info][gc] GC(402) Concurrent Abortable Preclean 0.013ms
[2301.988s][info][gc] GC(402) Pause Remark 27M->27M(29M) 5.542ms
[2301.988s][info][gc] GC(402) Concurrent Sweep
[2301.991s][info][gc] GC(402) Concurrent Sweep 3.196ms
[2301.991s][info][gc] GC(402) Concurrent Reset
[2301.991s][info][gc] GC(402) Concurrent Reset 0.019ms
[2303.998s][info][gc] GC(403) Pause Initial Mark 27M->27M(29M) 1.113ms
[2303.998s][info][gc] GC(403) Concurrent Mark
[2304.010s][info][gc] GC(403) Concurrent Mark 11.955ms
[2304.010s][info][gc] GC(403) Concurrent Preclean
[2304.010s][info][gc] GC(403) Concurrent Preclean 0.140ms
[2304.010s][info][gc] GC(403) Concurrent Abortable Preclean
[2304.010s][info][gc] GC(403) Concurrent Abortable Preclean 0.015ms
[2304.016s][info][gc] GC(403) Pause Remark 27M->27M(29M) 5.485ms
[2304.016s][info][gc] GC(403) Concurrent Sweep
[2304.019s][info][gc] GC(403) Concurrent Sweep 3.100ms
[2304.019s][info][gc] GC(403) Concurrent Reset
[2304.019s][info][gc] GC(403) Concurrent Reset 0.018ms
[2306.020s][info][gc] GC(404) Pause Initial Mark 27M->27M(29M) 0.858ms
[2306.020s][info][gc] GC(404) Concurrent Mark
[2306.032s][info][gc] GC(404) Concurrent Mark 11.406ms
[2306.032s][info][gc] GC(404) Concurrent Preclean
[2306.032s][info][gc] GC(404) Concurrent Preclean 0.132ms
[2306.032s][info][gc] GC(404) Concurrent Abortable Preclean
[2306.032s][info][gc] GC(404) Concurrent Abortable Preclean 0.014ms
[2306.037s][info][gc] GC(404) Pause Remark 27M->27M(29M) 5.638ms
[2306.038s][info][gc] GC(404) Concurrent Sweep
[2306.041s][info][gc] GC(404) Concurrent Sweep 3.237ms
[2306.041s][info][gc] GC(404) Concurrent Reset
[2306.041s][info][gc] GC(404) Concurrent Reset 0.019ms
[2308.047s][info][gc] GC(405) Pause Initial Mark 27M->27M(29M) 1.104ms
[2308.047s][info][gc] GC(405) Concurrent Mark
[2308.059s][info][gc] GC(405) Concurrent Mark 11.980ms
[2308.059s][info][gc] GC(405) Concurrent Preclean
[2308.059s][info][gc] GC(405) Concurrent Preclean 0.136ms
[2308.059s][info][gc] GC(405) Concurrent Abortable Preclean
[2308.059s][info][gc] GC(405) Concurrent Abortable Preclean 0.015ms
[2308.065s][info][gc] GC(405) Pause Remark 27M->27M(29M) 5.471ms
[2308.065s][info][gc] GC(405) Concurrent Sweep
[2308.068s][info][gc] GC(405) Concurrent Sweep 3.252ms
[2308.068s][info][gc] GC(405) Concurrent Reset
[2308.068s][info][gc] GC(405) Concurrent Reset 0.019ms
[2310.072s][info][gc] GC(406) Pause Initial Mark 27M->27M(29M) 1.118ms
[2310.072s][info][gc] GC(406) Concurrent Mark
[2310.084s][info][gc] GC(406) Concurrent Mark 11.954ms
[2310.084s][info][gc] GC(406) Concurrent Preclean
[2310.084s][info][gc] GC(406) Concurrent Preclean 0.132ms
[2310.084s][info][gc] GC(406) Concurrent Abortable Preclean
[2310.084s][info][gc] GC(406) Concurrent Abortable Preclean 0.015ms
[2310.090s][info][gc] GC(406) Pause Remark 27M->27M(29M) 5.657ms
[2310.090s][info][gc] GC(406) Concurrent Sweep
[2310.093s][info][gc] GC(406) Concurrent Sweep 3.274ms
[2310.093s][info][gc] GC(406) Concurrent Reset
[2310.093s][info][gc] GC(406) Concurrent Reset 0.020ms
[2312.097s][info][gc] GC(407) Pause Initial Mark 27M->27M(29M) 1.196ms
[2312.097s][info][gc] GC(407) Concurrent Mark
[2312.109s][info][gc] GC(407) Concurrent Mark 12.080ms
[2312.109s][info][gc] GC(407) Concurrent Preclean
[2312.109s][info][gc] GC(407) Concurrent Preclean 0.138ms
[2312.109s][info][gc] GC(407) Concurrent Abortable Preclean
[2312.109s][info][gc] GC(407) Concurrent Abortable Preclean 0.015ms
[2312.115s][info][gc] GC(407) Pause Remark 27M->27M(29M) 5.567ms
[2312.115s][info][gc] GC(407) Concurrent Sweep
[2312.118s][info][gc] GC(407) Concurrent Sweep 3.287ms
[2312.118s][info][gc] GC(407) Concurrent Reset
[2312.119s][info][gc] GC(407) Concurrent Reset 0.020ms
[2314.124s][info][gc] GC(408) Pause Initial Mark 27M->27M(29M) 1.200ms
[2314.124s][info][gc] GC(408) Concurrent Mark
[2314.136s][info][gc] GC(408) Concurrent Mark 11.998ms
[2314.136s][info][gc] GC(408) Concurrent Preclean
[2314.137s][info][gc] GC(408) Concurrent Preclean 0.137ms
[2314.137s][info][gc] GC(408) Concurrent Abortable Preclean
[2314.137s][info][gc] GC(408) Concurrent Abortable Preclean 0.015ms
[2314.142s][info][gc] GC(408) Pause Remark 27M->27M(29M) 5.697ms
[2314.142s][info][gc] GC(408) Concurrent Sweep
[2314.146s][info][gc] GC(408) Concurrent Sweep 3.256ms
[2314.146s][info][gc] GC(408) Concurrent Reset
[2314.146s][info][gc] GC(408) Concurrent Reset 0.020ms
[2316.148s][info][gc] GC(409) Pause Initial Mark 27M->27M(29M) 0.758ms
[2316.148s][info][gc] GC(409) Concurrent Mark
[2316.160s][info][gc] GC(409) Concurrent Mark 11.309ms
[2316.160s][info][gc] GC(409) Concurrent Preclean
[2316.160s][info][gc] GC(409) Concurrent Preclean 0.142ms
[2316.160s][info][gc] GC(409) Concurrent Abortable Preclean
[2316.160s][info][gc] GC(409) Concurrent Abortable Preclean 0.015ms
[2316.166s][info][gc] GC(409) Pause Remark 27M->27M(29M) 5.411ms
[2316.166s][info][gc] GC(409) Concurrent Sweep
[2316.169s][info][gc] GC(409) Concurrent Sweep 3.042ms
[2316.169s][info][gc] GC(409) Concurrent Reset
[2316.169s][info][gc] GC(409) Concurrent Reset 0.019ms
[2318.174s][info][gc] GC(410) Pause Initial Mark 27M->27M(29M) 1.161ms
[2318.174s][info][gc] GC(410) Concurrent Mark
[2318.186s][info][gc] GC(410) Concurrent Mark 11.917ms
[2318.186s][info][gc] GC(410) Concurrent Preclean
[2318.186s][info][gc] GC(410) Concurrent Preclean 0.123ms
[2318.186s][info][gc] GC(410) Concurrent Abortable Preclean
[2318.186s][info][gc] GC(410) Concurrent Abortable Preclean 0.013ms
[2318.192s][info][gc] GC(410) Pause Remark 27M->27M(29M) 5.457ms
[2318.192s][info][gc] GC(410) Concurrent Sweep
[2318.195s][info][gc] GC(410) Concurrent Sweep 3.239ms
[2318.195s][info][gc] GC(410) Concurrent Reset
[2318.195s][info][gc] GC(410) Concurrent Reset 0.019ms
[2320.197s][info][gc] GC(411) Pause Initial Mark 27M->27M(29M) 0.814ms
[2320.197s][info][gc] GC(411) Concurrent Mark
[2320.208s][info][gc] GC(411) Concurrent Mark 10.934ms
[2320.208s][info][gc] GC(411) Concurrent Preclean
[2320.208s][info][gc] GC(411) Concurrent Preclean 0.119ms
[2320.208s][info][gc] GC(411) Concurrent Abortable Preclean
[2320.208s][info][gc] GC(411) Concurrent Abortable Preclean 0.013ms
[2320.214s][info][gc] GC(411) Pause Remark 27M->27M(29M) 5.462ms
[2320.214s][info][gc] GC(411) Concurrent Sweep
[2320.217s][info][gc] GC(411) Concurrent Sweep 3.168ms
[2320.217s][info][gc] GC(411) Concurrent Reset
[2320.217s][info][gc] GC(411) Concurrent Reset 0.018ms
[2322.218s][info][gc] GC(412) Pause Initial Mark 27M->27M(29M) 1.077ms
[2322.218s][info][gc] GC(412) Concurrent Mark
[2322.230s][info][gc] GC(412) Concurrent Mark 11.880ms
[2322.230s][info][gc] GC(412) Concurrent Preclean
[2322.231s][info][gc] GC(412) Concurrent Preclean 0.132ms
[2322.231s][info][gc] GC(412) Concurrent Abortable Preclean
[2322.231s][info][gc] GC(412) Concurrent Abortable Preclean 0.015ms
[2322.236s][info][gc] GC(412) Pause Remark 27M->27M(29M) 5.754ms
[2322.237s][info][gc] GC(412) Concurrent Sweep
[2322.240s][info][gc] GC(412) Concurrent Sweep 3.234ms
[2322.240s][info][gc] GC(412) Concurrent Reset
[2322.240s][info][gc] GC(412) Concurrent Reset 0.019ms
[2324.242s][info][gc] GC(413) Pause Initial Mark 27M->27M(29M) 1.189ms
[2324.242s][info][gc] GC(413) Concurrent Mark
[2324.254s][info][gc] GC(413) Concurrent Mark 11.922ms
[2324.254s][info][gc] GC(413) Concurrent Preclean
[2324.254s][info][gc] GC(413) Concurrent Preclean 0.126ms
[2324.254s][info][gc] GC(413) Concurrent Abortable Preclean
[2324.254s][info][gc] GC(413) Concurrent Abortable Preclean 0.014ms
[2324.260s][info][gc] GC(413) Pause Remark 27M->27M(29M) 5.510ms
[2324.260s][info][gc] GC(413) Concurrent Sweep
[2324.263s][info][gc] GC(413) Concurrent Sweep 3.217ms
[2324.263s][info][gc] GC(413) Concurrent Reset
[2324.263s][info][gc] GC(413) Concurrent Reset 0.019ms
[2326.269s][info][gc] GC(414) Pause Initial Mark 27M->27M(29M) 1.130ms
[2326.269s][info][gc] GC(414) Concurrent Mark
[2326.281s][info][gc] GC(414) Concurrent Mark 12.049ms
[2326.281s][info][gc] GC(414) Concurrent Preclean
[2326.281s][info][gc] GC(414) Concurrent Preclean 0.121ms
[2326.281s][info][gc] GC(414) Concurrent Abortable Preclean
[2326.281s][info][gc] GC(414) Concurrent Abortable Preclean 0.013ms
[2326.287s][info][gc] GC(414) Pause Remark 27M->27M(29M) 5.603ms
[2326.287s][info][gc] GC(414) Concurrent Sweep
[2326.290s][info][gc] GC(414) Concurrent Sweep 3.130ms
[2326.290s][info][gc] GC(414) Concurrent Reset
[2326.290s][info][gc] GC(414) Concurrent Reset 0.018ms
[2328.295s][info][gc] GC(415) Pause Initial Mark 27M->27M(29M) 1.075ms
[2328.295s][info][gc] GC(415) Concurrent Mark
[2328.307s][info][gc] GC(415) Concurrent Mark 11.979ms
[2328.307s][info][gc] GC(415) Concurrent Preclean
[2328.307s][info][gc] GC(415) Concurrent Preclean 0.136ms
[2328.307s][info][gc] GC(415) Concurrent Abortable Preclean
[2328.307s][info][gc] GC(415) Concurrent Abortable Preclean 0.015ms
[2328.313s][info][gc] GC(415) Pause Remark 27M->27M(29M) 5.752ms
[2328.313s][info][gc] GC(415) Concurrent Sweep
[2328.316s][info][gc] GC(415) Concurrent Sweep 3.209ms
[2328.316s][info][gc] GC(415) Concurrent Reset
[2328.316s][info][gc] GC(415) Concurrent Reset 0.018ms
[2330.321s][info][gc] GC(416) Pause Initial Mark 27M->27M(29M) 1.060ms
[2330.321s][info][gc] GC(416) Concurrent Mark
[2330.333s][info][gc] GC(416) Concurrent Mark 11.860ms
[2330.333s][info][gc] GC(416) Concurrent Preclean
[2330.333s][info][gc] GC(416) Concurrent Preclean 0.125ms
[2330.333s][info][gc] GC(416) Concurrent Abortable Preclean
[2330.333s][info][gc] GC(416) Concurrent Abortable Preclean 0.014ms
[2330.339s][info][gc] GC(416) Pause Remark 27M->27M(29M) 5.683ms
[2330.339s][info][gc] GC(416) Concurrent Sweep
[2330.342s][info][gc] GC(416) Concurrent Sweep 3.131ms
[2330.342s][info][gc] GC(416) Concurrent Reset
[2330.342s][info][gc] GC(416) Concurrent Reset 0.018ms
[2332.345s][info][gc] GC(417) Pause Initial Mark 27M->27M(29M) 1.148ms
[2332.345s][info][gc] GC(417) Concurrent Mark
[2332.357s][info][gc] GC(417) Concurrent Mark 11.944ms
[2332.357s][info][gc] GC(417) Concurrent Preclean
[2332.357s][info][gc] GC(417) Concurrent Preclean 0.130ms
[2332.357s][info][gc] GC(417) Concurrent Abortable Preclean
[2332.357s][info][gc] GC(417) Concurrent Abortable Preclean 0.015ms
[2332.363s][info][gc] GC(417) Pause Remark 27M->27M(29M) 5.568ms
[2332.363s][info][gc] GC(417) Concurrent Sweep
[2332.366s][info][gc] GC(417) Concurrent Sweep 3.250ms
[2332.366s][info][gc] GC(417) Concurrent Reset
[2332.366s][info][gc] GC(417) Concurrent Reset 0.020ms
[2334.368s][info][gc] GC(418) Pause Initial Mark 27M->27M(29M) 0.995ms
[2334.368s][info][gc] GC(418) Concurrent Mark
[2334.380s][info][gc] GC(418) Concurrent Mark 12.118ms
[2334.380s][info][gc] GC(418) Concurrent Preclean
[2334.380s][info][gc] GC(418) Concurrent Preclean 0.129ms
[2334.380s][info][gc] GC(418) Concurrent Abortable Preclean
[2334.380s][info][gc] GC(418) Concurrent Abortable Preclean 0.013ms
[2334.386s][info][gc] GC(418) Pause Remark 27M->27M(29M) 6.061ms
[2334.386s][info][gc] GC(418) Concurrent Sweep
[2334.390s][info][gc] GC(418) Concurrent Sweep 3.306ms
[2334.390s][info][gc] GC(418) Concurrent Reset
[2334.390s][info][gc] GC(418) Concurrent Reset 0.023ms
[2336.393s][info][gc] GC(419) Pause Initial Mark 27M->27M(29M) 1.106ms
[2336.393s][info][gc] GC(419) Concurrent Mark
[2336.405s][info][gc] GC(419) Concurrent Mark 11.950ms
[2336.406s][info][gc] GC(419) Concurrent Preclean
[2336.406s][info][gc] GC(419) Concurrent Preclean 0.130ms
[2336.406s][info][gc] GC(419) Concurrent Abortable Preclean
[2336.406s][info][gc] GC(419) Concurrent Abortable Preclean 0.014ms
[2336.411s][info][gc] GC(419) Pause Remark 27M->27M(29M) 5.671ms
[2336.412s][info][gc] GC(419) Concurrent Sweep
[2336.415s][info][gc] GC(419) Concurrent Sweep 3.214ms
[2336.415s][info][gc] GC(419) Concurrent Reset
[2336.415s][info][gc] GC(419) Concurrent Reset 0.019ms
[2338.416s][info][gc] GC(420) Pause Initial Mark 27M->27M(29M) 1.056ms
[2338.417s][info][gc] GC(420) Concurrent Mark
[2338.429s][info][gc] GC(420) Concurrent Mark 12.010ms
[2338.429s][info][gc] GC(420) Concurrent Preclean
[2338.429s][info][gc] GC(420) Concurrent Preclean 0.120ms
[2338.429s][info][gc] GC(420) Concurrent Abortable Preclean
[2338.429s][info][gc] GC(420) Concurrent Abortable Preclean 0.013ms
[2338.434s][info][gc] GC(420) Pause Remark 27M->27M(29M) 5.514ms
[2338.435s][info][gc] GC(420) Concurrent Sweep
[2338.438s][info][gc] GC(420) Concurrent Sweep 3.235ms
[2338.438s][info][gc] GC(420) Concurrent Reset
[2338.438s][info][gc] GC(420) Concurrent Reset 0.018ms
[2340.439s][info][gc] GC(421) Pause Initial Mark 27M->27M(29M) 0.945ms
[2340.439s][info][gc] GC(421) Concurrent Mark
[2340.451s][info][gc] GC(421) Concurrent Mark 11.628ms
[2340.451s][info][gc] GC(421) Concurrent Preclean
[2340.451s][info][gc] GC(421) Concurrent Preclean 0.118ms
[2340.451s][info][gc] GC(421) Concurrent Abortable Preclean
[2340.451s][info][gc] GC(421) Concurrent Abortable Preclean 0.014ms
[2340.457s][info][gc] GC(421) Pause Remark 27M->27M(29M) 5.624ms
[2340.457s][info][gc] GC(421) Concurrent Sweep
[2340.460s][info][gc] GC(421) Concurrent Sweep 3.261ms
[2340.460s][info][gc] GC(421) Concurrent Reset
[2340.460s][info][gc] GC(421) Concurrent Reset 0.020ms
[2342.465s][info][gc] GC(422) Pause Initial Mark 27M->27M(29M) 1.262ms
[2342.465s][info][gc] GC(422) Concurrent Mark
[2342.479s][info][gc] GC(422) Concurrent Mark 13.367ms
[2342.479s][info][gc] GC(422) Concurrent Preclean
[2342.479s][info][gc] GC(422) Concurrent Preclean 0.122ms
[2342.479s][info][gc] GC(422) Concurrent Abortable Preclean
[2342.479s][info][gc] GC(422) Concurrent Abortable Preclean 0.014ms
[2342.485s][info][gc] GC(422) Pause Remark 27M->27M(29M) 5.636ms
[2342.485s][info][gc] GC(422) Concurrent Sweep
[2342.488s][info][gc] GC(422) Concurrent Sweep 3.184ms
[2342.488s][info][gc] GC(422) Concurrent Reset
[2342.488s][info][gc] GC(422) Concurrent Reset 0.018ms
[2344.493s][info][gc] GC(423) Pause Initial Mark 27M->27M(29M) 1.103ms
[2344.493s][info][gc] GC(423) Concurrent Mark
[2344.506s][info][gc] GC(423) Concurrent Mark 12.198ms
[2344.506s][info][gc] GC(423) Concurrent Preclean
[2344.506s][info][gc] GC(423) Concurrent Preclean 0.144ms
[2344.506s][info][gc] GC(423) Concurrent Abortable Preclean
[2344.506s][info][gc] GC(423) Concurrent Abortable Preclean 0.014ms
[2344.511s][info][gc] GC(423) Pause Remark 27M->27M(29M) 5.465ms
[2344.511s][info][gc] GC(423) Concurrent Sweep
[2344.515s][info][gc] GC(423) Concurrent Sweep 3.061ms
[2344.515s][info][gc] GC(423) Concurrent Reset
[2344.515s][info][gc] GC(423) Concurrent Reset 0.018ms
[2346.518s][info][gc] GC(424) Pause Initial Mark 27M->27M(29M) 1.082ms
[2346.518s][info][gc] GC(424) Concurrent Mark
[2346.530s][info][gc] GC(424) Concurrent Mark 11.948ms
[2346.530s][info][gc] GC(424) Concurrent Preclean
[2346.531s][info][gc] GC(424) Concurrent Preclean 0.131ms
[2346.531s][info][gc] GC(424) Concurrent Abortable Preclean
[2346.531s][info][gc] GC(424) Concurrent Abortable Preclean 0.015ms
[2346.536s][info][gc] GC(424) Pause Remark 27M->27M(29M) 5.745ms
[2346.537s][info][gc] GC(424) Concurrent Sweep
[2346.540s][info][gc] GC(424) Concurrent Sweep 3.225ms
[2346.540s][info][gc] GC(424) Concurrent Reset
[2346.540s][info][gc] GC(424) Concurrent Reset 0.019ms
[2348.543s][info][gc] GC(425) Pause Initial Mark 27M->27M(29M) 1.152ms
[2348.543s][info][gc] GC(425) Concurrent Mark
[2348.555s][info][gc] GC(425) Concurrent Mark 11.968ms
[2348.555s][info][gc] GC(425) Concurrent Preclean
[2348.556s][info][gc] GC(425) Concurrent Preclean 0.137ms
[2348.556s][info][gc] GC(425) Concurrent Abortable Preclean
[2348.556s][info][gc] GC(425) Concurrent Abortable Preclean 0.015ms
[2348.561s][info][gc] GC(425) Pause Remark 27M->27M(29M) 5.697ms
[2348.561s][info][gc] GC(425) Concurrent Sweep
[2348.565s][info][gc] GC(425) Concurrent Sweep 3.218ms
[2348.565s][info][gc] GC(425) Concurrent Reset
[2348.565s][info][gc] GC(425) Concurrent Reset 0.019ms
[2350.570s][info][gc] GC(426) Pause Initial Mark 27M->27M(29M) 1.111ms
[2350.570s][info][gc] GC(426) Concurrent Mark
[2350.584s][info][gc] GC(426) Concurrent Mark 13.290ms
[2350.584s][info][gc] GC(426) Concurrent Preclean
[2350.584s][info][gc] GC(426) Concurrent Preclean 0.124ms
[2350.584s][info][gc] GC(426) Concurrent Abortable Preclean
[2350.584s][info][gc] GC(426) Concurrent Abortable Preclean 0.013ms
[2350.590s][info][gc] GC(426) Pause Remark 27M->27M(29M) 5.625ms
[2350.590s][info][gc] GC(426) Concurrent Sweep
[2350.593s][info][gc] GC(426) Concurrent Sweep 3.269ms
[2350.593s][info][gc] GC(426) Concurrent Reset
[2350.593s][info][gc] GC(426) Concurrent Reset 0.020ms
[2352.596s][info][gc] GC(427) Pause Initial Mark 27M->27M(29M) 1.164ms
[2352.596s][info][gc] GC(427) Concurrent Mark
[2352.608s][info][gc] GC(427) Concurrent Mark 12.067ms
[2352.608s][info][gc] GC(427) Concurrent Preclean
[2352.608s][info][gc] GC(427) Concurrent Preclean 0.133ms
[2352.608s][info][gc] GC(427) Concurrent Abortable Preclean
[2352.608s][info][gc] GC(427) Concurrent Abortable Preclean 0.014ms
[2352.614s][info][gc] GC(427) Pause Remark 27M->27M(29M) 5.493ms
[2352.614s][info][gc] GC(427) Concurrent Sweep
[2352.617s][info][gc] GC(427) Concurrent Sweep 3.392ms
[2352.617s][info][gc] GC(427) Concurrent Reset
[2352.617s][info][gc] GC(427) Concurrent Reset 0.019ms
[2354.620s][info][gc] GC(428) Pause Initial Mark 27M->27M(29M) 1.134ms
[2354.620s][info][gc] GC(428) Concurrent Mark
[2354.632s][info][gc] GC(428) Concurrent Mark 12.143ms
[2354.632s][info][gc] GC(428) Concurrent Preclean
[2354.632s][info][gc] GC(428) Concurrent Preclean 0.128ms
[2354.632s][info][gc] GC(428) Concurrent Abortable Preclean
[2354.632s][info][gc] GC(428) Concurrent Abortable Preclean 0.018ms
[2354.639s][info][gc] GC(428) Pause Remark 27M->27M(29M) 7.365ms
[2354.640s][info][gc] GC(428) Concurrent Sweep
[2354.643s][info][gc] GC(428) Concurrent Sweep 3.342ms
[2354.643s][info][gc] GC(428) Concurrent Reset
[2354.643s][info][gc] GC(428) Concurrent Reset 0.021ms
[2356.644s][info][gc] GC(429) Pause Initial Mark 27M->27M(29M) 1.154ms
[2356.644s][info][gc] GC(429) Concurrent Mark
[2356.656s][info][gc] GC(429) Concurrent Mark 12.053ms
[2356.656s][info][gc] GC(429) Concurrent Preclean
[2356.656s][info][gc] GC(429) Concurrent Preclean 0.140ms
[2356.656s][info][gc] GC(429) Concurrent Abortable Preclean
[2356.656s][info][gc] GC(429) Concurrent Abortable Preclean 0.015ms
[2356.664s][info][gc] GC(429) Pause Remark 27M->27M(29M) 8.124ms
[2356.664s][info][gc] GC(429) Concurrent Sweep
[2356.667s][info][gc] GC(429) Concurrent Sweep 3.077ms
[2356.667s][info][gc] GC(429) Concurrent Reset
[2356.667s][info][gc] GC(429) Concurrent Reset 0.018ms
[2358.674s][info][gc] GC(430) Pause Initial Mark 27M->27M(29M) 1.200ms
[2358.674s][info][gc] GC(430) Concurrent Mark
[2358.687s][info][gc] GC(430) Concurrent Mark 13.455ms
[2358.688s][info][gc] GC(430) Concurrent Preclean
[2358.688s][info][gc] GC(430) Concurrent Preclean 0.123ms
[2358.688s][info][gc] GC(430) Concurrent Abortable Preclean
[2358.688s][info][gc] GC(430) Concurrent Abortable Preclean 0.014ms
[2358.694s][info][gc] GC(430) Pause Remark 27M->27M(29M) 6.016ms
[2358.694s][info][gc] GC(430) Concurrent Sweep
[2358.698s][info][gc] GC(430) Concurrent Sweep 3.720ms
[2358.698s][info][gc] GC(430) Concurrent Reset
[2358.698s][info][gc] GC(430) Concurrent Reset 0.022ms
[2360.701s][info][gc] GC(431) Pause Initial Mark 27M->27M(29M) 0.982ms
[2360.701s][info][gc] GC(431) Concurrent Mark
[2360.716s][info][gc] GC(431) Concurrent Mark 14.783ms
[2360.716s][info][gc] GC(431) Concurrent Preclean
[2360.716s][info][gc] GC(431) Concurrent Preclean 0.179ms
[2360.716s][info][gc] GC(431) Concurrent Abortable Preclean
[2360.716s][info][gc] GC(431) Concurrent Abortable Preclean 0.022ms
[2360.728s][info][gc] GC(431) Pause Remark 27M->27M(29M) 11.769ms
[2360.728s][info][gc] GC(431) Concurrent Sweep
[2360.733s][info][gc] GC(431) Concurrent Sweep 4.889ms
[2360.733s][info][gc] GC(431) Concurrent Reset
[2360.733s][info][gc] GC(431) Concurrent Reset 0.031ms
[2362.738s][info][gc] GC(432) Pause Initial Mark 27M->27M(29M) 0.944ms
[2362.739s][info][gc] GC(432) Concurrent Mark
[2362.756s][info][gc] GC(432) Concurrent Mark 17.425ms
[2362.756s][info][gc] GC(432) Concurrent Preclean
[2362.756s][info][gc] GC(432) Concurrent Preclean 0.141ms
[2362.756s][info][gc] GC(432) Concurrent Abortable Preclean
[2362.756s][info][gc] GC(432) Concurrent Abortable Preclean 0.014ms
[2362.765s][info][gc] GC(432) Pause Remark 27M->27M(29M) 8.893ms
[2362.766s][info][gc] GC(432) Concurrent Sweep
[2362.769s][info][gc] GC(432) Concurrent Sweep 3.673ms
[2362.769s][info][gc] GC(432) Concurrent Reset
[2362.769s][info][gc] GC(432) Concurrent Reset 0.075ms
[2364.786s][info][gc] GC(433) Pause Initial Mark 27M->27M(29M) 10.356ms
[2364.789s][info][gc] GC(433) Concurrent Mark
[2364.810s][info][gc] GC(433) Concurrent Mark 21.058ms
[2364.810s][info][gc] GC(433) Concurrent Preclean
[2364.810s][info][gc] GC(433) Concurrent Preclean 0.179ms
[2364.810s][info][gc] GC(433) Concurrent Abortable Preclean
[2364.810s][info][gc] GC(433) Concurrent Abortable Preclean 0.019ms
[2364.833s][info][gc] GC(433) Pause Remark 27M->27M(29M) 23.068ms
[2364.834s][info][gc] GC(433) Concurrent Sweep
[2364.841s][info][gc] GC(433) Concurrent Sweep 7.869ms
[2364.842s][info][gc] GC(433) Concurrent Reset
[2364.842s][info][gc] GC(433) Concurrent Reset 0.042ms
[2366.843s][info][gc] GC(434) Pause Initial Mark 27M->27M(29M) 1.161ms
[2366.843s][info][gc] GC(434) Concurrent Mark
[2366.855s][info][gc] GC(434) Concurrent Mark 11.598ms
[2366.855s][info][gc] GC(434) Concurrent Preclean
[2366.855s][info][gc] GC(434) Concurrent Preclean 0.154ms
[2366.855s][info][gc] GC(434) Concurrent Abortable Preclean
[2366.855s][info][gc] GC(434) Concurrent Abortable Preclean 0.034ms
[2366.867s][info][gc] GC(434) Pause Remark 27M->27M(29M) 11.594ms
[2366.867s][info][gc] GC(434) Concurrent Sweep
[2366.872s][info][gc] GC(434) Concurrent Sweep 5.400ms
[2366.873s][info][gc] GC(434) Concurrent Reset
[2366.873s][info][gc] GC(434) Concurrent Reset 0.083ms
[2368.875s][info][gc] GC(435) Pause Initial Mark 27M->27M(29M) 1.103ms
[2368.875s][info][gc] GC(435) Concurrent Mark
[2368.887s][info][gc] GC(435) Concurrent Mark 11.971ms
[2368.887s][info][gc] GC(435) Concurrent Preclean
[2368.887s][info][gc] GC(435) Concurrent Preclean 0.104ms
[2368.887s][info][gc] GC(435) Concurrent Abortable Preclean
[2368.887s][info][gc] GC(435) Concurrent Abortable Preclean 0.010ms
[2368.892s][info][gc] GC(435) Pause Remark 27M->27M(29M) 5.171ms
[2368.892s][info][gc] GC(435) Concurrent Sweep
[2368.895s][info][gc] GC(435) Concurrent Sweep 2.914ms
[2368.895s][info][gc] GC(435) Concurrent Reset
[2368.895s][info][gc] GC(435) Concurrent Reset 0.016ms
[2370.899s][info][gc] GC(436) Pause Initial Mark 27M->27M(29M) 0.651ms
[2370.899s][info][gc] GC(436) Concurrent Mark
[2370.911s][info][gc] GC(436) Concurrent Mark 12.339ms
[2370.911s][info][gc] GC(436) Concurrent Preclean
[2370.911s][info][gc] GC(436) Concurrent Preclean 0.126ms
[2370.911s][info][gc] GC(436) Concurrent Abortable Preclean
[2370.911s][info][gc] GC(436) Concurrent Abortable Preclean 0.010ms
[2370.919s][info][gc] GC(436) Pause Remark 27M->27M(29M) 7.161ms
[2370.919s][info][gc] GC(436) Concurrent Sweep
[2370.922s][info][gc] GC(436) Concurrent Sweep 3.180ms
[2370.922s][info][gc] GC(436) Concurrent Reset
[2370.922s][info][gc] GC(436) Concurrent Reset 0.030ms
[2372.924s][info][gc] GC(437) Pause Initial Mark 27M->27M(29M) 0.635ms
[2372.924s][info][gc] GC(437) Concurrent Mark
[2372.940s][info][gc] GC(437) Concurrent Mark 15.311ms
[2372.940s][info][gc] GC(437) Concurrent Preclean
[2372.940s][info][gc] GC(437) Concurrent Preclean 0.148ms
[2372.940s][info][gc] GC(437) Concurrent Abortable Preclean
[2372.940s][info][gc] GC(437) Concurrent Abortable Preclean 0.016ms
[2372.950s][info][gc] GC(437) Pause Remark 27M->27M(29M) 10.401ms
[2372.951s][info][gc] GC(437) Concurrent Sweep
[2372.955s][info][gc] GC(437) Concurrent Sweep 4.846ms
[2372.956s][info][gc] GC(437) Concurrent Reset
[2372.956s][info][gc] GC(437) Concurrent Reset 0.027ms
[2374.957s][info][gc] GC(438) Pause Initial Mark 27M->27M(29M) 1.474ms
[2374.957s][info][gc] GC(438) Concurrent Mark
[2374.983s][info][gc] GC(438) Concurrent Mark 25.319ms
[2374.983s][info][gc] GC(438) Concurrent Preclean
[2374.983s][info][gc] GC(438) Concurrent Preclean 0.396ms
[2374.983s][info][gc] GC(438) Concurrent Abortable Preclean
[2374.983s][info][gc] GC(438) Concurrent Abortable Preclean 0.050ms
[2375.004s][info][gc] GC(438) Pause Remark 27M->27M(29M) 12.624ms
[2375.005s][info][gc] GC(438) Concurrent Sweep
[2375.008s][info][gc] GC(438) Concurrent Sweep 3.808ms
[2375.008s][info][gc] GC(438) Concurrent Reset
[2375.008s][info][gc] GC(438) Concurrent Reset 0.018ms
[2377.012s][info][gc] GC(439) Pause Initial Mark 27M->27M(29M) 1.143ms
[2377.012s][info][gc] GC(439) Concurrent Mark
[2377.024s][info][gc] GC(439) Concurrent Mark 11.923ms
[2377.024s][info][gc] GC(439) Concurrent Preclean
[2377.024s][info][gc] GC(439) Concurrent Preclean 0.104ms
[2377.024s][info][gc] GC(439) Concurrent Abortable Preclean
[2377.024s][info][gc] GC(439) Concurrent Abortable Preclean 0.010ms
[2377.030s][info][gc] GC(439) Pause Remark 27M->27M(29M) 5.514ms
[2377.030s][info][gc] GC(439) Concurrent Sweep
[2377.033s][info][gc] GC(439) Concurrent Sweep 3.025ms
[2377.033s][info][gc] GC(439) Concurrent Reset
[2377.033s][info][gc] GC(439) Concurrent Reset 0.016ms
[2379.034s][info][gc] GC(440) Pause Initial Mark 27M->27M(29M) 0.564ms
[2379.034s][info][gc] GC(440) Concurrent Mark
[2379.044s][info][gc] GC(440) Concurrent Mark 9.973ms
[2379.044s][info][gc] GC(440) Concurrent Preclean
[2379.044s][info][gc] GC(440) Concurrent Preclean 0.194ms
[2379.044s][info][gc] GC(440) Concurrent Abortable Preclean
[2379.044s][info][gc] GC(440) Concurrent Abortable Preclean 0.010ms
[2379.050s][info][gc] GC(440) Pause Remark 27M->27M(29M) 5.644ms
[2379.050s][info][gc] GC(440) Concurrent Sweep
[2379.053s][info][gc] GC(440) Concurrent Sweep 3.092ms
[2379.053s][info][gc] GC(440) Concurrent Reset
[2379.053s][info][gc] GC(440) Concurrent Reset 0.017ms
[2381.057s][info][gc] GC(441) Pause Initial Mark 27M->27M(29M) 1.195ms
[2381.057s][info][gc] GC(441) Concurrent Mark
[2381.069s][info][gc] GC(441) Concurrent Mark 12.302ms
[2381.069s][info][gc] GC(441) Concurrent Preclean
[2381.069s][info][gc] GC(441) Concurrent Preclean 0.139ms
[2381.069s][info][gc] GC(441) Concurrent Abortable Preclean
[2381.069s][info][gc] GC(441) Concurrent Abortable Preclean 0.012ms
[2381.075s][info][gc] GC(441) Pause Remark 27M->27M(29M) 5.462ms
[2381.075s][info][gc] GC(441) Concurrent Sweep
[2381.078s][info][gc] GC(441) Concurrent Sweep 3.295ms
[2381.078s][info][gc] GC(441) Concurrent Reset
[2381.078s][info][gc] GC(441) Concurrent Reset 0.017ms
[2383.081s][info][gc] GC(442) Pause Initial Mark 27M->27M(29M) 0.847ms
[2383.081s][info][gc] GC(442) Concurrent Mark
[2383.094s][info][gc] GC(442) Concurrent Mark 12.684ms
[2383.094s][info][gc] GC(442) Concurrent Preclean
[2383.094s][info][gc] GC(442) Concurrent Preclean 0.115ms
[2383.094s][info][gc] GC(442) Concurrent Abortable Preclean
[2383.094s][info][gc] GC(442) Concurrent Abortable Preclean 0.011ms
[2383.101s][info][gc] GC(442) Pause Remark 27M->27M(29M) 6.635ms
[2383.101s][info][gc] GC(442) Concurrent Sweep
[2383.104s][info][gc] GC(442) Concurrent Sweep 3.335ms
[2383.104s][info][gc] GC(442) Concurrent Reset
[2383.104s][info][gc] GC(442) Concurrent Reset 0.020ms
[2385.105s][info][gc] GC(443) Pause Initial Mark 27M->27M(29M) 0.823ms
[2385.105s][info][gc] GC(443) Concurrent Mark
[2385.117s][info][gc] GC(443) Concurrent Mark 11.011ms
[2385.117s][info][gc] GC(443) Concurrent Preclean
[2385.117s][info][gc] GC(443) Concurrent Preclean 0.122ms
[2385.117s][info][gc] GC(443) Concurrent Abortable Preclean
[2385.117s][info][gc] GC(443) Concurrent Abortable Preclean 0.011ms
[2385.126s][info][gc] GC(443) Pause Remark 27M->27M(29M) 8.934ms
[2385.127s][info][gc] GC(443) Concurrent Sweep
[2385.133s][info][gc] GC(443) Concurrent Sweep 5.955ms
[2385.134s][info][gc] GC(443) Concurrent Reset
[2385.134s][info][gc] GC(443) Concurrent Reset 0.026ms
[2387.135s][info][gc] GC(444) Pause Initial Mark 27M->27M(29M) 0.621ms
[2387.135s][info][gc] GC(444) Concurrent Mark
[2387.148s][info][gc] GC(444) Concurrent Mark 13.758ms
[2387.149s][info][gc] GC(444) Concurrent Preclean
[2387.149s][info][gc] GC(444) Concurrent Preclean 0.144ms
[2387.149s][info][gc] GC(444) Concurrent Abortable Preclean
[2387.149s][info][gc] GC(444) Concurrent Abortable Preclean 0.015ms
[2387.158s][info][gc] GC(444) Pause Remark 27M->27M(29M) 8.723ms
[2387.158s][info][gc] GC(444) Concurrent Sweep
[2387.162s][info][gc] GC(444) Concurrent Sweep 3.987ms
[2387.162s][info][gc] GC(444) Concurrent Reset
[2387.162s][info][gc] GC(444) Concurrent Reset 0.027ms
[2389.163s][info][gc] GC(445) Pause Initial Mark 27M->27M(29M) 1.071ms
[2389.163s][info][gc] GC(445) Concurrent Mark
[2389.175s][info][gc] GC(445) Concurrent Mark 11.841ms
[2389.175s][info][gc] GC(445) Concurrent Preclean
[2389.175s][info][gc] GC(445) Concurrent Preclean 0.113ms
[2389.175s][info][gc] GC(445) Concurrent Abortable Preclean
[2389.175s][info][gc] GC(445) Concurrent Abortable Preclean 0.011ms
[2389.181s][info][gc] GC(445) Pause Remark 27M->27M(29M) 5.633ms
[2389.181s][info][gc] GC(445) Concurrent Sweep
[2389.184s][info][gc] GC(445) Concurrent Sweep 3.158ms
[2389.184s][info][gc] GC(445) Concurrent Reset
[2389.184s][info][gc] GC(445) Concurrent Reset 0.018ms
[2391.185s][info][gc] GC(446) Pause Initial Mark 27M->27M(29M) 0.838ms
[2391.185s][info][gc] GC(446) Concurrent Mark
[2391.197s][info][gc] GC(446) Concurrent Mark 11.998ms
[2391.197s][info][gc] GC(446) Concurrent Preclean
[2391.197s][info][gc] GC(446) Concurrent Preclean 0.129ms
[2391.197s][info][gc] GC(446) Concurrent Abortable Preclean
[2391.197s][info][gc] GC(446) Concurrent Abortable Preclean 0.012ms
[2391.203s][info][gc] GC(446) Pause Remark 27M->27M(29M) 5.833ms
[2391.203s][info][gc] GC(446) Concurrent Sweep
[2391.206s][info][gc] GC(446) Concurrent Sweep 3.260ms
[2391.207s][info][gc] GC(446) Concurrent Reset
[2391.207s][info][gc] GC(446) Concurrent Reset 0.018ms
[2393.211s][info][gc] GC(447) Pause Initial Mark 27M->27M(29M) 1.067ms
[2393.211s][info][gc] GC(447) Concurrent Mark
[2393.223s][info][gc] GC(447) Concurrent Mark 11.899ms
[2393.223s][info][gc] GC(447) Concurrent Preclean
[2393.223s][info][gc] GC(447) Concurrent Preclean 0.126ms
[2393.223s][info][gc] GC(447) Concurrent Abortable Preclean
[2393.223s][info][gc] GC(447) Concurrent Abortable Preclean 0.014ms
[2393.228s][info][gc] GC(447) Pause Remark 27M->27M(29M) 5.138ms
[2393.228s][info][gc] GC(447) Concurrent Sweep
[2393.231s][info][gc] GC(447) Concurrent Sweep 2.986ms
[2393.231s][info][gc] GC(447) Concurrent Reset
[2393.231s][info][gc] GC(447) Concurrent Reset 0.019ms
[2395.236s][info][gc] GC(448) Pause Initial Mark 27M->27M(29M) 1.210ms
[2395.237s][info][gc] GC(448) Concurrent Mark
[2395.249s][info][gc] GC(448) Concurrent Mark 12.079ms
[2395.249s][info][gc] GC(448) Concurrent Preclean
[2395.249s][info][gc] GC(448) Concurrent Preclean 0.143ms
[2395.249s][info][gc] GC(448) Concurrent Abortable Preclean
[2395.249s][info][gc] GC(448) Concurrent Abortable Preclean 0.014ms
[2395.255s][info][gc] GC(448) Pause Remark 27M->27M(29M) 5.922ms
[2395.255s][info][gc] GC(448) Concurrent Sweep
[2395.258s][info][gc] GC(448) Concurrent Sweep 3.012ms
[2395.258s][info][gc] GC(448) Concurrent Reset
[2395.258s][info][gc] GC(448) Concurrent Reset 0.019ms
[2397.259s][info][gc] GC(449) Pause Initial Mark 27M->27M(29M) 1.114ms
[2397.260s][info][gc] GC(449) Concurrent Mark
[2397.272s][info][gc] GC(449) Concurrent Mark 12.079ms
[2397.272s][info][gc] GC(449) Concurrent Preclean
[2397.272s][info][gc] GC(449) Concurrent Preclean 0.135ms
[2397.272s][info][gc] GC(449) Concurrent Abortable Preclean
[2397.272s][info][gc] GC(449) Concurrent Abortable Preclean 0.014ms
[2397.278s][info][gc] GC(449) Pause Remark 27M->27M(29M) 5.589ms
[2397.278s][info][gc] GC(449) Concurrent Sweep
[2397.281s][info][gc] GC(449) Concurrent Sweep 3.392ms
[2397.281s][info][gc] GC(449) Concurrent Reset
[2397.281s][info][gc] GC(449) Concurrent Reset 0.021ms
[2399.283s][info][gc] GC(450) Pause Initial Mark 27M->27M(29M) 0.649ms
[2399.283s][info][gc] GC(450) Concurrent Mark
[2399.296s][info][gc] GC(450) Concurrent Mark 13.529ms
[2399.296s][info][gc] GC(450) Concurrent Preclean
[2399.296s][info][gc] GC(450) Concurrent Preclean 0.141ms
[2399.296s][info][gc] GC(450) Concurrent Abortable Preclean
[2399.296s][info][gc] GC(450) Concurrent Abortable Preclean 0.018ms
[2399.305s][info][gc] GC(450) Pause Remark 27M->27M(29M) 8.206ms
[2399.305s][info][gc] GC(450) Concurrent Sweep
[2399.309s][info][gc] GC(450) Concurrent Sweep 4.029ms
[2399.309s][info][gc] GC(450) Concurrent Reset
[2399.309s][info][gc] GC(450) Concurrent Reset 0.032ms
[2401.309s][info][gc] GC(451) Pause Initial Mark 27M->27M(29M) 0.633ms
[2401.309s][info][gc] GC(451) Concurrent Mark
[2401.322s][info][gc] GC(451) Concurrent Mark 12.246ms
[2401.322s][info][gc] GC(451) Concurrent Preclean
[2401.322s][info][gc] GC(451) Concurrent Preclean 0.106ms
[2401.322s][info][gc] GC(451) Concurrent Abortable Preclean
[2401.322s][info][gc] GC(451) Concurrent Abortable Preclean 0.012ms
[2401.330s][info][gc] GC(451) Pause Remark 27M->27M(29M) 8.385ms
[2401.330s][info][gc] GC(451) Concurrent Sweep
[2401.335s][info][gc] GC(451) Concurrent Sweep 4.062ms
[2401.335s][info][gc] GC(451) Concurrent Reset
[2401.335s][info][gc] GC(451) Concurrent Reset 0.043ms
[2403.335s][info][gc] GC(452) Pause Initial Mark 27M->27M(29M) 0.630ms
[2403.335s][info][gc] GC(452) Concurrent Mark
[2403.347s][info][gc] GC(452) Concurrent Mark 11.132ms
[2403.347s][info][gc] GC(452) Concurrent Preclean
[2403.347s][info][gc] GC(452) Concurrent Preclean 0.107ms
[2403.347s][info][gc] GC(452) Concurrent Abortable Preclean
[2403.347s][info][gc] GC(452) Concurrent Abortable Preclean 0.012ms
[2403.355s][info][gc] GC(452) Pause Remark 27M->27M(29M) 8.060ms
[2403.355s][info][gc] GC(452) Concurrent Sweep
[2403.359s][info][gc] GC(452) Concurrent Sweep 3.679ms
[2403.359s][info][gc] GC(452) Concurrent Reset
[2403.359s][info][gc] GC(452) Concurrent Reset 0.020ms
[2403.511s][info][gc] GC(454) Pause Full (Allocation Failure) 27M->27M(29M) 30.359ms
[2403.511s][info][gc] GC(453) Pause Young (Allocation Failure) 27M->27M(29M) 30.454ms
[2403.536s][info][gc] GC(455) Pause Full (Allocation Failure) 27M->27M(29M) 24.837ms
[2403.536s][info][gc] GC(456) Pause Initial Mark 27M->27M(29M) 0.435ms
[2403.536s][info][gc] GC(456) Concurrent Mark
[2403.547s][info][gc] GC(456) Concurrent Mark 10.336ms
[2403.547s][info][gc] GC(456) Concurrent Preclean
[2403.556s][info][gc] GC(456) Concurrent Preclean 9.174ms
[2403.556s][info][gc] GC(456) Concurrent Abortable Preclean
[2403.556s][info][gc] GC(456) Concurrent Abortable Preclean 0.017ms
[2403.564s][info][gc] GC(456) Pause Remark 27M->27M(29M) 8.033ms
[2403.564s][info][gc] GC(456) Concurrent Sweep
[2403.568s][info][gc] GC(456) Concurrent Sweep 4.083ms
[2403.568s][info][gc] GC(456) Concurrent Reset
[2403.569s][info][gc] GC(456) Concurrent Reset 0.027ms
[2405.569s][info][gc] GC(457) Pause Initial Mark 27M->27M(29M) 1.148ms
[2405.570s][info][gc] GC(457) Concurrent Mark
[2405.582s][info][gc] GC(457) Concurrent Mark 12.813ms
[2405.582s][info][gc] GC(457) Concurrent Preclean
[2405.583s][info][gc] GC(457) Concurrent Preclean 0.132ms
[2405.583s][info][gc] GC(457) Concurrent Abortable Preclean
[2405.583s][info][gc] GC(457) Concurrent Abortable Preclean 0.041ms
[2405.590s][info][gc] GC(457) Pause Remark 27M->27M(29M) 6.764ms
[2405.590s][info][gc] GC(457) Concurrent Sweep
[2405.593s][info][gc] GC(457) Concurrent Sweep 3.256ms
[2405.593s][info][gc] GC(457) Concurrent Reset
[2405.593s][info][gc] GC(457) Concurrent Reset 0.020ms
[2407.597s][info][gc] GC(458) Pause Initial Mark 27M->27M(29M) 0.559ms
[2407.597s][info][gc] GC(458) Concurrent Mark
[2407.608s][info][gc] GC(458) Concurrent Mark 10.961ms
[2407.608s][info][gc] GC(458) Concurrent Preclean
[2407.608s][info][gc] GC(458) Concurrent Preclean 0.107ms
[2407.608s][info][gc] GC(458) Concurrent Abortable Preclean
[2407.608s][info][gc] GC(458) Concurrent Abortable Preclean 0.013ms
[2407.615s][info][gc] GC(458) Pause Remark 27M->27M(29M) 6.645ms
[2407.615s][info][gc] GC(458) Concurrent Sweep
[2407.619s][info][gc] GC(458) Concurrent Sweep 3.868ms
[2407.619s][info][gc] GC(458) Concurrent Reset
[2407.619s][info][gc] GC(458) Concurrent Reset 0.030ms
[2409.623s][info][gc] GC(459) Pause Initial Mark 27M->27M(29M) 1.127ms
[2409.623s][info][gc] GC(459) Concurrent Mark
[2409.635s][info][gc] GC(459) Concurrent Mark 12.024ms
[2409.635s][info][gc] GC(459) Concurrent Preclean
[2409.636s][info][gc] GC(459) Concurrent Preclean 0.132ms
[2409.636s][info][gc] GC(459) Concurrent Abortable Preclean
[2409.636s][info][gc] GC(459) Concurrent Abortable Preclean 0.015ms
[2409.641s][info][gc] GC(459) Pause Remark 27M->27M(29M) 5.630ms
[2409.641s][info][gc] GC(459) Concurrent Sweep
[2409.645s][info][gc] GC(459) Concurrent Sweep 3.448ms
[2409.645s][info][gc] GC(459) Concurrent Reset
[2409.645s][info][gc] GC(459) Concurrent Reset 0.023ms
[2411.646s][info][gc] GC(460) Pause Initial Mark 27M->27M(29M) 1.011ms
[2411.646s][info][gc] GC(460) Concurrent Mark
[2411.668s][info][gc] GC(460) Concurrent Mark 21.379ms
[2411.668s][info][gc] GC(460) Concurrent Preclean
[2411.669s][info][gc] GC(460) Concurrent Preclean 0.390ms
[2411.669s][info][gc] GC(460) Concurrent Abortable Preclean
[2411.669s][info][gc] GC(460) Concurrent Abortable Preclean 0.044ms
[2411.679s][info][gc] GC(460) Pause Remark 27M->27M(29M) 10.013ms
[2411.679s][info][gc] GC(460) Concurrent Sweep
[2411.690s][info][gc] GC(460) Concurrent Sweep 10.840ms
[2411.690s][info][gc] GC(460) Concurrent Reset
[2411.690s][info][gc] GC(460) Concurrent Reset 0.034ms
[2413.690s][info][gc] GC(461) Pause Initial Mark 27M->27M(29M) 0.629ms
[2413.690s][info][gc] GC(461) Concurrent Mark
[2413.711s][info][gc] GC(461) Concurrent Mark 20.703ms
[2413.711s][info][gc] GC(461) Concurrent Preclean
[2413.711s][info][gc] GC(461) Concurrent Preclean 0.153ms
[2413.711s][info][gc] GC(461) Concurrent Abortable Preclean
[2413.711s][info][gc] GC(461) Concurrent Abortable Preclean 0.013ms
[2413.718s][info][gc] GC(461) Pause Remark 27M->27M(29M) 6.386ms
[2413.718s][info][gc] GC(461) Concurrent Sweep
[2413.722s][info][gc] GC(461) Concurrent Sweep 4.049ms
[2413.722s][info][gc] GC(461) Concurrent Reset
[2413.722s][info][gc] GC(461) Concurrent Reset 0.026ms
[2415.723s][info][gc] GC(462) Pause Initial Mark 27M->27M(29M) 0.692ms
[2415.723s][info][gc] GC(462) Concurrent Mark
[2415.734s][info][gc] GC(462) Concurrent Mark 11.009ms
[2415.734s][info][gc] GC(462) Concurrent Preclean
[2415.735s][info][gc] GC(462) Concurrent Preclean 0.113ms
[2415.735s][info][gc] GC(462) Concurrent Abortable Preclean
[2415.735s][info][gc] GC(462) Concurrent Abortable Preclean 0.012ms
[2415.743s][info][gc] GC(462) Pause Remark 27M->27M(29M) 8.425ms
[2415.743s][info][gc] GC(462) Concurrent Sweep
[2415.746s][info][gc] GC(462) Concurrent Sweep 3.255ms
[2415.746s][info][gc] GC(462) Concurrent Reset
[2415.746s][info][gc] GC(462) Concurrent Reset 0.018ms
[2417.749s][info][gc] GC(463) Pause Initial Mark 27M->27M(29M) 1.156ms
[2417.749s][info][gc] GC(463) Concurrent Mark
[2417.761s][info][gc] GC(463) Concurrent Mark 12.222ms
[2417.761s][info][gc] GC(463) Concurrent Preclean
[2417.761s][info][gc] GC(463) Concurrent Preclean 0.132ms
[2417.761s][info][gc] GC(463) Concurrent Abortable Preclean
[2417.761s][info][gc] GC(463) Concurrent Abortable Preclean 0.015ms
[2417.770s][info][gc] GC(463) Pause Remark 27M->27M(29M) 8.990ms
[2417.770s][info][gc] GC(463) Concurrent Sweep
[2417.774s][info][gc] GC(463) Concurrent Sweep 3.331ms
[2417.774s][info][gc] GC(463) Concurrent Reset
[2417.774s][info][gc] GC(463) Concurrent Reset 0.021ms
[2419.777s][info][gc] GC(464) Pause Initial Mark 27M->27M(29M) 1.053ms
[2419.777s][info][gc] GC(464) Concurrent Mark
[2419.801s][info][gc] GC(464) Concurrent Mark 24.389ms
[2419.801s][info][gc] GC(464) Concurrent Preclean
[2419.802s][info][gc] GC(464) Concurrent Preclean 0.138ms
[2419.802s][info][gc] GC(464) Concurrent Abortable Preclean
[2419.802s][info][gc] GC(464) Concurrent Abortable Preclean 0.013ms
[2419.810s][info][gc] GC(464) Pause Remark 27M->27M(29M) 8.560ms
[2419.810s][info][gc] GC(464) Concurrent Sweep
[2419.814s][info][gc] GC(464) Concurrent Sweep 3.699ms
[2419.814s][info][gc] GC(464) Concurrent Reset
[2419.814s][info][gc] GC(464) Concurrent Reset 0.024ms
[2421.818s][info][gc] GC(465) Pause Initial Mark 27M->27M(29M) 1.304ms
[2421.818s][info][gc] GC(465) Concurrent Mark
[2421.838s][info][gc] GC(465) Concurrent Mark 19.491ms
[2421.838s][info][gc] GC(465) Concurrent Preclean
[2421.838s][info][gc] GC(465) Concurrent Preclean 0.115ms
[2421.838s][info][gc] GC(465) Concurrent Abortable Preclean
[2421.838s][info][gc] GC(465) Concurrent Abortable Preclean 0.013ms
[2421.844s][info][gc] GC(465) Pause Remark 27M->27M(29M) 5.714ms
[2421.844s][info][gc] GC(465) Concurrent Sweep
[2421.847s][info][gc] GC(465) Concurrent Sweep 3.301ms
[2421.847s][info][gc] GC(465) Concurrent Reset
[2421.847s][info][gc] GC(465) Concurrent Reset 0.020ms
[2423.851s][info][gc] GC(466) Pause Initial Mark 27M->27M(29M) 0.992ms
[2423.851s][info][gc] GC(466) Concurrent Mark
[2423.866s][info][gc] GC(466) Concurrent Mark 15.249ms
[2423.866s][info][gc] GC(466) Concurrent Preclean
[2423.867s][info][gc] GC(466) Concurrent Preclean 0.530ms
[2423.867s][info][gc] GC(466) Concurrent Abortable Preclean
[2423.867s][info][gc] GC(466) Concurrent Abortable Preclean 0.044ms
[2423.878s][info][gc] GC(466) Pause Remark 27M->27M(29M) 10.309ms
[2423.878s][info][gc] GC(466) Concurrent Sweep
[2423.881s][info][gc] GC(466) Concurrent Sweep 3.262ms
[2423.881s][info][gc] GC(466) Concurrent Reset
[2423.881s][info][gc] GC(466) Concurrent Reset 0.020ms
[2425.882s][info][gc] GC(467) Pause Initial Mark 27M->27M(29M) 0.930ms
[2425.883s][info][gc] GC(467) Concurrent Mark
[2425.895s][info][gc] GC(467) Concurrent Mark 12.426ms
[2425.895s][info][gc] GC(467) Concurrent Preclean
[2425.895s][info][gc] GC(467) Concurrent Preclean 0.123ms
[2425.895s][info][gc] GC(467) Concurrent Abortable Preclean
[2425.895s][info][gc] GC(467) Concurrent Abortable Preclean 0.014ms
[2425.902s][info][gc] GC(467) Pause Remark 27M->27M(29M) 6.935ms
[2425.902s][info][gc] GC(467) Concurrent Sweep
[2425.906s][info][gc] GC(467) Concurrent Sweep 3.252ms
[2425.906s][info][gc] GC(467) Concurrent Reset
[2425.906s][info][gc] GC(467) Concurrent Reset 0.020ms
[2427.908s][info][gc] GC(468) Pause Initial Mark 27M->27M(29M) 1.488ms
[2427.908s][info][gc] GC(468) Concurrent Mark
[2427.924s][info][gc] GC(468) Concurrent Mark 15.770ms
[2427.924s][info][gc] GC(468) Concurrent Preclean
[2427.924s][info][gc] GC(468) Concurrent Preclean 0.200ms
[2427.924s][info][gc] GC(468) Concurrent Abortable Preclean
[2427.924s][info][gc] GC(468) Concurrent Abortable Preclean 0.013ms
[2427.929s][info][gc] GC(468) Pause Remark 27M->27M(29M) 5.370ms
[2427.929s][info][gc] GC(468) Concurrent Sweep
[2427.933s][info][gc] GC(468) Concurrent Sweep 3.250ms
[2427.933s][info][gc] GC(468) Concurrent Reset
[2427.933s][info][gc] GC(468) Concurrent Reset 0.020ms
[2429.937s][info][gc] GC(469) Pause Initial Mark 27M->27M(29M) 1.056ms
[2429.937s][info][gc] GC(469) Concurrent Mark
[2429.950s][info][gc] GC(469) Concurrent Mark 12.807ms
[2429.950s][info][gc] GC(469) Concurrent Preclean
[2429.950s][info][gc] GC(469) Concurrent Preclean 0.176ms
[2429.950s][info][gc] GC(469) Concurrent Abortable Preclean
[2429.950s][info][gc] GC(469) Concurrent Abortable Preclean 0.024ms
[2429.957s][info][gc] GC(469) Pause Remark 27M->27M(29M) 6.610ms
[2429.957s][info][gc] GC(469) Concurrent Sweep
[2429.960s][info][gc] GC(469) Concurrent Sweep 3.262ms
[2429.960s][info][gc] GC(469) Concurrent Reset
[2429.960s][info][gc] GC(469) Concurrent Reset 0.020ms
[2431.964s][info][gc] GC(470) Pause Initial Mark 27M->27M(29M) 1.628ms
[2431.965s][info][gc] GC(470) Concurrent Mark
[2431.978s][info][gc] GC(470) Concurrent Mark 13.002ms
[2431.978s][info][gc] GC(470) Concurrent Preclean
[2431.978s][info][gc] GC(470) Concurrent Preclean 0.125ms
[2431.978s][info][gc] GC(470) Concurrent Abortable Preclean
[2431.978s][info][gc] GC(470) Concurrent Abortable Preclean 0.014ms
[2431.984s][info][gc] GC(470) Pause Remark 27M->27M(29M) 5.560ms
[2431.984s][info][gc] GC(470) Concurrent Sweep
[2431.987s][info][gc] GC(470) Concurrent Sweep 3.796ms
[2431.987s][info][gc] GC(470) Concurrent Reset
[2431.988s][info][gc] GC(470) Concurrent Reset 0.023ms
[2433.988s][info][gc] GC(471) Pause Initial Mark 27M->27M(29M) 0.767ms
[2433.989s][info][gc] GC(471) Concurrent Mark
[2434.003s][info][gc] GC(471) Concurrent Mark 14.455ms
[2434.003s][info][gc] GC(471) Concurrent Preclean
[2434.004s][info][gc] GC(471) Concurrent Preclean 0.306ms
[2434.004s][info][gc] GC(471) Concurrent Abortable Preclean
[2434.004s][info][gc] GC(471) Concurrent Abortable Preclean 0.030ms
[2434.010s][info][gc] GC(471) Pause Remark 27M->27M(29M) 6.006ms
[2434.010s][info][gc] GC(471) Concurrent Sweep
[2434.014s][info][gc] GC(471) Concurrent Sweep 4.064ms
[2434.014s][info][gc] GC(471) Concurrent Reset
[2434.014s][info][gc] GC(471) Concurrent Reset 0.052ms
[2436.016s][info][gc] GC(472) Pause Initial Mark 27M->27M(29M) 1.114ms
[2436.016s][info][gc] GC(472) Concurrent Mark
[2436.028s][info][gc] GC(472) Concurrent Mark 12.088ms
[2436.028s][info][gc] GC(472) Concurrent Preclean
[2436.028s][info][gc] GC(472) Concurrent Preclean 0.113ms
[2436.028s][info][gc] GC(472) Concurrent Abortable Preclean
[2436.028s][info][gc] GC(472) Concurrent Abortable Preclean 0.013ms
[2436.034s][info][gc] GC(472) Pause Remark 27M->27M(29M) 5.852ms
[2436.034s][info][gc] GC(472) Concurrent Sweep
[2436.037s][info][gc] GC(472) Concurrent Sweep 2.979ms
[2436.037s][info][gc] GC(472) Concurrent Reset
[2436.037s][info][gc] GC(472) Concurrent Reset 0.018ms
[2438.042s][info][gc] GC(473) Pause Initial Mark 27M->27M(29M) 1.266ms
[2438.042s][info][gc] GC(473) Concurrent Mark
[2438.054s][info][gc] GC(473) Concurrent Mark 11.982ms
[2438.054s][info][gc] GC(473) Concurrent Preclean
[2438.054s][info][gc] GC(473) Concurrent Preclean 0.158ms
[2438.054s][info][gc] GC(473) Concurrent Abortable Preclean
[2438.054s][info][gc] GC(473) Concurrent Abortable Preclean 0.015ms
[2438.060s][info][gc] GC(473) Pause Remark 27M->27M(29M) 5.631ms
[2438.060s][info][gc] GC(473) Concurrent Sweep
[2438.064s][info][gc] GC(473) Concurrent Sweep 3.271ms
[2438.064s][info][gc] GC(473) Concurrent Reset
[2438.064s][info][gc] GC(473) Concurrent Reset 0.020ms
[2440.065s][info][gc] GC(474) Pause Initial Mark 27M->27M(29M) 1.718ms
[2440.066s][info][gc] GC(474) Concurrent Mark
[2440.083s][info][gc] GC(474) Concurrent Mark 17.398ms
[2440.083s][info][gc] GC(474) Concurrent Preclean
[2440.084s][info][gc] GC(474) Concurrent Preclean 0.105ms
[2440.084s][info][gc] GC(474) Concurrent Abortable Preclean
[2440.084s][info][gc] GC(474) Concurrent Abortable Preclean 0.012ms
[2440.089s][info][gc] GC(474) Pause Remark 27M->27M(29M) 5.238ms
[2440.089s][info][gc] GC(474) Concurrent Sweep
[2440.092s][info][gc] GC(474) Concurrent Sweep 2.997ms
[2440.092s][info][gc] GC(474) Concurrent Reset
[2440.092s][info][gc] GC(474) Concurrent Reset 0.018ms
[2442.097s][info][gc] GC(475) Pause Initial Mark 27M->27M(29M) 1.195ms
[2442.098s][info][gc] GC(475) Concurrent Mark
[2442.110s][info][gc] GC(475) Concurrent Mark 12.110ms
[2442.110s][info][gc] GC(475) Concurrent Preclean
[2442.110s][info][gc] GC(475) Concurrent Preclean 0.134ms
[2442.110s][info][gc] GC(475) Concurrent Abortable Preclean
[2442.110s][info][gc] GC(475) Concurrent Abortable Preclean 0.015ms
[2442.116s][info][gc] GC(475) Pause Remark 27M->27M(29M) 5.493ms
[2442.116s][info][gc] GC(475) Concurrent Sweep
[2442.119s][info][gc] GC(475) Concurrent Sweep 3.268ms
[2442.119s][info][gc] GC(475) Concurrent Reset
[2442.119s][info][gc] GC(475) Concurrent Reset 0.020ms
[2444.123s][info][gc] GC(476) Pause Initial Mark 27M->27M(29M) 1.070ms
[2444.123s][info][gc] GC(476) Concurrent Mark
[2444.137s][info][gc] GC(476) Concurrent Mark 14.217ms
[2444.137s][info][gc] GC(476) Concurrent Preclean
[2444.138s][info][gc] GC(476) Concurrent Preclean 0.129ms
[2444.138s][info][gc] GC(476) Concurrent Abortable Preclean
[2444.138s][info][gc] GC(476) Concurrent Abortable Preclean 0.013ms
[2444.143s][info][gc] GC(476) Pause Remark 27M->27M(29M) 5.842ms
[2444.144s][info][gc] GC(476) Concurrent Sweep
[2444.147s][info][gc] GC(476) Concurrent Sweep 3.689ms
[2444.147s][info][gc] GC(476) Concurrent Reset
[2444.148s][info][gc] GC(476) Concurrent Reset 0.070ms
[2446.154s][info][gc] GC(477) Pause Initial Mark 27M->27M(29M) 1.121ms
[2446.154s][info][gc] GC(477) Concurrent Mark
[2446.166s][info][gc] GC(477) Concurrent Mark 11.956ms
[2446.166s][info][gc] GC(477) Concurrent Preclean
[2446.166s][info][gc] GC(477) Concurrent Preclean 0.137ms
[2446.166s][info][gc] GC(477) Concurrent Abortable Preclean
[2446.166s][info][gc] GC(477) Concurrent Abortable Preclean 0.015ms
[2446.172s][info][gc] GC(477) Pause Remark 27M->27M(29M) 5.592ms
[2446.172s][info][gc] GC(477) Concurrent Sweep
[2446.175s][info][gc] GC(477) Concurrent Sweep 3.138ms
[2446.175s][info][gc] GC(477) Concurrent Reset
[2446.175s][info][gc] GC(477) Concurrent Reset 0.018ms
[2448.177s][info][gc] GC(478) Pause Initial Mark 27M->27M(29M) 0.906ms
[2448.177s][info][gc] GC(478) Concurrent Mark
[2448.190s][info][gc] GC(478) Concurrent Mark 12.828ms
[2448.190s][info][gc] GC(478) Concurrent Preclean
[2448.190s][info][gc] GC(478) Concurrent Preclean 0.118ms
[2448.190s][info][gc] GC(478) Concurrent Abortable Preclean
[2448.190s][info][gc] GC(478) Concurrent Abortable Preclean 0.014ms
[2448.196s][info][gc] GC(478) Pause Remark 27M->27M(29M) 5.647ms
[2448.196s][info][gc] GC(478) Concurrent Sweep
[2448.199s][info][gc] GC(478) Concurrent Sweep 3.259ms
[2448.199s][info][gc] GC(478) Concurrent Reset
[2448.200s][info][gc] GC(478) Concurrent Reset 0.019ms
[2450.200s][info][gc] GC(479) Pause Initial Mark 27M->27M(29M) 0.587ms
[2450.200s][info][gc] GC(479) Concurrent Mark
[2450.209s][info][gc] GC(479) Concurrent Mark 9.262ms
[2450.209s][info][gc] GC(479) Concurrent Preclean
[2450.209s][info][gc] GC(479) Concurrent Preclean 0.103ms
[2450.209s][info][gc] GC(479) Concurrent Abortable Preclean
[2450.209s][info][gc] GC(479) Concurrent Abortable Preclean 0.015ms
[2450.215s][info][gc] GC(479) Pause Remark 27M->27M(29M) 5.385ms
[2450.215s][info][gc] GC(479) Concurrent Sweep
[2450.218s][info][gc] GC(479) Concurrent Sweep 3.401ms
[2450.218s][info][gc] GC(479) Concurrent Reset
[2450.218s][info][gc] GC(479) Concurrent Reset 0.020ms
[2452.222s][info][gc] GC(480) Pause Initial Mark 27M->27M(29M) 0.529ms
[2452.222s][info][gc] GC(480) Concurrent Mark
[2452.231s][info][gc] GC(480) Concurrent Mark 8.900ms
[2452.231s][info][gc] GC(480) Concurrent Preclean
[2452.232s][info][gc] GC(480) Concurrent Preclean 0.111ms
[2452.232s][info][gc] GC(480) Concurrent Abortable Preclean
[2452.232s][info][gc] GC(480) Concurrent Abortable Preclean 0.012ms
[2452.237s][info][gc] GC(480) Pause Remark 27M->27M(29M) 5.157ms
[2452.237s][info][gc] GC(480) Concurrent Sweep
[2452.240s][info][gc] GC(480) Concurrent Sweep 3.538ms
[2452.241s][info][gc] GC(480) Concurrent Reset
[2452.241s][info][gc] GC(480) Concurrent Reset 0.032ms
[2454.244s][info][gc] GC(481) Pause Initial Mark 27M->27M(29M) 1.230ms
[2454.244s][info][gc] GC(481) Concurrent Mark
[2454.258s][info][gc] GC(481) Concurrent Mark 13.691ms
[2454.258s][info][gc] GC(481) Concurrent Preclean
[2454.258s][info][gc] GC(481) Concurrent Preclean 0.130ms
[2454.258s][info][gc] GC(481) Concurrent Abortable Preclean
[2454.258s][info][gc] GC(481) Concurrent Abortable Preclean 0.014ms
[2454.264s][info][gc] GC(481) Pause Remark 27M->27M(29M) 5.415ms
[2454.264s][info][gc] GC(481) Concurrent Sweep
[2454.267s][info][gc] GC(481) Concurrent Sweep 3.275ms
[2454.267s][info][gc] GC(481) Concurrent Reset
[2454.267s][info][gc] GC(481) Concurrent Reset 0.019ms
[2456.269s][info][gc] GC(482) Pause Initial Mark 27M->27M(29M) 1.123ms
[2456.269s][info][gc] GC(482) Concurrent Mark
[2456.284s][info][gc] GC(482) Concurrent Mark 14.391ms
[2456.284s][info][gc] GC(482) Concurrent Preclean
[2456.284s][info][gc] GC(482) Concurrent Preclean 0.125ms
[2456.284s][info][gc] GC(482) Concurrent Abortable Preclean
[2456.284s][info][gc] GC(482) Concurrent Abortable Preclean 0.013ms
[2456.291s][info][gc] GC(482) Pause Remark 27M->27M(29M) 6.952ms
[2456.291s][info][gc] GC(482) Concurrent Sweep
[2456.295s][info][gc] GC(482) Concurrent Sweep 3.319ms
[2456.295s][info][gc] GC(482) Concurrent Reset
[2456.295s][info][gc] GC(482) Concurrent Reset 0.020ms
[2458.296s][info][gc] GC(483) Pause Initial Mark 27M->27M(29M) 1.007ms
[2458.296s][info][gc] GC(483) Concurrent Mark
[2458.308s][info][gc] GC(483) Concurrent Mark 11.970ms
[2458.308s][info][gc] GC(483) Concurrent Preclean
[2458.309s][info][gc] GC(483) Concurrent Preclean 0.133ms
[2458.309s][info][gc] GC(483) Concurrent Abortable Preclean
[2458.309s][info][gc] GC(483) Concurrent Abortable Preclean 0.014ms
[2458.314s][info][gc] GC(483) Pause Remark 27M->27M(29M) 5.764ms
[2458.315s][info][gc] GC(483) Concurrent Sweep
[2458.318s][info][gc] GC(483) Concurrent Sweep 3.254ms
[2458.318s][info][gc] GC(483) Concurrent Reset
[2458.318s][info][gc] GC(483) Concurrent Reset 0.019ms
[2460.319s][info][gc] GC(484) Pause Initial Mark 27M->27M(29M) 1.074ms
[2460.319s][info][gc] GC(484) Concurrent Mark
[2460.331s][info][gc] GC(484) Concurrent Mark 11.923ms
[2460.331s][info][gc] GC(484) Concurrent Preclean
[2460.332s][info][gc] GC(484) Concurrent Preclean 0.124ms
[2460.332s][info][gc] GC(484) Concurrent Abortable Preclean
[2460.332s][info][gc] GC(484) Concurrent Abortable Preclean 0.013ms
[2460.337s][info][gc] GC(484) Pause Remark 27M->27M(29M) 5.626ms
[2460.337s][info][gc] GC(484) Concurrent Sweep
[2460.341s][info][gc] GC(484) Concurrent Sweep 3.278ms
[2460.341s][info][gc] GC(484) Concurrent Reset
[2460.341s][info][gc] GC(484) Concurrent Reset 0.020ms
[2462.346s][info][gc] GC(485) Pause Initial Mark 27M->27M(29M) 1.083ms
[2462.346s][info][gc] GC(485) Concurrent Mark
[2462.358s][info][gc] GC(485) Concurrent Mark 11.990ms
[2462.358s][info][gc] GC(485) Concurrent Preclean
[2462.359s][info][gc] GC(485) Concurrent Preclean 0.132ms
[2462.359s][info][gc] GC(485) Concurrent Abortable Preclean
[2462.359s][info][gc] GC(485) Concurrent Abortable Preclean 0.020ms
[2462.364s][info][gc] GC(485) Pause Remark 27M->27M(29M) 5.673ms
[2462.365s][info][gc] GC(485) Concurrent Sweep
[2462.368s][info][gc] GC(485) Concurrent Sweep 3.258ms
[2462.368s][info][gc] GC(485) Concurrent Reset
[2462.368s][info][gc] GC(485) Concurrent Reset 0.020ms
[2464.373s][info][gc] GC(486) Pause Initial Mark 27M->27M(29M) 1.167ms
[2464.374s][info][gc] GC(486) Concurrent Mark
[2464.386s][info][gc] GC(486) Concurrent Mark 12.111ms
[2464.386s][info][gc] GC(486) Concurrent Preclean
[2464.386s][info][gc] GC(486) Concurrent Preclean 0.126ms
[2464.386s][info][gc] GC(486) Concurrent Abortable Preclean
[2464.386s][info][gc] GC(486) Concurrent Abortable Preclean 0.013ms
[2464.392s][info][gc] GC(486) Pause Remark 27M->27M(29M) 5.565ms
[2464.392s][info][gc] GC(486) Concurrent Sweep
[2464.395s][info][gc] GC(486) Concurrent Sweep 3.144ms
[2464.395s][info][gc] GC(486) Concurrent Reset
[2464.395s][info][gc] GC(486) Concurrent Reset 0.018ms
[2466.399s][info][gc] GC(487) Pause Initial Mark 27M->27M(29M) 0.923ms
[2466.399s][info][gc] GC(487) Concurrent Mark
[2466.413s][info][gc] GC(487) Concurrent Mark 14.020ms
[2466.413s][info][gc] GC(487) Concurrent Preclean
[2466.413s][info][gc] GC(487) Concurrent Preclean 0.124ms
[2466.413s][info][gc] GC(487) Concurrent Abortable Preclean
[2466.413s][info][gc] GC(487) Concurrent Abortable Preclean 0.013ms
[2466.419s][info][gc] GC(487) Pause Remark 27M->27M(29M) 5.602ms
[2466.419s][info][gc] GC(487) Concurrent Sweep
[2466.422s][info][gc] GC(487) Concurrent Sweep 3.438ms
[2466.423s][info][gc] GC(487) Concurrent Reset
[2466.423s][info][gc] GC(487) Concurrent Reset 0.040ms
[2468.425s][info][gc] GC(488) Pause Initial Mark 27M->27M(29M) 1.088ms
[2468.425s][info][gc] GC(488) Concurrent Mark
[2468.437s][info][gc] GC(488) Concurrent Mark 11.944ms
[2468.437s][info][gc] GC(488) Concurrent Preclean
[2468.437s][info][gc] GC(488) Concurrent Preclean 0.119ms
[2468.437s][info][gc] GC(488) Concurrent Abortable Preclean
[2468.437s][info][gc] GC(488) Concurrent Abortable Preclean 0.013ms
[2468.443s][info][gc] GC(488) Pause Remark 27M->27M(29M) 5.445ms
[2468.443s][info][gc] GC(488) Concurrent Sweep
[2468.446s][info][gc] GC(488) Concurrent Sweep 3.240ms
[2468.446s][info][gc] GC(488) Concurrent Reset
[2468.446s][info][gc] GC(488) Concurrent Reset 0.020ms
[2470.451s][info][gc] GC(489) Pause Initial Mark 27M->27M(29M) 0.850ms
[2470.451s][info][gc] GC(489) Concurrent Mark
[2470.462s][info][gc] GC(489) Concurrent Mark 11.026ms
[2470.462s][info][gc] GC(489) Concurrent Preclean
[2470.462s][info][gc] GC(489) Concurrent Preclean 0.131ms
[2470.462s][info][gc] GC(489) Concurrent Abortable Preclean
[2470.462s][info][gc] GC(489) Concurrent Abortable Preclean 0.015ms
[2470.468s][info][gc] GC(489) Pause Remark 27M->27M(29M) 5.688ms
[2470.468s][info][gc] GC(489) Concurrent Sweep
[2470.471s][info][gc] GC(489) Concurrent Sweep 3.257ms
[2470.471s][info][gc] GC(489) Concurrent Reset
[2470.471s][info][gc] GC(489) Concurrent Reset 0.020ms
[2472.471s][info][gc] GC(490) Pause Initial Mark 27M->27M(29M) 1.024ms
[2472.472s][info][gc] GC(490) Concurrent Mark
[2472.484s][info][gc] GC(490) Concurrent Mark 11.987ms
[2472.484s][info][gc] GC(490) Concurrent Preclean
[2472.484s][info][gc] GC(490) Concurrent Preclean 0.130ms
[2472.484s][info][gc] GC(490) Concurrent Abortable Preclean
[2472.484s][info][gc] GC(490) Concurrent Abortable Preclean 0.014ms
[2472.490s][info][gc] GC(490) Pause Remark 27M->27M(29M) 5.690ms
[2472.490s][info][gc] GC(490) Concurrent Sweep
[2472.493s][info][gc] GC(490) Concurrent Sweep 3.246ms
[2472.493s][info][gc] GC(490) Concurrent Reset
[2472.493s][info][gc] GC(490) Concurrent Reset 0.020ms
[2474.498s][info][gc] GC(491) Pause Initial Mark 27M->27M(29M) 1.151ms
[2474.498s][info][gc] GC(491) Concurrent Mark
[2474.510s][info][gc] GC(491) Concurrent Mark 12.162ms
[2474.510s][info][gc] GC(491) Concurrent Preclean
[2474.510s][info][gc] GC(491) Concurrent Preclean 0.129ms
[2474.510s][info][gc] GC(491) Concurrent Abortable Preclean
[2474.510s][info][gc] GC(491) Concurrent Abortable Preclean 0.014ms
[2474.517s][info][gc] GC(491) Pause Remark 27M->27M(29M) 6.117ms
[2474.517s][info][gc] GC(491) Concurrent Sweep
[2474.520s][info][gc] GC(491) Concurrent Sweep 3.253ms
[2474.520s][info][gc] GC(491) Concurrent Reset
[2474.520s][info][gc] GC(491) Concurrent Reset 0.020ms
[2476.523s][info][gc] GC(492) Pause Initial Mark 27M->27M(29M) 1.143ms
[2476.523s][info][gc] GC(492) Concurrent Mark
[2476.535s][info][gc] GC(492) Concurrent Mark 11.935ms
[2476.535s][info][gc] GC(492) Concurrent Preclean
[2476.535s][info][gc] GC(492) Concurrent Preclean 0.135ms
[2476.535s][info][gc] GC(492) Concurrent Abortable Preclean
[2476.535s][info][gc] GC(492) Concurrent Abortable Preclean 0.015ms
[2476.541s][info][gc] GC(492) Pause Remark 27M->27M(29M) 5.772ms
[2476.541s][info][gc] GC(492) Concurrent Sweep
[2476.544s][info][gc] GC(492) Concurrent Sweep 3.247ms
[2476.544s][info][gc] GC(492) Concurrent Reset
[2476.544s][info][gc] GC(492) Concurrent Reset 0.020ms
[2478.548s][info][gc] GC(493) Pause Initial Mark 27M->27M(29M) 1.176ms
[2478.548s][info][gc] GC(493) Concurrent Mark
[2478.560s][info][gc] GC(493) Concurrent Mark 12.175ms
[2478.561s][info][gc] GC(493) Concurrent Preclean
[2478.561s][info][gc] GC(493) Concurrent Preclean 0.119ms
[2478.561s][info][gc] GC(493) Concurrent Abortable Preclean
[2478.561s][info][gc] GC(493) Concurrent Abortable Preclean 0.014ms
[2478.566s][info][gc] GC(493) Pause Remark 27M->27M(29M) 5.510ms
[2478.566s][info][gc] GC(493) Concurrent Sweep
[2478.570s][info][gc] GC(493) Concurrent Sweep 3.269ms
[2478.570s][info][gc] GC(493) Concurrent Reset
[2478.570s][info][gc] GC(493) Concurrent Reset 0.020ms
[2480.575s][info][gc] GC(494) Pause Initial Mark 27M->27M(29M) 1.126ms
[2480.575s][info][gc] GC(494) Concurrent Mark
[2480.587s][info][gc] GC(494) Concurrent Mark 11.982ms
[2480.587s][info][gc] GC(494) Concurrent Preclean
[2480.587s][info][gc] GC(494) Concurrent Preclean 0.132ms
[2480.587s][info][gc] GC(494) Concurrent Abortable Preclean
[2480.587s][info][gc] GC(494) Concurrent Abortable Preclean 0.015ms
[2480.593s][info][gc] GC(494) Pause Remark 27M->27M(29M) 5.781ms
[2480.593s][info][gc] GC(494) Concurrent Sweep
[2480.597s][info][gc] GC(494) Concurrent Sweep 3.255ms
[2480.597s][info][gc] GC(494) Concurrent Reset
[2480.597s][info][gc] GC(494) Concurrent Reset 0.020ms
[2482.602s][info][gc] GC(495) Pause Initial Mark 27M->27M(29M) 1.077ms
[2482.602s][info][gc] GC(495) Concurrent Mark
[2482.614s][info][gc] GC(495) Concurrent Mark 11.876ms
[2482.614s][info][gc] GC(495) Concurrent Preclean
[2482.614s][info][gc] GC(495) Concurrent Preclean 0.119ms
[2482.614s][info][gc] GC(495) Concurrent Abortable Preclean
[2482.614s][info][gc] GC(495) Concurrent Abortable Preclean 0.013ms
[2482.620s][info][gc] GC(495) Pause Remark 27M->27M(29M) 5.425ms
[2482.620s][info][gc] GC(495) Concurrent Sweep
[2482.623s][info][gc] GC(495) Concurrent Sweep 3.249ms
[2482.623s][info][gc] GC(495) Concurrent Reset
[2482.623s][info][gc] GC(495) Concurrent Reset 0.019ms
[2484.624s][info][gc] GC(496) Pause Initial Mark 27M->27M(29M) 1.083ms
[2484.624s][info][gc] GC(496) Concurrent Mark
[2484.636s][info][gc] GC(496) Concurrent Mark 12.076ms
[2484.637s][info][gc] GC(496) Concurrent Preclean
[2484.637s][info][gc] GC(496) Concurrent Preclean 0.144ms
[2484.637s][info][gc] GC(496) Concurrent Abortable Preclean
[2484.637s][info][gc] GC(496) Concurrent Abortable Preclean 0.015ms
[2484.642s][info][gc] GC(496) Pause Remark 27M->27M(29M) 5.569ms
[2484.642s][info][gc] GC(496) Concurrent Sweep
[2484.646s][info][gc] GC(496) Concurrent Sweep 3.285ms
[2484.646s][info][gc] GC(496) Concurrent Reset
[2484.646s][info][gc] GC(496) Concurrent Reset 0.020ms
[2486.649s][info][gc] GC(497) Pause Initial Mark 27M->27M(29M) 1.072ms
[2486.649s][info][gc] GC(497) Concurrent Mark
[2486.661s][info][gc] GC(497) Concurrent Mark 12.610ms
[2486.661s][info][gc] GC(497) Concurrent Preclean
[2486.662s][info][gc] GC(497) Concurrent Preclean 0.128ms
[2486.662s][info][gc] GC(497) Concurrent Abortable Preclean
[2486.662s][info][gc] GC(497) Concurrent Abortable Preclean 0.018ms
[2486.667s][info][gc] GC(497) Pause Remark 27M->27M(29M) 5.553ms
[2486.667s][info][gc] GC(497) Concurrent Sweep
[2486.671s][info][gc] GC(497) Concurrent Sweep 3.240ms
[2486.671s][info][gc] GC(497) Concurrent Reset
[2486.671s][info][gc] GC(497) Concurrent Reset 0.020ms
[2488.673s][info][gc] GC(498) Pause Initial Mark 27M->27M(29M) 1.055ms
[2488.673s][info][gc] GC(498) Concurrent Mark
[2488.686s][info][gc] GC(498) Concurrent Mark 13.104ms
[2488.687s][info][gc] GC(498) Concurrent Preclean
[2488.687s][info][gc] GC(498) Concurrent Preclean 0.120ms
[2488.687s][info][gc] GC(498) Concurrent Abortable Preclean
[2488.687s][info][gc] GC(498) Concurrent Abortable Preclean 0.014ms
[2488.692s][info][gc] GC(498) Pause Remark 27M->27M(29M) 5.681ms
[2488.693s][info][gc] GC(498) Concurrent Sweep
[2488.696s][info][gc] GC(498) Concurrent Sweep 3.257ms
[2488.696s][info][gc] GC(498) Concurrent Reset
[2488.696s][info][gc] GC(498) Concurrent Reset 0.019ms
[2490.699s][info][gc] GC(499) Pause Initial Mark 27M->27M(29M) 1.105ms
[2490.699s][info][gc] GC(499) Concurrent Mark
[2490.712s][info][gc] GC(499) Concurrent Mark 13.175ms
[2490.712s][info][gc] GC(499) Concurrent Preclean
[2490.712s][info][gc] GC(499) Concurrent Preclean 0.177ms
[2490.712s][info][gc] GC(499) Concurrent Abortable Preclean
[2490.712s][info][gc] GC(499) Concurrent Abortable Preclean 0.016ms
[2490.720s][info][gc] GC(499) Pause Remark 27M->27M(29M) 7.428ms
[2490.720s][info][gc] GC(499) Concurrent Sweep
[2490.723s][info][gc] GC(499) Concurrent Sweep 3.254ms
[2490.723s][info][gc] GC(499) Concurrent Reset
[2490.723s][info][gc] GC(499) Concurrent Reset 0.020ms
[2492.727s][info][gc] GC(500) Pause Initial Mark 27M->27M(29M) 1.078ms
[2492.727s][info][gc] GC(500) Concurrent Mark
[2492.739s][info][gc] GC(500) Concurrent Mark 12.140ms
[2492.739s][info][gc] GC(500) Concurrent Preclean
[2492.740s][info][gc] GC(500) Concurrent Preclean 0.182ms
[2492.740s][info][gc] GC(500) Concurrent Abortable Preclean
[2492.740s][info][gc] GC(500) Concurrent Abortable Preclean 0.014ms
[2492.745s][info][gc] GC(500) Pause Remark 27M->27M(29M) 5.775ms
[2492.746s][info][gc] GC(500) Concurrent Sweep
[2492.749s][info][gc] GC(500) Concurrent Sweep 3.245ms
[2492.749s][info][gc] GC(500) Concurrent Reset
[2492.749s][info][gc] GC(500) Concurrent Reset 0.020ms
[2494.755s][info][gc] GC(501) Pause Initial Mark 27M->27M(29M) 1.130ms
[2494.755s][info][gc] GC(501) Concurrent Mark
[2494.767s][info][gc] GC(501) Concurrent Mark 12.246ms
[2494.767s][info][gc] GC(501) Concurrent Preclean
[2494.767s][info][gc] GC(501) Concurrent Preclean 0.127ms
[2494.767s][info][gc] GC(501) Concurrent Abortable Preclean
[2494.767s][info][gc] GC(501) Concurrent Abortable Preclean 0.014ms
[2494.774s][info][gc] GC(501) Pause Remark 27M->27M(29M) 6.653ms
[2494.774s][info][gc] GC(501) Concurrent Sweep
[2494.777s][info][gc] GC(501) Concurrent Sweep 3.307ms
[2494.778s][info][gc] GC(501) Concurrent Reset
[2494.778s][info][gc] GC(501) Concurrent Reset 0.021ms
[2496.778s][info][gc] GC(502) Pause Initial Mark 27M->27M(29M) 0.709ms
[2496.778s][info][gc] GC(502) Concurrent Mark
[2496.790s][info][gc] GC(502) Concurrent Mark 11.189ms
[2496.790s][info][gc] GC(502) Concurrent Preclean
[2496.790s][info][gc] GC(502) Concurrent Preclean 0.109ms
[2496.790s][info][gc] GC(502) Concurrent Abortable Preclean
[2496.790s][info][gc] GC(502) Concurrent Abortable Preclean 0.012ms
[2496.796s][info][gc] GC(502) Pause Remark 27M->27M(29M) 6.195ms
[2496.796s][info][gc] GC(502) Concurrent Sweep
[2496.800s][info][gc] GC(502) Concurrent Sweep 3.531ms
[2496.800s][info][gc] GC(502) Concurrent Reset
[2496.800s][info][gc] GC(502) Concurrent Reset 0.034ms
[2498.805s][info][gc] GC(503) Pause Initial Mark 27M->27M(29M) 1.138ms
[2498.805s][info][gc] GC(503) Concurrent Mark
[2498.817s][info][gc] GC(503) Concurrent Mark 11.902ms
[2498.817s][info][gc] GC(503) Concurrent Preclean
[2498.817s][info][gc] GC(503) Concurrent Preclean 0.117ms
[2498.817s][info][gc] GC(503) Concurrent Abortable Preclean
[2498.817s][info][gc] GC(503) Concurrent Abortable Preclean 0.013ms
[2498.823s][info][gc] GC(503) Pause Remark 27M->27M(29M) 5.443ms
[2498.823s][info][gc] GC(503) Concurrent Sweep
[2498.826s][info][gc] GC(503) Concurrent Sweep 3.048ms
[2498.826s][info][gc] GC(503) Concurrent Reset
[2498.826s][info][gc] GC(503) Concurrent Reset 0.020ms
[2500.827s][info][gc] GC(504) Pause Initial Mark 27M->27M(29M) 0.933ms
[2500.827s][info][gc] GC(504) Concurrent Mark
[2500.838s][info][gc] GC(504) Concurrent Mark 11.544ms
[2500.838s][info][gc] GC(504) Concurrent Preclean
[2500.839s][info][gc] GC(504) Concurrent Preclean 0.118ms
[2500.839s][info][gc] GC(504) Concurrent Abortable Preclean
[2500.839s][info][gc] GC(504) Concurrent Abortable Preclean 0.013ms
[2500.844s][info][gc] GC(504) Pause Remark 27M->27M(29M) 5.525ms
[2500.844s][info][gc] GC(504) Concurrent Sweep
[2500.848s][info][gc] GC(504) Concurrent Sweep 3.276ms
[2500.848s][info][gc] GC(504) Concurrent Reset
[2500.848s][info][gc] GC(504) Concurrent Reset 0.020ms
[2502.853s][info][gc] GC(505) Pause Initial Mark 27M->27M(29M) 1.454ms
[2502.853s][info][gc] GC(505) Concurrent Mark
[2502.867s][info][gc] GC(505) Concurrent Mark 14.517ms
[2502.867s][info][gc] GC(505) Concurrent Preclean
[2502.868s][info][gc] GC(505) Concurrent Preclean 0.108ms
[2502.868s][info][gc] GC(505) Concurrent Abortable Preclean
[2502.868s][info][gc] GC(505) Concurrent Abortable Preclean 0.012ms
[2502.882s][info][gc] GC(505) Pause Remark 27M->27M(29M) 14.359ms
[2502.882s][info][gc] GC(505) Concurrent Sweep
[2502.887s][info][gc] GC(505) Concurrent Sweep 5.011ms
[2502.887s][info][gc] GC(505) Concurrent Reset
[2502.887s][info][gc] GC(505) Concurrent Reset 0.022ms
[2504.890s][info][gc] GC(506) Pause Initial Mark 27M->27M(29M) 1.127ms
[2504.890s][info][gc] GC(506) Concurrent Mark
[2504.902s][info][gc] GC(506) Concurrent Mark 11.969ms
[2504.902s][info][gc] GC(506) Concurrent Preclean
[2504.902s][info][gc] GC(506) Concurrent Preclean 0.140ms
[2504.902s][info][gc] GC(506) Concurrent Abortable Preclean
[2504.902s][info][gc] GC(506) Concurrent Abortable Preclean 0.015ms
[2504.907s][info][gc] GC(506) Pause Remark 27M->27M(29M) 5.525ms
[2504.908s][info][gc] GC(506) Concurrent Sweep
[2504.911s][info][gc] GC(506) Concurrent Sweep 3.273ms
[2504.911s][info][gc] GC(506) Concurrent Reset
[2504.911s][info][gc] GC(506) Concurrent Reset 0.020ms
[2506.914s][info][gc] GC(507) Pause Initial Mark 27M->27M(29M) 1.198ms
[2506.914s][info][gc] GC(507) Concurrent Mark
[2506.927s][info][gc] GC(507) Concurrent Mark 12.788ms
[2506.927s][info][gc] GC(507) Concurrent Preclean
[2506.927s][info][gc] GC(507) Concurrent Preclean 0.122ms
[2506.927s][info][gc] GC(507) Concurrent Abortable Preclean
[2506.927s][info][gc] GC(507) Concurrent Abortable Preclean 0.014ms
[2506.933s][info][gc] GC(507) Pause Remark 27M->27M(29M) 5.437ms
[2506.933s][info][gc] GC(507) Concurrent Sweep
[2506.936s][info][gc] GC(507) Concurrent Sweep 3.261ms
[2506.936s][info][gc] GC(507) Concurrent Reset
[2506.936s][info][gc] GC(507) Concurrent Reset 0.020ms
[2508.942s][info][gc] GC(508) Pause Initial Mark 27M->27M(29M) 1.130ms
[2508.942s][info][gc] GC(508) Concurrent Mark
[2508.955s][info][gc] GC(508) Concurrent Mark 13.329ms
[2508.955s][info][gc] GC(508) Concurrent Preclean
[2508.956s][info][gc] GC(508) Concurrent Preclean 0.194ms
[2508.956s][info][gc] GC(508) Concurrent Abortable Preclean
[2508.956s][info][gc] GC(508) Concurrent Abortable Preclean 0.022ms
[2508.962s][info][gc] GC(508) Pause Remark 27M->27M(29M) 6.375ms
[2508.962s][info][gc] GC(508) Concurrent Sweep
[2508.966s][info][gc] GC(508) Concurrent Sweep 3.245ms
[2508.966s][info][gc] GC(508) Concurrent Reset
[2508.966s][info][gc] GC(508) Concurrent Reset 0.020ms
[2510.969s][info][gc] GC(509) Pause Initial Mark 27M->27M(29M) 1.116ms
[2510.969s][info][gc] GC(509) Concurrent Mark
[2510.981s][info][gc] GC(509) Concurrent Mark 12.018ms
[2510.981s][info][gc] GC(509) Concurrent Preclean
[2510.982s][info][gc] GC(509) Concurrent Preclean 0.134ms
[2510.982s][info][gc] GC(509) Concurrent Abortable Preclean
[2510.982s][info][gc] GC(509) Concurrent Abortable Preclean 0.015ms
[2510.987s][info][gc] GC(509) Pause Remark 27M->27M(29M) 5.749ms
[2510.988s][info][gc] GC(509) Concurrent Sweep
[2510.991s][info][gc] GC(509) Concurrent Sweep 3.236ms
[2510.991s][info][gc] GC(509) Concurrent Reset
[2510.991s][info][gc] GC(509) Concurrent Reset 0.019ms
[2512.997s][info][gc] GC(510) Pause Initial Mark 27M->27M(29M) 1.152ms
[2512.997s][info][gc] GC(510) Concurrent Mark
[2513.009s][info][gc] GC(510) Concurrent Mark 11.997ms
[2513.009s][info][gc] GC(510) Concurrent Preclean
[2513.009s][info][gc] GC(510) Concurrent Preclean 0.121ms
[2513.009s][info][gc] GC(510) Concurrent Abortable Preclean
[2513.009s][info][gc] GC(510) Concurrent Abortable Preclean 0.014ms
[2513.015s][info][gc] GC(510) Pause Remark 27M->27M(29M) 5.439ms
[2513.015s][info][gc] GC(510) Concurrent Sweep
[2513.018s][info][gc] GC(510) Concurrent Sweep 3.255ms
[2513.018s][info][gc] GC(510) Concurrent Reset
[2513.018s][info][gc] GC(510) Concurrent Reset 0.020ms
[2515.021s][info][gc] GC(511) Pause Initial Mark 27M->27M(29M) 1.161ms
[2515.021s][info][gc] GC(511) Concurrent Mark
[2515.033s][info][gc] GC(511) Concurrent Mark 11.918ms
[2515.033s][info][gc] GC(511) Concurrent Preclean
[2515.033s][info][gc] GC(511) Concurrent Preclean 0.141ms
[2515.033s][info][gc] GC(511) Concurrent Abortable Preclean
[2515.033s][info][gc] GC(511) Concurrent Abortable Preclean 0.015ms
[2515.039s][info][gc] GC(511) Pause Remark 27M->27M(29M) 5.640ms
[2515.039s][info][gc] GC(511) Concurrent Sweep
[2515.042s][info][gc] GC(511) Concurrent Sweep 3.270ms
[2515.042s][info][gc] GC(511) Concurrent Reset
[2515.042s][info][gc] GC(511) Concurrent Reset 0.020ms
[2517.046s][info][gc] GC(512) Pause Initial Mark 27M->27M(29M) 1.724ms
[2517.046s][info][gc] GC(512) Concurrent Mark
[2517.064s][info][gc] GC(512) Concurrent Mark 17.395ms
[2517.064s][info][gc] GC(512) Concurrent Preclean
[2517.064s][info][gc] GC(512) Concurrent Preclean 0.166ms
[2517.064s][info][gc] GC(512) Concurrent Abortable Preclean
[2517.064s][info][gc] GC(512) Concurrent Abortable Preclean 0.012ms
[2517.069s][info][gc] GC(512) Pause Remark 27M->27M(29M) 5.284ms
[2517.069s][info][gc] GC(512) Concurrent Sweep
[2517.073s][info][gc] GC(512) Concurrent Sweep 3.292ms
[2517.073s][info][gc] GC(512) Concurrent Reset
[2517.073s][info][gc] GC(512) Concurrent Reset 0.020ms
[2519.075s][info][gc] GC(513) Pause Initial Mark 27M->27M(29M) 1.057ms
[2519.076s][info][gc] GC(513) Concurrent Mark
[2519.088s][info][gc] GC(513) Concurrent Mark 12.023ms
[2519.088s][info][gc] GC(513) Concurrent Preclean
[2519.088s][info][gc] GC(513) Concurrent Preclean 0.134ms
[2519.088s][info][gc] GC(513) Concurrent Abortable Preclean
[2519.088s][info][gc] GC(513) Concurrent Abortable Preclean 0.014ms
[2519.094s][info][gc] GC(513) Pause Remark 27M->27M(29M) 5.599ms
[2519.094s][info][gc] GC(513) Concurrent Sweep
[2519.097s][info][gc] GC(513) Concurrent Sweep 3.242ms
[2519.097s][info][gc] GC(513) Concurrent Reset
[2519.097s][info][gc] GC(513) Concurrent Reset 0.020ms
[2521.097s][info][gc] GC(514) Pause Initial Mark 27M->27M(29M) 0.665ms
[2521.097s][info][gc] GC(514) Concurrent Mark
[2521.108s][info][gc] GC(514) Concurrent Mark 10.401ms
[2521.108s][info][gc] GC(514) Concurrent Preclean
[2521.108s][info][gc] GC(514) Concurrent Preclean 0.114ms
[2521.108s][info][gc] GC(514) Concurrent Abortable Preclean
[2521.108s][info][gc] GC(514) Concurrent Abortable Preclean 0.012ms
[2521.113s][info][gc] GC(514) Pause Remark 27M->27M(29M) 5.254ms
[2521.113s][info][gc] GC(514) Concurrent Sweep
[2521.117s][info][gc] GC(514) Concurrent Sweep 3.237ms
[2521.117s][info][gc] GC(514) Concurrent Reset
[2521.117s][info][gc] GC(514) Concurrent Reset 0.042ms
[2523.118s][info][gc] GC(515) Pause Initial Mark 27M->27M(29M) 0.795ms
[2523.118s][info][gc] GC(515) Concurrent Mark
[2523.130s][info][gc] GC(515) Concurrent Mark 11.938ms
[2523.130s][info][gc] GC(515) Concurrent Preclean
[2523.130s][info][gc] GC(515) Concurrent Preclean 0.199ms
[2523.130s][info][gc] GC(515) Concurrent Abortable Preclean
[2523.130s][info][gc] GC(515) Concurrent Abortable Preclean 0.027ms
[2523.136s][info][gc] GC(515) Pause Remark 27M->27M(29M) 5.530ms
[2523.136s][info][gc] GC(515) Concurrent Sweep
[2523.139s][info][gc] GC(515) Concurrent Sweep 3.028ms
[2523.139s][info][gc] GC(515) Concurrent Reset
[2523.139s][info][gc] GC(515) Concurrent Reset 0.018ms
[2525.139s][info][gc] GC(516) Pause Initial Mark 27M->27M(29M) 0.630ms
[2525.139s][info][gc] GC(516) Concurrent Mark
[2525.150s][info][gc] GC(516) Concurrent Mark 10.904ms
[2525.150s][info][gc] GC(516) Concurrent Preclean
[2525.150s][info][gc] GC(516) Concurrent Preclean 0.153ms
[2525.150s][info][gc] GC(516) Concurrent Abortable Preclean
[2525.150s][info][gc] GC(516) Concurrent Abortable Preclean 0.023ms
[2525.156s][info][gc] GC(516) Pause Remark 27M->27M(29M) 6.068ms
[2525.157s][info][gc] GC(516) Concurrent Sweep
[2525.160s][info][gc] GC(516) Concurrent Sweep 3.509ms
[2525.160s][info][gc] GC(516) Concurrent Reset
[2525.160s][info][gc] GC(516) Concurrent Reset 0.026ms
[2527.163s][info][gc] GC(517) Pause Initial Mark 27M->27M(29M) 1.190ms
[2527.164s][info][gc] GC(517) Concurrent Mark
[2527.175s][info][gc] GC(517) Concurrent Mark 11.966ms
[2527.176s][info][gc] GC(517) Concurrent Preclean
[2527.176s][info][gc] GC(517) Concurrent Preclean 0.121ms
[2527.176s][info][gc] GC(517) Concurrent Abortable Preclean
[2527.176s][info][gc] GC(517) Concurrent Abortable Preclean 0.014ms
[2527.182s][info][gc] GC(517) Pause Remark 27M->27M(29M) 5.755ms
[2527.182s][info][gc] GC(517) Concurrent Sweep
[2527.185s][info][gc] GC(517) Concurrent Sweep 3.231ms
[2527.185s][info][gc] GC(517) Concurrent Reset
[2527.185s][info][gc] GC(517) Concurrent Reset 0.019ms
[2529.187s][info][gc] GC(518) Pause Initial Mark 27M->27M(29M) 1.114ms
[2529.187s][info][gc] GC(518) Concurrent Mark
[2529.199s][info][gc] GC(518) Concurrent Mark 12.092ms
[2529.199s][info][gc] GC(518) Concurrent Preclean
[2529.199s][info][gc] GC(518) Concurrent Preclean 0.121ms
[2529.199s][info][gc] GC(518) Concurrent Abortable Preclean
[2529.199s][info][gc] GC(518) Concurrent Abortable Preclean 0.014ms
[2529.205s][info][gc] GC(518) Pause Remark 27M->27M(29M) 5.417ms
[2529.205s][info][gc] GC(518) Concurrent Sweep
[2529.208s][info][gc] GC(518) Concurrent Sweep 3.072ms
[2529.208s][info][gc] GC(518) Concurrent Reset
[2529.208s][info][gc] GC(518) Concurrent Reset 0.018ms
[2531.212s][info][gc] GC(519) Pause Initial Mark 27M->27M(29M) 1.117ms
[2531.212s][info][gc] GC(519) Concurrent Mark
[2531.225s][info][gc] GC(519) Concurrent Mark 12.195ms
[2531.225s][info][gc] GC(519) Concurrent Preclean
[2531.225s][info][gc] GC(519) Concurrent Preclean 0.149ms
[2531.225s][info][gc] GC(519) Concurrent Abortable Preclean
[2531.225s][info][gc] GC(519) Concurrent Abortable Preclean 0.016ms
[2531.230s][info][gc] GC(519) Pause Remark 27M->27M(29M) 5.518ms
[2531.230s][info][gc] GC(519) Concurrent Sweep
[2531.234s][info][gc] GC(519) Concurrent Sweep 3.285ms
[2531.234s][info][gc] GC(519) Concurrent Reset
[2531.234s][info][gc] GC(519) Concurrent Reset 0.020ms
[2533.236s][info][gc] GC(520) Pause Initial Mark 27M->27M(29M) 1.370ms
[2533.236s][info][gc] GC(520) Concurrent Mark
[2533.248s][info][gc] GC(520) Concurrent Mark 12.199ms
[2533.248s][info][gc] GC(520) Concurrent Preclean
[2533.249s][info][gc] GC(520) Concurrent Preclean 0.140ms
[2533.249s][info][gc] GC(520) Concurrent Abortable Preclean
[2533.249s][info][gc] GC(520) Concurrent Abortable Preclean 0.017ms
[2533.257s][info][gc] GC(520) Pause Remark 27M->27M(29M) 8.024ms
[2533.257s][info][gc] GC(520) Concurrent Sweep
[2533.260s][info][gc] GC(520) Concurrent Sweep 3.181ms
[2533.260s][info][gc] GC(520) Concurrent Reset
[2533.260s][info][gc] GC(520) Concurrent Reset 0.029ms
[2535.262s][info][gc] GC(521) Pause Initial Mark 27M->27M(29M) 0.560ms
[2535.262s][info][gc] GC(521) Concurrent Mark
[2535.276s][info][gc] GC(521) Concurrent Mark 13.547ms
[2535.276s][info][gc] GC(521) Concurrent Preclean
[2535.276s][info][gc] GC(521) Concurrent Preclean 0.147ms
[2535.276s][info][gc] GC(521) Concurrent Abortable Preclean
[2535.276s][info][gc] GC(521) Concurrent Abortable Preclean 0.018ms
[2535.284s][info][gc] GC(521) Pause Remark 27M->27M(29M) 8.142ms
[2535.284s][info][gc] GC(521) Concurrent Sweep
[2535.288s][info][gc] GC(521) Concurrent Sweep 3.949ms
[2535.288s][info][gc] GC(521) Concurrent Reset
[2535.288s][info][gc] GC(521) Concurrent Reset 0.032ms
[2537.289s][info][gc] GC(522) Pause Initial Mark 27M->27M(29M) 0.548ms
[2537.289s][info][gc] GC(522) Concurrent Mark
[2537.303s][info][gc] GC(522) Concurrent Mark 13.615ms
[2537.303s][info][gc] GC(522) Concurrent Preclean
[2537.303s][info][gc] GC(522) Concurrent Preclean 0.110ms
[2537.303s][info][gc] GC(522) Concurrent Abortable Preclean
[2537.303s][info][gc] GC(522) Concurrent Abortable Preclean 0.012ms
[2537.312s][info][gc] GC(522) Pause Remark 27M->27M(29M) 9.018ms
[2537.312s][info][gc] GC(522) Concurrent Sweep
[2537.316s][info][gc] GC(522) Concurrent Sweep 4.055ms
[2537.316s][info][gc] GC(522) Concurrent Reset
[2537.316s][info][gc] GC(522) Concurrent Reset 0.030ms
[2537.382s][info][gc] GC(524) Pause Full (Allocation Failure) 27M->27M(29M) 26.989ms
[2537.382s][info][gc] GC(523) Pause Young (Allocation Failure) 27M->27M(29M) 27.083ms
[2537.410s][info][gc] GC(525) Pause Full (Allocation Failure) 27M->27M(29M) 28.129ms
[2537.411s][info][gc] GC(526) Pause Initial Mark 27M->27M(29M) 0.453ms
[2537.411s][info][gc] GC(526) Concurrent Mark
[2537.422s][info][gc] GC(526) Concurrent Mark 10.940ms
[2537.422s][info][gc] GC(526) Concurrent Preclean
[2537.433s][info][gc] GC(526) Concurrent Preclean 10.891ms
[2537.433s][info][gc] GC(526) Concurrent Abortable Preclean
[2537.433s][info][gc] GC(526) Concurrent Abortable Preclean 0.029ms
[2537.441s][info][gc] GC(526) Pause Remark 27M->27M(29M) 8.227ms
[2537.441s][info][gc] GC(526) Concurrent Sweep
[2537.445s][info][gc] GC(526) Concurrent Sweep 4.167ms
[2537.446s][info][gc] GC(526) Concurrent Reset
[2537.446s][info][gc] GC(526) Concurrent Reset 0.030ms
[2539.449s][info][gc] GC(527) Pause Initial Mark 27M->27M(29M) 0.983ms
[2539.449s][info][gc] GC(527) Concurrent Mark
[2539.461s][info][gc] GC(527) Concurrent Mark 12.038ms
[2539.462s][info][gc] GC(527) Concurrent Preclean
[2539.462s][info][gc] GC(527) Concurrent Preclean 0.135ms
[2539.462s][info][gc] GC(527) Concurrent Abortable Preclean
[2539.462s][info][gc] GC(527) Concurrent Abortable Preclean 0.015ms
[2539.467s][info][gc] GC(527) Pause Remark 27M->27M(29M) 5.460ms
[2539.467s][info][gc] GC(527) Concurrent Sweep
[2539.471s][info][gc] GC(527) Concurrent Sweep 3.239ms
[2539.471s][info][gc] GC(527) Concurrent Reset
[2539.471s][info][gc] GC(527) Concurrent Reset 0.020ms
[2541.473s][info][gc] GC(528) Pause Initial Mark 27M->27M(29M) 1.029ms
[2541.473s][info][gc] GC(528) Concurrent Mark
[2541.486s][info][gc] GC(528) Concurrent Mark 12.290ms
[2541.486s][info][gc] GC(528) Concurrent Preclean
[2541.486s][info][gc] GC(528) Concurrent Preclean 0.146ms
[2541.486s][info][gc] GC(528) Concurrent Abortable Preclean
[2541.486s][info][gc] GC(528) Concurrent Abortable Preclean 0.015ms
[2541.492s][info][gc] GC(528) Pause Remark 27M->27M(29M) 5.703ms
[2541.492s][info][gc] GC(528) Concurrent Sweep
[2541.495s][info][gc] GC(528) Concurrent Sweep 3.305ms
[2541.495s][info][gc] GC(528) Concurrent Reset
[2541.495s][info][gc] GC(528) Concurrent Reset 0.020ms
[2543.496s][info][gc] GC(529) Pause Initial Mark 27M->27M(29M) 1.038ms
[2543.496s][info][gc] GC(529) Concurrent Mark
[2543.508s][info][gc] GC(529) Concurrent Mark 12.015ms
[2543.508s][info][gc] GC(529) Concurrent Preclean
[2543.508s][info][gc] GC(529) Concurrent Preclean 0.136ms
[2543.508s][info][gc] GC(529) Concurrent Abortable Preclean
[2543.508s][info][gc] GC(529) Concurrent Abortable Preclean 0.015ms
[2543.514s][info][gc] GC(529) Pause Remark 27M->27M(29M) 5.697ms
[2543.514s][info][gc] GC(529) Concurrent Sweep
[2543.517s][info][gc] GC(529) Concurrent Sweep 3.245ms
[2543.518s][info][gc] GC(529) Concurrent Reset
[2543.518s][info][gc] GC(529) Concurrent Reset 0.020ms
[2545.519s][info][gc] GC(530) Pause Initial Mark 27M->27M(29M) 1.123ms
[2545.519s][info][gc] GC(530) Concurrent Mark
[2545.531s][info][gc] GC(530) Concurrent Mark 12.067ms
[2545.531s][info][gc] GC(530) Concurrent Preclean
[2545.531s][info][gc] GC(530) Concurrent Preclean 0.124ms
[2545.532s][info][gc] GC(530) Concurrent Abortable Preclean
[2545.532s][info][gc] GC(530) Concurrent Abortable Preclean 0.017ms
[2545.538s][info][gc] GC(530) Pause Remark 27M->27M(29M) 6.097ms
[2545.538s][info][gc] GC(530) Concurrent Sweep
[2545.541s][info][gc] GC(530) Concurrent Sweep 3.355ms
[2545.541s][info][gc] GC(530) Concurrent Reset
[2545.541s][info][gc] GC(530) Concurrent Reset 0.020ms
[2547.545s][info][gc] GC(531) Pause Initial Mark 27M->27M(29M) 1.767ms
[2547.545s][info][gc] GC(531) Concurrent Mark
[2547.557s][info][gc] GC(531) Concurrent Mark 12.418ms
[2547.558s][info][gc] GC(531) Concurrent Preclean
[2547.558s][info][gc] GC(531) Concurrent Preclean 0.119ms
[2547.558s][info][gc] GC(531) Concurrent Abortable Preclean
[2547.558s][info][gc] GC(531) Concurrent Abortable Preclean 0.014ms
[2547.563s][info][gc] GC(531) Pause Remark 27M->27M(29M) 5.500ms
[2547.563s][info][gc] GC(531) Concurrent Sweep
[2547.567s][info][gc] GC(531) Concurrent Sweep 3.903ms
[2547.567s][info][gc] GC(531) Concurrent Reset
[2547.567s][info][gc] GC(531) Concurrent Reset 0.021ms
[2549.570s][info][gc] GC(532) Pause Initial Mark 27M->27M(29M) 0.994ms
[2549.570s][info][gc] GC(532) Concurrent Mark
[2549.582s][info][gc] GC(532) Concurrent Mark 12.004ms
[2549.583s][info][gc] GC(532) Concurrent Preclean
[2549.583s][info][gc] GC(532) Concurrent Preclean 0.119ms
[2549.583s][info][gc] GC(532) Concurrent Abortable Preclean
[2549.583s][info][gc] GC(532) Concurrent Abortable Preclean 0.013ms
[2549.588s][info][gc] GC(532) Pause Remark 27M->27M(29M) 5.707ms
[2549.589s][info][gc] GC(532) Concurrent Sweep
[2549.592s][info][gc] GC(532) Concurrent Sweep 3.252ms
[2549.592s][info][gc] GC(532) Concurrent Reset
[2549.592s][info][gc] GC(532) Concurrent Reset 0.020ms
[2551.597s][info][gc] GC(533) Pause Initial Mark 27M->27M(29M) 2.393ms
[2551.598s][info][gc] GC(533) Concurrent Mark
[2551.625s][info][gc] GC(533) Concurrent Mark 27.449ms
[2551.625s][info][gc] GC(533) Concurrent Preclean
[2551.625s][info][gc] GC(533) Concurrent Preclean 0.130ms
[2551.625s][info][gc] GC(533) Concurrent Abortable Preclean
[2551.625s][info][gc] GC(533) Concurrent Abortable Preclean 0.013ms
[2551.633s][info][gc] GC(533) Pause Remark 27M->27M(29M) 7.460ms
[2551.633s][info][gc] GC(533) Concurrent Sweep
[2551.637s][info][gc] GC(533) Concurrent Sweep 3.652ms
[2551.637s][info][gc] GC(533) Concurrent Reset
[2551.637s][info][gc] GC(533) Concurrent Reset 0.025ms
[2553.642s][info][gc] GC(534) Pause Initial Mark 27M->27M(29M) 2.240ms
[2553.642s][info][gc] GC(534) Concurrent Mark
[2553.655s][info][gc] GC(534) Concurrent Mark 12.332ms
[2553.655s][info][gc] GC(534) Concurrent Preclean
[2553.655s][info][gc] GC(534) Concurrent Preclean 0.129ms
[2553.655s][info][gc] GC(534) Concurrent Abortable Preclean
[2553.655s][info][gc] GC(534) Concurrent Abortable Preclean 0.013ms
[2553.661s][info][gc] GC(534) Pause Remark 27M->27M(29M) 5.697ms
[2553.661s][info][gc] GC(534) Concurrent Sweep
[2553.665s][info][gc] GC(534) Concurrent Sweep 3.638ms
[2553.665s][info][gc] GC(534) Concurrent Reset
[2553.665s][info][gc] GC(534) Concurrent Reset 0.022ms
[2555.668s][info][gc] GC(535) Pause Initial Mark 27M->27M(29M) 0.808ms
[2555.668s][info][gc] GC(535) Concurrent Mark
[2555.680s][info][gc] GC(535) Concurrent Mark 11.964ms
[2555.680s][info][gc] GC(535) Concurrent Preclean
[2555.680s][info][gc] GC(535) Concurrent Preclean 0.121ms
[2555.680s][info][gc] GC(535) Concurrent Abortable Preclean
[2555.680s][info][gc] GC(535) Concurrent Abortable Preclean 0.014ms
[2555.686s][info][gc] GC(535) Pause Remark 27M->27M(29M) 5.639ms
[2555.686s][info][gc] GC(535) Concurrent Sweep
[2555.690s][info][gc] GC(535) Concurrent Sweep 3.791ms
[2555.690s][info][gc] GC(535) Concurrent Reset
[2555.690s][info][gc] GC(535) Concurrent Reset 0.023ms
[2557.691s][info][gc] GC(536) Pause Initial Mark 27M->27M(29M) 1.005ms
[2557.691s][info][gc] GC(536) Concurrent Mark
[2557.703s][info][gc] GC(536) Concurrent Mark 11.983ms
[2557.703s][info][gc] GC(536) Concurrent Preclean
[2557.704s][info][gc] GC(536) Concurrent Preclean 0.143ms
[2557.704s][info][gc] GC(536) Concurrent Abortable Preclean
[2557.704s][info][gc] GC(536) Concurrent Abortable Preclean 0.015ms
[2557.709s][info][gc] GC(536) Pause Remark 27M->27M(29M) 5.494ms
[2557.709s][info][gc] GC(536) Concurrent Sweep
[2557.713s][info][gc] GC(536) Concurrent Sweep 3.552ms
[2557.713s][info][gc] GC(536) Concurrent Reset
[2557.713s][info][gc] GC(536) Concurrent Reset 0.028ms
[2559.718s][info][gc] GC(537) Pause Initial Mark 27M->27M(29M) 2.006ms
[2559.718s][info][gc] GC(537) Concurrent Mark
[2559.729s][info][gc] GC(537) Concurrent Mark 11.819ms
[2559.730s][info][gc] GC(537) Concurrent Preclean
[2559.730s][info][gc] GC(537) Concurrent Preclean 0.120ms
[2559.730s][info][gc] GC(537) Concurrent Abortable Preclean
[2559.730s][info][gc] GC(537) Concurrent Abortable Preclean 0.011ms
[2559.736s][info][gc] GC(537) Pause Remark 27M->27M(29M) 5.750ms
[2559.736s][info][gc] GC(537) Concurrent Sweep
[2559.739s][info][gc] GC(537) Concurrent Sweep 3.286ms
[2559.739s][info][gc] GC(537) Concurrent Reset
[2559.739s][info][gc] GC(537) Concurrent Reset 0.018ms
[2561.742s][info][gc] GC(538) Pause Initial Mark 27M->27M(29M) 1.009ms
[2561.742s][info][gc] GC(538) Concurrent Mark
[2561.754s][info][gc] GC(538) Concurrent Mark 12.097ms
[2561.754s][info][gc] GC(538) Concurrent Preclean
[2561.754s][info][gc] GC(538) Concurrent Preclean 0.138ms
[2561.754s][info][gc] GC(538) Concurrent Abortable Preclean
[2561.754s][info][gc] GC(538) Concurrent Abortable Preclean 0.012ms
[2561.760s][info][gc] GC(538) Pause Remark 27M->27M(29M) 5.577ms
[2561.760s][info][gc] GC(538) Concurrent Sweep
[2561.763s][info][gc] GC(538) Concurrent Sweep 3.243ms
[2561.763s][info][gc] GC(538) Concurrent Reset
[2561.763s][info][gc] GC(538) Concurrent Reset 0.017ms
[2563.766s][info][gc] GC(539) Pause Initial Mark 27M->27M(29M) 0.953ms
[2563.766s][info][gc] GC(539) Concurrent Mark
[2563.778s][info][gc] GC(539) Concurrent Mark 11.961ms
[2563.778s][info][gc] GC(539) Concurrent Preclean
[2563.779s][info][gc] GC(539) Concurrent Preclean 0.125ms
[2563.779s][info][gc] GC(539) Concurrent Abortable Preclean
[2563.779s][info][gc] GC(539) Concurrent Abortable Preclean 0.010ms
[2563.784s][info][gc] GC(539) Pause Remark 27M->27M(29M) 5.402ms
[2563.784s][info][gc] GC(539) Concurrent Sweep
[2563.787s][info][gc] GC(539) Concurrent Sweep 3.002ms
[2563.787s][info][gc] GC(539) Concurrent Reset
[2563.787s][info][gc] GC(539) Concurrent Reset 0.016ms
[2565.792s][info][gc] GC(540) Pause Initial Mark 27M->27M(29M) 1.164ms
[2565.792s][info][gc] GC(540) Concurrent Mark
[2565.804s][info][gc] GC(540) Concurrent Mark 11.721ms
[2565.804s][info][gc] GC(540) Concurrent Preclean
[2565.804s][info][gc] GC(540) Concurrent Preclean 0.124ms
[2565.804s][info][gc] GC(540) Concurrent Abortable Preclean
[2565.804s][info][gc] GC(540) Concurrent Abortable Preclean 0.011ms
[2565.810s][info][gc] GC(540) Pause Remark 27M->27M(29M) 5.695ms
[2565.810s][info][gc] GC(540) Concurrent Sweep
[2565.814s][info][gc] GC(540) Concurrent Sweep 3.436ms
[2565.814s][info][gc] GC(540) Concurrent Reset
[2565.814s][info][gc] GC(540) Concurrent Reset 0.016ms
[2567.818s][info][gc] GC(541) Pause Initial Mark 27M->27M(29M) 1.047ms
[2567.818s][info][gc] GC(541) Concurrent Mark
[2567.830s][info][gc] GC(541) Concurrent Mark 12.001ms
[2567.831s][info][gc] GC(541) Concurrent Preclean
[2567.831s][info][gc] GC(541) Concurrent Preclean 0.133ms
[2567.831s][info][gc] GC(541) Concurrent Abortable Preclean
[2567.831s][info][gc] GC(541) Concurrent Abortable Preclean 0.012ms
[2567.836s][info][gc] GC(541) Pause Remark 27M->27M(29M) 5.668ms
[2567.837s][info][gc] GC(541) Concurrent Sweep
[2567.840s][info][gc] GC(541) Concurrent Sweep 3.825ms
[2567.840s][info][gc] GC(541) Concurrent Reset
[2567.840s][info][gc] GC(541) Concurrent Reset 0.019ms
[2569.841s][info][gc] GC(542) Pause Initial Mark 27M->27M(29M) 1.116ms
[2569.841s][info][gc] GC(542) Concurrent Mark
[2569.853s][info][gc] GC(542) Concurrent Mark 11.772ms
[2569.853s][info][gc] GC(542) Concurrent Preclean
[2569.853s][info][gc] GC(542) Concurrent Preclean 0.121ms
[2569.853s][info][gc] GC(542) Concurrent Abortable Preclean
[2569.853s][info][gc] GC(542) Concurrent Abortable Preclean 0.011ms
[2569.859s][info][gc] GC(542) Pause Remark 27M->27M(29M) 5.483ms
[2569.859s][info][gc] GC(542) Concurrent Sweep
[2569.863s][info][gc] GC(542) Concurrent Sweep 3.930ms
[2569.863s][info][gc] GC(542) Concurrent Reset
[2569.863s][info][gc] GC(542) Concurrent Reset 0.020ms
[2571.866s][info][gc] GC(543) Pause Initial Mark 27M->27M(29M) 2.114ms
[2571.866s][info][gc] GC(543) Concurrent Mark
[2571.879s][info][gc] GC(543) Concurrent Mark 12.828ms
[2571.879s][info][gc] GC(543) Concurrent Preclean
[2571.879s][info][gc] GC(543) Concurrent Preclean 0.126ms
[2571.879s][info][gc] GC(543) Concurrent Abortable Preclean
[2571.879s][info][gc] GC(543) Concurrent Abortable Preclean 0.013ms
[2571.885s][info][gc] GC(543) Pause Remark 27M->27M(29M) 5.497ms
[2571.885s][info][gc] GC(543) Concurrent Sweep
[2571.889s][info][gc] GC(543) Concurrent Sweep 3.949ms
[2571.889s][info][gc] GC(543) Concurrent Reset
[2571.889s][info][gc] GC(543) Concurrent Reset 0.023ms
[2573.891s][info][gc] GC(544) Pause Initial Mark 27M->27M(29M) 2.089ms
[2573.892s][info][gc] GC(544) Concurrent Mark
[2573.904s][info][gc] GC(544) Concurrent Mark 12.356ms
[2573.904s][info][gc] GC(544) Concurrent Preclean
[2573.904s][info][gc] GC(544) Concurrent Preclean 0.128ms
[2573.904s][info][gc] GC(544) Concurrent Abortable Preclean
[2573.904s][info][gc] GC(544) Concurrent Abortable Preclean 0.014ms
[2573.910s][info][gc] GC(544) Pause Remark 27M->27M(29M) 5.549ms
[2573.910s][info][gc] GC(544) Concurrent Sweep
[2573.914s][info][gc] GC(544) Concurrent Sweep 4.099ms
[2573.914s][info][gc] GC(544) Concurrent Reset
[2573.914s][info][gc] GC(544) Concurrent Reset 0.066ms
[2575.916s][info][gc] GC(545) Pause Initial Mark 27M->27M(29M) 1.144ms
[2575.916s][info][gc] GC(545) Concurrent Mark
[2575.928s][info][gc] GC(545) Concurrent Mark 11.961ms
[2575.928s][info][gc] GC(545) Concurrent Preclean
[2575.928s][info][gc] GC(545) Concurrent Preclean 0.135ms
[2575.928s][info][gc] GC(545) Concurrent Abortable Preclean
[2575.928s][info][gc] GC(545) Concurrent Abortable Preclean 0.015ms
[2575.934s][info][gc] GC(545) Pause Remark 27M->27M(29M) 5.722ms
[2575.934s][info][gc] GC(545) Concurrent Sweep
[2575.937s][info][gc] GC(545) Concurrent Sweep 3.249ms
[2575.937s][info][gc] GC(545) Concurrent Reset
[2575.937s][info][gc] GC(545) Concurrent Reset 0.020ms
[2577.940s][info][gc] GC(546) Pause Initial Mark 27M->27M(29M) 1.675ms
[2577.940s][info][gc] GC(546) Concurrent Mark
[2577.953s][info][gc] GC(546) Concurrent Mark 12.387ms
[2577.953s][info][gc] GC(546) Concurrent Preclean
[2577.953s][info][gc] GC(546) Concurrent Preclean 0.123ms
[2577.953s][info][gc] GC(546) Concurrent Abortable Preclean
[2577.953s][info][gc] GC(546) Concurrent Abortable Preclean 0.014ms
[2577.958s][info][gc] GC(546) Pause Remark 27M->27M(29M) 5.466ms
[2577.958s][info][gc] GC(546) Concurrent Sweep
[2577.962s][info][gc] GC(546) Concurrent Sweep 3.495ms
[2577.962s][info][gc] GC(546) Concurrent Reset
[2577.962s][info][gc] GC(546) Concurrent Reset 0.022ms
[2579.963s][info][gc] GC(547) Pause Initial Mark 27M->27M(29M) 1.085ms
[2579.964s][info][gc] GC(547) Concurrent Mark
[2579.976s][info][gc] GC(547) Concurrent Mark 12.121ms
[2579.976s][info][gc] GC(547) Concurrent Preclean
[2579.976s][info][gc] GC(547) Concurrent Preclean 0.117ms
[2579.976s][info][gc] GC(547) Concurrent Abortable Preclean
[2579.976s][info][gc] GC(547) Concurrent Abortable Preclean 0.013ms
[2579.982s][info][gc] GC(547) Pause Remark 27M->27M(29M) 5.492ms
[2579.982s][info][gc] GC(547) Concurrent Sweep
[2579.985s][info][gc] GC(547) Concurrent Sweep 3.297ms
[2579.985s][info][gc] GC(547) Concurrent Reset
[2579.985s][info][gc] GC(547) Concurrent Reset 0.020ms
[2581.987s][info][gc] GC(548) Pause Initial Mark 27M->27M(29M) 1.134ms
[2581.988s][info][gc] GC(548) Concurrent Mark
[2582.000s][info][gc] GC(548) Concurrent Mark 12.016ms
[2582.000s][info][gc] GC(548) Concurrent Preclean
[2582.000s][info][gc] GC(548) Concurrent Preclean 0.135ms
[2582.000s][info][gc] GC(548) Concurrent Abortable Preclean
[2582.000s][info][gc] GC(548) Concurrent Abortable Preclean 0.015ms
[2582.005s][info][gc] GC(548) Pause Remark 27M->27M(29M) 5.541ms
[2582.006s][info][gc] GC(548) Concurrent Sweep
[2582.009s][info][gc] GC(548) Concurrent Sweep 3.013ms
[2582.009s][info][gc] GC(548) Concurrent Reset
[2582.009s][info][gc] GC(548) Concurrent Reset 0.018ms
[2584.014s][info][gc] GC(549) Pause Initial Mark 27M->27M(29M) 1.106ms
[2584.014s][info][gc] GC(549) Concurrent Mark
[2584.026s][info][gc] GC(549) Concurrent Mark 11.913ms
[2584.026s][info][gc] GC(549) Concurrent Preclean
[2584.026s][info][gc] GC(549) Concurrent Preclean 0.141ms
[2584.026s][info][gc] GC(549) Concurrent Abortable Preclean
[2584.026s][info][gc] GC(549) Concurrent Abortable Preclean 0.014ms
[2584.032s][info][gc] GC(549) Pause Remark 27M->27M(29M) 5.807ms
[2584.032s][info][gc] GC(549) Concurrent Sweep
[2584.036s][info][gc] GC(549) Concurrent Sweep 3.275ms
[2584.036s][info][gc] GC(549) Concurrent Reset
[2584.036s][info][gc] GC(549) Concurrent Reset 0.020ms
[2586.040s][info][gc] GC(550) Pause Initial Mark 27M->27M(29M) 1.120ms
[2586.040s][info][gc] GC(550) Concurrent Mark
[2586.052s][info][gc] GC(550) Concurrent Mark 12.244ms
[2586.052s][info][gc] GC(550) Concurrent Preclean
[2586.053s][info][gc] GC(550) Concurrent Preclean 0.135ms
[2586.053s][info][gc] GC(550) Concurrent Abortable Preclean
[2586.053s][info][gc] GC(550) Concurrent Abortable Preclean 0.015ms
[2586.058s][info][gc] GC(550) Pause Remark 27M->27M(29M) 5.677ms
[2586.058s][info][gc] GC(550) Concurrent Sweep
[2586.062s][info][gc] GC(550) Concurrent Sweep 3.254ms
[2586.062s][info][gc] GC(550) Concurrent Reset
[2586.062s][info][gc] GC(550) Concurrent Reset 0.023ms
[2588.066s][info][gc] GC(551) Pause Initial Mark 27M->27M(29M) 0.834ms
[2588.066s][info][gc] GC(551) Concurrent Mark
[2588.079s][info][gc] GC(551) Concurrent Mark 12.587ms
[2588.079s][info][gc] GC(551) Concurrent Preclean
[2588.079s][info][gc] GC(551) Concurrent Preclean 0.119ms
[2588.079s][info][gc] GC(551) Concurrent Abortable Preclean
[2588.079s][info][gc] GC(551) Concurrent Abortable Preclean 0.018ms
[2588.085s][info][gc] GC(551) Pause Remark 27M->27M(29M) 5.883ms
[2588.085s][info][gc] GC(551) Concurrent Sweep
[2588.089s][info][gc] GC(551) Concurrent Sweep 3.120ms
[2588.089s][info][gc] GC(551) Concurrent Reset
[2588.089s][info][gc] GC(551) Concurrent Reset 0.019ms
[2590.090s][info][gc] GC(552) Pause Initial Mark 27M->27M(29M) 0.534ms
[2590.090s][info][gc] GC(552) Concurrent Mark
[2590.101s][info][gc] GC(552) Concurrent Mark 10.293ms
[2590.101s][info][gc] GC(552) Concurrent Preclean
[2590.101s][info][gc] GC(552) Concurrent Preclean 0.134ms
[2590.101s][info][gc] GC(552) Concurrent Abortable Preclean
[2590.101s][info][gc] GC(552) Concurrent Abortable Preclean 0.014ms
[2590.109s][info][gc] GC(552) Pause Remark 27M->27M(29M) 7.561ms
[2590.109s][info][gc] GC(552) Concurrent Sweep
[2590.112s][info][gc] GC(552) Concurrent Sweep 3.451ms
[2590.112s][info][gc] GC(552) Concurrent Reset
[2590.112s][info][gc] GC(552) Concurrent Reset 0.021ms
[2592.116s][info][gc] GC(553) Pause Initial Mark 27M->27M(29M) 0.998ms
[2592.116s][info][gc] GC(553) Concurrent Mark
[2592.129s][info][gc] GC(553) Concurrent Mark 12.481ms
[2592.129s][info][gc] GC(553) Concurrent Preclean
[2592.129s][info][gc] GC(553) Concurrent Preclean 0.126ms
[2592.129s][info][gc] GC(553) Concurrent Abortable Preclean
[2592.129s][info][gc] GC(553) Concurrent Abortable Preclean 0.014ms
[2592.135s][info][gc] GC(553) Pause Remark 27M->27M(29M) 5.686ms
[2592.135s][info][gc] GC(553) Concurrent Sweep
[2592.138s][info][gc] GC(553) Concurrent Sweep 3.280ms
[2592.138s][info][gc] GC(553) Concurrent Reset
[2592.138s][info][gc] GC(553) Concurrent Reset 0.022ms
[2594.139s][info][gc] GC(554) Pause Initial Mark 27M->27M(29M) 1.075ms
[2594.139s][info][gc] GC(554) Concurrent Mark
[2594.151s][info][gc] GC(554) Concurrent Mark 12.198ms
[2594.151s][info][gc] GC(554) Concurrent Preclean
[2594.152s][info][gc] GC(554) Concurrent Preclean 0.151ms
[2594.152s][info][gc] GC(554) Concurrent Abortable Preclean
[2594.152s][info][gc] GC(554) Concurrent Abortable Preclean 0.013ms
[2594.157s][info][gc] GC(554) Pause Remark 27M->27M(29M) 5.437ms
[2594.157s][info][gc] GC(554) Concurrent Sweep
[2594.160s][info][gc] GC(554) Concurrent Sweep 3.131ms
[2594.160s][info][gc] GC(554) Concurrent Reset
[2594.161s][info][gc] GC(554) Concurrent Reset 0.018ms
[2596.165s][info][gc] GC(555) Pause Initial Mark 27M->27M(29M) 1.070ms
[2596.165s][info][gc] GC(555) Concurrent Mark
[2596.177s][info][gc] GC(555) Concurrent Mark 12.139ms
[2596.177s][info][gc] GC(555) Concurrent Preclean
[2596.177s][info][gc] GC(555) Concurrent Preclean 0.136ms
[2596.177s][info][gc] GC(555) Concurrent Abortable Preclean
[2596.177s][info][gc] GC(555) Concurrent Abortable Preclean 0.015ms
[2596.183s][info][gc] GC(555) Pause Remark 27M->27M(29M) 5.624ms
[2596.183s][info][gc] GC(555) Concurrent Sweep
[2596.186s][info][gc] GC(555) Concurrent Sweep 3.294ms
[2596.186s][info][gc] GC(555) Concurrent Reset
[2596.186s][info][gc] GC(555) Concurrent Reset 0.020ms
[2598.188s][info][gc] GC(556) Pause Initial Mark 27M->27M(29M) 1.048ms
[2598.188s][info][gc] GC(556) Concurrent Mark
[2598.200s][info][gc] GC(556) Concurrent Mark 11.857ms
[2598.200s][info][gc] GC(556) Concurrent Preclean
[2598.200s][info][gc] GC(556) Concurrent Preclean 0.120ms
[2598.200s][info][gc] GC(556) Concurrent Abortable Preclean
[2598.200s][info][gc] GC(556) Concurrent Abortable Preclean 0.013ms
[2598.206s][info][gc] GC(556) Pause Remark 27M->27M(29M) 5.745ms
[2598.206s][info][gc] GC(556) Concurrent Sweep
[2598.210s][info][gc] GC(556) Concurrent Sweep 3.234ms
[2598.210s][info][gc] GC(556) Concurrent Reset
[2598.210s][info][gc] GC(556) Concurrent Reset 0.019ms
[2600.214s][info][gc] GC(557) Pause Initial Mark 27M->27M(29M) 2.128ms
[2600.214s][info][gc] GC(557) Concurrent Mark
[2600.243s][info][gc] GC(557) Concurrent Mark 28.795ms
[2600.243s][info][gc] GC(557) Concurrent Preclean
[2600.243s][info][gc] GC(557) Concurrent Preclean 0.170ms
[2600.243s][info][gc] GC(557) Concurrent Abortable Preclean
[2600.243s][info][gc] GC(557) Concurrent Abortable Preclean 0.018ms
[2600.256s][info][gc] GC(557) Pause Remark 27M->27M(29M) 13.010ms
[2600.256s][info][gc] GC(557) Concurrent Sweep
[2600.260s][info][gc] GC(557) Concurrent Sweep 3.379ms
[2600.260s][info][gc] GC(557) Concurrent Reset
[2600.260s][info][gc] GC(557) Concurrent Reset 0.022ms
[2602.262s][info][gc] GC(558) Pause Initial Mark 27M->27M(29M) 0.698ms
[2602.262s][info][gc] GC(558) Concurrent Mark
[2602.290s][info][gc] GC(558) Concurrent Mark 28.131ms
[2602.291s][info][gc] GC(558) Concurrent Preclean
[2602.291s][info][gc] GC(558) Concurrent Preclean 0.299ms
[2602.291s][info][gc] GC(558) Concurrent Abortable Preclean
[2602.291s][info][gc] GC(558) Concurrent Abortable Preclean 0.026ms
[2602.301s][info][gc] GC(558) Pause Remark 27M->27M(29M) 9.921ms
[2602.301s][info][gc] GC(558) Concurrent Sweep
[2602.305s][info][gc] GC(558) Concurrent Sweep 3.349ms
[2602.305s][info][gc] GC(558) Concurrent Reset
[2602.305s][info][gc] GC(558) Concurrent Reset 0.024ms
[2604.308s][info][gc] GC(559) Pause Initial Mark 27M->27M(29M) 1.595ms
[2604.308s][info][gc] GC(559) Concurrent Mark
[2604.322s][info][gc] GC(559) Concurrent Mark 13.549ms
[2604.322s][info][gc] GC(559) Concurrent Preclean
[2604.322s][info][gc] GC(559) Concurrent Preclean 0.381ms
[2604.323s][info][gc] GC(559) Concurrent Abortable Preclean
[2604.323s][info][gc] GC(559) Concurrent Abortable Preclean 0.021ms
[2604.354s][info][gc] GC(559) Pause Remark 27M->27M(29M) 31.283ms
[2604.354s][info][gc] GC(559) Concurrent Sweep
[2604.362s][info][gc] GC(559) Concurrent Sweep 7.182ms
[2604.362s][info][gc] GC(559) Concurrent Reset
[2604.362s][info][gc] GC(559) Concurrent Reset 0.230ms
[2606.363s][info][gc] GC(560) Pause Initial Mark 27M->27M(29M) 1.121ms
[2606.363s][info][gc] GC(560) Concurrent Mark
[2606.376s][info][gc] GC(560) Concurrent Mark 12.367ms
[2606.376s][info][gc] GC(560) Concurrent Preclean
[2606.376s][info][gc] GC(560) Concurrent Preclean 0.141ms
[2606.376s][info][gc] GC(560) Concurrent Abortable Preclean
[2606.376s][info][gc] GC(560) Concurrent Abortable Preclean 0.015ms
[2606.382s][info][gc] GC(560) Pause Remark 27M->27M(29M) 5.555ms
[2606.382s][info][gc] GC(560) Concurrent Sweep
[2606.385s][info][gc] GC(560) Concurrent Sweep 3.251ms
[2606.385s][info][gc] GC(560) Concurrent Reset
[2606.385s][info][gc] GC(560) Concurrent Reset 0.020ms
[2608.388s][info][gc] GC(561) Pause Initial Mark 27M->27M(29M) 0.954ms
[2608.388s][info][gc] GC(561) Concurrent Mark
[2608.400s][info][gc] GC(561) Concurrent Mark 12.286ms
[2608.400s][info][gc] GC(561) Concurrent Preclean
[2608.400s][info][gc] GC(561) Concurrent Preclean 0.120ms
[2608.400s][info][gc] GC(561) Concurrent Abortable Preclean
[2608.400s][info][gc] GC(561) Concurrent Abortable Preclean 0.013ms
[2608.407s][info][gc] GC(561) Pause Remark 27M->27M(29M) 6.406ms
[2608.407s][info][gc] GC(561) Concurrent Sweep
[2608.410s][info][gc] GC(561) Concurrent Sweep 3.244ms
[2608.410s][info][gc] GC(561) Concurrent Reset
[2608.410s][info][gc] GC(561) Concurrent Reset 0.020ms
[2610.416s][info][gc] GC(562) Pause Initial Mark 27M->27M(29M) 1.249ms
[2610.416s][info][gc] GC(562) Concurrent Mark
[2610.428s][info][gc] GC(562) Concurrent Mark 11.907ms
[2610.428s][info][gc] GC(562) Concurrent Preclean
[2610.428s][info][gc] GC(562) Concurrent Preclean 0.117ms
[2610.428s][info][gc] GC(562) Concurrent Abortable Preclean
[2610.428s][info][gc] GC(562) Concurrent Abortable Preclean 0.013ms
[2610.434s][info][gc] GC(562) Pause Remark 27M->27M(29M) 5.482ms
[2610.434s][info][gc] GC(562) Concurrent Sweep
[2610.437s][info][gc] GC(562) Concurrent Sweep 3.227ms
[2610.437s][info][gc] GC(562) Concurrent Reset
[2610.437s][info][gc] GC(562) Concurrent Reset 0.019ms
[2612.441s][info][gc] GC(563) Pause Initial Mark 27M->27M(29M) 1.100ms
[2612.442s][info][gc] GC(563) Concurrent Mark
[2612.451s][info][gc] GC(563) Concurrent Mark 9.193ms
[2612.451s][info][gc] GC(563) Concurrent Preclean
[2612.451s][info][gc] GC(563) Concurrent Preclean 0.102ms
[2612.451s][info][gc] GC(563) Concurrent Abortable Preclean
[2612.451s][info][gc] GC(563) Concurrent Abortable Preclean 0.012ms
[2612.458s][info][gc] GC(563) Pause Remark 27M->27M(29M) 6.447ms
[2612.458s][info][gc] GC(563) Concurrent Sweep
[2612.461s][info][gc] GC(563) Concurrent Sweep 3.230ms
[2612.461s][info][gc] GC(563) Concurrent Reset
[2612.461s][info][gc] GC(563) Concurrent Reset 0.019ms
[2614.464s][info][gc] GC(564) Pause Initial Mark 27M->27M(29M) 1.044ms
[2614.464s][info][gc] GC(564) Concurrent Mark
[2614.476s][info][gc] GC(564) Concurrent Mark 11.882ms
[2614.476s][info][gc] GC(564) Concurrent Preclean
[2614.476s][info][gc] GC(564) Concurrent Preclean 0.220ms
[2614.477s][info][gc] GC(564) Concurrent Abortable Preclean
[2614.477s][info][gc] GC(564) Concurrent Abortable Preclean 0.023ms
[2614.484s][info][gc] GC(564) Pause Remark 27M->27M(29M) 7.200ms
[2614.484s][info][gc] GC(564) Concurrent Sweep
[2614.487s][info][gc] GC(564) Concurrent Sweep 3.404ms
[2614.487s][info][gc] GC(564) Concurrent Reset
[2614.487s][info][gc] GC(564) Concurrent Reset 0.021ms
[2616.492s][info][gc] GC(565) Pause Initial Mark 27M->27M(29M) 1.657ms
[2616.492s][info][gc] GC(565) Concurrent Mark
[2616.504s][info][gc] GC(565) Concurrent Mark 11.862ms
[2616.504s][info][gc] GC(565) Concurrent Preclean
[2616.504s][info][gc] GC(565) Concurrent Preclean 0.126ms
[2616.504s][info][gc] GC(565) Concurrent Abortable Preclean
[2616.504s][info][gc] GC(565) Concurrent Abortable Preclean 0.014ms
[2616.510s][info][gc] GC(565) Pause Remark 27M->27M(29M) 5.498ms
[2616.510s][info][gc] GC(565) Concurrent Sweep
[2616.514s][info][gc] GC(565) Concurrent Sweep 3.735ms
[2616.514s][info][gc] GC(565) Concurrent Reset
[2616.514s][info][gc] GC(565) Concurrent Reset 0.024ms
[2618.518s][info][gc] GC(566) Pause Initial Mark 27M->27M(29M) 1.320ms
[2618.518s][info][gc] GC(566) Concurrent Mark
[2618.529s][info][gc] GC(566) Concurrent Mark 11.202ms
[2618.529s][info][gc] GC(566) Concurrent Preclean
[2618.530s][info][gc] GC(566) Concurrent Preclean 0.128ms
[2618.530s][info][gc] GC(566) Concurrent Abortable Preclean
[2618.530s][info][gc] GC(566) Concurrent Abortable Preclean 0.014ms
[2618.535s][info][gc] GC(566) Pause Remark 27M->27M(29M) 5.629ms
[2618.535s][info][gc] GC(566) Concurrent Sweep
[2618.539s][info][gc] GC(566) Concurrent Sweep 3.248ms
[2618.539s][info][gc] GC(566) Concurrent Reset
[2618.539s][info][gc] GC(566) Concurrent Reset 0.020ms
[2620.544s][info][gc] GC(567) Pause Initial Mark 27M->27M(29M) 2.396ms
[2620.544s][info][gc] GC(567) Concurrent Mark
[2620.569s][info][gc] GC(567) Concurrent Mark 25.094ms
[2620.569s][info][gc] GC(567) Concurrent Preclean
[2620.569s][info][gc] GC(567) Concurrent Preclean 0.191ms
[2620.570s][info][gc] GC(567) Concurrent Abortable Preclean
[2620.570s][info][gc] GC(567) Concurrent Abortable Preclean 0.178ms
[2620.587s][info][gc] GC(567) Pause Remark 27M->27M(29M) 16.535ms
[2620.587s][info][gc] GC(567) Concurrent Sweep
[2620.593s][info][gc] GC(567) Concurrent Sweep 5.880ms
[2620.593s][info][gc] GC(567) Concurrent Reset
[2620.593s][info][gc] GC(567) Concurrent Reset 0.111ms
[2622.597s][info][gc] GC(568) Pause Initial Mark 27M->27M(29M) 1.238ms
[2622.597s][info][gc] GC(568) Concurrent Mark
[2622.609s][info][gc] GC(568) Concurrent Mark 12.412ms
[2622.610s][info][gc] GC(568) Concurrent Preclean
[2622.610s][info][gc] GC(568) Concurrent Preclean 0.121ms
[2622.610s][info][gc] GC(568) Concurrent Abortable Preclean
[2622.610s][info][gc] GC(568) Concurrent Abortable Preclean 0.013ms
[2622.615s][info][gc] GC(568) Pause Remark 27M->27M(29M) 5.658ms
[2622.616s][info][gc] GC(568) Concurrent Sweep
[2622.619s][info][gc] GC(568) Concurrent Sweep 3.254ms
[2622.619s][info][gc] GC(568) Concurrent Reset
[2622.619s][info][gc] GC(568) Concurrent Reset 0.020ms
[2624.624s][info][gc] GC(569) Pause Initial Mark 27M->27M(29M) 1.080ms
[2624.624s][info][gc] GC(569) Concurrent Mark
[2624.648s][info][gc] GC(569) Concurrent Mark 24.510ms
[2624.648s][info][gc] GC(569) Concurrent Preclean
[2624.648s][info][gc] GC(569) Concurrent Preclean 0.138ms
[2624.648s][info][gc] GC(569) Concurrent Abortable Preclean
[2624.648s][info][gc] GC(569) Concurrent Abortable Preclean 0.013ms
[2624.655s][info][gc] GC(569) Pause Remark 27M->27M(29M) 6.563ms
[2624.655s][info][gc] GC(569) Concurrent Sweep
[2624.659s][info][gc] GC(569) Concurrent Sweep 3.847ms
[2624.659s][info][gc] GC(569) Concurrent Reset
[2624.659s][info][gc] GC(569) Concurrent Reset 0.020ms
[2626.661s][info][gc] GC(570) Pause Initial Mark 27M->27M(29M) 2.162ms
[2626.661s][info][gc] GC(570) Concurrent Mark
[2626.675s][info][gc] GC(570) Concurrent Mark 13.449ms
[2626.675s][info][gc] GC(570) Concurrent Preclean
[2626.675s][info][gc] GC(570) Concurrent Preclean 0.104ms
[2626.675s][info][gc] GC(570) Concurrent Abortable Preclean
[2626.675s][info][gc] GC(570) Concurrent Abortable Preclean 0.012ms
[2626.682s][info][gc] GC(570) Pause Remark 27M->27M(29M) 6.707ms
[2626.682s][info][gc] GC(570) Concurrent Sweep
[2626.685s][info][gc] GC(570) Concurrent Sweep 3.217ms
[2626.685s][info][gc] GC(570) Concurrent Reset
[2626.685s][info][gc] GC(570) Concurrent Reset 0.019ms
[2628.687s][info][gc] GC(571) Pause Initial Mark 27M->27M(29M) 1.673ms
[2628.687s][info][gc] GC(571) Concurrent Mark
[2628.701s][info][gc] GC(571) Concurrent Mark 13.892ms
[2628.701s][info][gc] GC(571) Concurrent Preclean
[2628.701s][info][gc] GC(571) Concurrent Preclean 0.129ms
[2628.701s][info][gc] GC(571) Concurrent Abortable Preclean
[2628.701s][info][gc] GC(571) Concurrent Abortable Preclean 0.012ms
[2628.708s][info][gc] GC(571) Pause Remark 27M->27M(29M) 6.218ms
[2628.708s][info][gc] GC(571) Concurrent Sweep
[2628.711s][info][gc] GC(571) Concurrent Sweep 3.569ms
[2628.711s][info][gc] GC(571) Concurrent Reset
[2628.711s][info][gc] GC(571) Concurrent Reset 0.021ms
[2630.717s][info][gc] GC(572) Pause Initial Mark 27M->27M(29M) 0.707ms
[2630.717s][info][gc] GC(572) Concurrent Mark
[2630.729s][info][gc] GC(572) Concurrent Mark 12.206ms
[2630.729s][info][gc] GC(572) Concurrent Preclean
[2630.729s][info][gc] GC(572) Concurrent Preclean 0.214ms
[2630.729s][info][gc] GC(572) Concurrent Abortable Preclean
[2630.729s][info][gc] GC(572) Concurrent Abortable Preclean 0.017ms
[2630.746s][info][gc] GC(572) Pause Remark 27M->27M(29M) 17.008ms
[2630.747s][info][gc] GC(572) Concurrent Sweep
[2630.751s][info][gc] GC(572) Concurrent Sweep 4.820ms
[2630.752s][info][gc] GC(572) Concurrent Reset
[2630.752s][info][gc] GC(572) Concurrent Reset 0.224ms
[2632.755s][info][gc] GC(573) Pause Initial Mark 27M->27M(29M) 1.034ms
[2632.756s][info][gc] GC(573) Concurrent Mark
[2632.768s][info][gc] GC(573) Concurrent Mark 11.931ms
[2632.768s][info][gc] GC(573) Concurrent Preclean
[2632.768s][info][gc] GC(573) Concurrent Preclean 0.138ms
[2632.768s][info][gc] GC(573) Concurrent Abortable Preclean
[2632.768s][info][gc] GC(573) Concurrent Abortable Preclean 0.014ms
[2632.774s][info][gc] GC(573) Pause Remark 27M->27M(29M) 5.836ms
[2632.774s][info][gc] GC(573) Concurrent Sweep
[2632.777s][info][gc] GC(573) Concurrent Sweep 3.242ms
[2632.777s][info][gc] GC(573) Concurrent Reset
[2632.777s][info][gc] GC(573) Concurrent Reset 0.020ms
[2634.781s][info][gc] GC(574) Pause Initial Mark 27M->27M(29M) 1.818ms
[2634.781s][info][gc] GC(574) Concurrent Mark
[2634.803s][info][gc] GC(574) Concurrent Mark 22.250ms
[2634.803s][info][gc] GC(574) Concurrent Preclean
[2634.804s][info][gc] GC(574) Concurrent Preclean 0.184ms
[2634.804s][info][gc] GC(574) Concurrent Abortable Preclean
[2634.804s][info][gc] GC(574) Concurrent Abortable Preclean 0.020ms
[2634.814s][info][gc] GC(574) Pause Remark 27M->27M(29M) 10.425ms
[2634.814s][info][gc] GC(574) Concurrent Sweep
[2634.818s][info][gc] GC(574) Concurrent Sweep 3.744ms
[2634.818s][info][gc] GC(574) Concurrent Reset
[2634.818s][info][gc] GC(574) Concurrent Reset 0.023ms
[2636.819s][info][gc] GC(575) Pause Initial Mark 27M->27M(29M) 0.863ms
[2636.819s][info][gc] GC(575) Concurrent Mark
[2636.842s][info][gc] GC(575) Concurrent Mark 23.669ms
[2636.842s][info][gc] GC(575) Concurrent Preclean
[2636.843s][info][gc] GC(575) Concurrent Preclean 0.123ms
[2636.843s][info][gc] GC(575) Concurrent Abortable Preclean
[2636.843s][info][gc] GC(575) Concurrent Abortable Preclean 0.013ms
[2636.851s][info][gc] GC(575) Pause Remark 27M->27M(29M) 7.822ms
[2636.851s][info][gc] GC(575) Concurrent Sweep
[2636.855s][info][gc] GC(575) Concurrent Sweep 3.940ms
[2636.855s][info][gc] GC(575) Concurrent Reset
[2636.855s][info][gc] GC(575) Concurrent Reset 0.020ms
[2638.859s][info][gc] GC(576) Pause Initial Mark 27M->27M(29M) 0.953ms
[2638.860s][info][gc] GC(576) Concurrent Mark
[2638.871s][info][gc] GC(576) Concurrent Mark 11.809ms
[2638.871s][info][gc] GC(576) Concurrent Preclean
[2638.872s][info][gc] GC(576) Concurrent Preclean 0.118ms
[2638.872s][info][gc] GC(576) Concurrent Abortable Preclean
[2638.872s][info][gc] GC(576) Concurrent Abortable Preclean 0.013ms
[2638.877s][info][gc] GC(576) Pause Remark 27M->27M(29M) 5.645ms
[2638.877s][info][gc] GC(576) Concurrent Sweep
[2638.881s][info][gc] GC(576) Concurrent Sweep 3.417ms
[2638.881s][info][gc] GC(576) Concurrent Reset
[2638.881s][info][gc] GC(576) Concurrent Reset 0.021ms
[2640.882s][info][gc] GC(577) Pause Initial Mark 27M->27M(29M) 0.794ms
[2640.882s][info][gc] GC(577) Concurrent Mark
[2640.904s][info][gc] GC(577) Concurrent Mark 21.404ms
[2640.904s][info][gc] GC(577) Concurrent Preclean
[2640.904s][info][gc] GC(577) Concurrent Preclean 0.180ms
[2640.904s][info][gc] GC(577) Concurrent Abortable Preclean
[2640.904s][info][gc] GC(577) Concurrent Abortable Preclean 0.017ms
[2640.911s][info][gc] GC(577) Pause Remark 27M->27M(29M) 7.120ms
[2640.911s][info][gc] GC(577) Concurrent Sweep
[2640.914s][info][gc] GC(577) Concurrent Sweep 3.133ms
[2640.914s][info][gc] GC(577) Concurrent Reset
[2640.914s][info][gc] GC(577) Concurrent Reset 0.026ms
[2642.917s][info][gc] GC(578) Pause Initial Mark 27M->27M(29M) 1.064ms
[2642.918s][info][gc] GC(578) Concurrent Mark
[2642.930s][info][gc] GC(578) Concurrent Mark 11.929ms
[2642.930s][info][gc] GC(578) Concurrent Preclean
[2642.930s][info][gc] GC(578) Concurrent Preclean 0.123ms
[2642.930s][info][gc] GC(578) Concurrent Abortable Preclean
[2642.930s][info][gc] GC(578) Concurrent Abortable Preclean 0.014ms
[2642.935s][info][gc] GC(578) Pause Remark 27M->27M(29M) 5.527ms
[2642.935s][info][gc] GC(578) Concurrent Sweep
[2642.938s][info][gc] GC(578) Concurrent Sweep 3.044ms
[2642.939s][info][gc] GC(578) Concurrent Reset
[2642.939s][info][gc] GC(578) Concurrent Reset 0.022ms
[2644.945s][info][gc] GC(579) Pause Initial Mark 27M->27M(29M) 1.099ms
[2644.945s][info][gc] GC(579) Concurrent Mark
[2644.957s][info][gc] GC(579) Concurrent Mark 12.673ms
[2644.957s][info][gc] GC(579) Concurrent Preclean
[2644.958s][info][gc] GC(579) Concurrent Preclean 0.133ms
[2644.958s][info][gc] GC(579) Concurrent Abortable Preclean
[2644.958s][info][gc] GC(579) Concurrent Abortable Preclean 0.013ms
[2644.964s][info][gc] GC(579) Pause Remark 27M->27M(29M) 5.819ms
[2644.964s][info][gc] GC(579) Concurrent Sweep
[2644.967s][info][gc] GC(579) Concurrent Sweep 3.286ms
[2644.967s][info][gc] GC(579) Concurrent Reset
[2644.967s][info][gc] GC(579) Concurrent Reset 0.020ms
[2646.972s][info][gc] GC(580) Pause Initial Mark 27M->27M(29M) 1.039ms
[2646.972s][info][gc] GC(580) Concurrent Mark
[2646.984s][info][gc] GC(580) Concurrent Mark 11.864ms
[2646.984s][info][gc] GC(580) Concurrent Preclean
[2646.984s][info][gc] GC(580) Concurrent Preclean 0.116ms
[2646.984s][info][gc] GC(580) Concurrent Abortable Preclean
[2646.984s][info][gc] GC(580) Concurrent Abortable Preclean 0.014ms
[2646.990s][info][gc] GC(580) Pause Remark 27M->27M(29M) 5.540ms
[2646.990s][info][gc] GC(580) Concurrent Sweep
[2646.993s][info][gc] GC(580) Concurrent Sweep 3.225ms
[2646.993s][info][gc] GC(580) Concurrent Reset
[2646.993s][info][gc] GC(580) Concurrent Reset 0.019ms
[2648.994s][info][gc] GC(581) Pause Initial Mark 27M->27M(29M) 0.869ms
[2648.994s][info][gc] GC(581) Concurrent Mark
[2649.006s][info][gc] GC(581) Concurrent Mark 12.141ms
[2649.006s][info][gc] GC(581) Concurrent Preclean
[2649.007s][info][gc] GC(581) Concurrent Preclean 0.133ms
[2649.007s][info][gc] GC(581) Concurrent Abortable Preclean
[2649.007s][info][gc] GC(581) Concurrent Abortable Preclean 0.015ms
[2649.012s][info][gc] GC(581) Pause Remark 27M->27M(29M) 5.542ms
[2649.012s][info][gc] GC(581) Concurrent Sweep
[2649.016s][info][gc] GC(581) Concurrent Sweep 3.299ms
[2649.016s][info][gc] GC(581) Concurrent Reset
[2649.016s][info][gc] GC(581) Concurrent Reset 0.021ms
[2651.016s][info][gc] GC(582) Pause Initial Mark 27M->27M(29M) 0.562ms
[2651.016s][info][gc] GC(582) Concurrent Mark
[2651.026s][info][gc] GC(582) Concurrent Mark 10.061ms
[2651.026s][info][gc] GC(582) Concurrent Preclean
[2651.026s][info][gc] GC(582) Concurrent Preclean 0.104ms
[2651.026s][info][gc] GC(582) Concurrent Abortable Preclean
[2651.026s][info][gc] GC(582) Concurrent Abortable Preclean 0.012ms
[2651.032s][info][gc] GC(582) Pause Remark 27M->27M(29M) 5.570ms
[2651.032s][info][gc] GC(582) Concurrent Sweep
[2651.035s][info][gc] GC(582) Concurrent Sweep 3.031ms
[2651.035s][info][gc] GC(582) Concurrent Reset
[2651.035s][info][gc] GC(582) Concurrent Reset 0.020ms
[2653.037s][info][gc] GC(583) Pause Initial Mark 27M->27M(29M) 1.060ms
[2653.037s][info][gc] GC(583) Concurrent Mark
[2653.049s][info][gc] GC(583) Concurrent Mark 12.090ms
[2653.049s][info][gc] GC(583) Concurrent Preclean
[2653.049s][info][gc] GC(583) Concurrent Preclean 0.135ms
[2653.049s][info][gc] GC(583) Concurrent Abortable Preclean
[2653.049s][info][gc] GC(583) Concurrent Abortable Preclean 0.015ms
[2653.055s][info][gc] GC(583) Pause Remark 27M->27M(29M) 5.617ms
[2653.055s][info][gc] GC(583) Concurrent Sweep
[2653.058s][info][gc] GC(583) Concurrent Sweep 3.246ms
[2653.058s][info][gc] GC(583) Concurrent Reset
[2653.058s][info][gc] GC(583) Concurrent Reset 0.020ms
[2655.063s][info][gc] GC(584) Pause Initial Mark 27M->27M(29M) 0.654ms
[2655.063s][info][gc] GC(584) Concurrent Mark
[2655.077s][info][gc] GC(584) Concurrent Mark 14.038ms
[2655.077s][info][gc] GC(584) Concurrent Preclean
[2655.077s][info][gc] GC(584) Concurrent Preclean 0.123ms
[2655.077s][info][gc] GC(584) Concurrent Abortable Preclean
[2655.077s][info][gc] GC(584) Concurrent Abortable Preclean 0.013ms
[2655.083s][info][gc] GC(584) Pause Remark 27M->27M(29M) 5.422ms
[2655.083s][info][gc] GC(584) Concurrent Sweep
[2655.086s][info][gc] GC(584) Concurrent Sweep 3.261ms
[2655.086s][info][gc] GC(584) Concurrent Reset
[2655.086s][info][gc] GC(584) Concurrent Reset 0.024ms
[2657.089s][info][gc] GC(585) Pause Initial Mark 27M->27M(29M) 1.036ms
[2657.089s][info][gc] GC(585) Concurrent Mark
[2657.101s][info][gc] GC(585) Concurrent Mark 11.986ms
[2657.101s][info][gc] GC(585) Concurrent Preclean
[2657.102s][info][gc] GC(585) Concurrent Preclean 0.118ms
[2657.102s][info][gc] GC(585) Concurrent Abortable Preclean
[2657.102s][info][gc] GC(585) Concurrent Abortable Preclean 0.014ms
[2657.107s][info][gc] GC(585) Pause Remark 27M->27M(29M) 5.473ms
[2657.107s][info][gc] GC(585) Concurrent Sweep
[2657.110s][info][gc] GC(585) Concurrent Sweep 3.260ms
[2657.111s][info][gc] GC(585) Concurrent Reset
[2657.111s][info][gc] GC(585) Concurrent Reset 0.020ms
[2659.114s][info][gc] GC(586) Pause Initial Mark 27M->27M(29M) 0.877ms
[2659.114s][info][gc] GC(586) Concurrent Mark
[2659.126s][info][gc] GC(586) Concurrent Mark 12.124ms
[2659.126s][info][gc] GC(586) Concurrent Preclean
[2659.126s][info][gc] GC(586) Concurrent Preclean 0.123ms
[2659.126s][info][gc] GC(586) Concurrent Abortable Preclean
[2659.126s][info][gc] GC(586) Concurrent Abortable Preclean 0.013ms
[2659.132s][info][gc] GC(586) Pause Remark 27M->27M(29M) 5.727ms
[2659.132s][info][gc] GC(586) Concurrent Sweep
[2659.136s][info][gc] GC(586) Concurrent Sweep 3.408ms
[2659.136s][info][gc] GC(586) Concurrent Reset
[2659.136s][info][gc] GC(586) Concurrent Reset 0.021ms
[2661.141s][info][gc] GC(587) Pause Initial Mark 27M->27M(29M) 1.406ms
[2661.141s][info][gc] GC(587) Concurrent Mark
[2661.154s][info][gc] GC(587) Concurrent Mark 12.761ms
[2661.154s][info][gc] GC(587) Concurrent Preclean
[2661.154s][info][gc] GC(587) Concurrent Preclean 0.129ms
[2661.154s][info][gc] GC(587) Concurrent Abortable Preclean
[2661.154s][info][gc] GC(587) Concurrent Abortable Preclean 0.013ms
[2661.160s][info][gc] GC(587) Pause Remark 27M->27M(29M) 5.686ms
[2661.160s][info][gc] GC(587) Concurrent Sweep
[2661.164s][info][gc] GC(587) Concurrent Sweep 3.769ms
[2661.164s][info][gc] GC(587) Concurrent Reset
[2661.164s][info][gc] GC(587) Concurrent Reset 0.023ms
[2663.166s][info][gc] GC(588) Pause Initial Mark 27M->27M(29M) 1.693ms
[2663.167s][info][gc] GC(588) Concurrent Mark
[2663.199s][info][gc] GC(588) Concurrent Mark 32.799ms
[2663.200s][info][gc] GC(588) Concurrent Preclean
[2663.200s][info][gc] GC(588) Concurrent Preclean 0.580ms
[2663.200s][info][gc] GC(588) Concurrent Abortable Preclean
[2663.200s][info][gc] GC(588) Concurrent Abortable Preclean 0.071ms
[2663.217s][info][gc] GC(588) Pause Remark 27M->27M(29M) 16.036ms
[2663.217s][info][gc] GC(588) Concurrent Sweep
[2663.220s][info][gc] GC(588) Concurrent Sweep 3.370ms
[2663.220s][info][gc] GC(588) Concurrent Reset
[2663.220s][info][gc] GC(588) Concurrent Reset 0.021ms
[2665.222s][info][gc] GC(589) Pause Initial Mark 27M->27M(29M) 1.130ms
[2665.222s][info][gc] GC(589) Concurrent Mark
[2665.234s][info][gc] GC(589) Concurrent Mark 11.914ms
[2665.234s][info][gc] GC(589) Concurrent Preclean
[2665.234s][info][gc] GC(589) Concurrent Preclean 0.137ms
[2665.234s][info][gc] GC(589) Concurrent Abortable Preclean
[2665.234s][info][gc] GC(589) Concurrent Abortable Preclean 0.015ms
[2665.240s][info][gc] GC(589) Pause Remark 27M->27M(29M) 5.806ms
[2665.240s][info][gc] GC(589) Concurrent Sweep
[2665.243s][info][gc] GC(589) Concurrent Sweep 3.093ms
[2665.243s][info][gc] GC(589) Concurrent Reset
[2665.243s][info][gc] GC(589) Concurrent Reset 0.018ms
[2667.248s][info][gc] GC(590) Pause Initial Mark 27M->27M(29M) 0.611ms
[2667.248s][info][gc] GC(590) Concurrent Mark
[2667.263s][info][gc] GC(590) Concurrent Mark 15.379ms
[2667.264s][info][gc] GC(590) Concurrent Preclean
[2667.264s][info][gc] GC(590) Concurrent Preclean 0.463ms
[2667.264s][info][gc] GC(590) Concurrent Abortable Preclean
[2667.264s][info][gc] GC(590) Concurrent Abortable Preclean 0.059ms
[2667.280s][info][gc] GC(590) Pause Remark 27M->27M(29M) 15.129ms
[2667.280s][info][gc] GC(590) Concurrent Sweep
[2667.284s][info][gc] GC(590) Concurrent Sweep 4.338ms
[2667.284s][info][gc] GC(590) Concurrent Reset
[2667.284s][info][gc] GC(590) Concurrent Reset 0.046ms
[2669.285s][info][gc] GC(591) Pause Initial Mark 27M->27M(29M) 0.981ms
[2669.285s][info][gc] GC(591) Concurrent Mark
[2669.297s][info][gc] GC(591) Concurrent Mark 12.143ms
[2669.297s][info][gc] GC(591) Concurrent Preclean
[2669.298s][info][gc] GC(591) Concurrent Preclean 0.121ms
[2669.298s][info][gc] GC(591) Concurrent Abortable Preclean
[2669.298s][info][gc] GC(591) Concurrent Abortable Preclean 0.014ms
[2669.303s][info][gc] GC(591) Pause Remark 27M->27M(29M) 5.510ms
[2669.303s][info][gc] GC(591) Concurrent Sweep
[2669.307s][info][gc] GC(591) Concurrent Sweep 3.205ms
[2669.307s][info][gc] GC(591) Concurrent Reset
[2669.307s][info][gc] GC(591) Concurrent Reset 0.018ms
[2671.308s][info][gc] GC(592) Pause Initial Mark 27M->27M(29M) 1.618ms
[2671.308s][info][gc] GC(592) Concurrent Mark
[2671.320s][info][gc] GC(592) Concurrent Mark 11.917ms
[2671.320s][info][gc] GC(592) Concurrent Preclean
[2671.320s][info][gc] GC(592) Concurrent Preclean 0.121ms
[2671.321s][info][gc] GC(592) Concurrent Abortable Preclean
[2671.321s][info][gc] GC(592) Concurrent Abortable Preclean 0.014ms
[2671.326s][info][gc] GC(592) Pause Remark 27M->27M(29M) 5.656ms
[2671.326s][info][gc] GC(592) Concurrent Sweep
[2671.329s][info][gc] GC(592) Concurrent Sweep 3.013ms
[2671.329s][info][gc] GC(592) Concurrent Reset
[2671.329s][info][gc] GC(592) Concurrent Reset 0.018ms
[2673.333s][info][gc] GC(593) Pause Initial Mark 27M->27M(29M) 0.945ms
[2673.333s][info][gc] GC(593) Concurrent Mark
[2673.344s][info][gc] GC(593) Concurrent Mark 11.691ms
[2673.344s][info][gc] GC(593) Concurrent Preclean
[2673.345s][info][gc] GC(593) Concurrent Preclean 0.261ms
[2673.345s][info][gc] GC(593) Concurrent Abortable Preclean
[2673.345s][info][gc] GC(593) Concurrent Abortable Preclean 0.065ms
[2673.354s][info][gc] GC(593) Pause Remark 27M->27M(29M) 8.726ms
[2673.354s][info][gc] GC(593) Concurrent Sweep
[2673.358s][info][gc] GC(593) Concurrent Sweep 3.428ms
[2673.358s][info][gc] GC(593) Concurrent Reset
[2673.358s][info][gc] GC(593) Concurrent Reset 0.021ms
[2675.359s][info][gc] GC(594) Pause Initial Mark 27M->27M(29M) 0.873ms
[2675.359s][info][gc] GC(594) Concurrent Mark
[2675.374s][info][gc] GC(594) Concurrent Mark 14.535ms
[2675.374s][info][gc] GC(594) Concurrent Preclean
[2675.374s][info][gc] GC(594) Concurrent Preclean 0.137ms
[2675.374s][info][gc] GC(594) Concurrent Abortable Preclean
[2675.374s][info][gc] GC(594) Concurrent Abortable Preclean 0.014ms
[2675.387s][info][gc] GC(594) Pause Remark 27M->27M(29M) 12.999ms
[2675.387s][info][gc] GC(594) Concurrent Sweep
[2675.390s][info][gc] GC(594) Concurrent Sweep 3.361ms
[2675.390s][info][gc] GC(594) Concurrent Reset
[2675.390s][info][gc] GC(594) Concurrent Reset 0.020ms
[2677.394s][info][gc] GC(595) Pause Initial Mark 27M->27M(29M) 0.924ms
[2677.394s][info][gc] GC(595) Concurrent Mark
[2677.406s][info][gc] GC(595) Concurrent Mark 11.760ms
[2677.406s][info][gc] GC(595) Concurrent Preclean
[2677.406s][info][gc] GC(595) Concurrent Preclean 0.137ms
[2677.406s][info][gc] GC(595) Concurrent Abortable Preclean
[2677.406s][info][gc] GC(595) Concurrent Abortable Preclean 0.014ms
[2677.412s][info][gc] GC(595) Pause Remark 27M->27M(29M) 5.856ms
[2677.412s][info][gc] GC(595) Concurrent Sweep
[2677.415s][info][gc] GC(595) Concurrent Sweep 3.245ms
[2677.416s][info][gc] GC(595) Concurrent Reset
[2677.416s][info][gc] GC(595) Concurrent Reset 0.019ms
[2679.416s][info][gc] GC(596) Pause Initial Mark 27M->27M(29M) 1.077ms
[2679.417s][info][gc] GC(596) Concurrent Mark
[2679.429s][info][gc] GC(596) Concurrent Mark 12.251ms
[2679.429s][info][gc] GC(596) Concurrent Preclean
[2679.429s][info][gc] GC(596) Concurrent Preclean 0.133ms
[2679.429s][info][gc] GC(596) Concurrent Abortable Preclean
[2679.429s][info][gc] GC(596) Concurrent Abortable Preclean 0.015ms
[2679.435s][info][gc] GC(596) Pause Remark 27M->27M(29M) 5.624ms
[2679.435s][info][gc] GC(596) Concurrent Sweep
[2679.438s][info][gc] GC(596) Concurrent Sweep 3.163ms
[2679.438s][info][gc] GC(596) Concurrent Reset
[2679.438s][info][gc] GC(596) Concurrent Reset 0.019ms
[2681.440s][info][gc] GC(597) Pause Initial Mark 27M->27M(29M) 1.101ms
[2681.440s][info][gc] GC(597) Concurrent Mark
[2681.452s][info][gc] GC(597) Concurrent Mark 12.048ms
[2681.452s][info][gc] GC(597) Concurrent Preclean
[2681.453s][info][gc] GC(597) Concurrent Preclean 0.126ms
[2681.453s][info][gc] GC(597) Concurrent Abortable Preclean
[2681.453s][info][gc] GC(597) Concurrent Abortable Preclean 0.013ms
[2681.458s][info][gc] GC(597) Pause Remark 27M->27M(29M) 5.582ms
[2681.458s][info][gc] GC(597) Concurrent Sweep
[2681.462s][info][gc] GC(597) Concurrent Sweep 3.162ms
[2681.462s][info][gc] GC(597) Concurrent Reset
[2681.462s][info][gc] GC(597) Concurrent Reset 0.018ms
[2683.465s][info][gc] GC(598) Pause Initial Mark 27M->27M(29M) 0.750ms
[2683.465s][info][gc] GC(598) Concurrent Mark
[2683.477s][info][gc] GC(598) Concurrent Mark 11.633ms
[2683.477s][info][gc] GC(598) Concurrent Preclean
[2683.477s][info][gc] GC(598) Concurrent Preclean 0.116ms
[2683.477s][info][gc] GC(598) Concurrent Abortable Preclean
[2683.477s][info][gc] GC(598) Concurrent Abortable Preclean 0.012ms
[2683.482s][info][gc] GC(598) Pause Remark 27M->27M(29M) 5.061ms
[2683.483s][info][gc] GC(598) Concurrent Sweep
[2683.486s][info][gc] GC(598) Concurrent Sweep 3.079ms
[2683.486s][info][gc] GC(598) Concurrent Reset
[2683.486s][info][gc] GC(598) Concurrent Reset 0.045ms
[2685.487s][info][gc] GC(599) Pause Initial Mark 27M->27M(29M) 1.261ms
[2685.487s][info][gc] GC(599) Concurrent Mark
[2685.499s][info][gc] GC(599) Concurrent Mark 11.870ms
[2685.499s][info][gc] GC(599) Concurrent Preclean
[2685.500s][info][gc] GC(599) Concurrent Preclean 0.299ms
[2685.500s][info][gc] GC(599) Concurrent Abortable Preclean
[2685.500s][info][gc] GC(599) Concurrent Abortable Preclean 0.039ms
[2685.506s][info][gc] GC(599) Pause Remark 27M->27M(29M) 6.164ms
[2685.506s][info][gc] GC(599) Concurrent Sweep
[2685.510s][info][gc] GC(599) Concurrent Sweep 3.310ms
[2685.510s][info][gc] GC(599) Concurrent Reset
[2685.510s][info][gc] GC(599) Concurrent Reset 0.024ms
[2687.514s][info][gc] GC(600) Pause Initial Mark 27M->27M(29M) 1.127ms
[2687.514s][info][gc] GC(600) Concurrent Mark
[2687.526s][info][gc] GC(600) Concurrent Mark 12.261ms
[2687.526s][info][gc] GC(600) Concurrent Preclean
[2687.526s][info][gc] GC(600) Concurrent Preclean 0.120ms
[2687.526s][info][gc] GC(600) Concurrent Abortable Preclean
[2687.526s][info][gc] GC(600) Concurrent Abortable Preclean 0.013ms
[2687.532s][info][gc] GC(600) Pause Remark 27M->27M(29M) 5.517ms
[2687.532s][info][gc] GC(600) Concurrent Sweep
[2687.535s][info][gc] GC(600) Concurrent Sweep 3.269ms
[2687.535s][info][gc] GC(600) Concurrent Reset
[2687.535s][info][gc] GC(600) Concurrent Reset 0.020ms
[2689.542s][info][gc] GC(601) Pause Initial Mark 27M->27M(29M) 1.060ms
[2689.542s][info][gc] GC(601) Concurrent Mark
[2689.554s][info][gc] GC(601) Concurrent Mark 11.915ms
[2689.554s][info][gc] GC(601) Concurrent Preclean
[2689.554s][info][gc] GC(601) Concurrent Preclean 0.132ms
[2689.554s][info][gc] GC(601) Concurrent Abortable Preclean
[2689.554s][info][gc] GC(601) Concurrent Abortable Preclean 0.015ms
[2689.560s][info][gc] GC(601) Pause Remark 27M->27M(29M) 6.132ms
[2689.560s][info][gc] GC(601) Concurrent Sweep
[2689.563s][info][gc] GC(601) Concurrent Sweep 3.104ms
[2689.563s][info][gc] GC(601) Concurrent Reset
[2689.563s][info][gc] GC(601) Concurrent Reset 0.019ms
[2691.569s][info][gc] GC(602) Pause Initial Mark 27M->27M(29M) 1.011ms
[2691.569s][info][gc] GC(602) Concurrent Mark
[2691.581s][info][gc] GC(602) Concurrent Mark 11.966ms
[2691.581s][info][gc] GC(602) Concurrent Preclean
[2691.581s][info][gc] GC(602) Concurrent Preclean 0.117ms
[2691.581s][info][gc] GC(602) Concurrent Abortable Preclean
[2691.581s][info][gc] GC(602) Concurrent Abortable Preclean 0.014ms
[2691.587s][info][gc] GC(602) Pause Remark 27M->27M(29M) 5.547ms
[2691.587s][info][gc] GC(602) Concurrent Sweep
[2691.590s][info][gc] GC(602) Concurrent Sweep 3.258ms
[2691.590s][info][gc] GC(602) Concurrent Reset
[2691.590s][info][gc] GC(602) Concurrent Reset 0.020ms
[2693.593s][info][gc] GC(603) Pause Initial Mark 27M->27M(29M) 1.050ms
[2693.594s][info][gc] GC(603) Concurrent Mark
[2693.606s][info][gc] GC(603) Concurrent Mark 12.350ms
[2693.606s][info][gc] GC(603) Concurrent Preclean
[2693.606s][info][gc] GC(603) Concurrent Preclean 0.122ms
[2693.606s][info][gc] GC(603) Concurrent Abortable Preclean
[2693.606s][info][gc] GC(603) Concurrent Abortable Preclean 0.013ms
[2693.613s][info][gc] GC(603) Pause Remark 27M->27M(29M) 6.608ms
[2693.613s][info][gc] GC(603) Concurrent Sweep
[2693.616s][info][gc] GC(603) Concurrent Sweep 3.245ms
[2693.616s][info][gc] GC(603) Concurrent Reset
[2693.616s][info][gc] GC(603) Concurrent Reset 0.020ms
[2695.617s][info][gc] GC(604) Pause Initial Mark 27M->27M(29M) 1.059ms
[2695.618s][info][gc] GC(604) Concurrent Mark
[2695.630s][info][gc] GC(604) Concurrent Mark 12.148ms
[2695.630s][info][gc] GC(604) Concurrent Preclean
[2695.630s][info][gc] GC(604) Concurrent Preclean 0.144ms
[2695.630s][info][gc] GC(604) Concurrent Abortable Preclean
[2695.630s][info][gc] GC(604) Concurrent Abortable Preclean 0.015ms
[2695.636s][info][gc] GC(604) Pause Remark 27M->27M(29M) 5.629ms
[2695.636s][info][gc] GC(604) Concurrent Sweep
[2695.639s][info][gc] GC(604) Concurrent Sweep 3.248ms
[2695.639s][info][gc] GC(604) Concurrent Reset
[2695.639s][info][gc] GC(604) Concurrent Reset 0.020ms
[2697.640s][info][gc] GC(605) Pause Initial Mark 27M->27M(29M) 1.011ms
[2697.640s][info][gc] GC(605) Concurrent Mark
[2697.652s][info][gc] GC(605) Concurrent Mark 11.950ms
[2697.652s][info][gc] GC(605) Concurrent Preclean
[2697.652s][info][gc] GC(605) Concurrent Preclean 0.119ms
[2697.652s][info][gc] GC(605) Concurrent Abortable Preclean
[2697.652s][info][gc] GC(605) Concurrent Abortable Preclean 0.013ms
[2697.657s][info][gc] GC(605) Pause Remark 27M->27M(29M) 5.515ms
[2697.658s][info][gc] GC(605) Concurrent Sweep
[2697.661s][info][gc] GC(605) Concurrent Sweep 3.265ms
[2697.661s][info][gc] GC(605) Concurrent Reset
[2697.661s][info][gc] GC(605) Concurrent Reset 0.020ms
[2699.663s][info][gc] GC(606) Pause Initial Mark 27M->27M(29M) 1.186ms
[2699.663s][info][gc] GC(606) Concurrent Mark
[2699.675s][info][gc] GC(606) Concurrent Mark 12.010ms
[2699.675s][info][gc] GC(606) Concurrent Preclean
[2699.675s][info][gc] GC(606) Concurrent Preclean 0.110ms
[2699.675s][info][gc] GC(606) Concurrent Abortable Preclean
[2699.675s][info][gc] GC(606) Concurrent Abortable Preclean 0.012ms
[2699.680s][info][gc] GC(606) Pause Remark 27M->27M(29M) 5.209ms
[2699.681s][info][gc] GC(606) Concurrent Sweep
[2699.684s][info][gc] GC(606) Concurrent Sweep 3.217ms
[2699.684s][info][gc] GC(606) Concurrent Reset
[2699.684s][info][gc] GC(606) Concurrent Reset 0.019ms
[2701.689s][info][gc] GC(607) Pause Initial Mark 27M->27M(29M) 1.165ms
[2701.690s][info][gc] GC(607) Concurrent Mark
[2701.702s][info][gc] GC(607) Concurrent Mark 12.142ms
[2701.702s][info][gc] GC(607) Concurrent Preclean
[2701.702s][info][gc] GC(607) Concurrent Preclean 0.117ms
[2701.702s][info][gc] GC(607) Concurrent Abortable Preclean
[2701.702s][info][gc] GC(607) Concurrent Abortable Preclean 0.012ms
[2701.708s][info][gc] GC(607) Pause Remark 27M->27M(29M) 5.545ms
[2701.708s][info][gc] GC(607) Concurrent Sweep
[2701.711s][info][gc] GC(607) Concurrent Sweep 3.143ms
[2701.711s][info][gc] GC(607) Concurrent Reset
[2701.711s][info][gc] GC(607) Concurrent Reset 0.018ms
[2703.714s][info][gc] GC(608) Pause Initial Mark 27M->27M(29M) 1.049ms
[2703.714s][info][gc] GC(608) Concurrent Mark
[2703.729s][info][gc] GC(608) Concurrent Mark 14.793ms
[2703.729s][info][gc] GC(608) Concurrent Preclean
[2703.729s][info][gc] GC(608) Concurrent Preclean 0.149ms
[2703.729s][info][gc] GC(608) Concurrent Abortable Preclean
[2703.729s][info][gc] GC(608) Concurrent Abortable Preclean 0.014ms
[2703.737s][info][gc] GC(608) Pause Remark 27M->27M(29M) 7.760ms
[2703.737s][info][gc] GC(608) Concurrent Sweep
[2703.741s][info][gc] GC(608) Concurrent Sweep 3.401ms
[2703.741s][info][gc] GC(608) Concurrent Reset
[2703.741s][info][gc] GC(608) Concurrent Reset 0.022ms
[2705.752s][info][gc] GC(609) Pause Initial Mark 27M->27M(29M) 3.540ms
[2705.752s][info][gc] GC(609) Concurrent Mark
[2705.769s][info][gc] GC(609) Concurrent Mark 16.583ms
[2705.769s][info][gc] GC(609) Concurrent Preclean
[2705.769s][info][gc] GC(609) Concurrent Preclean 0.195ms
[2705.769s][info][gc] GC(609) Concurrent Abortable Preclean
[2705.769s][info][gc] GC(609) Concurrent Abortable Preclean 0.025ms
[2705.788s][info][gc] GC(609) Pause Remark 27M->27M(29M) 18.395ms
[2705.788s][info][gc] GC(609) Concurrent Sweep
[2705.793s][info][gc] GC(609) Concurrent Sweep 4.633ms
[2705.793s][info][gc] GC(609) Concurrent Reset
[2705.793s][info][gc] GC(609) Concurrent Reset 0.021ms
[2707.794s][info][gc] GC(610) Pause Initial Mark 27M->27M(29M) 0.607ms
[2707.794s][info][gc] GC(610) Concurrent Mark
[2707.809s][info][gc] GC(610) Concurrent Mark 14.906ms
[2707.809s][info][gc] GC(610) Concurrent Preclean
[2707.809s][info][gc] GC(610) Concurrent Preclean 0.112ms
[2707.809s][info][gc] GC(610) Concurrent Abortable Preclean
[2707.809s][info][gc] GC(610) Concurrent Abortable Preclean 0.012ms
[2707.820s][info][gc] GC(610) Pause Remark 27M->27M(29M) 10.824ms
[2707.820s][info][gc] GC(610) Concurrent Sweep
[2707.823s][info][gc] GC(610) Concurrent Sweep 3.110ms
[2707.824s][info][gc] GC(610) Concurrent Reset
[2707.824s][info][gc] GC(610) Concurrent Reset 0.033ms
[2709.827s][info][gc] GC(611) Pause Initial Mark 27M->27M(29M) 1.049ms
[2709.827s][info][gc] GC(611) Concurrent Mark
[2709.840s][info][gc] GC(611) Concurrent Mark 12.673ms
[2709.840s][info][gc] GC(611) Concurrent Preclean
[2709.840s][info][gc] GC(611) Concurrent Preclean 0.183ms
[2709.840s][info][gc] GC(611) Concurrent Abortable Preclean
[2709.840s][info][gc] GC(611) Concurrent Abortable Preclean 0.048ms
[2709.847s][info][gc] GC(611) Pause Remark 27M->27M(29M) 6.723ms
[2709.847s][info][gc] GC(611) Concurrent Sweep
[2709.850s][info][gc] GC(611) Concurrent Sweep 3.341ms
[2709.850s][info][gc] GC(611) Concurrent Reset
[2709.850s][info][gc] GC(611) Concurrent Reset 0.021ms
[2711.855s][info][gc] GC(612) Pause Initial Mark 27M->27M(29M) 1.058ms
[2711.855s][info][gc] GC(612) Concurrent Mark
[2711.868s][info][gc] GC(612) Concurrent Mark 12.116ms
[2711.868s][info][gc] GC(612) Concurrent Preclean
[2711.868s][info][gc] GC(612) Concurrent Preclean 0.133ms
[2711.868s][info][gc] GC(612) Concurrent Abortable Preclean
[2711.868s][info][gc] GC(612) Concurrent Abortable Preclean 0.015ms
[2711.873s][info][gc] GC(612) Pause Remark 27M->27M(29M) 5.490ms
[2711.874s][info][gc] GC(612) Concurrent Sweep
[2711.877s][info][gc] GC(612) Concurrent Sweep 3.338ms
[2711.877s][info][gc] GC(612) Concurrent Reset
[2711.877s][info][gc] GC(612) Concurrent Reset 0.022ms
[2713.884s][info][gc] GC(613) Pause Initial Mark 27M->27M(29M) 1.489ms
[2713.884s][info][gc] GC(613) Concurrent Mark
[2713.895s][info][gc] GC(613) Concurrent Mark 11.300ms
[2713.895s][info][gc] GC(613) Concurrent Preclean
[2713.895s][info][gc] GC(613) Concurrent Preclean 0.126ms
[2713.895s][info][gc] GC(613) Concurrent Abortable Preclean
[2713.895s][info][gc] GC(613) Concurrent Abortable Preclean 0.013ms
[2713.901s][info][gc] GC(613) Pause Remark 27M->27M(29M) 5.547ms
[2713.901s][info][gc] GC(613) Concurrent Sweep
[2713.904s][info][gc] GC(613) Concurrent Sweep 3.287ms
[2713.904s][info][gc] GC(613) Concurrent Reset
[2713.904s][info][gc] GC(613) Concurrent Reset 0.022ms
[2715.908s][info][gc] GC(614) Pause Initial Mark 27M->27M(29M) 0.921ms
[2715.908s][info][gc] GC(614) Concurrent Mark
[2715.920s][info][gc] GC(614) Concurrent Mark 11.846ms
[2715.920s][info][gc] GC(614) Concurrent Preclean
[2715.920s][info][gc] GC(614) Concurrent Preclean 0.118ms
[2715.920s][info][gc] GC(614) Concurrent Abortable Preclean
[2715.920s][info][gc] GC(614) Concurrent Abortable Preclean 0.013ms
[2715.926s][info][gc] GC(614) Pause Remark 27M->27M(29M) 5.484ms
[2715.926s][info][gc] GC(614) Concurrent Sweep
[2715.929s][info][gc] GC(614) Concurrent Sweep 3.243ms
[2715.929s][info][gc] GC(614) Concurrent Reset
[2715.929s][info][gc] GC(614) Concurrent Reset 0.019ms
[2717.931s][info][gc] GC(615) Pause Initial Mark 27M->27M(29M) 1.081ms
[2717.931s][info][gc] GC(615) Concurrent Mark
[2717.943s][info][gc] GC(615) Concurrent Mark 12.020ms
[2717.943s][info][gc] GC(615) Concurrent Preclean
[2717.943s][info][gc] GC(615) Concurrent Preclean 0.131ms
[2717.943s][info][gc] GC(615) Concurrent Abortable Preclean
[2717.943s][info][gc] GC(615) Concurrent Abortable Preclean 0.015ms
[2717.958s][info][gc] GC(615) Pause Remark 27M->27M(29M) 14.685ms
[2717.958s][info][gc] GC(615) Concurrent Sweep
[2717.962s][info][gc] GC(615) Concurrent Sweep 3.824ms
[2717.962s][info][gc] GC(615) Concurrent Reset
[2717.962s][info][gc] GC(615) Concurrent Reset 0.032ms
[2719.963s][info][gc] GC(616) Pause Initial Mark 27M->27M(29M) 1.090ms
[2719.963s][info][gc] GC(616) Concurrent Mark
[2719.976s][info][gc] GC(616) Concurrent Mark 12.275ms
[2719.976s][info][gc] GC(616) Concurrent Preclean
[2719.976s][info][gc] GC(616) Concurrent Preclean 0.123ms
[2719.976s][info][gc] GC(616) Concurrent Abortable Preclean
[2719.976s][info][gc] GC(616) Concurrent Abortable Preclean 0.013ms
[2719.982s][info][gc] GC(616) Pause Remark 27M->27M(29M) 5.574ms
[2719.982s][info][gc] GC(616) Concurrent Sweep
[2719.985s][info][gc] GC(616) Concurrent Sweep 3.137ms
[2719.985s][info][gc] GC(616) Concurrent Reset
[2719.985s][info][gc] GC(616) Concurrent Reset 0.018ms
[2721.990s][info][gc] GC(617) Pause Initial Mark 27M->27M(29M) 1.050ms
[2721.990s][info][gc] GC(617) Concurrent Mark
[2722.002s][info][gc] GC(617) Concurrent Mark 12.038ms
[2722.002s][info][gc] GC(617) Concurrent Preclean
[2722.003s][info][gc] GC(617) Concurrent Preclean 0.138ms
[2722.003s][info][gc] GC(617) Concurrent Abortable Preclean
[2722.003s][info][gc] GC(617) Concurrent Abortable Preclean 0.014ms
[2722.008s][info][gc] GC(617) Pause Remark 27M->27M(29M) 5.815ms
[2722.009s][info][gc] GC(617) Concurrent Sweep
[2722.012s][info][gc] GC(617) Concurrent Sweep 3.252ms
[2722.012s][info][gc] GC(617) Concurrent Reset
[2722.012s][info][gc] GC(617) Concurrent Reset 0.020ms
[2724.016s][info][gc] GC(618) Pause Initial Mark 27M->27M(29M) 1.277ms
[2724.016s][info][gc] GC(618) Concurrent Mark
[2724.029s][info][gc] GC(618) Concurrent Mark 12.424ms
[2724.029s][info][gc] GC(618) Concurrent Preclean
[2724.029s][info][gc] GC(618) Concurrent Preclean 0.128ms
[2724.029s][info][gc] GC(618) Concurrent Abortable Preclean
[2724.029s][info][gc] GC(618) Concurrent Abortable Preclean 0.014ms
[2724.035s][info][gc] GC(618) Pause Remark 27M->27M(29M) 5.725ms
[2724.035s][info][gc] GC(618) Concurrent Sweep
[2724.038s][info][gc] GC(618) Concurrent Sweep 3.260ms
[2724.038s][info][gc] GC(618) Concurrent Reset
[2724.038s][info][gc] GC(618) Concurrent Reset 0.020ms
[2726.042s][info][gc] GC(619) Pause Initial Mark 27M->27M(29M) 1.145ms
[2726.042s][info][gc] GC(619) Concurrent Mark
[2726.054s][info][gc] GC(619) Concurrent Mark 11.872ms
[2726.054s][info][gc] GC(619) Concurrent Preclean
[2726.054s][info][gc] GC(619) Concurrent Preclean 0.108ms
[2726.054s][info][gc] GC(619) Concurrent Abortable Preclean
[2726.054s][info][gc] GC(619) Concurrent Abortable Preclean 0.013ms
[2726.061s][info][gc] GC(619) Pause Remark 27M->27M(29M) 6.784ms
[2726.061s][info][gc] GC(619) Concurrent Sweep
[2726.064s][info][gc] GC(619) Concurrent Sweep 3.123ms
[2726.064s][info][gc] GC(619) Concurrent Reset
[2726.064s][info][gc] GC(619) Concurrent Reset 0.020ms
[2728.065s][info][gc] GC(620) Pause Initial Mark 27M->27M(29M) 0.619ms
[2728.065s][info][gc] GC(620) Concurrent Mark
[2728.075s][info][gc] GC(620) Concurrent Mark 10.337ms
[2728.075s][info][gc] GC(620) Concurrent Preclean
[2728.075s][info][gc] GC(620) Concurrent Preclean 0.116ms
[2728.075s][info][gc] GC(620) Concurrent Abortable Preclean
[2728.075s][info][gc] GC(620) Concurrent Abortable Preclean 0.013ms
[2728.081s][info][gc] GC(620) Pause Remark 27M->27M(29M) 5.333ms
[2728.081s][info][gc] GC(620) Concurrent Sweep
[2728.084s][info][gc] GC(620) Concurrent Sweep 3.364ms
[2728.084s][info][gc] GC(620) Concurrent Reset
[2728.084s][info][gc] GC(620) Concurrent Reset 0.020ms
[2730.090s][info][gc] GC(621) Pause Initial Mark 27M->27M(29M) 1.686ms
[2730.090s][info][gc] GC(621) Concurrent Mark
[2730.105s][info][gc] GC(621) Concurrent Mark 15.301ms
[2730.105s][info][gc] GC(621) Concurrent Preclean
[2730.105s][info][gc] GC(621) Concurrent Preclean 0.120ms
[2730.105s][info][gc] GC(621) Concurrent Abortable Preclean
[2730.105s][info][gc] GC(621) Concurrent Abortable Preclean 0.012ms
[2730.111s][info][gc] GC(621) Pause Remark 27M->27M(29M) 5.398ms
[2730.111s][info][gc] GC(621) Concurrent Sweep
[2730.114s][info][gc] GC(621) Concurrent Sweep 3.246ms
[2730.114s][info][gc] GC(621) Concurrent Reset
[2730.114s][info][gc] GC(621) Concurrent Reset 0.020ms
[2732.115s][info][gc] GC(622) Pause Initial Mark 27M->27M(29M) 0.622ms
[2732.115s][info][gc] GC(622) Concurrent Mark
[2732.131s][info][gc] GC(622) Concurrent Mark 15.398ms
[2732.131s][info][gc] GC(622) Concurrent Preclean
[2732.131s][info][gc] GC(622) Concurrent Preclean 0.292ms
[2732.131s][info][gc] GC(622) Concurrent Abortable Preclean
[2732.131s][info][gc] GC(622) Concurrent Abortable Preclean 0.015ms
[2732.153s][info][gc] GC(622) Pause Remark 27M->27M(29M) 22.066ms
[2732.154s][info][gc] GC(622) Concurrent Sweep
[2732.159s][info][gc] GC(622) Concurrent Sweep 5.052ms
[2732.159s][info][gc] GC(622) Concurrent Reset
[2732.159s][info][gc] GC(622) Concurrent Reset 0.035ms
[2734.161s][info][gc] GC(623) Pause Initial Mark 27M->27M(29M) 1.079ms
[2734.162s][info][gc] GC(623) Concurrent Mark
[2734.174s][info][gc] GC(623) Concurrent Mark 12.116ms
[2734.174s][info][gc] GC(623) Concurrent Preclean
[2734.174s][info][gc] GC(623) Concurrent Preclean 0.127ms
[2734.174s][info][gc] GC(623) Concurrent Abortable Preclean
[2734.174s][info][gc] GC(623) Concurrent Abortable Preclean 0.013ms
[2734.179s][info][gc] GC(623) Pause Remark 27M->27M(29M) 5.442ms
[2734.180s][info][gc] GC(623) Concurrent Sweep
[2734.183s][info][gc] GC(623) Concurrent Sweep 3.256ms
[2734.183s][info][gc] GC(623) Concurrent Reset
[2734.183s][info][gc] GC(623) Concurrent Reset 0.020ms
[2736.185s][info][gc] GC(624) Pause Initial Mark 27M->27M(29M) 0.916ms
[2736.185s][info][gc] GC(624) Concurrent Mark
[2736.197s][info][gc] GC(624) Concurrent Mark 11.767ms
[2736.197s][info][gc] GC(624) Concurrent Preclean
[2736.197s][info][gc] GC(624) Concurrent Preclean 0.132ms
[2736.197s][info][gc] GC(624) Concurrent Abortable Preclean
[2736.197s][info][gc] GC(624) Concurrent Abortable Preclean 0.015ms
[2736.203s][info][gc] GC(624) Pause Remark 27M->27M(29M) 5.884ms
[2736.203s][info][gc] GC(624) Concurrent Sweep
[2736.206s][info][gc] GC(624) Concurrent Sweep 3.256ms
[2736.206s][info][gc] GC(624) Concurrent Reset
[2736.206s][info][gc] GC(624) Concurrent Reset 0.020ms
[2738.209s][info][gc] GC(625) Pause Initial Mark 27M->27M(29M) 1.040ms
[2738.209s][info][gc] GC(625) Concurrent Mark
[2738.222s][info][gc] GC(625) Concurrent Mark 12.080ms
[2738.222s][info][gc] GC(625) Concurrent Preclean
[2738.222s][info][gc] GC(625) Concurrent Preclean 0.136ms
[2738.222s][info][gc] GC(625) Concurrent Abortable Preclean
[2738.222s][info][gc] GC(625) Concurrent Abortable Preclean 0.015ms
[2738.227s][info][gc] GC(625) Pause Remark 27M->27M(29M) 5.586ms
[2738.228s][info][gc] GC(625) Concurrent Sweep
[2738.231s][info][gc] GC(625) Concurrent Sweep 3.287ms
[2738.231s][info][gc] GC(625) Concurrent Reset
[2738.231s][info][gc] GC(625) Concurrent Reset 0.020ms
[2740.237s][info][gc] GC(626) Pause Initial Mark 27M->27M(29M) 1.137ms
[2740.238s][info][gc] GC(626) Concurrent Mark
[2740.260s][info][gc] GC(626) Concurrent Mark 21.969ms
[2740.260s][info][gc] GC(626) Concurrent Preclean
[2740.260s][info][gc] GC(626) Concurrent Preclean 0.129ms
[2740.260s][info][gc] GC(626) Concurrent Abortable Preclean
[2740.260s][info][gc] GC(626) Concurrent Abortable Preclean 0.012ms
[2740.268s][info][gc] GC(626) Pause Remark 27M->27M(29M) 8.442ms
[2740.268s][info][gc] GC(626) Concurrent Sweep
[2740.273s][info][gc] GC(626) Concurrent Sweep 4.361ms
[2740.273s][info][gc] GC(626) Concurrent Reset
[2740.273s][info][gc] GC(626) Concurrent Reset 0.021ms
[2742.276s][info][gc] GC(627) Pause Initial Mark 27M->27M(29M) 1.182ms
[2742.276s][info][gc] GC(627) Concurrent Mark
[2742.288s][info][gc] GC(627) Concurrent Mark 12.068ms
[2742.288s][info][gc] GC(627) Concurrent Preclean
[2742.288s][info][gc] GC(627) Concurrent Preclean 0.132ms
[2742.288s][info][gc] GC(627) Concurrent Abortable Preclean
[2742.288s][info][gc] GC(627) Concurrent Abortable Preclean 0.015ms
[2742.294s][info][gc] GC(627) Pause Remark 27M->27M(29M) 5.639ms
[2742.294s][info][gc] GC(627) Concurrent Sweep
[2742.297s][info][gc] GC(627) Concurrent Sweep 3.306ms
[2742.297s][info][gc] GC(627) Concurrent Reset
[2742.297s][info][gc] GC(627) Concurrent Reset 0.021ms
[2744.303s][info][gc] GC(628) Pause Initial Mark 27M->27M(29M) 1.070ms
[2744.303s][info][gc] GC(628) Concurrent Mark
[2744.315s][info][gc] GC(628) Concurrent Mark 11.565ms
[2744.315s][info][gc] GC(628) Concurrent Preclean
[2744.315s][info][gc] GC(628) Concurrent Preclean 0.122ms
[2744.315s][info][gc] GC(628) Concurrent Abortable Preclean
[2744.315s][info][gc] GC(628) Concurrent Abortable Preclean 0.012ms
[2744.320s][info][gc] GC(628) Pause Remark 27M->27M(29M) 5.426ms
[2744.320s][info][gc] GC(628) Concurrent Sweep
[2744.324s][info][gc] GC(628) Concurrent Sweep 3.761ms
[2744.324s][info][gc] GC(628) Concurrent Reset
[2744.324s][info][gc] GC(628) Concurrent Reset 0.023ms
[2746.325s][info][gc] GC(629) Pause Initial Mark 27M->27M(29M) 1.071ms
[2746.325s][info][gc] GC(629) Concurrent Mark
[2746.337s][info][gc] GC(629) Concurrent Mark 12.099ms
[2746.337s][info][gc] GC(629) Concurrent Preclean
[2746.337s][info][gc] GC(629) Concurrent Preclean 0.117ms
[2746.337s][info][gc] GC(629) Concurrent Abortable Preclean
[2746.337s][info][gc] GC(629) Concurrent Abortable Preclean 0.014ms
[2746.343s][info][gc] GC(629) Pause Remark 27M->27M(29M) 5.454ms
[2746.343s][info][gc] GC(629) Concurrent Sweep
[2746.346s][info][gc] GC(629) Concurrent Sweep 3.615ms
[2746.347s][info][gc] GC(629) Concurrent Reset
[2746.347s][info][gc] GC(629) Concurrent Reset 0.022ms
[2748.349s][info][gc] GC(630) Pause Initial Mark 27M->27M(29M) 1.078ms
[2748.349s][info][gc] GC(630) Concurrent Mark
[2748.362s][info][gc] GC(630) Concurrent Mark 13.441ms
[2748.363s][info][gc] GC(630) Concurrent Preclean
[2748.363s][info][gc] GC(630) Concurrent Preclean 0.129ms
[2748.363s][info][gc] GC(630) Concurrent Abortable Preclean
[2748.363s][info][gc] GC(630) Concurrent Abortable Preclean 0.014ms
[2748.375s][info][gc] GC(630) Pause Remark 27M->27M(29M) 12.590ms
[2748.376s][info][gc] GC(630) Concurrent Sweep
[2748.381s][info][gc] GC(630) Concurrent Sweep 5.100ms
[2748.381s][info][gc] GC(630) Concurrent Reset
[2748.381s][info][gc] GC(630) Concurrent Reset 0.022ms
[2750.383s][info][gc] GC(631) Pause Initial Mark 27M->27M(29M) 0.544ms
[2750.383s][info][gc] GC(631) Concurrent Mark
[2750.392s][info][gc] GC(631) Concurrent Mark 9.134ms
[2750.392s][info][gc] GC(631) Concurrent Preclean
[2750.393s][info][gc] GC(631) Concurrent Preclean 0.103ms
[2750.393s][info][gc] GC(631) Concurrent Abortable Preclean
[2750.393s][info][gc] GC(631) Concurrent Abortable Preclean 0.012ms
[2750.398s][info][gc] GC(631) Pause Remark 27M->27M(29M) 5.446ms
[2750.398s][info][gc] GC(631) Concurrent Sweep
[2750.401s][info][gc] GC(631) Concurrent Sweep 2.951ms
[2750.401s][info][gc] GC(631) Concurrent Reset
[2750.401s][info][gc] GC(631) Concurrent Reset 0.019ms
[2752.405s][info][gc] GC(632) Pause Initial Mark 27M->27M(29M) 0.982ms
[2752.405s][info][gc] GC(632) Concurrent Mark
[2752.417s][info][gc] GC(632) Concurrent Mark 11.891ms
[2752.417s][info][gc] GC(632) Concurrent Preclean
[2752.417s][info][gc] GC(632) Concurrent Preclean 0.117ms
[2752.417s][info][gc] GC(632) Concurrent Abortable Preclean
[2752.417s][info][gc] GC(632) Concurrent Abortable Preclean 0.013ms
[2752.423s][info][gc] GC(632) Pause Remark 27M->27M(29M) 5.702ms
[2752.423s][info][gc] GC(632) Concurrent Sweep
[2752.426s][info][gc] GC(632) Concurrent Sweep 3.209ms
[2752.426s][info][gc] GC(632) Concurrent Reset
[2752.426s][info][gc] GC(632) Concurrent Reset 0.019ms
[2754.430s][info][gc] GC(633) Pause Initial Mark 27M->27M(29M) 1.090ms
[2754.430s][info][gc] GC(633) Concurrent Mark
[2754.442s][info][gc] GC(633) Concurrent Mark 12.118ms
[2754.442s][info][gc] GC(633) Concurrent Preclean
[2754.442s][info][gc] GC(633) Concurrent Preclean 0.164ms
[2754.442s][info][gc] GC(633) Concurrent Abortable Preclean
[2754.442s][info][gc] GC(633) Concurrent Abortable Preclean 0.011ms
[2754.448s][info][gc] GC(633) Pause Remark 27M->27M(29M) 5.758ms
[2754.448s][info][gc] GC(633) Concurrent Sweep
[2754.452s][info][gc] GC(633) Concurrent Sweep 3.325ms
[2754.452s][info][gc] GC(633) Concurrent Reset
[2754.452s][info][gc] GC(633) Concurrent Reset 0.017ms
[2756.453s][info][gc] GC(634) Pause Initial Mark 27M->27M(29M) 1.626ms
[2756.453s][info][gc] GC(634) Concurrent Mark
[2756.465s][info][gc] GC(634) Concurrent Mark 11.820ms
[2756.465s][info][gc] GC(634) Concurrent Preclean
[2756.465s][info][gc] GC(634) Concurrent Preclean 0.115ms
[2756.465s][info][gc] GC(634) Concurrent Abortable Preclean
[2756.465s][info][gc] GC(634) Concurrent Abortable Preclean 0.011ms
[2756.471s][info][gc] GC(634) Pause Remark 27M->27M(29M) 5.330ms
[2756.471s][info][gc] GC(634) Concurrent Sweep
[2756.474s][info][gc] GC(634) Concurrent Sweep 3.002ms
[2756.474s][info][gc] GC(634) Concurrent Reset
[2756.474s][info][gc] GC(634) Concurrent Reset 0.016ms
[2758.480s][info][gc] GC(635) Pause Initial Mark 27M->27M(29M) 1.132ms
[2758.480s][info][gc] GC(635) Concurrent Mark
[2758.493s][info][gc] GC(635) Concurrent Mark 13.136ms
[2758.493s][info][gc] GC(635) Concurrent Preclean
[2758.493s][info][gc] GC(635) Concurrent Preclean 0.123ms
[2758.493s][info][gc] GC(635) Concurrent Abortable Preclean
[2758.493s][info][gc] GC(635) Concurrent Abortable Preclean 0.011ms
[2758.499s][info][gc] GC(635) Pause Remark 27M->27M(29M) 5.627ms
[2758.499s][info][gc] GC(635) Concurrent Sweep
[2758.505s][info][gc] GC(635) Concurrent Sweep 5.916ms
[2758.505s][info][gc] GC(635) Concurrent Reset
[2758.505s][info][gc] GC(635) Concurrent Reset 0.077ms
[2760.507s][info][gc] GC(636) Pause Initial Mark 27M->27M(29M) 1.093ms
[2760.507s][info][gc] GC(636) Concurrent Mark
[2760.519s][info][gc] GC(636) Concurrent Mark 11.974ms
[2760.519s][info][gc] GC(636) Concurrent Preclean
[2760.519s][info][gc] GC(636) Concurrent Preclean 0.115ms
[2760.519s][info][gc] GC(636) Concurrent Abortable Preclean
[2760.519s][info][gc] GC(636) Concurrent Abortable Preclean 0.011ms
[2760.524s][info][gc] GC(636) Pause Remark 27M->27M(29M) 5.460ms
[2760.525s][info][gc] GC(636) Concurrent Sweep
[2760.528s][info][gc] GC(636) Concurrent Sweep 3.265ms
[2760.528s][info][gc] GC(636) Concurrent Reset
[2760.528s][info][gc] GC(636) Concurrent Reset 0.018ms
[2762.529s][info][gc] GC(637) Pause Initial Mark 27M->27M(29M) 1.117ms
[2762.529s][info][gc] GC(637) Concurrent Mark
[2762.541s][info][gc] GC(637) Concurrent Mark 11.936ms
[2762.541s][info][gc] GC(637) Concurrent Preclean
[2762.541s][info][gc] GC(637) Concurrent Preclean 0.117ms
[2762.541s][info][gc] GC(637) Concurrent Abortable Preclean
[2762.541s][info][gc] GC(637) Concurrent Abortable Preclean 0.011ms
[2762.547s][info][gc] GC(637) Pause Remark 27M->27M(29M) 5.594ms
[2762.547s][info][gc] GC(637) Concurrent Sweep
[2762.551s][info][gc] GC(637) Concurrent Sweep 3.348ms
[2762.551s][info][gc] GC(637) Concurrent Reset
[2762.551s][info][gc] GC(637) Concurrent Reset 0.025ms
[2764.553s][info][gc] GC(638) Pause Initial Mark 27M->27M(29M) 1.103ms
[2764.553s][info][gc] GC(638) Concurrent Mark
[2764.566s][info][gc] GC(638) Concurrent Mark 12.760ms
[2764.566s][info][gc] GC(638) Concurrent Preclean
[2764.566s][info][gc] GC(638) Concurrent Preclean 0.127ms
[2764.566s][info][gc] GC(638) Concurrent Abortable Preclean
[2764.566s][info][gc] GC(638) Concurrent Abortable Preclean 0.011ms
[2764.573s][info][gc] GC(638) Pause Remark 27M->27M(29M) 6.766ms
[2764.573s][info][gc] GC(638) Concurrent Sweep
[2764.576s][info][gc] GC(638) Concurrent Sweep 3.259ms
[2764.577s][info][gc] GC(638) Concurrent Reset
[2764.577s][info][gc] GC(638) Concurrent Reset 0.018ms
[2766.578s][info][gc] GC(639) Pause Initial Mark 27M->27M(29M) 0.709ms
[2766.578s][info][gc] GC(639) Concurrent Mark
[2766.588s][info][gc] GC(639) Concurrent Mark 10.408ms
[2766.588s][info][gc] GC(639) Concurrent Preclean
[2766.588s][info][gc] GC(639) Concurrent Preclean 0.125ms
[2766.588s][info][gc] GC(639) Concurrent Abortable Preclean
[2766.588s][info][gc] GC(639) Concurrent Abortable Preclean 0.010ms
[2766.594s][info][gc] GC(639) Pause Remark 27M->27M(29M) 5.710ms
[2766.594s][info][gc] GC(639) Concurrent Sweep
[2766.597s][info][gc] GC(639) Concurrent Sweep 3.204ms
[2766.597s][info][gc] GC(639) Concurrent Reset
[2766.598s][info][gc] GC(639) Concurrent Reset 0.017ms
[2768.604s][info][gc] GC(640) Pause Initial Mark 27M->27M(29M) 1.188ms
[2768.604s][info][gc] GC(640) Concurrent Mark
[2768.616s][info][gc] GC(640) Concurrent Mark 12.078ms
[2768.616s][info][gc] GC(640) Concurrent Preclean
[2768.616s][info][gc] GC(640) Concurrent Preclean 0.115ms
[2768.616s][info][gc] GC(640) Concurrent Abortable Preclean
[2768.616s][info][gc] GC(640) Concurrent Abortable Preclean 0.011ms
[2768.622s][info][gc] GC(640) Pause Remark 27M->27M(29M) 5.530ms
[2768.622s][info][gc] GC(640) Concurrent Sweep
[2768.625s][info][gc] GC(640) Concurrent Sweep 3.258ms
[2768.625s][info][gc] GC(640) Concurrent Reset
[2768.625s][info][gc] GC(640) Concurrent Reset 0.017ms
[2770.631s][info][gc] GC(641) Pause Initial Mark 27M->27M(29M) 1.131ms
[2770.631s][info][gc] GC(641) Concurrent Mark
[2770.646s][info][gc] GC(641) Concurrent Mark 15.607ms
[2770.647s][info][gc] GC(641) Concurrent Preclean
[2770.647s][info][gc] GC(641) Concurrent Preclean 0.119ms
[2770.647s][info][gc] GC(641) Concurrent Abortable Preclean
[2770.647s][info][gc] GC(641) Concurrent Abortable Preclean 0.011ms
[2770.652s][info][gc] GC(641) Pause Remark 27M->27M(29M) 5.611ms
[2770.652s][info][gc] GC(641) Concurrent Sweep
[2770.656s][info][gc] GC(641) Concurrent Sweep 3.211ms
[2770.656s][info][gc] GC(641) Concurrent Reset
[2770.656s][info][gc] GC(641) Concurrent Reset 0.017ms
[2772.656s][info][gc] GC(642) Pause Initial Mark 27M->27M(29M) 0.542ms
[2772.656s][info][gc] GC(642) Concurrent Mark
[2772.669s][info][gc] GC(642) Concurrent Mark 12.553ms
[2772.669s][info][gc] GC(642) Concurrent Preclean
[2772.669s][info][gc] GC(642) Concurrent Preclean 0.123ms
[2772.669s][info][gc] GC(642) Concurrent Abortable Preclean
[2772.669s][info][gc] GC(642) Concurrent Abortable Preclean 0.011ms
[2772.675s][info][gc] GC(642) Pause Remark 27M->27M(29M) 5.744ms
[2772.675s][info][gc] GC(642) Concurrent Sweep
[2772.678s][info][gc] GC(642) Concurrent Sweep 3.281ms
[2772.678s][info][gc] GC(642) Concurrent Reset
[2772.678s][info][gc] GC(642) Concurrent Reset 0.031ms
[2774.679s][info][gc] GC(643) Pause Initial Mark 27M->27M(29M) 0.753ms
[2774.679s][info][gc] GC(643) Concurrent Mark
[2774.690s][info][gc] GC(643) Concurrent Mark 10.208ms
[2774.690s][info][gc] GC(643) Concurrent Preclean
[2774.690s][info][gc] GC(643) Concurrent Preclean 0.126ms
[2774.690s][info][gc] GC(643) Concurrent Abortable Preclean
[2774.690s][info][gc] GC(643) Concurrent Abortable Preclean 0.010ms
[2774.696s][info][gc] GC(643) Pause Remark 27M->27M(29M) 5.622ms
[2774.696s][info][gc] GC(643) Concurrent Sweep
[2774.699s][info][gc] GC(643) Concurrent Sweep 3.019ms
[2774.699s][info][gc] GC(643) Concurrent Reset
[2774.699s][info][gc] GC(643) Concurrent Reset 0.017ms
[2776.703s][info][gc] GC(644) Pause Initial Mark 27M->27M(29M) 0.856ms
[2776.704s][info][gc] GC(644) Concurrent Mark
[2776.724s][info][gc] GC(644) Concurrent Mark 20.946ms
[2776.725s][info][gc] GC(644) Concurrent Preclean
[2776.725s][info][gc] GC(644) Concurrent Preclean 0.136ms
[2776.725s][info][gc] GC(644) Concurrent Abortable Preclean
[2776.725s][info][gc] GC(644) Concurrent Abortable Preclean 0.011ms
[2776.733s][info][gc] GC(644) Pause Remark 27M->27M(29M) 8.113ms
[2776.733s][info][gc] GC(644) Concurrent Sweep
[2776.736s][info][gc] GC(644) Concurrent Sweep 3.222ms
[2776.736s][info][gc] GC(644) Concurrent Reset
[2776.736s][info][gc] GC(644) Concurrent Reset 0.017ms
[2778.741s][info][gc] GC(645) Pause Initial Mark 27M->27M(29M) 0.568ms
[2778.741s][info][gc] GC(645) Concurrent Mark
[2778.752s][info][gc] GC(645) Concurrent Mark 10.134ms
[2778.752s][info][gc] GC(645) Concurrent Preclean
[2778.752s][info][gc] GC(645) Concurrent Preclean 0.127ms
[2778.752s][info][gc] GC(645) Concurrent Abortable Preclean
[2778.752s][info][gc] GC(645) Concurrent Abortable Preclean 0.012ms
[2778.758s][info][gc] GC(645) Pause Remark 27M->27M(29M) 5.726ms
[2778.758s][info][gc] GC(645) Concurrent Sweep
[2778.761s][info][gc] GC(645) Concurrent Sweep 3.057ms
[2778.761s][info][gc] GC(645) Concurrent Reset
[2778.761s][info][gc] GC(645) Concurrent Reset 0.017ms
[2780.766s][info][gc] GC(646) Pause Initial Mark 27M->27M(29M) 1.070ms
[2780.766s][info][gc] GC(646) Concurrent Mark
[2780.778s][info][gc] GC(646) Concurrent Mark 12.005ms
[2780.778s][info][gc] GC(646) Concurrent Preclean
[2780.778s][info][gc] GC(646) Concurrent Preclean 0.129ms
[2780.778s][info][gc] GC(646) Concurrent Abortable Preclean
[2780.778s][info][gc] GC(646) Concurrent Abortable Preclean 0.012ms
[2780.784s][info][gc] GC(646) Pause Remark 27M->27M(29M) 5.620ms
[2780.784s][info][gc] GC(646) Concurrent Sweep
[2780.787s][info][gc] GC(646) Concurrent Sweep 3.217ms
[2780.788s][info][gc] GC(646) Concurrent Reset
[2780.788s][info][gc] GC(646) Concurrent Reset 0.016ms
[2782.792s][info][gc] GC(647) Pause Initial Mark 27M->27M(29M) 1.073ms
[2782.792s][info][gc] GC(647) Concurrent Mark
[2782.805s][info][gc] GC(647) Concurrent Mark 12.927ms
[2782.805s][info][gc] GC(647) Concurrent Preclean
[2782.805s][info][gc] GC(647) Concurrent Preclean 0.118ms
[2782.805s][info][gc] GC(647) Concurrent Abortable Preclean
[2782.805s][info][gc] GC(647) Concurrent Abortable Preclean 0.013ms
[2782.811s][info][gc] GC(647) Pause Remark 27M->27M(29M) 5.887ms
[2782.811s][info][gc] GC(647) Concurrent Sweep
[2782.814s][info][gc] GC(647) Concurrent Sweep 3.049ms
[2782.814s][info][gc] GC(647) Concurrent Reset
[2782.814s][info][gc] GC(647) Concurrent Reset 0.019ms
[2784.816s][info][gc] GC(648) Pause Initial Mark 27M->27M(29M) 1.115ms
[2784.816s][info][gc] GC(648) Concurrent Mark
[2784.828s][info][gc] GC(648) Concurrent Mark 11.822ms
[2784.828s][info][gc] GC(648) Concurrent Preclean
[2784.828s][info][gc] GC(648) Concurrent Preclean 0.128ms
[2784.829s][info][gc] GC(648) Concurrent Abortable Preclean
[2784.829s][info][gc] GC(648) Concurrent Abortable Preclean 0.014ms
[2784.834s][info][gc] GC(648) Pause Remark 27M->27M(29M) 5.666ms
[2784.834s][info][gc] GC(648) Concurrent Sweep
[2784.838s][info][gc] GC(648) Concurrent Sweep 3.258ms
[2784.838s][info][gc] GC(648) Concurrent Reset
[2784.838s][info][gc] GC(648) Concurrent Reset 0.020ms
[2786.843s][info][gc] GC(649) Pause Initial Mark 27M->27M(29M) 1.077ms
[2786.843s][info][gc] GC(649) Concurrent Mark
[2786.855s][info][gc] GC(649) Concurrent Mark 12.005ms
[2786.855s][info][gc] GC(649) Concurrent Preclean
[2786.855s][info][gc] GC(649) Concurrent Preclean 0.117ms
[2786.855s][info][gc] GC(649) Concurrent Abortable Preclean
[2786.855s][info][gc] GC(649) Concurrent Abortable Preclean 0.014ms
[2786.861s][info][gc] GC(649) Pause Remark 27M->27M(29M) 5.713ms
[2786.861s][info][gc] GC(649) Concurrent Sweep
[2786.864s][info][gc] GC(649) Concurrent Sweep 3.063ms
[2786.864s][info][gc] GC(649) Concurrent Reset
[2786.864s][info][gc] GC(649) Concurrent Reset 0.018ms
[2788.869s][info][gc] GC(650) Pause Initial Mark 27M->27M(29M) 1.089ms
[2788.869s][info][gc] GC(650) Concurrent Mark
[2788.881s][info][gc] GC(650) Concurrent Mark 12.008ms
[2788.881s][info][gc] GC(650) Concurrent Preclean
[2788.881s][info][gc] GC(650) Concurrent Preclean 0.121ms
[2788.881s][info][gc] GC(650) Concurrent Abortable Preclean
[2788.882s][info][gc] GC(650) Concurrent Abortable Preclean 0.014ms
[2788.887s][info][gc] GC(650) Pause Remark 27M->27M(29M) 5.568ms
[2788.887s][info][gc] GC(650) Concurrent Sweep
[2788.891s][info][gc] GC(650) Concurrent Sweep 3.315ms
[2788.891s][info][gc] GC(650) Concurrent Reset
[2788.891s][info][gc] GC(650) Concurrent Reset 0.021ms
[2790.897s][info][gc] GC(651) Pause Initial Mark 27M->27M(29M) 1.116ms
[2790.897s][info][gc] GC(651) Concurrent Mark
[2790.909s][info][gc] GC(651) Concurrent Mark 12.121ms
[2790.909s][info][gc] GC(651) Concurrent Preclean
[2790.909s][info][gc] GC(651) Concurrent Preclean 0.136ms
[2790.909s][info][gc] GC(651) Concurrent Abortable Preclean
[2790.909s][info][gc] GC(651) Concurrent Abortable Preclean 0.019ms
[2790.915s][info][gc] GC(651) Pause Remark 27M->27M(29M) 5.634ms
[2790.915s][info][gc] GC(651) Concurrent Sweep
[2790.919s][info][gc] GC(651) Concurrent Sweep 3.309ms
[2790.919s][info][gc] GC(651) Concurrent Reset
[2790.919s][info][gc] GC(651) Concurrent Reset 0.020ms
[2792.919s][info][gc] GC(652) Pause Initial Mark 27M->27M(29M) 0.671ms
[2792.919s][info][gc] GC(652) Concurrent Mark
[2792.932s][info][gc] GC(652) Concurrent Mark 12.281ms
[2792.932s][info][gc] GC(652) Concurrent Preclean
[2792.932s][info][gc] GC(652) Concurrent Preclean 0.119ms
[2792.932s][info][gc] GC(652) Concurrent Abortable Preclean
[2792.932s][info][gc] GC(652) Concurrent Abortable Preclean 0.012ms
[2792.938s][info][gc] GC(652) Pause Remark 27M->27M(29M) 6.280ms
[2792.938s][info][gc] GC(652) Concurrent Sweep
[2792.941s][info][gc] GC(652) Concurrent Sweep 3.049ms
[2792.941s][info][gc] GC(652) Concurrent Reset
[2792.941s][info][gc] GC(652) Concurrent Reset 0.018ms
[2794.945s][info][gc] GC(653) Pause Initial Mark 27M->27M(29M) 1.066ms
[2794.945s][info][gc] GC(653) Concurrent Mark
[2794.957s][info][gc] GC(653) Concurrent Mark 11.957ms
[2794.957s][info][gc] GC(653) Concurrent Preclean
[2794.957s][info][gc] GC(653) Concurrent Preclean 0.127ms
[2794.957s][info][gc] GC(653) Concurrent Abortable Preclean
[2794.957s][info][gc] GC(653) Concurrent Abortable Preclean 0.013ms
[2794.963s][info][gc] GC(653) Pause Remark 27M->27M(29M) 5.596ms
[2794.963s][info][gc] GC(653) Concurrent Sweep
[2794.966s][info][gc] GC(653) Concurrent Sweep 3.259ms
[2794.966s][info][gc] GC(653) Concurrent Reset
[2794.966s][info][gc] GC(653) Concurrent Reset 0.020ms
[2796.968s][info][gc] GC(654) Pause Initial Mark 27M->27M(29M) 1.177ms
[2796.968s][info][gc] GC(654) Concurrent Mark
[2796.980s][info][gc] GC(654) Concurrent Mark 12.172ms
[2796.980s][info][gc] GC(654) Concurrent Preclean
[2796.980s][info][gc] GC(654) Concurrent Preclean 0.135ms
[2796.980s][info][gc] GC(654) Concurrent Abortable Preclean
[2796.980s][info][gc] GC(654) Concurrent Abortable Preclean 0.015ms
[2796.986s][info][gc] GC(654) Pause Remark 27M->27M(29M) 5.649ms
[2796.986s][info][gc] GC(654) Concurrent Sweep
[2796.989s][info][gc] GC(654) Concurrent Sweep 3.240ms
[2796.989s][info][gc] GC(654) Concurrent Reset
[2796.990s][info][gc] GC(654) Concurrent Reset 0.019ms
[2798.992s][info][gc] GC(655) Pause Initial Mark 27M->27M(29M) 1.050ms
[2798.992s][info][gc] GC(655) Concurrent Mark
[2799.004s][info][gc] GC(655) Concurrent Mark 12.044ms
[2799.004s][info][gc] GC(655) Concurrent Preclean
[2799.004s][info][gc] GC(655) Concurrent Preclean 0.139ms
[2799.004s][info][gc] GC(655) Concurrent Abortable Preclean
[2799.004s][info][gc] GC(655) Concurrent Abortable Preclean 0.014ms
[2799.010s][info][gc] GC(655) Pause Remark 27M->27M(29M) 5.677ms
[2799.010s][info][gc] GC(655) Concurrent Sweep
[2799.013s][info][gc] GC(655) Concurrent Sweep 3.261ms
[2799.013s][info][gc] GC(655) Concurrent Reset
[2799.013s][info][gc] GC(655) Concurrent Reset 0.020ms
[2801.017s][info][gc] GC(656) Pause Initial Mark 27M->27M(29M) 1.015ms
[2801.017s][info][gc] GC(656) Concurrent Mark
[2801.029s][info][gc] GC(656) Concurrent Mark 12.088ms
[2801.029s][info][gc] GC(656) Concurrent Preclean
[2801.029s][info][gc] GC(656) Concurrent Preclean 0.119ms
[2801.029s][info][gc] GC(656) Concurrent Abortable Preclean
[2801.029s][info][gc] GC(656) Concurrent Abortable Preclean 0.014ms
[2801.035s][info][gc] GC(656) Pause Remark 27M->27M(29M) 5.558ms
[2801.035s][info][gc] GC(656) Concurrent Sweep
[2801.038s][info][gc] GC(656) Concurrent Sweep 3.324ms
[2801.038s][info][gc] GC(656) Concurrent Reset
[2801.038s][info][gc] GC(656) Concurrent Reset 0.021ms
[2803.040s][info][gc] GC(657) Pause Initial Mark 27M->27M(29M) 1.064ms
[2803.040s][info][gc] GC(657) Concurrent Mark
[2803.055s][info][gc] GC(657) Concurrent Mark 14.935ms
[2803.055s][info][gc] GC(657) Concurrent Preclean
[2803.056s][info][gc] GC(657) Concurrent Preclean 0.122ms
[2803.056s][info][gc] GC(657) Concurrent Abortable Preclean
[2803.056s][info][gc] GC(657) Concurrent Abortable Preclean 0.017ms
[2803.061s][info][gc] GC(657) Pause Remark 27M->27M(29M) 5.641ms
[2803.061s][info][gc] GC(657) Concurrent Sweep
[2803.065s][info][gc] GC(657) Concurrent Sweep 3.313ms
[2803.065s][info][gc] GC(657) Concurrent Reset
[2803.065s][info][gc] GC(657) Concurrent Reset 0.021ms
[2805.068s][info][gc] GC(658) Pause Initial Mark 27M->27M(29M) 1.158ms
[2805.068s][info][gc] GC(658) Concurrent Mark
[2805.082s][info][gc] GC(658) Concurrent Mark 13.639ms
[2805.082s][info][gc] GC(658) Concurrent Preclean
[2805.082s][info][gc] GC(658) Concurrent Preclean 0.141ms
[2805.082s][info][gc] GC(658) Concurrent Abortable Preclean
[2805.082s][info][gc] GC(658) Concurrent Abortable Preclean 0.013ms
[2805.088s][info][gc] GC(658) Pause Remark 27M->27M(29M) 5.854ms
[2805.088s][info][gc] GC(658) Concurrent Sweep
[2805.091s][info][gc] GC(658) Concurrent Sweep 3.331ms
[2805.091s][info][gc] GC(658) Concurrent Reset
[2805.091s][info][gc] GC(658) Concurrent Reset 0.048ms
[2807.096s][info][gc] GC(659) Pause Initial Mark 27M->27M(29M) 2.190ms
[2807.096s][info][gc] GC(659) Concurrent Mark
[2807.108s][info][gc] GC(659) Concurrent Mark 11.703ms
[2807.108s][info][gc] GC(659) Concurrent Preclean
[2807.108s][info][gc] GC(659) Concurrent Preclean 0.118ms
[2807.108s][info][gc] GC(659) Concurrent Abortable Preclean
[2807.108s][info][gc] GC(659) Concurrent Abortable Preclean 0.013ms
[2807.114s][info][gc] GC(659) Pause Remark 27M->27M(29M) 5.589ms
[2807.114s][info][gc] GC(659) Concurrent Sweep
[2807.117s][info][gc] GC(659) Concurrent Sweep 3.374ms
[2807.117s][info][gc] GC(659) Concurrent Reset
[2807.117s][info][gc] GC(659) Concurrent Reset 0.020ms
[2809.123s][info][gc] GC(660) Pause Initial Mark 27M->27M(29M) 0.773ms
[2809.123s][info][gc] GC(660) Concurrent Mark
[2809.135s][info][gc] GC(660) Concurrent Mark 11.643ms
[2809.135s][info][gc] GC(660) Concurrent Preclean
[2809.135s][info][gc] GC(660) Concurrent Preclean 0.119ms
[2809.135s][info][gc] GC(660) Concurrent Abortable Preclean
[2809.135s][info][gc] GC(660) Concurrent Abortable Preclean 0.014ms
[2809.141s][info][gc] GC(660) Pause Remark 27M->27M(29M) 5.813ms
[2809.141s][info][gc] GC(660) Concurrent Sweep
[2809.145s][info][gc] GC(660) Concurrent Sweep 3.659ms
[2809.145s][info][gc] GC(660) Concurrent Reset
[2809.145s][info][gc] GC(660) Concurrent Reset 0.023ms
[2811.147s][info][gc] GC(661) Pause Initial Mark 27M->27M(29M) 1.056ms
[2811.147s][info][gc] GC(661) Concurrent Mark
[2811.159s][info][gc] GC(661) Concurrent Mark 11.912ms
[2811.159s][info][gc] GC(661) Concurrent Preclean
[2811.159s][info][gc] GC(661) Concurrent Preclean 0.135ms
[2811.159s][info][gc] GC(661) Concurrent Abortable Preclean
[2811.159s][info][gc] GC(661) Concurrent Abortable Preclean 0.015ms
[2811.165s][info][gc] GC(661) Pause Remark 27M->27M(29M) 5.884ms
[2811.165s][info][gc] GC(661) Concurrent Sweep
[2811.168s][info][gc] GC(661) Concurrent Sweep 3.244ms
[2811.168s][info][gc] GC(661) Concurrent Reset
[2811.169s][info][gc] GC(661) Concurrent Reset 0.019ms
[2813.171s][info][gc] GC(662) Pause Initial Mark 27M->27M(29M) 1.081ms
[2813.171s][info][gc] GC(662) Concurrent Mark
[2813.183s][info][gc] GC(662) Concurrent Mark 12.209ms
[2813.183s][info][gc] GC(662) Concurrent Preclean
[2813.183s][info][gc] GC(662) Concurrent Preclean 0.124ms
[2813.183s][info][gc] GC(662) Concurrent Abortable Preclean
[2813.183s][info][gc] GC(662) Concurrent Abortable Preclean 0.020ms
[2813.189s][info][gc] GC(662) Pause Remark 27M->27M(29M) 5.668ms
[2813.189s][info][gc] GC(662) Concurrent Sweep
[2813.192s][info][gc] GC(662) Concurrent Sweep 3.125ms
[2813.192s][info][gc] GC(662) Concurrent Reset
[2813.192s][info][gc] GC(662) Concurrent Reset 0.018ms
[2815.198s][info][gc] GC(663) Pause Initial Mark 27M->27M(29M) 0.797ms
[2815.198s][info][gc] GC(663) Concurrent Mark
[2815.209s][info][gc] GC(663) Concurrent Mark 11.581ms
[2815.209s][info][gc] GC(663) Concurrent Preclean
[2815.210s][info][gc] GC(663) Concurrent Preclean 0.368ms
[2815.210s][info][gc] GC(663) Concurrent Abortable Preclean
[2815.210s][info][gc] GC(663) Concurrent Abortable Preclean 0.033ms
[2815.222s][info][gc] GC(663) Pause Remark 27M->27M(29M) 11.020ms
[2815.222s][info][gc] GC(663) Concurrent Sweep
[2815.227s][info][gc] GC(663) Concurrent Sweep 5.055ms
[2815.227s][info][gc] GC(663) Concurrent Reset
[2815.227s][info][gc] GC(663) Concurrent Reset 0.109ms
[2817.229s][info][gc] GC(664) Pause Initial Mark 27M->27M(29M) 1.211ms
[2817.230s][info][gc] GC(664) Concurrent Mark
[2817.243s][info][gc] GC(664) Concurrent Mark 13.313ms
[2817.243s][info][gc] GC(664) Concurrent Preclean
[2817.243s][info][gc] GC(664) Concurrent Preclean 0.126ms
[2817.243s][info][gc] GC(664) Concurrent Abortable Preclean
[2817.243s][info][gc] GC(664) Concurrent Abortable Preclean 0.013ms
[2817.249s][info][gc] GC(664) Pause Remark 27M->27M(29M) 5.515ms
[2817.249s][info][gc] GC(664) Concurrent Sweep
[2817.252s][info][gc] GC(664) Concurrent Sweep 3.466ms
[2817.252s][info][gc] GC(664) Concurrent Reset
[2817.252s][info][gc] GC(664) Concurrent Reset 0.037ms
[2819.258s][info][gc] GC(665) Pause Initial Mark 27M->27M(29M) 1.173ms
[2819.258s][info][gc] GC(665) Concurrent Mark
[2819.271s][info][gc] GC(665) Concurrent Mark 12.336ms
[2819.271s][info][gc] GC(665) Concurrent Preclean
[2819.271s][info][gc] GC(665) Concurrent Preclean 0.127ms
[2819.271s][info][gc] GC(665) Concurrent Abortable Preclean
[2819.271s][info][gc] GC(665) Concurrent Abortable Preclean 0.013ms
[2819.276s][info][gc] GC(665) Pause Remark 27M->27M(29M) 5.510ms
[2819.277s][info][gc] GC(665) Concurrent Sweep
[2819.280s][info][gc] GC(665) Concurrent Sweep 3.150ms
[2819.280s][info][gc] GC(665) Concurrent Reset
[2819.280s][info][gc] GC(665) Concurrent Reset 0.018ms
[2821.281s][info][gc] GC(666) Pause Initial Mark 27M->27M(29M) 1.119ms
[2821.282s][info][gc] GC(666) Concurrent Mark
[2821.294s][info][gc] GC(666) Concurrent Mark 12.126ms
[2821.294s][info][gc] GC(666) Concurrent Preclean
[2821.294s][info][gc] GC(666) Concurrent Preclean 0.126ms
[2821.294s][info][gc] GC(666) Concurrent Abortable Preclean
[2821.294s][info][gc] GC(666) Concurrent Abortable Preclean 0.013ms
[2821.300s][info][gc] GC(666) Pause Remark 27M->27M(29M) 5.736ms
[2821.300s][info][gc] GC(666) Concurrent Sweep
[2821.303s][info][gc] GC(666) Concurrent Sweep 3.269ms
[2821.303s][info][gc] GC(666) Concurrent Reset
[2821.303s][info][gc] GC(666) Concurrent Reset 0.020ms
[2823.303s][info][gc] GC(667) Pause Initial Mark 27M->27M(29M) 0.558ms
[2823.304s][info][gc] GC(667) Concurrent Mark
[2823.316s][info][gc] GC(667) Concurrent Mark 12.316ms
[2823.316s][info][gc] GC(667) Concurrent Preclean
[2823.316s][info][gc] GC(667) Concurrent Preclean 0.113ms
[2823.316s][info][gc] GC(667) Concurrent Abortable Preclean
[2823.316s][info][gc] GC(667) Concurrent Abortable Preclean 0.012ms
[2823.321s][info][gc] GC(667) Pause Remark 27M->27M(29M) 5.218ms
[2823.321s][info][gc] GC(667) Concurrent Sweep
[2823.325s][info][gc] GC(667) Concurrent Sweep 3.018ms
[2823.325s][info][gc] GC(667) Concurrent Reset
[2823.325s][info][gc] GC(667) Concurrent Reset 0.019ms
[2825.328s][info][gc] GC(668) Pause Initial Mark 27M->27M(29M) 0.940ms
[2825.328s][info][gc] GC(668) Concurrent Mark
[2825.340s][info][gc] GC(668) Concurrent Mark 12.086ms
[2825.340s][info][gc] GC(668) Concurrent Preclean
[2825.340s][info][gc] GC(668) Concurrent Preclean 0.140ms
[2825.340s][info][gc] GC(668) Concurrent Abortable Preclean
[2825.340s][info][gc] GC(668) Concurrent Abortable Preclean 0.015ms
[2825.346s][info][gc] GC(668) Pause Remark 27M->27M(29M) 5.546ms
[2825.346s][info][gc] GC(668) Concurrent Sweep
[2825.349s][info][gc] GC(668) Concurrent Sweep 3.255ms
[2825.349s][info][gc] GC(668) Concurrent Reset
[2825.349s][info][gc] GC(668) Concurrent Reset 0.020ms
[2827.352s][info][gc] GC(669) Pause Initial Mark 27M->27M(29M) 2.442ms
[2827.353s][info][gc] GC(669) Concurrent Mark
[2827.373s][info][gc] GC(669) Concurrent Mark 20.524ms
[2827.373s][info][gc] GC(669) Concurrent Preclean
[2827.373s][info][gc] GC(669) Concurrent Preclean 0.123ms
[2827.373s][info][gc] GC(669) Concurrent Abortable Preclean
[2827.373s][info][gc] GC(669) Concurrent Abortable Preclean 0.013ms
[2827.382s][info][gc] GC(669) Pause Remark 27M->27M(29M) 8.259ms
[2827.382s][info][gc] GC(669) Concurrent Sweep
[2827.387s][info][gc] GC(669) Concurrent Sweep 4.668ms
[2827.387s][info][gc] GC(669) Concurrent Reset
[2827.387s][info][gc] GC(669) Concurrent Reset 0.022ms
[2829.388s][info][gc] GC(670) Pause Initial Mark 27M->27M(29M) 0.679ms
[2829.388s][info][gc] GC(670) Concurrent Mark
[2829.402s][info][gc] GC(670) Concurrent Mark 14.295ms
[2829.402s][info][gc] GC(670) Concurrent Preclean
[2829.403s][info][gc] GC(670) Concurrent Preclean 0.663ms
[2829.403s][info][gc] GC(670) Concurrent Abortable Preclean
[2829.403s][info][gc] GC(670) Concurrent Abortable Preclean 0.022ms
[2829.409s][info][gc] GC(670) Pause Remark 27M->27M(29M) 5.693ms
[2829.409s][info][gc] GC(670) Concurrent Sweep
[2829.413s][info][gc] GC(670) Concurrent Sweep 3.794ms
[2829.413s][info][gc] GC(670) Concurrent Reset
[2829.413s][info][gc] GC(670) Concurrent Reset 0.020ms
[2831.413s][info][gc] GC(671) Pause Initial Mark 27M->27M(29M) 0.666ms
[2831.413s][info][gc] GC(671) Concurrent Mark
[2831.424s][info][gc] GC(671) Concurrent Mark 10.643ms
[2831.424s][info][gc] GC(671) Concurrent Preclean
[2831.424s][info][gc] GC(671) Concurrent Preclean 0.109ms
[2831.424s][info][gc] GC(671) Concurrent Abortable Preclean
[2831.424s][info][gc] GC(671) Concurrent Abortable Preclean 0.012ms
[2831.429s][info][gc] GC(671) Pause Remark 27M->27M(29M) 5.077ms
[2831.429s][info][gc] GC(671) Concurrent Sweep
[2831.432s][info][gc] GC(671) Concurrent Sweep 3.037ms
[2831.432s][info][gc] GC(671) Concurrent Reset
[2831.432s][info][gc] GC(671) Concurrent Reset 0.019ms
[2833.434s][info][gc] GC(672) Pause Initial Mark 27M->27M(29M) 1.205ms
[2833.434s][info][gc] GC(672) Concurrent Mark
[2833.448s][info][gc] GC(672) Concurrent Mark 14.197ms
[2833.448s][info][gc] GC(672) Concurrent Preclean
[2833.449s][info][gc] GC(672) Concurrent Preclean 0.127ms
[2833.449s][info][gc] GC(672) Concurrent Abortable Preclean
[2833.449s][info][gc] GC(672) Concurrent Abortable Preclean 0.013ms
[2833.454s][info][gc] GC(672) Pause Remark 27M->27M(29M) 5.547ms
[2833.454s][info][gc] GC(672) Concurrent Sweep
[2833.457s][info][gc] GC(672) Concurrent Sweep 3.082ms
[2833.457s][info][gc] GC(672) Concurrent Reset
[2833.457s][info][gc] GC(672) Concurrent Reset 0.019ms
[2835.462s][info][gc] GC(673) Pause Initial Mark 27M->27M(29M) 1.099ms
[2835.462s][info][gc] GC(673) Concurrent Mark
[2835.475s][info][gc] GC(673) Concurrent Mark 12.777ms
[2835.475s][info][gc] GC(673) Concurrent Preclean
[2835.475s][info][gc] GC(673) Concurrent Preclean 0.128ms
[2835.475s][info][gc] GC(673) Concurrent Abortable Preclean
[2835.475s][info][gc] GC(673) Concurrent Abortable Preclean 0.013ms
[2835.482s][info][gc] GC(673) Pause Remark 27M->27M(29M) 6.549ms
[2835.482s][info][gc] GC(673) Concurrent Sweep
[2835.485s][info][gc] GC(673) Concurrent Sweep 3.332ms
[2835.485s][info][gc] GC(673) Concurrent Reset
[2835.485s][info][gc] GC(673) Concurrent Reset 0.021ms
[2837.486s][info][gc] GC(674) Pause Initial Mark 27M->27M(29M) 0.952ms
[2837.486s][info][gc] GC(674) Concurrent Mark
[2837.498s][info][gc] GC(674) Concurrent Mark 11.928ms
[2837.498s][info][gc] GC(674) Concurrent Preclean
[2837.498s][info][gc] GC(674) Concurrent Preclean 0.118ms
[2837.498s][info][gc] GC(674) Concurrent Abortable Preclean
[2837.498s][info][gc] GC(674) Concurrent Abortable Preclean 0.013ms
[2837.505s][info][gc] GC(674) Pause Remark 27M->27M(29M) 6.568ms
[2837.505s][info][gc] GC(674) Concurrent Sweep
[2837.509s][info][gc] GC(674) Concurrent Sweep 3.364ms
[2837.509s][info][gc] GC(674) Concurrent Reset
[2837.509s][info][gc] GC(674) Concurrent Reset 0.020ms
[2839.515s][info][gc] GC(675) Pause Initial Mark 27M->27M(29M) 1.038ms
[2839.515s][info][gc] GC(675) Concurrent Mark
[2839.527s][info][gc] GC(675) Concurrent Mark 12.132ms
[2839.527s][info][gc] GC(675) Concurrent Preclean
[2839.527s][info][gc] GC(675) Concurrent Preclean 0.121ms
[2839.527s][info][gc] GC(675) Concurrent Abortable Preclean
[2839.527s][info][gc] GC(675) Concurrent Abortable Preclean 0.014ms
[2839.533s][info][gc] GC(675) Pause Remark 27M->27M(29M) 5.353ms
[2839.533s][info][gc] GC(675) Concurrent Sweep
[2839.536s][info][gc] GC(675) Concurrent Sweep 3.146ms
[2839.536s][info][gc] GC(675) Concurrent Reset
[2839.536s][info][gc] GC(675) Concurrent Reset 0.019ms
[2841.539s][info][gc] GC(676) Pause Initial Mark 27M->27M(29M) 0.975ms
[2841.539s][info][gc] GC(676) Concurrent Mark
[2841.551s][info][gc] GC(676) Concurrent Mark 12.117ms
[2841.551s][info][gc] GC(676) Concurrent Preclean
[2841.551s][info][gc] GC(676) Concurrent Preclean 0.117ms
[2841.551s][info][gc] GC(676) Concurrent Abortable Preclean
[2841.551s][info][gc] GC(676) Concurrent Abortable Preclean 0.013ms
[2841.556s][info][gc] GC(676) Pause Remark 27M->27M(29M) 5.221ms
[2841.556s][info][gc] GC(676) Concurrent Sweep
[2841.559s][info][gc] GC(676) Concurrent Sweep 3.000ms
[2841.559s][info][gc] GC(676) Concurrent Reset
[2841.559s][info][gc] GC(676) Concurrent Reset 0.020ms
[2843.566s][info][gc] GC(677) Pause Initial Mark 27M->27M(29M) 1.102ms
[2843.566s][info][gc] GC(677) Concurrent Mark
[2843.579s][info][gc] GC(677) Concurrent Mark 12.680ms
[2843.579s][info][gc] GC(677) Concurrent Preclean
[2843.579s][info][gc] GC(677) Concurrent Preclean 0.122ms
[2843.579s][info][gc] GC(677) Concurrent Abortable Preclean
[2843.579s][info][gc] GC(677) Concurrent Abortable Preclean 0.014ms
[2843.584s][info][gc] GC(677) Pause Remark 27M->27M(29M) 5.505ms
[2843.585s][info][gc] GC(677) Concurrent Sweep
[2843.588s][info][gc] GC(677) Concurrent Sweep 3.239ms
[2843.588s][info][gc] GC(677) Concurrent Reset
[2843.588s][info][gc] GC(677) Concurrent Reset 0.019ms
[2845.593s][info][gc] GC(678) Pause Initial Mark 27M->27M(29M) 1.526ms
[2845.593s][info][gc] GC(678) Concurrent Mark
[2845.605s][info][gc] GC(678) Concurrent Mark 12.345ms
[2845.605s][info][gc] GC(678) Concurrent Preclean
[2845.606s][info][gc] GC(678) Concurrent Preclean 0.129ms
[2845.606s][info][gc] GC(678) Concurrent Abortable Preclean
[2845.606s][info][gc] GC(678) Concurrent Abortable Preclean 0.014ms
[2845.611s][info][gc] GC(678) Pause Remark 27M->27M(29M) 5.750ms
[2845.612s][info][gc] GC(678) Concurrent Sweep
[2845.615s][info][gc] GC(678) Concurrent Sweep 3.764ms
[2845.615s][info][gc] GC(678) Concurrent Reset
[2845.615s][info][gc] GC(678) Concurrent Reset 0.023ms
[2847.620s][info][gc] GC(679) Pause Initial Mark 27M->27M(29M) 1.126ms
[2847.620s][info][gc] GC(679) Concurrent Mark
[2847.632s][info][gc] GC(679) Concurrent Mark 12.028ms
[2847.632s][info][gc] GC(679) Concurrent Preclean
[2847.632s][info][gc] GC(679) Concurrent Preclean 0.133ms
[2847.632s][info][gc] GC(679) Concurrent Abortable Preclean
[2847.632s][info][gc] GC(679) Concurrent Abortable Preclean 0.015ms
[2847.638s][info][gc] GC(679) Pause Remark 27M->27M(29M) 5.554ms
[2847.638s][info][gc] GC(679) Concurrent Sweep
[2847.641s][info][gc] GC(679) Concurrent Sweep 3.227ms
[2847.641s][info][gc] GC(679) Concurrent Reset
[2847.641s][info][gc] GC(679) Concurrent Reset 0.019ms
[2849.644s][info][gc] GC(680) Pause Initial Mark 27M->27M(29M) 1.089ms
[2849.644s][info][gc] GC(680) Concurrent Mark
[2849.655s][info][gc] GC(680) Concurrent Mark 11.283ms
[2849.655s][info][gc] GC(680) Concurrent Preclean
[2849.655s][info][gc] GC(680) Concurrent Preclean 0.148ms
[2849.655s][info][gc] GC(680) Concurrent Abortable Preclean
[2849.655s][info][gc] GC(680) Concurrent Abortable Preclean 0.012ms
[2849.663s][info][gc] GC(680) Pause Remark 27M->27M(29M) 7.445ms
[2849.663s][info][gc] GC(680) Concurrent Sweep
[2849.667s][info][gc] GC(680) Concurrent Sweep 3.828ms
[2849.667s][info][gc] GC(680) Concurrent Reset
[2849.667s][info][gc] GC(680) Concurrent Reset 0.025ms
[2851.667s][info][gc] GC(681) Pause Initial Mark 27M->27M(29M) 0.590ms
[2851.667s][info][gc] GC(681) Concurrent Mark
[2851.681s][info][gc] GC(681) Concurrent Mark 13.489ms
[2851.681s][info][gc] GC(681) Concurrent Preclean
[2851.681s][info][gc] GC(681) Concurrent Preclean 0.138ms
[2851.681s][info][gc] GC(681) Concurrent Abortable Preclean
[2851.681s][info][gc] GC(681) Concurrent Abortable Preclean 0.018ms
[2851.689s][info][gc] GC(681) Pause Remark 27M->27M(29M) 8.140ms
[2851.690s][info][gc] GC(681) Concurrent Sweep
[2851.693s][info][gc] GC(681) Concurrent Sweep 3.955ms
[2851.694s][info][gc] GC(681) Concurrent Reset
[2851.694s][info][gc] GC(681) Concurrent Reset 0.031ms
[2853.660s][info][gc] GC(683) Pause Full (Allocation Failure) 27M->27M(29M) 30.508ms
[2853.660s][info][gc] GC(682) Pause Young (Allocation Failure) 27M->27M(29M) 30.815ms
[2853.687s][info][gc] GC(684) Pause Full (Allocation Failure) 27M->27M(29M) 26.234ms
[2853.687s][info][gc] GC(685) Pause Initial Mark 27M->27M(29M) 0.436ms
[2853.687s][info][gc] GC(685) Concurrent Mark
[2853.699s][info][gc] GC(685) Concurrent Mark 11.442ms
[2853.699s][info][gc] GC(685) Concurrent Preclean
[2853.711s][info][gc] GC(685) Concurrent Preclean 12.092ms
[2853.711s][info][gc] GC(685) Concurrent Abortable Preclean
[2853.711s][info][gc] GC(685) Concurrent Abortable Preclean 0.016ms
[2853.724s][info][gc] GC(685) Pause Remark 27M->27M(29M) 10.735ms
[2853.729s][info][gc] GC(685) Concurrent Sweep
[2853.733s][info][gc] GC(685) Concurrent Sweep 4.239ms
[2853.733s][info][gc] GC(685) Concurrent Reset
[2853.733s][info][gc] GC(685) Concurrent Reset 0.038ms
[2855.736s][info][gc] GC(686) Pause Initial Mark 27M->27M(29M) 0.649ms
[2855.736s][info][gc] GC(686) Concurrent Mark
[2855.745s][info][gc] GC(686) Concurrent Mark 9.036ms
[2855.745s][info][gc] GC(686) Concurrent Preclean
[2855.745s][info][gc] GC(686) Concurrent Preclean 0.116ms
[2855.745s][info][gc] GC(686) Concurrent Abortable Preclean
[2855.745s][info][gc] GC(686) Concurrent Abortable Preclean 0.012ms
[2855.752s][info][gc] GC(686) Pause Remark 27M->27M(29M) 6.471ms
[2855.752s][info][gc] GC(686) Concurrent Sweep
[2855.755s][info][gc] GC(686) Concurrent Sweep 3.011ms
[2855.755s][info][gc] GC(686) Concurrent Reset
[2855.755s][info][gc] GC(686) Concurrent Reset 0.018ms
[2857.761s][info][gc] GC(687) Pause Initial Mark 27M->27M(29M) 1.135ms
[2857.762s][info][gc] GC(687) Concurrent Mark
[2857.775s][info][gc] GC(687) Concurrent Mark 12.984ms
[2857.775s][info][gc] GC(687) Concurrent Preclean
[2857.775s][info][gc] GC(687) Concurrent Preclean 0.124ms
[2857.775s][info][gc] GC(687) Concurrent Abortable Preclean
[2857.775s][info][gc] GC(687) Concurrent Abortable Preclean 0.013ms
[2857.780s][info][gc] GC(687) Pause Remark 27M->27M(29M) 5.431ms
[2857.780s][info][gc] GC(687) Concurrent Sweep
[2857.784s][info][gc] GC(687) Concurrent Sweep 3.239ms
[2857.784s][info][gc] GC(687) Concurrent Reset
[2857.784s][info][gc] GC(687) Concurrent Reset 0.020ms
[2859.788s][info][gc] GC(688) Pause Initial Mark 27M->27M(29M) 1.082ms
[2859.788s][info][gc] GC(688) Concurrent Mark
[2859.800s][info][gc] GC(688) Concurrent Mark 12.008ms
[2859.801s][info][gc] GC(688) Concurrent Preclean
[2859.801s][info][gc] GC(688) Concurrent Preclean 0.135ms
[2859.801s][info][gc] GC(688) Concurrent Abortable Preclean
[2859.801s][info][gc] GC(688) Concurrent Abortable Preclean 0.015ms
[2859.806s][info][gc] GC(688) Pause Remark 27M->27M(29M) 5.661ms
[2859.807s][info][gc] GC(688) Concurrent Sweep
[2859.810s][info][gc] GC(688) Concurrent Sweep 3.230ms
[2859.810s][info][gc] GC(688) Concurrent Reset
[2859.810s][info][gc] GC(688) Concurrent Reset 0.019ms
[2861.814s][info][gc] GC(689) Pause Initial Mark 27M->27M(29M) 1.156ms
[2861.814s][info][gc] GC(689) Concurrent Mark
[2861.837s][info][gc] GC(689) Concurrent Mark 23.663ms
[2861.838s][info][gc] GC(689) Concurrent Preclean
[2861.838s][info][gc] GC(689) Concurrent Preclean 0.403ms
[2861.838s][info][gc] GC(689) Concurrent Abortable Preclean
[2861.838s][info][gc] GC(689) Concurrent Abortable Preclean 0.014ms
[2861.844s][info][gc] GC(689) Pause Remark 27M->27M(29M) 5.496ms
[2861.844s][info][gc] GC(689) Concurrent Sweep
[2861.849s][info][gc] GC(689) Concurrent Sweep 4.589ms
[2861.849s][info][gc] GC(689) Concurrent Reset
[2861.849s][info][gc] GC(689) Concurrent Reset 0.023ms
[2863.852s][info][gc] GC(690) Pause Initial Mark 27M->27M(29M) 0.863ms
[2863.852s][info][gc] GC(690) Concurrent Mark
[2863.863s][info][gc] GC(690) Concurrent Mark 11.574ms
[2863.863s][info][gc] GC(690) Concurrent Preclean
[2863.863s][info][gc] GC(690) Concurrent Preclean 0.127ms
[2863.863s][info][gc] GC(690) Concurrent Abortable Preclean
[2863.863s][info][gc] GC(690) Concurrent Abortable Preclean 0.014ms
[2863.869s][info][gc] GC(690) Pause Remark 27M->27M(29M) 5.507ms
[2863.869s][info][gc] GC(690) Concurrent Sweep
[2863.873s][info][gc] GC(690) Concurrent Sweep 4.124ms
[2863.874s][info][gc] GC(690) Concurrent Reset
[2863.874s][info][gc] GC(690) Concurrent Reset 0.142ms
[2865.879s][info][gc] GC(691) Pause Initial Mark 27M->27M(29M) 1.141ms
[2865.880s][info][gc] GC(691) Concurrent Mark
[2865.892s][info][gc] GC(691) Concurrent Mark 12.139ms
[2865.892s][info][gc] GC(691) Concurrent Preclean
[2865.892s][info][gc] GC(691) Concurrent Preclean 0.139ms
[2865.892s][info][gc] GC(691) Concurrent Abortable Preclean
[2865.892s][info][gc] GC(691) Concurrent Abortable Preclean 0.014ms
[2865.898s][info][gc] GC(691) Pause Remark 27M->27M(29M) 5.470ms
[2865.898s][info][gc] GC(691) Concurrent Sweep
[2865.901s][info][gc] GC(691) Concurrent Sweep 3.269ms
[2865.901s][info][gc] GC(691) Concurrent Reset
[2865.901s][info][gc] GC(691) Concurrent Reset 0.020ms
[2867.905s][info][gc] GC(692) Pause Initial Mark 27M->27M(29M) 1.255ms
[2867.905s][info][gc] GC(692) Concurrent Mark
[2867.917s][info][gc] GC(692) Concurrent Mark 11.966ms
[2867.917s][info][gc] GC(692) Concurrent Preclean
[2867.917s][info][gc] GC(692) Concurrent Preclean 0.117ms
[2867.917s][info][gc] GC(692) Concurrent Abortable Preclean
[2867.917s][info][gc] GC(692) Concurrent Abortable Preclean 0.013ms
[2867.925s][info][gc] GC(692) Pause Remark 27M->27M(29M) 7.140ms
[2867.925s][info][gc] GC(692) Concurrent Sweep
[2867.928s][info][gc] GC(692) Concurrent Sweep 3.258ms
[2867.928s][info][gc] GC(692) Concurrent Reset
[2867.928s][info][gc] GC(692) Concurrent Reset 0.020ms
[2869.933s][info][gc] GC(693) Pause Initial Mark 27M->27M(29M) 1.056ms
[2869.933s][info][gc] GC(693) Concurrent Mark
[2869.945s][info][gc] GC(693) Concurrent Mark 12.281ms
[2869.945s][info][gc] GC(693) Concurrent Preclean
[2869.945s][info][gc] GC(693) Concurrent Preclean 0.140ms
[2869.945s][info][gc] GC(693) Concurrent Abortable Preclean
[2869.945s][info][gc] GC(693) Concurrent Abortable Preclean 0.015ms
[2869.951s][info][gc] GC(693) Pause Remark 27M->27M(29M) 5.487ms
[2869.951s][info][gc] GC(693) Concurrent Sweep
[2869.954s][info][gc] GC(693) Concurrent Sweep 3.249ms
[2869.954s][info][gc] GC(693) Concurrent Reset
[2869.954s][info][gc] GC(693) Concurrent Reset 0.020ms
[2871.958s][info][gc] GC(694) Pause Initial Mark 27M->27M(29M) 0.827ms
[2871.958s][info][gc] GC(694) Concurrent Mark
[2871.972s][info][gc] GC(694) Concurrent Mark 14.132ms
[2871.972s][info][gc] GC(694) Concurrent Preclean
[2871.972s][info][gc] GC(694) Concurrent Preclean 0.128ms
[2871.973s][info][gc] GC(694) Concurrent Abortable Preclean
[2871.973s][info][gc] GC(694) Concurrent Abortable Preclean 0.013ms
[2871.978s][info][gc] GC(694) Pause Remark 27M->27M(29M) 5.394ms
[2871.978s][info][gc] GC(694) Concurrent Sweep
[2871.981s][info][gc] GC(694) Concurrent Sweep 3.285ms
[2871.981s][info][gc] GC(694) Concurrent Reset
[2871.981s][info][gc] GC(694) Concurrent Reset 0.020ms
[2873.985s][info][gc] GC(695) Pause Initial Mark 27M->27M(29M) 1.111ms
[2873.985s][info][gc] GC(695) Concurrent Mark
[2873.997s][info][gc] GC(695) Concurrent Mark 12.039ms
[2873.997s][info][gc] GC(695) Concurrent Preclean
[2873.997s][info][gc] GC(695) Concurrent Preclean 0.147ms
[2873.997s][info][gc] GC(695) Concurrent Abortable Preclean
[2873.997s][info][gc] GC(695) Concurrent Abortable Preclean 0.015ms
[2874.003s][info][gc] GC(695) Pause Remark 27M->27M(29M) 5.579ms
[2874.003s][info][gc] GC(695) Concurrent Sweep
[2874.006s][info][gc] GC(695) Concurrent Sweep 3.321ms
[2874.006s][info][gc] GC(695) Concurrent Reset
[2874.006s][info][gc] GC(695) Concurrent Reset 0.021ms
[2876.011s][info][gc] GC(696) Pause Initial Mark 27M->27M(29M) 1.076ms
[2876.011s][info][gc] GC(696) Concurrent Mark
[2876.023s][info][gc] GC(696) Concurrent Mark 12.096ms
[2876.023s][info][gc] GC(696) Concurrent Preclean
[2876.023s][info][gc] GC(696) Concurrent Preclean 0.136ms
[2876.023s][info][gc] GC(696) Concurrent Abortable Preclean
[2876.023s][info][gc] GC(696) Concurrent Abortable Preclean 0.019ms
[2876.029s][info][gc] GC(696) Pause Remark 27M->27M(29M) 5.719ms
[2876.029s][info][gc] GC(696) Concurrent Sweep
[2876.032s][info][gc] GC(696) Concurrent Sweep 3.083ms
[2876.032s][info][gc] GC(696) Concurrent Reset
[2876.032s][info][gc] GC(696) Concurrent Reset 0.018ms
[2878.036s][info][gc] GC(697) Pause Initial Mark 27M->27M(29M) 0.907ms
[2878.037s][info][gc] GC(697) Concurrent Mark
[2878.049s][info][gc] GC(697) Concurrent Mark 12.020ms
[2878.049s][info][gc] GC(697) Concurrent Preclean
[2878.049s][info][gc] GC(697) Concurrent Preclean 0.129ms
[2878.049s][info][gc] GC(697) Concurrent Abortable Preclean
[2878.049s][info][gc] GC(697) Concurrent Abortable Preclean 0.014ms
[2878.054s][info][gc] GC(697) Pause Remark 27M->27M(29M) 5.518ms
[2878.055s][info][gc] GC(697) Concurrent Sweep
[2878.058s][info][gc] GC(697) Concurrent Sweep 3.455ms
[2878.058s][info][gc] GC(697) Concurrent Reset
[2878.058s][info][gc] GC(697) Concurrent Reset 0.021ms
[2880.063s][info][gc] GC(698) Pause Initial Mark 27M->27M(29M) 1.073ms
[2880.063s][info][gc] GC(698) Concurrent Mark
[2880.075s][info][gc] GC(698) Concurrent Mark 12.017ms
[2880.075s][info][gc] GC(698) Concurrent Preclean
[2880.075s][info][gc] GC(698) Concurrent Preclean 0.132ms
[2880.075s][info][gc] GC(698) Concurrent Abortable Preclean
[2880.075s][info][gc] GC(698) Concurrent Abortable Preclean 0.015ms
[2880.081s][info][gc] GC(698) Pause Remark 27M->27M(29M) 5.637ms
[2880.081s][info][gc] GC(698) Concurrent Sweep
[2880.084s][info][gc] GC(698) Concurrent Sweep 3.267ms
[2880.084s][info][gc] GC(698) Concurrent Reset
[2880.084s][info][gc] GC(698) Concurrent Reset 0.020ms
[2882.089s][info][gc] GC(699) Pause Initial Mark 27M->27M(29M) 1.077ms
[2882.089s][info][gc] GC(699) Concurrent Mark
[2882.102s][info][gc] GC(699) Concurrent Mark 13.006ms
[2882.102s][info][gc] GC(699) Concurrent Preclean
[2882.102s][info][gc] GC(699) Concurrent Preclean 0.122ms
[2882.102s][info][gc] GC(699) Concurrent Abortable Preclean
[2882.102s][info][gc] GC(699) Concurrent Abortable Preclean 0.013ms
[2882.109s][info][gc] GC(699) Pause Remark 27M->27M(29M) 6.809ms
[2882.109s][info][gc] GC(699) Concurrent Sweep
[2882.112s][info][gc] GC(699) Concurrent Sweep 3.368ms
[2882.112s][info][gc] GC(699) Concurrent Reset
[2882.113s][info][gc] GC(699) Concurrent Reset 0.021ms
[2884.113s][info][gc] GC(700) Pause Initial Mark 27M->27M(29M) 0.656ms
[2884.113s][info][gc] GC(700) Concurrent Mark
[2884.123s][info][gc] GC(700) Concurrent Mark 10.553ms
[2884.124s][info][gc] GC(700) Concurrent Preclean
[2884.124s][info][gc] GC(700) Concurrent Preclean 0.119ms
[2884.124s][info][gc] GC(700) Concurrent Abortable Preclean
[2884.124s][info][gc] GC(700) Concurrent Abortable Preclean 0.012ms
[2884.129s][info][gc] GC(700) Pause Remark 27M->27M(29M) 5.310ms
[2884.129s][info][gc] GC(700) Concurrent Sweep
[2884.132s][info][gc] GC(700) Concurrent Sweep 3.130ms
[2884.132s][info][gc] GC(700) Concurrent Reset
[2884.132s][info][gc] GC(700) Concurrent Reset 0.019ms
[2886.135s][info][gc] GC(701) Pause Initial Mark 27M->27M(29M) 1.150ms
[2886.135s][info][gc] GC(701) Concurrent Mark
[2886.147s][info][gc] GC(701) Concurrent Mark 12.133ms
[2886.147s][info][gc] GC(701) Concurrent Preclean
[2886.147s][info][gc] GC(701) Concurrent Preclean 0.139ms
[2886.147s][info][gc] GC(701) Concurrent Abortable Preclean
[2886.147s][info][gc] GC(701) Concurrent Abortable Preclean 0.015ms
[2886.153s][info][gc] GC(701) Pause Remark 27M->27M(29M) 5.516ms
[2886.153s][info][gc] GC(701) Concurrent Sweep
[2886.156s][info][gc] GC(701) Concurrent Sweep 3.292ms
[2886.156s][info][gc] GC(701) Concurrent Reset
[2886.156s][info][gc] GC(701) Concurrent Reset 0.022ms
[2888.160s][info][gc] GC(702) Pause Initial Mark 27M->27M(29M) 1.097ms
[2888.160s][info][gc] GC(702) Concurrent Mark
[2888.173s][info][gc] GC(702) Concurrent Mark 12.801ms
[2888.173s][info][gc] GC(702) Concurrent Preclean
[2888.173s][info][gc] GC(702) Concurrent Preclean 0.136ms
[2888.173s][info][gc] GC(702) Concurrent Abortable Preclean
[2888.173s][info][gc] GC(702) Concurrent Abortable Preclean 0.018ms
[2888.179s][info][gc] GC(702) Pause Remark 27M->27M(29M) 5.845ms
[2888.179s][info][gc] GC(702) Concurrent Sweep
[2888.182s][info][gc] GC(702) Concurrent Sweep 3.090ms
[2888.182s][info][gc] GC(702) Concurrent Reset
[2888.182s][info][gc] GC(702) Concurrent Reset 0.018ms
[2890.184s][info][gc] GC(703) Pause Initial Mark 27M->27M(29M) 1.149ms
[2890.184s][info][gc] GC(703) Concurrent Mark
[2890.196s][info][gc] GC(703) Concurrent Mark 12.084ms
[2890.196s][info][gc] GC(703) Concurrent Preclean
[2890.196s][info][gc] GC(703) Concurrent Preclean 0.117ms
[2890.196s][info][gc] GC(703) Concurrent Abortable Preclean
[2890.196s][info][gc] GC(703) Concurrent Abortable Preclean 0.013ms
[2890.202s][info][gc] GC(703) Pause Remark 27M->27M(29M) 5.786ms
[2890.202s][info][gc] GC(703) Concurrent Sweep
[2890.205s][info][gc] GC(703) Concurrent Sweep 3.002ms
[2890.205s][info][gc] GC(703) Concurrent Reset
[2890.205s][info][gc] GC(703) Concurrent Reset 0.019ms
[2892.210s][info][gc] GC(704) Pause Initial Mark 27M->27M(29M) 2.175ms
[2892.210s][info][gc] GC(704) Concurrent Mark
[2892.226s][info][gc] GC(704) Concurrent Mark 15.816ms
[2892.226s][info][gc] GC(704) Concurrent Preclean
[2892.226s][info][gc] GC(704) Concurrent Preclean 0.192ms
[2892.226s][info][gc] GC(704) Concurrent Abortable Preclean
[2892.226s][info][gc] GC(704) Concurrent Abortable Preclean 0.036ms
[2892.236s][info][gc] GC(704) Pause Remark 27M->27M(29M) 9.557ms
[2892.236s][info][gc] GC(704) Concurrent Sweep
[2892.240s][info][gc] GC(704) Concurrent Sweep 3.468ms
[2892.240s][info][gc] GC(704) Concurrent Reset
[2892.240s][info][gc] GC(704) Concurrent Reset 0.026ms
[2894.241s][info][gc] GC(705) Pause Initial Mark 27M->27M(29M) 0.588ms
[2894.241s][info][gc] GC(705) Concurrent Mark
[2894.255s][info][gc] GC(705) Concurrent Mark 14.174ms
[2894.255s][info][gc] GC(705) Concurrent Preclean
[2894.256s][info][gc] GC(705) Concurrent Preclean 0.127ms
[2894.256s][info][gc] GC(705) Concurrent Abortable Preclean
[2894.256s][info][gc] GC(705) Concurrent Abortable Preclean 0.012ms
[2894.264s][info][gc] GC(705) Pause Remark 27M->27M(29M) 8.049ms
[2894.264s][info][gc] GC(705) Concurrent Sweep
[2894.267s][info][gc] GC(705) Concurrent Sweep 3.067ms
[2894.267s][info][gc] GC(705) Concurrent Reset
[2894.267s][info][gc] GC(705) Concurrent Reset 0.020ms
[2896.268s][info][gc] GC(706) Pause Initial Mark 27M->27M(29M) 1.067ms
[2896.268s][info][gc] GC(706) Concurrent Mark
[2896.280s][info][gc] GC(706) Concurrent Mark 11.851ms
[2896.280s][info][gc] GC(706) Concurrent Preclean
[2896.280s][info][gc] GC(706) Concurrent Preclean 0.119ms
[2896.280s][info][gc] GC(706) Concurrent Abortable Preclean
[2896.280s][info][gc] GC(706) Concurrent Abortable Preclean 0.013ms
[2896.286s][info][gc] GC(706) Pause Remark 27M->27M(29M) 5.839ms
[2896.286s][info][gc] GC(706) Concurrent Sweep
[2896.289s][info][gc] GC(706) Concurrent Sweep 3.251ms
[2896.289s][info][gc] GC(706) Concurrent Reset
[2896.289s][info][gc] GC(706) Concurrent Reset 0.019ms
[2898.293s][info][gc] GC(707) Pause Initial Mark 27M->27M(29M) 0.874ms
[2898.293s][info][gc] GC(707) Concurrent Mark
[2898.306s][info][gc] GC(707) Concurrent Mark 12.267ms
[2898.306s][info][gc] GC(707) Concurrent Preclean
[2898.306s][info][gc] GC(707) Concurrent Preclean 0.118ms
[2898.306s][info][gc] GC(707) Concurrent Abortable Preclean
[2898.306s][info][gc] GC(707) Concurrent Abortable Preclean 0.014ms
[2898.319s][info][gc] GC(707) Pause Remark 27M->27M(29M) 13.057ms
[2898.320s][info][gc] GC(707) Concurrent Sweep
[2898.326s][info][gc] GC(707) Concurrent Sweep 6.263ms
[2898.326s][info][gc] GC(707) Concurrent Reset
[2898.326s][info][gc] GC(707) Concurrent Reset 0.107ms
[2900.329s][info][gc] GC(708) Pause Initial Mark 27M->27M(29M) 1.091ms
[2900.329s][info][gc] GC(708) Concurrent Mark
[2900.341s][info][gc] GC(708) Concurrent Mark 11.999ms
[2900.341s][info][gc] GC(708) Concurrent Preclean
[2900.341s][info][gc] GC(708) Concurrent Preclean 0.117ms
[2900.341s][info][gc] GC(708) Concurrent Abortable Preclean
[2900.341s][info][gc] GC(708) Concurrent Abortable Preclean 0.013ms
[2900.347s][info][gc] GC(708) Pause Remark 27M->27M(29M) 5.523ms
[2900.347s][info][gc] GC(708) Concurrent Sweep
[2900.350s][info][gc] GC(708) Concurrent Sweep 3.245ms
[2900.350s][info][gc] GC(708) Concurrent Reset
[2900.350s][info][gc] GC(708) Concurrent Reset 0.020ms
[2902.355s][info][gc] GC(709) Pause Initial Mark 27M->27M(29M) 1.143ms
[2902.355s][info][gc] GC(709) Concurrent Mark
[2902.367s][info][gc] GC(709) Concurrent Mark 12.001ms
[2902.367s][info][gc] GC(709) Concurrent Preclean
[2902.367s][info][gc] GC(709) Concurrent Preclean 0.138ms
[2902.368s][info][gc] GC(709) Concurrent Abortable Preclean
[2902.368s][info][gc] GC(709) Concurrent Abortable Preclean 0.015ms
[2902.373s][info][gc] GC(709) Pause Remark 27M->27M(29M) 5.509ms
[2902.373s][info][gc] GC(709) Concurrent Sweep
[2902.376s][info][gc] GC(709) Concurrent Sweep 3.258ms
[2902.377s][info][gc] GC(709) Concurrent Reset
[2902.377s][info][gc] GC(709) Concurrent Reset 0.019ms
[2904.380s][info][gc] GC(710) Pause Initial Mark 27M->27M(29M) 1.107ms
[2904.380s][info][gc] GC(710) Concurrent Mark
[2904.393s][info][gc] GC(710) Concurrent Mark 13.261ms
[2904.393s][info][gc] GC(710) Concurrent Preclean
[2904.393s][info][gc] GC(710) Concurrent Preclean 0.153ms
[2904.393s][info][gc] GC(710) Concurrent Abortable Preclean
[2904.393s][info][gc] GC(710) Concurrent Abortable Preclean 0.014ms
[2904.399s][info][gc] GC(710) Pause Remark 27M->27M(29M) 5.669ms
[2904.399s][info][gc] GC(710) Concurrent Sweep
[2904.403s][info][gc] GC(710) Concurrent Sweep 3.273ms
[2904.403s][info][gc] GC(710) Concurrent Reset
[2904.403s][info][gc] GC(710) Concurrent Reset 0.020ms
[2906.403s][info][gc] GC(711) Pause Initial Mark 27M->27M(29M) 0.821ms
[2906.403s][info][gc] GC(711) Concurrent Mark
[2906.416s][info][gc] GC(711) Concurrent Mark 12.965ms
[2906.416s][info][gc] GC(711) Concurrent Preclean
[2906.416s][info][gc] GC(711) Concurrent Preclean 0.119ms
[2906.416s][info][gc] GC(711) Concurrent Abortable Preclean
[2906.416s][info][gc] GC(711) Concurrent Abortable Preclean 0.013ms
[2906.425s][info][gc] GC(711) Pause Remark 27M->27M(29M) 8.533ms
[2906.425s][info][gc] GC(711) Concurrent Sweep
[2906.428s][info][gc] GC(711) Concurrent Sweep 3.433ms
[2906.428s][info][gc] GC(711) Concurrent Reset
[2906.428s][info][gc] GC(711) Concurrent Reset 0.021ms
[2908.432s][info][gc] GC(712) Pause Initial Mark 27M->27M(29M) 0.855ms
[2908.432s][info][gc] GC(712) Concurrent Mark
[2908.447s][info][gc] GC(712) Concurrent Mark 15.640ms
[2908.448s][info][gc] GC(712) Concurrent Preclean
[2908.448s][info][gc] GC(712) Concurrent Preclean 0.159ms
[2908.448s][info][gc] GC(712) Concurrent Abortable Preclean
[2908.448s][info][gc] GC(712) Concurrent Abortable Preclean 0.017ms
[2908.456s][info][gc] GC(712) Pause Remark 27M->27M(29M) 8.351ms
[2908.456s][info][gc] GC(712) Concurrent Sweep
[2908.460s][info][gc] GC(712) Concurrent Sweep 3.307ms
[2908.460s][info][gc] GC(712) Concurrent Reset
[2908.460s][info][gc] GC(712) Concurrent Reset 0.021ms
[2910.460s][info][gc] GC(713) Pause Initial Mark 27M->27M(29M) 0.644ms
[2910.460s][info][gc] GC(713) Concurrent Mark
[2910.474s][info][gc] GC(713) Concurrent Mark 13.874ms
[2910.474s][info][gc] GC(713) Concurrent Preclean
[2910.474s][info][gc] GC(713) Concurrent Preclean 0.139ms
[2910.474s][info][gc] GC(713) Concurrent Abortable Preclean
[2910.474s][info][gc] GC(713) Concurrent Abortable Preclean 0.018ms
[2910.483s][info][gc] GC(713) Pause Remark 27M->27M(29M) 8.641ms
[2910.483s][info][gc] GC(713) Concurrent Sweep
[2910.487s][info][gc] GC(713) Concurrent Sweep 4.112ms
[2910.488s][info][gc] GC(713) Concurrent Reset
[2910.488s][info][gc] GC(713) Concurrent Reset 0.029ms
[2912.488s][info][gc] GC(714) Pause Initial Mark 27M->27M(29M) 0.623ms
[2912.488s][info][gc] GC(714) Concurrent Mark
[2912.501s][info][gc] GC(714) Concurrent Mark 13.230ms
[2912.501s][info][gc] GC(714) Concurrent Preclean
[2912.501s][info][gc] GC(714) Concurrent Preclean 0.145ms
[2912.501s][info][gc] GC(714) Concurrent Abortable Preclean
[2912.501s][info][gc] GC(714) Concurrent Abortable Preclean 0.018ms
[2912.508s][info][gc] GC(714) Pause Remark 27M->27M(29M) 6.049ms
[2912.508s][info][gc] GC(714) Concurrent Sweep
[2912.511s][info][gc] GC(714) Concurrent Sweep 3.409ms
[2912.511s][info][gc] GC(714) Concurrent Reset
[2912.511s][info][gc] GC(714) Concurrent Reset 0.020ms
[2913.233s][info][gc] GC(716) Pause Full (Allocation Failure) 27M->27M(29M) 28.236ms
[2913.233s][info][gc] GC(715) Pause Young (Allocation Failure) 27M->27M(29M) 28.336ms
[2913.262s][info][gc] GC(717) Pause Full (Allocation Failure) 27M->27M(29M) 29.367ms
[2913.263s][info][gc] GC(718) Pause Initial Mark 27M->27M(29M) 0.442ms
[2913.263s][info][gc] GC(718) Concurrent Mark
[2913.277s][info][gc] GC(718) Concurrent Mark 13.671ms
[2913.277s][info][gc] GC(718) Concurrent Preclean
[2913.288s][info][gc] GC(718) Concurrent Preclean 10.870ms
[2913.288s][info][gc] GC(718) Concurrent Abortable Preclean
[2913.288s][info][gc] GC(718) Concurrent Abortable Preclean 0.017ms
[2913.299s][info][gc] GC(718) Pause Remark 27M->27M(29M) 10.720ms
[2913.299s][info][gc] GC(718) Concurrent Sweep
[2913.304s][info][gc] GC(718) Concurrent Sweep 5.166ms
[2913.304s][info][gc] GC(718) Concurrent Reset
[2913.304s][info][gc] GC(718) Concurrent Reset 0.054ms
[2915.306s][info][gc] GC(719) Pause Initial Mark 27M->27M(29M) 1.525ms
[2915.306s][info][gc] GC(719) Concurrent Mark
[2915.322s][info][gc] GC(719) Concurrent Mark 16.369ms
[2915.322s][info][gc] GC(719) Concurrent Preclean
[2915.323s][info][gc] GC(719) Concurrent Preclean 0.296ms
[2915.323s][info][gc] GC(719) Concurrent Abortable Preclean
[2915.323s][info][gc] GC(719) Concurrent Abortable Preclean 0.044ms
[2915.334s][info][gc] GC(719) Pause Remark 27M->27M(29M) 10.628ms
[2915.334s][info][gc] GC(719) Concurrent Sweep
[2915.338s][info][gc] GC(719) Concurrent Sweep 4.340ms
[2915.338s][info][gc] GC(719) Concurrent Reset
[2915.338s][info][gc] GC(719) Concurrent Reset 0.023ms
[2917.340s][info][gc] GC(720) Pause Initial Mark 27M->27M(29M) 1.145ms
[2917.340s][info][gc] GC(720) Concurrent Mark
[2917.355s][info][gc] GC(720) Concurrent Mark 15.355ms
[2917.355s][info][gc] GC(720) Concurrent Preclean
[2917.356s][info][gc] GC(720) Concurrent Preclean 0.125ms
[2917.356s][info][gc] GC(720) Concurrent Abortable Preclean
[2917.356s][info][gc] GC(720) Concurrent Abortable Preclean 0.014ms
[2917.362s][info][gc] GC(720) Pause Remark 27M->27M(29M) 5.801ms
[2917.362s][info][gc] GC(720) Concurrent Sweep
[2917.366s][info][gc] GC(720) Concurrent Sweep 3.889ms
[2917.366s][info][gc] GC(720) Concurrent Reset
[2917.366s][info][gc] GC(720) Concurrent Reset 0.022ms
[2919.369s][info][gc] GC(721) Pause Initial Mark 27M->27M(29M) 1.092ms
[2919.369s][info][gc] GC(721) Concurrent Mark
[2919.381s][info][gc] GC(721) Concurrent Mark 12.022ms
[2919.381s][info][gc] GC(721) Concurrent Preclean
[2919.381s][info][gc] GC(721) Concurrent Preclean 0.137ms
[2919.381s][info][gc] GC(721) Concurrent Abortable Preclean
[2919.381s][info][gc] GC(721) Concurrent Abortable Preclean 0.015ms
[2919.387s][info][gc] GC(721) Pause Remark 27M->27M(29M) 5.676ms
[2919.387s][info][gc] GC(721) Concurrent Sweep
[2919.390s][info][gc] GC(721) Concurrent Sweep 3.259ms
[2919.390s][info][gc] GC(721) Concurrent Reset
[2919.390s][info][gc] GC(721) Concurrent Reset 0.021ms
[2921.395s][info][gc] GC(722) Pause Initial Mark 27M->27M(29M) 2.869ms
[2921.396s][info][gc] GC(722) Concurrent Mark
[2921.419s][info][gc] GC(722) Concurrent Mark 23.107ms
[2921.419s][info][gc] GC(722) Concurrent Preclean
[2921.419s][info][gc] GC(722) Concurrent Preclean 0.161ms
[2921.419s][info][gc] GC(722) Concurrent Abortable Preclean
[2921.420s][info][gc] GC(722) Concurrent Abortable Preclean 0.019ms
[2921.432s][info][gc] GC(722) Pause Remark 27M->27M(29M) 12.132ms
[2921.432s][info][gc] GC(722) Concurrent Sweep
[2921.435s][info][gc] GC(722) Concurrent Sweep 3.469ms
[2921.435s][info][gc] GC(722) Concurrent Reset
[2921.435s][info][gc] GC(722) Concurrent Reset 0.020ms
[2923.440s][info][gc] GC(723) Pause Initial Mark 27M->27M(29M) 1.499ms
[2923.440s][info][gc] GC(723) Concurrent Mark
[2923.452s][info][gc] GC(723) Concurrent Mark 12.173ms
[2923.452s][info][gc] GC(723) Concurrent Preclean
[2923.453s][info][gc] GC(723) Concurrent Preclean 0.168ms
[2923.453s][info][gc] GC(723) Concurrent Abortable Preclean
[2923.453s][info][gc] GC(723) Concurrent Abortable Preclean 0.014ms
[2923.458s][info][gc] GC(723) Pause Remark 27M->27M(29M) 5.640ms
[2923.458s][info][gc] GC(723) Concurrent Sweep
[2923.462s][info][gc] GC(723) Concurrent Sweep 3.427ms
[2923.462s][info][gc] GC(723) Concurrent Reset
[2923.462s][info][gc] GC(723) Concurrent Reset 0.023ms
[2925.464s][info][gc] GC(724) Pause Initial Mark 27M->27M(29M) 1.190ms
[2925.465s][info][gc] GC(724) Concurrent Mark
[2925.477s][info][gc] GC(724) Concurrent Mark 12.028ms
[2925.477s][info][gc] GC(724) Concurrent Preclean
[2925.477s][info][gc] GC(724) Concurrent Preclean 0.142ms
[2925.477s][info][gc] GC(724) Concurrent Abortable Preclean
[2925.477s][info][gc] GC(724) Concurrent Abortable Preclean 0.015ms
[2925.483s][info][gc] GC(724) Pause Remark 27M->27M(29M) 5.684ms
[2925.483s][info][gc] GC(724) Concurrent Sweep
[2925.486s][info][gc] GC(724) Concurrent Sweep 3.321ms
[2925.486s][info][gc] GC(724) Concurrent Reset
[2925.486s][info][gc] GC(724) Concurrent Reset 0.020ms
[2927.487s][info][gc] GC(725) Pause Initial Mark 27M->27M(29M) 1.079ms
[2927.487s][info][gc] GC(725) Concurrent Mark
[2927.501s][info][gc] GC(725) Concurrent Mark 13.981ms
[2927.501s][info][gc] GC(725) Concurrent Preclean
[2927.501s][info][gc] GC(725) Concurrent Preclean 0.121ms
[2927.501s][info][gc] GC(725) Concurrent Abortable Preclean
[2927.501s][info][gc] GC(725) Concurrent Abortable Preclean 0.014ms
[2927.507s][info][gc] GC(725) Pause Remark 27M->27M(29M) 5.587ms
[2927.507s][info][gc] GC(725) Concurrent Sweep
[2927.510s][info][gc] GC(725) Concurrent Sweep 3.255ms
[2927.510s][info][gc] GC(725) Concurrent Reset
[2927.510s][info][gc] GC(725) Concurrent Reset 0.020ms
[2929.513s][info][gc] GC(726) Pause Initial Mark 27M->27M(29M) 1.004ms
[2929.513s][info][gc] GC(726) Concurrent Mark
[2929.525s][info][gc] GC(726) Concurrent Mark 12.168ms
[2929.525s][info][gc] GC(726) Concurrent Preclean
[2929.526s][info][gc] GC(726) Concurrent Preclean 0.140ms
[2929.526s][info][gc] GC(726) Concurrent Abortable Preclean
[2929.526s][info][gc] GC(726) Concurrent Abortable Preclean 0.015ms
[2929.531s][info][gc] GC(726) Pause Remark 27M->27M(29M) 5.771ms
[2929.532s][info][gc] GC(726) Concurrent Sweep
[2929.535s][info][gc] GC(726) Concurrent Sweep 3.247ms
[2929.535s][info][gc] GC(726) Concurrent Reset
[2929.535s][info][gc] GC(726) Concurrent Reset 0.020ms
[2931.540s][info][gc] GC(727) Pause Initial Mark 27M->27M(29M) 1.181ms
[2931.540s][info][gc] GC(727) Concurrent Mark
[2931.553s][info][gc] GC(727) Concurrent Mark 12.120ms
[2931.553s][info][gc] GC(727) Concurrent Preclean
[2931.553s][info][gc] GC(727) Concurrent Preclean 0.133ms
[2931.553s][info][gc] GC(727) Concurrent Abortable Preclean
[2931.553s][info][gc] GC(727) Concurrent Abortable Preclean 0.015ms
[2931.559s][info][gc] GC(727) Pause Remark 27M->27M(29M) 5.799ms
[2931.559s][info][gc] GC(727) Concurrent Sweep
[2931.562s][info][gc] GC(727) Concurrent Sweep 3.336ms
[2931.562s][info][gc] GC(727) Concurrent Reset
[2931.562s][info][gc] GC(727) Concurrent Reset 0.020ms
[2933.564s][info][gc] GC(728) Pause Initial Mark 27M->27M(29M) 1.152ms
[2933.564s][info][gc] GC(728) Concurrent Mark
[2933.576s][info][gc] GC(728) Concurrent Mark 12.071ms
[2933.576s][info][gc] GC(728) Concurrent Preclean
[2933.576s][info][gc] GC(728) Concurrent Preclean 0.138ms
[2933.576s][info][gc] GC(728) Concurrent Abortable Preclean
[2933.576s][info][gc] GC(728) Concurrent Abortable Preclean 0.015ms
[2933.582s][info][gc] GC(728) Pause Remark 27M->27M(29M) 5.597ms
[2933.582s][info][gc] GC(728) Concurrent Sweep
[2933.585s][info][gc] GC(728) Concurrent Sweep 3.318ms
[2933.586s][info][gc] GC(728) Concurrent Reset
[2933.586s][info][gc] GC(728) Concurrent Reset 0.022ms
[2935.587s][info][gc] GC(729) Pause Initial Mark 27M->27M(29M) 1.346ms
[2935.587s][info][gc] GC(729) Concurrent Mark
[2935.611s][info][gc] GC(729) Concurrent Mark 23.854ms
[2935.611s][info][gc] GC(729) Concurrent Preclean
[2935.612s][info][gc] GC(729) Concurrent Preclean 0.724ms
[2935.612s][info][gc] GC(729) Concurrent Abortable Preclean
[2935.612s][info][gc] GC(729) Concurrent Abortable Preclean 0.048ms
[2935.628s][info][gc] GC(729) Pause Remark 27M->27M(29M) 15.411ms
[2935.628s][info][gc] GC(729) Concurrent Sweep
[2935.633s][info][gc] GC(729) Concurrent Sweep 5.085ms
[2935.634s][info][gc] GC(729) Concurrent Reset
[2935.634s][info][gc] GC(729) Concurrent Reset 0.173ms
[2937.637s][info][gc] GC(730) Pause Initial Mark 27M->27M(29M) 1.022ms
[2937.637s][info][gc] GC(730) Concurrent Mark
[2937.649s][info][gc] GC(730) Concurrent Mark 12.133ms
[2937.649s][info][gc] GC(730) Concurrent Preclean
[2937.649s][info][gc] GC(730) Concurrent Preclean 0.140ms
[2937.649s][info][gc] GC(730) Concurrent Abortable Preclean
[2937.649s][info][gc] GC(730) Concurrent Abortable Preclean 0.015ms
[2937.655s][info][gc] GC(730) Pause Remark 27M->27M(29M) 5.832ms
[2937.655s][info][gc] GC(730) Concurrent Sweep
[2937.658s][info][gc] GC(730) Concurrent Sweep 3.200ms
[2937.658s][info][gc] GC(730) Concurrent Reset
[2937.658s][info][gc] GC(730) Concurrent Reset 0.019ms
[2939.659s][info][gc] GC(731) Pause Initial Mark 27M->27M(29M) 1.071ms
[2939.659s][info][gc] GC(731) Concurrent Mark
[2939.671s][info][gc] GC(731) Concurrent Mark 11.949ms
[2939.671s][info][gc] GC(731) Concurrent Preclean
[2939.671s][info][gc] GC(731) Concurrent Preclean 0.120ms
[2939.671s][info][gc] GC(731) Concurrent Abortable Preclean
[2939.671s][info][gc] GC(731) Concurrent Abortable Preclean 0.013ms
[2939.677s][info][gc] GC(731) Pause Remark 27M->27M(29M) 5.590ms
[2939.677s][info][gc] GC(731) Concurrent Sweep
[2939.680s][info][gc] GC(731) Concurrent Sweep 3.195ms
[2939.680s][info][gc] GC(731) Concurrent Reset
[2939.680s][info][gc] GC(731) Concurrent Reset 0.019ms
[2941.684s][info][gc] GC(732) Pause Initial Mark 27M->27M(29M) 1.022ms
[2941.684s][info][gc] GC(732) Concurrent Mark
[2941.708s][info][gc] GC(732) Concurrent Mark 23.080ms
[2941.708s][info][gc] GC(732) Concurrent Preclean
[2941.708s][info][gc] GC(732) Concurrent Preclean 0.138ms
[2941.708s][info][gc] GC(732) Concurrent Abortable Preclean
[2941.708s][info][gc] GC(732) Concurrent Abortable Preclean 0.014ms
[2941.734s][info][gc] GC(732) Pause Remark 27M->27M(29M) 26.283ms
[2941.735s][info][gc] GC(732) Concurrent Sweep
[2941.740s][info][gc] GC(732) Concurrent Sweep 5.287ms
[2941.740s][info][gc] GC(732) Concurrent Reset
[2941.740s][info][gc] GC(732) Concurrent Reset 0.113ms
[2943.744s][info][gc] GC(733) Pause Initial Mark 27M->27M(29M) 1.134ms
[2943.745s][info][gc] GC(733) Concurrent Mark
[2943.761s][info][gc] GC(733) Concurrent Mark 16.583ms
[2943.761s][info][gc] GC(733) Concurrent Preclean
[2943.761s][info][gc] GC(733) Concurrent Preclean 0.162ms
[2943.761s][info][gc] GC(733) Concurrent Abortable Preclean
[2943.762s][info][gc] GC(733) Concurrent Abortable Preclean 0.033ms
[2943.774s][info][gc] GC(733) Pause Remark 27M->27M(29M) 10.000ms
[2943.774s][info][gc] GC(733) Concurrent Sweep
[2943.778s][info][gc] GC(733) Concurrent Sweep 4.009ms
[2943.779s][info][gc] GC(733) Concurrent Reset
[2943.779s][info][gc] GC(733) Concurrent Reset 0.020ms
[2945.779s][info][gc] GC(734) Pause Initial Mark 27M->27M(29M) 0.964ms
[2945.779s][info][gc] GC(734) Concurrent Mark
[2945.790s][info][gc] GC(734) Concurrent Mark 11.250ms
[2945.791s][info][gc] GC(734) Concurrent Preclean
[2945.791s][info][gc] GC(734) Concurrent Preclean 0.114ms
[2945.791s][info][gc] GC(734) Concurrent Abortable Preclean
[2945.791s][info][gc] GC(734) Concurrent Abortable Preclean 0.012ms
[2945.798s][info][gc] GC(734) Pause Remark 27M->27M(29M) 7.638ms
[2945.799s][info][gc] GC(734) Concurrent Sweep
[2945.802s][info][gc] GC(734) Concurrent Sweep 3.072ms
[2945.802s][info][gc] GC(734) Concurrent Reset
[2945.802s][info][gc] GC(734) Concurrent Reset 0.019ms
[2947.804s][info][gc] GC(735) Pause Initial Mark 27M->27M(29M) 0.674ms
[2947.804s][info][gc] GC(735) Concurrent Mark
[2947.818s][info][gc] GC(735) Concurrent Mark 13.539ms
[2947.818s][info][gc] GC(735) Concurrent Preclean
[2947.818s][info][gc] GC(735) Concurrent Preclean 0.123ms
[2947.818s][info][gc] GC(735) Concurrent Abortable Preclean
[2947.818s][info][gc] GC(735) Concurrent Abortable Preclean 0.010ms
[2947.828s][info][gc] GC(735) Pause Remark 27M->27M(29M) 9.542ms
[2947.828s][info][gc] GC(735) Concurrent Sweep
[2947.831s][info][gc] GC(735) Concurrent Sweep 3.127ms
[2947.831s][info][gc] GC(735) Concurrent Reset
[2947.831s][info][gc] GC(735) Concurrent Reset 0.017ms
[2949.832s][info][gc] GC(736) Pause Initial Mark 27M->27M(29M) 0.847ms
[2949.832s][info][gc] GC(736) Concurrent Mark
[2949.844s][info][gc] GC(736) Concurrent Mark 12.288ms
[2949.844s][info][gc] GC(736) Concurrent Preclean
[2949.844s][info][gc] GC(736) Concurrent Preclean 0.108ms
[2949.844s][info][gc] GC(736) Concurrent Abortable Preclean
[2949.844s][info][gc] GC(736) Concurrent Abortable Preclean 0.010ms
[2949.850s][info][gc] GC(736) Pause Remark 27M->27M(29M) 5.205ms
[2949.850s][info][gc] GC(736) Concurrent Sweep
[2949.853s][info][gc] GC(736) Concurrent Sweep 3.012ms
[2949.853s][info][gc] GC(736) Concurrent Reset
[2949.853s][info][gc] GC(736) Concurrent Reset 0.017ms
[2951.858s][info][gc] GC(737) Pause Initial Mark 27M->27M(29M) 2.732ms
[2951.859s][info][gc] GC(737) Concurrent Mark
[2951.874s][info][gc] GC(737) Concurrent Mark 15.548ms
[2951.874s][info][gc] GC(737) Concurrent Preclean
[2951.874s][info][gc] GC(737) Concurrent Preclean 0.108ms
[2951.874s][info][gc] GC(737) Concurrent Abortable Preclean
[2951.874s][info][gc] GC(737) Concurrent Abortable Preclean 0.010ms
[2951.880s][info][gc] GC(737) Pause Remark 27M->27M(29M) 5.404ms
[2951.880s][info][gc] GC(737) Concurrent Sweep
[2951.884s][info][gc] GC(737) Concurrent Sweep 3.810ms
[2951.884s][info][gc] GC(737) Concurrent Reset
[2951.884s][info][gc] GC(737) Concurrent Reset 0.018ms
[2953.884s][info][gc] GC(738) Pause Initial Mark 27M->27M(29M) 1.055ms
[2953.884s][info][gc] GC(738) Concurrent Mark
[2953.897s][info][gc] GC(738) Concurrent Mark 12.118ms
[2953.897s][info][gc] GC(738) Concurrent Preclean
[2953.897s][info][gc] GC(738) Concurrent Preclean 0.141ms
[2953.897s][info][gc] GC(738) Concurrent Abortable Preclean
[2953.897s][info][gc] GC(738) Concurrent Abortable Preclean 0.013ms
[2953.903s][info][gc] GC(738) Pause Remark 27M->27M(29M) 5.905ms
[2953.903s][info][gc] GC(738) Concurrent Sweep
[2953.907s][info][gc] GC(738) Concurrent Sweep 4.012ms
[2953.907s][info][gc] GC(738) Concurrent Reset
[2953.907s][info][gc] GC(738) Concurrent Reset 0.019ms
[2955.908s][info][gc] GC(739) Pause Initial Mark 27M->27M(29M) 1.080ms
[2955.908s][info][gc] GC(739) Concurrent Mark
[2955.921s][info][gc] GC(739) Concurrent Mark 13.036ms
[2955.921s][info][gc] GC(739) Concurrent Preclean
[2955.921s][info][gc] GC(739) Concurrent Preclean 0.129ms
[2955.921s][info][gc] GC(739) Concurrent Abortable Preclean
[2955.921s][info][gc] GC(739) Concurrent Abortable Preclean 0.011ms
[2955.927s][info][gc] GC(739) Pause Remark 27M->27M(29M) 6.038ms
[2955.928s][info][gc] GC(739) Concurrent Sweep
[2955.931s][info][gc] GC(739) Concurrent Sweep 3.246ms
[2955.931s][info][gc] GC(739) Concurrent Reset
[2955.931s][info][gc] GC(739) Concurrent Reset 0.018ms
[2957.931s][info][gc] GC(740) Pause Initial Mark 27M->27M(29M) 0.849ms
[2957.931s][info][gc] GC(740) Concurrent Mark
[2957.942s][info][gc] GC(740) Concurrent Mark 11.216ms
[2957.942s][info][gc] GC(740) Concurrent Preclean
[2957.942s][info][gc] GC(740) Concurrent Preclean 0.120ms
[2957.942s][info][gc] GC(740) Concurrent Abortable Preclean
[2957.942s][info][gc] GC(740) Concurrent Abortable Preclean 0.011ms
[2957.948s][info][gc] GC(740) Pause Remark 27M->27M(29M) 5.798ms
[2957.948s][info][gc] GC(740) Concurrent Sweep
[2957.952s][info][gc] GC(740) Concurrent Sweep 3.141ms
[2957.952s][info][gc] GC(740) Concurrent Reset
[2957.952s][info][gc] GC(740) Concurrent Reset 0.016ms
[2959.956s][info][gc] GC(741) Pause Initial Mark 27M->27M(29M) 1.057ms
[2959.957s][info][gc] GC(741) Concurrent Mark
[2959.969s][info][gc] GC(741) Concurrent Mark 12.067ms
[2959.969s][info][gc] GC(741) Concurrent Preclean
[2959.969s][info][gc] GC(741) Concurrent Preclean 0.138ms
[2959.969s][info][gc] GC(741) Concurrent Abortable Preclean
[2959.969s][info][gc] GC(741) Concurrent Abortable Preclean 0.013ms
[2959.975s][info][gc] GC(741) Pause Remark 27M->27M(29M) 5.550ms
[2959.975s][info][gc] GC(741) Concurrent Sweep
[2959.978s][info][gc] GC(741) Concurrent Sweep 3.244ms
[2959.978s][info][gc] GC(741) Concurrent Reset
[2959.978s][info][gc] GC(741) Concurrent Reset 0.017ms
[2961.985s][info][gc] GC(742) Pause Initial Mark 27M->27M(29M) 1.207ms
[2961.985s][info][gc] GC(742) Concurrent Mark
[2961.997s][info][gc] GC(742) Concurrent Mark 12.070ms
[2961.997s][info][gc] GC(742) Concurrent Preclean
[2961.997s][info][gc] GC(742) Concurrent Preclean 0.136ms
[2961.997s][info][gc] GC(742) Concurrent Abortable Preclean
[2961.997s][info][gc] GC(742) Concurrent Abortable Preclean 0.015ms
[2962.003s][info][gc] GC(742) Pause Remark 27M->27M(29M) 5.829ms
[2962.003s][info][gc] GC(742) Concurrent Sweep
[2962.006s][info][gc] GC(742) Concurrent Sweep 3.384ms
[2962.006s][info][gc] GC(742) Concurrent Reset
[2962.006s][info][gc] GC(742) Concurrent Reset 0.020ms
[2964.008s][info][gc] GC(743) Pause Initial Mark 27M->27M(29M) 0.972ms
[2964.008s][info][gc] GC(743) Concurrent Mark
[2964.027s][info][gc] GC(743) Concurrent Mark 18.262ms
[2964.027s][info][gc] GC(743) Concurrent Preclean
[2964.027s][info][gc] GC(743) Concurrent Preclean 0.119ms
[2964.027s][info][gc] GC(743) Concurrent Abortable Preclean
[2964.027s][info][gc] GC(743) Concurrent Abortable Preclean 0.012ms
[2964.034s][info][gc] GC(743) Pause Remark 27M->27M(29M) 6.653ms
[2964.034s][info][gc] GC(743) Concurrent Sweep
[2964.037s][info][gc] GC(743) Concurrent Sweep 3.061ms
[2964.037s][info][gc] GC(743) Concurrent Reset
[2964.037s][info][gc] GC(743) Concurrent Reset 0.018ms
[2966.040s][info][gc] GC(744) Pause Initial Mark 27M->27M(29M) 0.667ms
[2966.040s][info][gc] GC(744) Concurrent Mark
[2966.059s][info][gc] GC(744) Concurrent Mark 19.105ms
[2966.059s][info][gc] GC(744) Concurrent Preclean
[2966.060s][info][gc] GC(744) Concurrent Preclean 0.155ms
[2966.060s][info][gc] GC(744) Concurrent Abortable Preclean
[2966.060s][info][gc] GC(744) Concurrent Abortable Preclean 0.018ms
[2966.086s][info][gc] GC(744) Pause Remark 27M->27M(29M) 26.059ms
[2966.086s][info][gc] GC(744) Concurrent Sweep
[2966.092s][info][gc] GC(744) Concurrent Sweep 6.303ms
[2966.093s][info][gc] GC(744) Concurrent Reset
[2966.093s][info][gc] GC(744) Concurrent Reset 0.034ms
[2968.094s][info][gc] GC(745) Pause Initial Mark 27M->27M(29M) 0.724ms
[2968.095s][info][gc] GC(745) Concurrent Mark
[2968.115s][info][gc] GC(745) Concurrent Mark 20.507ms
[2968.115s][info][gc] GC(745) Concurrent Preclean
[2968.115s][info][gc] GC(745) Concurrent Preclean 0.150ms
[2968.116s][info][gc] GC(745) Concurrent Abortable Preclean
[2968.116s][info][gc] GC(745) Concurrent Abortable Preclean 0.019ms
[2968.126s][info][gc] GC(745) Pause Remark 27M->27M(29M) 9.899ms
[2968.126s][info][gc] GC(745) Concurrent Sweep
[2968.130s][info][gc] GC(745) Concurrent Sweep 4.122ms
[2968.130s][info][gc] GC(745) Concurrent Reset
[2968.130s][info][gc] GC(745) Concurrent Reset 0.030ms
[2970.133s][info][gc] GC(746) Pause Initial Mark 27M->27M(29M) 1.318ms
[2970.134s][info][gc] GC(746) Concurrent Mark
[2970.146s][info][gc] GC(746) Concurrent Mark 11.927ms
[2970.146s][info][gc] GC(746) Concurrent Preclean
[2970.146s][info][gc] GC(746) Concurrent Preclean 0.109ms
[2970.146s][info][gc] GC(746) Concurrent Abortable Preclean
[2970.146s][info][gc] GC(746) Concurrent Abortable Preclean 0.013ms
[2970.151s][info][gc] GC(746) Pause Remark 27M->27M(29M) 5.194ms
[2970.151s][info][gc] GC(746) Concurrent Sweep
[2970.154s][info][gc] GC(746) Concurrent Sweep 2.942ms
[2970.154s][info][gc] GC(746) Concurrent Reset
[2970.154s][info][gc] GC(746) Concurrent Reset 0.018ms
[2972.156s][info][gc] GC(747) Pause Initial Mark 27M->27M(29M) 1.021ms
[2972.156s][info][gc] GC(747) Concurrent Mark
[2972.168s][info][gc] GC(747) Concurrent Mark 12.011ms
[2972.168s][info][gc] GC(747) Concurrent Preclean
[2972.168s][info][gc] GC(747) Concurrent Preclean 0.125ms
[2972.168s][info][gc] GC(747) Concurrent Abortable Preclean
[2972.168s][info][gc] GC(747) Concurrent Abortable Preclean 0.017ms
[2972.174s][info][gc] GC(747) Pause Remark 27M->27M(29M) 5.404ms
[2972.174s][info][gc] GC(747) Concurrent Sweep
[2972.177s][info][gc] GC(747) Concurrent Sweep 3.143ms
[2972.177s][info][gc] GC(747) Concurrent Reset
[2972.177s][info][gc] GC(747) Concurrent Reset 0.020ms
[2974.178s][info][gc] GC(748) Pause Initial Mark 27M->27M(29M) 1.224ms
[2974.179s][info][gc] GC(748) Concurrent Mark
[2974.190s][info][gc] GC(748) Concurrent Mark 11.845ms
[2974.190s][info][gc] GC(748) Concurrent Preclean
[2974.191s][info][gc] GC(748) Concurrent Preclean 0.125ms
[2974.191s][info][gc] GC(748) Concurrent Abortable Preclean
[2974.191s][info][gc] GC(748) Concurrent Abortable Preclean 0.013ms
[2974.196s][info][gc] GC(748) Pause Remark 27M->27M(29M) 5.751ms
[2974.197s][info][gc] GC(748) Concurrent Sweep
[2974.200s][info][gc] GC(748) Concurrent Sweep 3.259ms
[2974.200s][info][gc] GC(748) Concurrent Reset
[2974.200s][info][gc] GC(748) Concurrent Reset 0.019ms
[2976.202s][info][gc] GC(749) Pause Initial Mark 27M->27M(29M) 1.105ms
[2976.202s][info][gc] GC(749) Concurrent Mark
[2976.214s][info][gc] GC(749) Concurrent Mark 11.946ms
[2976.214s][info][gc] GC(749) Concurrent Preclean
[2976.214s][info][gc] GC(749) Concurrent Preclean 0.121ms
[2976.214s][info][gc] GC(749) Concurrent Abortable Preclean
[2976.214s][info][gc] GC(749) Concurrent Abortable Preclean 0.014ms
[2976.220s][info][gc] GC(749) Pause Remark 27M->27M(29M) 5.907ms
[2976.220s][info][gc] GC(749) Concurrent Sweep
[2976.223s][info][gc] GC(749) Concurrent Sweep 3.237ms
[2976.223s][info][gc] GC(749) Concurrent Reset
[2976.223s][info][gc] GC(749) Concurrent Reset 0.020ms
[2978.227s][info][gc] GC(750) Pause Initial Mark 27M->27M(29M) 1.000ms
[2978.227s][info][gc] GC(750) Concurrent Mark
[2978.247s][info][gc] GC(750) Concurrent Mark 19.165ms
[2978.247s][info][gc] GC(750) Concurrent Preclean
[2978.247s][info][gc] GC(750) Concurrent Preclean 0.153ms
[2978.247s][info][gc] GC(750) Concurrent Abortable Preclean
[2978.247s][info][gc] GC(750) Concurrent Abortable Preclean 0.018ms
[2978.267s][info][gc] GC(750) Pause Remark 27M->27M(29M) 19.769ms
[2978.271s][info][gc] GC(750) Concurrent Sweep
[2978.275s][info][gc] GC(750) Concurrent Sweep 4.496ms
[2978.275s][info][gc] GC(750) Concurrent Reset
[2978.275s][info][gc] GC(750) Concurrent Reset 0.031ms
[2980.285s][info][gc] GC(751) Pause Initial Mark 27M->27M(29M) 2.529ms
[2980.286s][info][gc] GC(751) Concurrent Mark
[2980.303s][info][gc] GC(751) Concurrent Mark 17.734ms
[2980.303s][info][gc] GC(751) Concurrent Preclean
[2980.304s][info][gc] GC(751) Concurrent Preclean 0.178ms
[2980.304s][info][gc] GC(751) Concurrent Abortable Preclean
[2980.304s][info][gc] GC(751) Concurrent Abortable Preclean 0.026ms
[2980.322s][info][gc] GC(751) Pause Remark 27M->27M(29M) 18.399ms
[2980.322s][info][gc] GC(751) Concurrent Sweep
[2980.328s][info][gc] GC(751) Concurrent Sweep 5.279ms
[2980.328s][info][gc] GC(751) Concurrent Reset
[2980.328s][info][gc] GC(751) Concurrent Reset 0.040ms
[2982.332s][info][gc] GC(752) Pause Initial Mark 27M->27M(29M) 0.729ms
[2982.332s][info][gc] GC(752) Concurrent Mark
[2982.348s][info][gc] GC(752) Concurrent Mark 15.601ms
[2982.348s][info][gc] GC(752) Concurrent Preclean
[2982.348s][info][gc] GC(752) Concurrent Preclean 0.300ms
[2982.348s][info][gc] GC(752) Concurrent Abortable Preclean
[2982.348s][info][gc] GC(752) Concurrent Abortable Preclean 0.022ms
[2982.363s][info][gc] GC(752) Pause Remark 27M->27M(29M) 14.078ms
[2982.363s][info][gc] GC(752) Concurrent Sweep
[2982.368s][info][gc] GC(752) Concurrent Sweep 5.107ms
[2982.368s][info][gc] GC(752) Concurrent Reset
[2982.368s][info][gc] GC(752) Concurrent Reset 0.032ms
[2984.369s][info][gc] GC(753) Pause Initial Mark 27M->27M(29M) 1.098ms
[2984.369s][info][gc] GC(753) Concurrent Mark
[2984.382s][info][gc] GC(753) Concurrent Mark 12.391ms
[2984.382s][info][gc] GC(753) Concurrent Preclean
[2984.382s][info][gc] GC(753) Concurrent Preclean 0.120ms
[2984.382s][info][gc] GC(753) Concurrent Abortable Preclean
[2984.382s][info][gc] GC(753) Concurrent Abortable Preclean 0.017ms
[2984.387s][info][gc] GC(753) Pause Remark 27M->27M(29M) 4.972ms
[2984.387s][info][gc] GC(753) Concurrent Sweep
[2984.390s][info][gc] GC(753) Concurrent Sweep 3.007ms
[2984.390s][info][gc] GC(753) Concurrent Reset
[2984.390s][info][gc] GC(753) Concurrent Reset 0.019ms
[2986.391s][info][gc] GC(754) Pause Initial Mark 27M->27M(29M) 0.694ms
[2986.392s][info][gc] GC(754) Concurrent Mark
[2986.406s][info][gc] GC(754) Concurrent Mark 14.290ms
[2986.406s][info][gc] GC(754) Concurrent Preclean
[2986.406s][info][gc] GC(754) Concurrent Preclean 0.120ms
[2986.406s][info][gc] GC(754) Concurrent Abortable Preclean
[2986.406s][info][gc] GC(754) Concurrent Abortable Preclean 0.013ms
[2986.411s][info][gc] GC(754) Pause Remark 27M->27M(29M) 5.149ms
[2986.411s][info][gc] GC(754) Concurrent Sweep
[2986.415s][info][gc] GC(754) Concurrent Sweep 3.971ms
[2986.415s][info][gc] GC(754) Concurrent Reset
[2986.416s][info][gc] GC(754) Concurrent Reset 0.066ms
[2988.422s][info][gc] GC(755) Pause Initial Mark 27M->27M(29M) 1.052ms
[2988.422s][info][gc] GC(755) Concurrent Mark
[2988.434s][info][gc] GC(755) Concurrent Mark 11.921ms
[2988.434s][info][gc] GC(755) Concurrent Preclean
[2988.434s][info][gc] GC(755) Concurrent Preclean 0.119ms
[2988.434s][info][gc] GC(755) Concurrent Abortable Preclean
[2988.434s][info][gc] GC(755) Concurrent Abortable Preclean 0.012ms
[2988.440s][info][gc] GC(755) Pause Remark 27M->27M(29M) 5.736ms
[2988.440s][info][gc] GC(755) Concurrent Sweep
[2988.444s][info][gc] GC(755) Concurrent Sweep 3.583ms
[2988.444s][info][gc] GC(755) Concurrent Reset
[2988.444s][info][gc] GC(755) Concurrent Reset 0.022ms
[2990.445s][info][gc] GC(756) Pause Initial Mark 27M->27M(29M) 1.107ms
[2990.445s][info][gc] GC(756) Concurrent Mark
[2990.460s][info][gc] GC(756) Concurrent Mark 14.260ms
[2990.460s][info][gc] GC(756) Concurrent Preclean
[2990.460s][info][gc] GC(756) Concurrent Preclean 0.122ms
[2990.460s][info][gc] GC(756) Concurrent Abortable Preclean
[2990.460s][info][gc] GC(756) Concurrent Abortable Preclean 0.014ms
[2990.466s][info][gc] GC(756) Pause Remark 27M->27M(29M) 5.686ms
[2990.466s][info][gc] GC(756) Concurrent Sweep
[2990.469s][info][gc] GC(756) Concurrent Sweep 3.286ms
[2990.469s][info][gc] GC(756) Concurrent Reset
[2990.469s][info][gc] GC(756) Concurrent Reset 0.021ms
[2992.471s][info][gc] GC(757) Pause Initial Mark 27M->27M(29M) 1.056ms
[2992.471s][info][gc] GC(757) Concurrent Mark
[2992.484s][info][gc] GC(757) Concurrent Mark 12.217ms
[2992.484s][info][gc] GC(757) Concurrent Preclean
[2992.484s][info][gc] GC(757) Concurrent Preclean 0.218ms
[2992.484s][info][gc] GC(757) Concurrent Abortable Preclean
[2992.484s][info][gc] GC(757) Concurrent Abortable Preclean 0.015ms
[2992.494s][info][gc] GC(757) Pause Remark 27M->27M(29M) 9.540ms
[2992.494s][info][gc] GC(757) Concurrent Sweep
[2992.497s][info][gc] GC(757) Concurrent Sweep 3.303ms
[2992.497s][info][gc] GC(757) Concurrent Reset
[2992.497s][info][gc] GC(757) Concurrent Reset 0.020ms
[2994.502s][info][gc] GC(758) Pause Initial Mark 27M->27M(29M) 1.159ms
[2994.502s][info][gc] GC(758) Concurrent Mark
[2994.514s][info][gc] GC(758) Concurrent Mark 11.930ms
[2994.514s][info][gc] GC(758) Concurrent Preclean
[2994.514s][info][gc] GC(758) Concurrent Preclean 0.130ms
[2994.514s][info][gc] GC(758) Concurrent Abortable Preclean
[2994.514s][info][gc] GC(758) Concurrent Abortable Preclean 0.014ms
[2994.520s][info][gc] GC(758) Pause Remark 27M->27M(29M) 5.888ms
[2994.520s][info][gc] GC(758) Concurrent Sweep
[2994.523s][info][gc] GC(758) Concurrent Sweep 3.206ms
[2994.523s][info][gc] GC(758) Concurrent Reset
[2994.523s][info][gc] GC(758) Concurrent Reset 0.019ms
[2996.526s][info][gc] GC(759) Pause Initial Mark 27M->27M(29M) 1.312ms
[2996.526s][info][gc] GC(759) Concurrent Mark
[2996.539s][info][gc] GC(759) Concurrent Mark 12.094ms
[2996.539s][info][gc] GC(759) Concurrent Preclean
[2996.539s][info][gc] GC(759) Concurrent Preclean 0.115ms
[2996.539s][info][gc] GC(759) Concurrent Abortable Preclean
[2996.539s][info][gc] GC(759) Concurrent Abortable Preclean 0.012ms
[2996.545s][info][gc] GC(759) Pause Remark 27M->27M(29M) 6.373ms
[2996.545s][info][gc] GC(759) Concurrent Sweep
[2996.548s][info][gc] GC(759) Concurrent Sweep 3.072ms
[2996.548s][info][gc] GC(759) Concurrent Reset
[2996.548s][info][gc] GC(759) Concurrent Reset 0.019ms
[2998.549s][info][gc] GC(760) Pause Initial Mark 27M->27M(29M) 1.149ms
[2998.549s][info][gc] GC(760) Concurrent Mark
[2998.565s][info][gc] GC(760) Concurrent Mark 15.257ms
[2998.565s][info][gc] GC(760) Concurrent Preclean
[2998.565s][info][gc] GC(760) Concurrent Preclean 0.157ms
[2998.565s][info][gc] GC(760) Concurrent Abortable Preclean
[2998.565s][info][gc] GC(760) Concurrent Abortable Preclean 0.022ms
[2998.572s][info][gc] GC(760) Pause Remark 27M->27M(29M) 7.172ms
[2998.572s][info][gc] GC(760) Concurrent Sweep
[2998.576s][info][gc] GC(760) Concurrent Sweep 3.312ms
[2998.576s][info][gc] GC(760) Concurrent Reset
[2998.576s][info][gc] GC(760) Concurrent Reset 0.019ms
[3000.578s][info][gc] GC(761) Pause Initial Mark 27M->27M(29M) 1.142ms
[3000.578s][info][gc] GC(761) Concurrent Mark
[3000.593s][info][gc] GC(761) Concurrent Mark 14.546ms
[3000.593s][info][gc] GC(761) Concurrent Preclean
[3000.593s][info][gc] GC(761) Concurrent Preclean 0.128ms
[3000.593s][info][gc] GC(761) Concurrent Abortable Preclean
[3000.593s][info][gc] GC(761) Concurrent Abortable Preclean 0.013ms
[3000.599s][info][gc] GC(761) Pause Remark 27M->27M(29M) 5.783ms
[3000.599s][info][gc] GC(761) Concurrent Sweep
[3000.602s][info][gc] GC(761) Concurrent Sweep 3.334ms
[3000.602s][info][gc] GC(761) Concurrent Reset
[3000.602s][info][gc] GC(761) Concurrent Reset 0.021ms
[3002.604s][info][gc] GC(762) Pause Initial Mark 27M->27M(29M) 1.100ms
[3002.604s][info][gc] GC(762) Concurrent Mark
[3002.616s][info][gc] GC(762) Concurrent Mark 11.878ms
[3002.616s][info][gc] GC(762) Concurrent Preclean
[3002.616s][info][gc] GC(762) Concurrent Preclean 0.124ms
[3002.616s][info][gc] GC(762) Concurrent Abortable Preclean
[3002.616s][info][gc] GC(762) Concurrent Abortable Preclean 0.013ms
[3002.622s][info][gc] GC(762) Pause Remark 27M->27M(29M) 5.685ms
[3002.622s][info][gc] GC(762) Concurrent Sweep
[3002.625s][info][gc] GC(762) Concurrent Sweep 3.408ms
[3002.625s][info][gc] GC(762) Concurrent Reset
[3002.625s][info][gc] GC(762) Concurrent Reset 0.021ms
[3004.627s][info][gc] GC(763) Pause Initial Mark 27M->27M(29M) 1.480ms
[3004.627s][info][gc] GC(763) Concurrent Mark
[3004.651s][info][gc] GC(763) Concurrent Mark 23.974ms
[3004.651s][info][gc] GC(763) Concurrent Preclean
[3004.651s][info][gc] GC(763) Concurrent Preclean 0.198ms
[3004.651s][info][gc] GC(763) Concurrent Abortable Preclean
[3004.651s][info][gc] GC(763) Concurrent Abortable Preclean 0.039ms
[3004.664s][info][gc] GC(763) Pause Remark 27M->27M(29M) 12.201ms
[3004.664s][info][gc] GC(763) Concurrent Sweep
[3004.668s][info][gc] GC(763) Concurrent Sweep 3.859ms
[3004.668s][info][gc] GC(763) Concurrent Reset
[3004.668s][info][gc] GC(763) Concurrent Reset 0.026ms
[3006.671s][info][gc] GC(764) Pause Initial Mark 27M->27M(29M) 1.098ms
[3006.671s][info][gc] GC(764) Concurrent Mark
[3006.684s][info][gc] GC(764) Concurrent Mark 12.820ms
[3006.684s][info][gc] GC(764) Concurrent Preclean
[3006.684s][info][gc] GC(764) Concurrent Preclean 0.117ms
[3006.684s][info][gc] GC(764) Concurrent Abortable Preclean
[3006.684s][info][gc] GC(764) Concurrent Abortable Preclean 0.014ms
[3006.691s][info][gc] GC(764) Pause Remark 27M->27M(29M) 6.615ms
[3006.691s][info][gc] GC(764) Concurrent Sweep
[3006.695s][info][gc] GC(764) Concurrent Sweep 3.416ms
[3006.695s][info][gc] GC(764) Concurrent Reset
[3006.695s][info][gc] GC(764) Concurrent Reset 0.021ms
[3008.702s][info][gc] GC(765) Pause Initial Mark 27M->27M(29M) 2.263ms
[3008.702s][info][gc] GC(765) Concurrent Mark
[3008.748s][info][gc] GC(765) Concurrent Mark 45.887ms
[3008.748s][info][gc] GC(765) Concurrent Preclean
[3008.749s][info][gc] GC(765) Concurrent Preclean 0.477ms
[3008.749s][info][gc] GC(765) Concurrent Abortable Preclean
[3008.749s][info][gc] GC(765) Concurrent Abortable Preclean 0.021ms
[3008.758s][info][gc] GC(765) Pause Remark 27M->27M(29M) 9.240ms
[3008.758s][info][gc] GC(765) Concurrent Sweep
[3008.763s][info][gc] GC(765) Concurrent Sweep 5.320ms
[3008.763s][info][gc] GC(765) Concurrent Reset
[3008.763s][info][gc] GC(765) Concurrent Reset 0.020ms
[3010.765s][info][gc] GC(766) Pause Initial Mark 27M->27M(29M) 1.283ms
[3010.765s][info][gc] GC(766) Concurrent Mark
[3010.780s][info][gc] GC(766) Concurrent Mark 15.392ms
[3010.780s][info][gc] GC(766) Concurrent Preclean
[3010.781s][info][gc] GC(766) Concurrent Preclean 0.110ms
[3010.781s][info][gc] GC(766) Concurrent Abortable Preclean
[3010.781s][info][gc] GC(766) Concurrent Abortable Preclean 0.012ms
[3010.786s][info][gc] GC(766) Pause Remark 27M->27M(29M) 5.198ms
[3010.786s][info][gc] GC(766) Concurrent Sweep
[3010.789s][info][gc] GC(766) Concurrent Sweep 3.246ms
[3010.789s][info][gc] GC(766) Concurrent Reset
[3010.789s][info][gc] GC(766) Concurrent Reset 0.019ms
[3012.792s][info][gc] GC(767) Pause Initial Mark 27M->27M(29M) 1.200ms
[3012.792s][info][gc] GC(767) Concurrent Mark
[3012.804s][info][gc] GC(767) Concurrent Mark 12.468ms
[3012.804s][info][gc] GC(767) Concurrent Preclean
[3012.804s][info][gc] GC(767) Concurrent Preclean 0.118ms
[3012.804s][info][gc] GC(767) Concurrent Abortable Preclean
[3012.804s][info][gc] GC(767) Concurrent Abortable Preclean 0.014ms
[3012.820s][info][gc] GC(767) Pause Remark 27M->27M(29M) 14.996ms
[3012.820s][info][gc] GC(767) Concurrent Sweep
[3012.826s][info][gc] GC(767) Concurrent Sweep 6.081ms
[3012.826s][info][gc] GC(767) Concurrent Reset
[3012.826s][info][gc] GC(767) Concurrent Reset 0.090ms
[3014.828s][info][gc] GC(768) Pause Initial Mark 27M->27M(29M) 0.865ms
[3014.828s][info][gc] GC(768) Concurrent Mark
[3014.838s][info][gc] GC(768) Concurrent Mark 9.890ms
[3014.838s][info][gc] GC(768) Concurrent Preclean
[3014.838s][info][gc] GC(768) Concurrent Preclean 0.149ms
[3014.838s][info][gc] GC(768) Concurrent Abortable Preclean
[3014.838s][info][gc] GC(768) Concurrent Abortable Preclean 0.018ms
[3014.844s][info][gc] GC(768) Pause Remark 27M->27M(29M) 6.456ms
[3014.845s][info][gc] GC(768) Concurrent Sweep
[3014.848s][info][gc] GC(768) Concurrent Sweep 3.506ms
[3014.848s][info][gc] GC(768) Concurrent Reset
[3014.848s][info][gc] GC(768) Concurrent Reset 0.020ms
[3016.854s][info][gc] GC(769) Pause Initial Mark 27M->27M(29M) 1.064ms
[3016.854s][info][gc] GC(769) Concurrent Mark
[3016.866s][info][gc] GC(769) Concurrent Mark 12.178ms
[3016.866s][info][gc] GC(769) Concurrent Preclean
[3016.866s][info][gc] GC(769) Concurrent Preclean 0.157ms
[3016.866s][info][gc] GC(769) Concurrent Abortable Preclean
[3016.866s][info][gc] GC(769) Concurrent Abortable Preclean 0.033ms
[3016.874s][info][gc] GC(769) Pause Remark 27M->27M(29M) 7.682ms
[3016.874s][info][gc] GC(769) Concurrent Sweep
[3016.878s][info][gc] GC(769) Concurrent Sweep 3.807ms
[3016.878s][info][gc] GC(769) Concurrent Reset
[3016.878s][info][gc] GC(769) Concurrent Reset 0.069ms
[3018.881s][info][gc] GC(770) Pause Initial Mark 27M->27M(29M) 0.969ms
[3018.881s][info][gc] GC(770) Concurrent Mark
[3018.894s][info][gc] GC(770) Concurrent Mark 12.631ms
[3018.894s][info][gc] GC(770) Concurrent Preclean
[3018.894s][info][gc] GC(770) Concurrent Preclean 0.119ms
[3018.894s][info][gc] GC(770) Concurrent Abortable Preclean
[3018.894s][info][gc] GC(770) Concurrent Abortable Preclean 0.014ms
[3018.899s][info][gc] GC(770) Pause Remark 27M->27M(29M) 5.531ms
[3018.900s][info][gc] GC(770) Concurrent Sweep
[3018.903s][info][gc] GC(770) Concurrent Sweep 3.292ms
[3018.903s][info][gc] GC(770) Concurrent Reset
[3018.903s][info][gc] GC(770) Concurrent Reset 0.020ms
[3020.906s][info][gc] GC(771) Pause Initial Mark 27M->27M(29M) 1.060ms
[3020.907s][info][gc] GC(771) Concurrent Mark
[3020.918s][info][gc] GC(771) Concurrent Mark 11.871ms
[3020.918s][info][gc] GC(771) Concurrent Preclean
[3020.919s][info][gc] GC(771) Concurrent Preclean 0.109ms
[3020.919s][info][gc] GC(771) Concurrent Abortable Preclean
[3020.919s][info][gc] GC(771) Concurrent Abortable Preclean 0.013ms
[3020.924s][info][gc] GC(771) Pause Remark 27M->27M(29M) 5.291ms
[3020.924s][info][gc] GC(771) Concurrent Sweep
[3020.927s][info][gc] GC(771) Concurrent Sweep 2.973ms
[3020.927s][info][gc] GC(771) Concurrent Reset
[3020.927s][info][gc] GC(771) Concurrent Reset 0.018ms
[3022.930s][info][gc] GC(772) Pause Initial Mark 27M->27M(29M) 0.661ms
[3022.930s][info][gc] GC(772) Concurrent Mark
[3022.945s][info][gc] GC(772) Concurrent Mark 15.334ms
[3022.945s][info][gc] GC(772) Concurrent Preclean
[3022.946s][info][gc] GC(772) Concurrent Preclean 0.152ms
[3022.946s][info][gc] GC(772) Concurrent Abortable Preclean
[3022.946s][info][gc] GC(772) Concurrent Abortable Preclean 0.018ms
[3022.965s][info][gc] GC(772) Pause Remark 27M->27M(29M) 19.185ms
[3022.965s][info][gc] GC(772) Concurrent Sweep
[3022.970s][info][gc] GC(772) Concurrent Sweep 5.364ms
[3022.971s][info][gc] GC(772) Concurrent Reset
[3022.971s][info][gc] GC(772) Concurrent Reset 0.043ms
[3024.978s][info][gc] GC(773) Pause Initial Mark 27M->27M(29M) 4.487ms
[3024.979s][info][gc] GC(773) Concurrent Mark
[3025.008s][info][gc] GC(773) Concurrent Mark 28.980ms
[3025.008s][info][gc] GC(773) Concurrent Preclean
[3025.008s][info][gc] GC(773) Concurrent Preclean 0.280ms
[3025.008s][info][gc] GC(773) Concurrent Abortable Preclean
[3025.008s][info][gc] GC(773) Concurrent Abortable Preclean 0.032ms
[3025.026s][info][gc] GC(773) Pause Remark 27M->27M(29M) 17.131ms
[3025.027s][info][gc] GC(773) Concurrent Sweep
[3025.034s][info][gc] GC(773) Concurrent Sweep 6.597ms
[3025.034s][info][gc] GC(773) Concurrent Reset
[3025.034s][info][gc] GC(773) Concurrent Reset 0.031ms
[3027.036s][info][gc] GC(774) Pause Initial Mark 27M->27M(29M) 1.117ms
[3027.037s][info][gc] GC(774) Concurrent Mark
[3027.059s][info][gc] GC(774) Concurrent Mark 22.108ms
[3027.059s][info][gc] GC(774) Concurrent Preclean
[3027.059s][info][gc] GC(774) Concurrent Preclean 0.133ms
[3027.059s][info][gc] GC(774) Concurrent Abortable Preclean
[3027.059s][info][gc] GC(774) Concurrent Abortable Preclean 0.013ms
[3027.065s][info][gc] GC(774) Pause Remark 27M->27M(29M) 5.594ms
[3027.065s][info][gc] GC(774) Concurrent Sweep
[3027.068s][info][gc] GC(774) Concurrent Sweep 3.385ms
[3027.068s][info][gc] GC(774) Concurrent Reset
[3027.068s][info][gc] GC(774) Concurrent Reset 0.021ms
[3029.073s][info][gc] GC(775) Pause Initial Mark 27M->27M(29M) 1.093ms
[3029.073s][info][gc] GC(775) Concurrent Mark
[3029.085s][info][gc] GC(775) Concurrent Mark 12.142ms
[3029.085s][info][gc] GC(775) Concurrent Preclean
[3029.085s][info][gc] GC(775) Concurrent Preclean 0.123ms
[3029.085s][info][gc] GC(775) Concurrent Abortable Preclean
[3029.085s][info][gc] GC(775) Concurrent Abortable Preclean 0.014ms
[3029.091s][info][gc] GC(775) Pause Remark 27M->27M(29M) 5.504ms
[3029.091s][info][gc] GC(775) Concurrent Sweep
[3029.094s][info][gc] GC(775) Concurrent Sweep 3.300ms
[3029.094s][info][gc] GC(775) Concurrent Reset
[3029.094s][info][gc] GC(775) Concurrent Reset 0.021ms
[3031.100s][info][gc] GC(776) Pause Initial Mark 27M->27M(29M) 0.890ms
[3031.100s][info][gc] GC(776) Concurrent Mark
[3031.114s][info][gc] GC(776) Concurrent Mark 13.470ms
[3031.114s][info][gc] GC(776) Concurrent Preclean
[3031.114s][info][gc] GC(776) Concurrent Preclean 0.112ms
[3031.114s][info][gc] GC(776) Concurrent Abortable Preclean
[3031.114s][info][gc] GC(776) Concurrent Abortable Preclean 0.014ms
[3031.119s][info][gc] GC(776) Pause Remark 27M->27M(29M) 5.070ms
[3031.119s][info][gc] GC(776) Concurrent Sweep
[3031.122s][info][gc] GC(776) Concurrent Sweep 3.149ms
[3031.122s][info][gc] GC(776) Concurrent Reset
[3031.122s][info][gc] GC(776) Concurrent Reset 0.020ms
[3033.127s][info][gc] GC(777) Pause Initial Mark 27M->27M(29M) 2.461ms
[3033.127s][info][gc] GC(777) Concurrent Mark
[3033.149s][info][gc] GC(777) Concurrent Mark 21.520ms
[3033.149s][info][gc] GC(777) Concurrent Preclean
[3033.149s][info][gc] GC(777) Concurrent Preclean 0.439ms
[3033.150s][info][gc] GC(777) Concurrent Abortable Preclean
[3033.150s][info][gc] GC(777) Concurrent Abortable Preclean 0.039ms
[3033.169s][info][gc] GC(777) Pause Remark 27M->27M(29M) 18.956ms
[3033.170s][info][gc] GC(777) Concurrent Sweep
[3033.175s][info][gc] GC(777) Concurrent Sweep 5.130ms
[3033.176s][info][gc] GC(777) Concurrent Reset
[3033.176s][info][gc] GC(777) Concurrent Reset 0.139ms
[3035.177s][info][gc] GC(778) Pause Initial Mark 27M->27M(29M) 0.954ms
[3035.177s][info][gc] GC(778) Concurrent Mark
[3035.195s][info][gc] GC(778) Concurrent Mark 17.887ms
[3035.195s][info][gc] GC(778) Concurrent Preclean
[3035.195s][info][gc] GC(778) Concurrent Preclean 0.121ms
[3035.195s][info][gc] GC(778) Concurrent Abortable Preclean
[3035.195s][info][gc] GC(778) Concurrent Abortable Preclean 0.012ms
[3035.206s][info][gc] GC(778) Pause Remark 27M->27M(29M) 10.455ms
[3035.206s][info][gc] GC(778) Concurrent Sweep
[3035.209s][info][gc] GC(778) Concurrent Sweep 3.336ms
[3035.209s][info][gc] GC(778) Concurrent Reset
[3035.209s][info][gc] GC(778) Concurrent Reset 0.020ms
[3037.211s][info][gc] GC(779) Pause Initial Mark 27M->27M(29M) 1.462ms
[3037.211s][info][gc] GC(779) Concurrent Mark
[3037.238s][info][gc] GC(779) Concurrent Mark 27.284ms
[3037.239s][info][gc] GC(779) Concurrent Preclean
[3037.239s][info][gc] GC(779) Concurrent Preclean 0.293ms
[3037.239s][info][gc] GC(779) Concurrent Abortable Preclean
[3037.239s][info][gc] GC(779) Concurrent Abortable Preclean 0.045ms
[3037.253s][info][gc] GC(779) Pause Remark 27M->27M(29M) 13.312ms
[3037.253s][info][gc] GC(779) Concurrent Sweep
[3037.264s][info][gc] GC(779) Concurrent Sweep 11.654ms
[3037.265s][info][gc] GC(779) Concurrent Reset
[3037.265s][info][gc] GC(779) Concurrent Reset 0.033ms
[3039.265s][info][gc] GC(780) Pause Initial Mark 27M->27M(29M) 0.730ms
[3039.266s][info][gc] GC(780) Concurrent Mark
[3039.275s][info][gc] GC(780) Concurrent Mark 9.332ms
[3039.275s][info][gc] GC(780) Concurrent Preclean
[3039.275s][info][gc] GC(780) Concurrent Preclean 0.110ms
[3039.275s][info][gc] GC(780) Concurrent Abortable Preclean
[3039.275s][info][gc] GC(780) Concurrent Abortable Preclean 0.012ms
[3039.281s][info][gc] GC(780) Pause Remark 27M->27M(29M) 5.565ms
[3039.281s][info][gc] GC(780) Concurrent Sweep
[3039.284s][info][gc] GC(780) Concurrent Sweep 3.019ms
[3039.284s][info][gc] GC(780) Concurrent Reset
[3039.284s][info][gc] GC(780) Concurrent Reset 0.018ms
[3041.287s][info][gc] GC(781) Pause Initial Mark 27M->27M(29M) 1.009ms
[3041.287s][info][gc] GC(781) Concurrent Mark
[3041.299s][info][gc] GC(781) Concurrent Mark 12.054ms
[3041.299s][info][gc] GC(781) Concurrent Preclean
[3041.299s][info][gc] GC(781) Concurrent Preclean 0.121ms
[3041.299s][info][gc] GC(781) Concurrent Abortable Preclean
[3041.299s][info][gc] GC(781) Concurrent Abortable Preclean 0.013ms
[3041.305s][info][gc] GC(781) Pause Remark 27M->27M(29M) 5.725ms
[3041.305s][info][gc] GC(781) Concurrent Sweep
[3041.308s][info][gc] GC(781) Concurrent Sweep 3.356ms
[3041.308s][info][gc] GC(781) Concurrent Reset
[3041.308s][info][gc] GC(781) Concurrent Reset 0.022ms
[3043.321s][info][gc] GC(782) Pause Initial Mark 27M->27M(29M) 4.501ms
[3043.324s][info][gc] GC(782) Concurrent Mark
[3043.362s][info][gc] GC(782) Concurrent Mark 38.713ms
[3043.362s][info][gc] GC(782) Concurrent Preclean
[3043.363s][info][gc] GC(782) Concurrent Preclean 0.169ms
[3043.363s][info][gc] GC(782) Concurrent Abortable Preclean
[3043.363s][info][gc] GC(782) Concurrent Abortable Preclean 0.018ms
[3043.388s][info][gc] GC(782) Pause Remark 27M->27M(29M) 25.217ms
[3043.388s][info][gc] GC(782) Concurrent Sweep
[3043.393s][info][gc] GC(782) Concurrent Sweep 5.388ms
[3043.394s][info][gc] GC(782) Concurrent Reset
[3043.394s][info][gc] GC(782) Concurrent Reset 0.073ms
[3045.395s][info][gc] GC(783) Pause Initial Mark 27M->27M(29M) 0.941ms
[3045.395s][info][gc] GC(783) Concurrent Mark
[3045.406s][info][gc] GC(783) Concurrent Mark 11.446ms
[3045.406s][info][gc] GC(783) Concurrent Preclean
[3045.406s][info][gc] GC(783) Concurrent Preclean 0.118ms
[3045.406s][info][gc] GC(783) Concurrent Abortable Preclean
[3045.406s][info][gc] GC(783) Concurrent Abortable Preclean 0.013ms
[3045.412s][info][gc] GC(783) Pause Remark 27M->27M(29M) 5.240ms
[3045.412s][info][gc] GC(783) Concurrent Sweep
[3045.415s][info][gc] GC(783) Concurrent Sweep 2.987ms
[3045.415s][info][gc] GC(783) Concurrent Reset
[3045.415s][info][gc] GC(783) Concurrent Reset 0.018ms
[3047.418s][info][gc] GC(784) Pause Initial Mark 27M->27M(29M) 1.010ms
[3047.418s][info][gc] GC(784) Concurrent Mark
[3047.430s][info][gc] GC(784) Concurrent Mark 12.706ms
[3047.430s][info][gc] GC(784) Concurrent Preclean
[3047.431s][info][gc] GC(784) Concurrent Preclean 0.119ms
[3047.431s][info][gc] GC(784) Concurrent Abortable Preclean
[3047.431s][info][gc] GC(784) Concurrent Abortable Preclean 0.014ms
[3047.437s][info][gc] GC(784) Pause Remark 27M->27M(29M) 6.671ms
[3047.437s][info][gc] GC(784) Concurrent Sweep
[3047.441s][info][gc] GC(784) Concurrent Sweep 3.380ms
[3047.441s][info][gc] GC(784) Concurrent Reset
[3047.441s][info][gc] GC(784) Concurrent Reset 0.022ms
[3049.445s][info][gc] GC(785) Pause Initial Mark 27M->27M(29M) 0.968ms
[3049.445s][info][gc] GC(785) Concurrent Mark
[3049.457s][info][gc] GC(785) Concurrent Mark 11.837ms
[3049.457s][info][gc] GC(785) Concurrent Preclean
[3049.457s][info][gc] GC(785) Concurrent Preclean 0.120ms
[3049.457s][info][gc] GC(785) Concurrent Abortable Preclean
[3049.457s][info][gc] GC(785) Concurrent Abortable Preclean 0.013ms
[3049.465s][info][gc] GC(785) Pause Remark 27M->27M(29M) 8.188ms
[3049.466s][info][gc] GC(785) Concurrent Sweep
[3049.469s][info][gc] GC(785) Concurrent Sweep 3.306ms
[3049.469s][info][gc] GC(785) Concurrent Reset
[3049.469s][info][gc] GC(785) Concurrent Reset 0.021ms
[3051.475s][info][gc] GC(786) Pause Initial Mark 27M->27M(29M) 1.126ms
[3051.475s][info][gc] GC(786) Concurrent Mark
[3051.487s][info][gc] GC(786) Concurrent Mark 12.042ms
[3051.487s][info][gc] GC(786) Concurrent Preclean
[3051.487s][info][gc] GC(786) Concurrent Preclean 0.134ms
[3051.487s][info][gc] GC(786) Concurrent Abortable Preclean
[3051.487s][info][gc] GC(786) Concurrent Abortable Preclean 0.015ms
[3051.494s][info][gc] GC(786) Pause Remark 27M->27M(29M) 6.196ms
[3051.494s][info][gc] GC(786) Concurrent Sweep
[3051.497s][info][gc] GC(786) Concurrent Sweep 3.316ms
[3051.497s][info][gc] GC(786) Concurrent Reset
[3051.497s][info][gc] GC(786) Concurrent Reset 0.020ms
[3053.502s][info][gc] GC(787) Pause Initial Mark 27M->27M(29M) 1.090ms
[3053.502s][info][gc] GC(787) Concurrent Mark
[3053.514s][info][gc] GC(787) Concurrent Mark 11.993ms
[3053.514s][info][gc] GC(787) Concurrent Preclean
[3053.514s][info][gc] GC(787) Concurrent Preclean 0.132ms
[3053.514s][info][gc] GC(787) Concurrent Abortable Preclean
[3053.514s][info][gc] GC(787) Concurrent Abortable Preclean 0.015ms
[3053.520s][info][gc] GC(787) Pause Remark 27M->27M(29M) 5.624ms
[3053.520s][info][gc] GC(787) Concurrent Sweep
[3053.523s][info][gc] GC(787) Concurrent Sweep 3.271ms
[3053.523s][info][gc] GC(787) Concurrent Reset
[3053.523s][info][gc] GC(787) Concurrent Reset 0.020ms
[3055.525s][info][gc] GC(788) Pause Initial Mark 27M->27M(29M) 1.106ms
[3055.525s][info][gc] GC(788) Concurrent Mark
[3055.537s][info][gc] GC(788) Concurrent Mark 11.950ms
[3055.537s][info][gc] GC(788) Concurrent Preclean
[3055.537s][info][gc] GC(788) Concurrent Preclean 0.154ms
[3055.537s][info][gc] GC(788) Concurrent Abortable Preclean
[3055.537s][info][gc] GC(788) Concurrent Abortable Preclean 0.015ms
[3055.543s][info][gc] GC(788) Pause Remark 27M->27M(29M) 5.727ms
[3055.543s][info][gc] GC(788) Concurrent Sweep
[3055.547s][info][gc] GC(788) Concurrent Sweep 3.219ms
[3055.547s][info][gc] GC(788) Concurrent Reset
[3055.547s][info][gc] GC(788) Concurrent Reset 0.019ms
[3057.562s][info][gc] GC(789) Pause Initial Mark 27M->27M(29M) 10.899ms
[3057.564s][info][gc] GC(789) Concurrent Mark
[3057.590s][info][gc] GC(789) Concurrent Mark 25.888ms
[3057.590s][info][gc] GC(789) Concurrent Preclean
[3057.590s][info][gc] GC(789) Concurrent Preclean 0.178ms
[3057.590s][info][gc] GC(789) Concurrent Abortable Preclean
[3057.590s][info][gc] GC(789) Concurrent Abortable Preclean 0.021ms
[3057.614s][info][gc] GC(789) Pause Remark 27M->27M(29M) 20.101ms
[3057.614s][info][gc] GC(789) Concurrent Sweep
[3057.621s][info][gc] GC(789) Concurrent Sweep 7.064ms
[3057.622s][info][gc] GC(789) Concurrent Reset
[3057.622s][info][gc] GC(789) Concurrent Reset 0.033ms
[3059.626s][info][gc] GC(790) Pause Initial Mark 27M->27M(29M) 3.437ms
[3059.627s][info][gc] GC(790) Concurrent Mark
[3059.640s][info][gc] GC(790) Concurrent Mark 13.267ms
[3059.640s][info][gc] GC(790) Concurrent Preclean
[3059.640s][info][gc] GC(790) Concurrent Preclean 0.113ms
[3059.640s][info][gc] GC(790) Concurrent Abortable Preclean
[3059.640s][info][gc] GC(790) Concurrent Abortable Preclean 0.012ms
[3059.645s][info][gc] GC(790) Pause Remark 27M->27M(29M) 5.237ms
[3059.646s][info][gc] GC(790) Concurrent Sweep
[3059.649s][info][gc] GC(790) Concurrent Sweep 3.044ms
[3059.649s][info][gc] GC(790) Concurrent Reset
[3059.649s][info][gc] GC(790) Concurrent Reset 0.020ms
[3061.650s][info][gc] GC(791) Pause Initial Mark 27M->27M(29M) 0.678ms
[3061.650s][info][gc] GC(791) Concurrent Mark
[3061.667s][info][gc] GC(791) Concurrent Mark 16.956ms
[3061.667s][info][gc] GC(791) Concurrent Preclean
[3061.668s][info][gc] GC(791) Concurrent Preclean 0.359ms
[3061.668s][info][gc] GC(791) Concurrent Abortable Preclean
[3061.668s][info][gc] GC(791) Concurrent Abortable Preclean 0.037ms
[3061.675s][info][gc] GC(791) Pause Remark 27M->27M(29M) 7.221ms
[3061.675s][info][gc] GC(791) Concurrent Sweep
[3061.679s][info][gc] GC(791) Concurrent Sweep 3.058ms
[3061.679s][info][gc] GC(791) Concurrent Reset
[3061.679s][info][gc] GC(791) Concurrent Reset 0.018ms
[3063.680s][info][gc] GC(792) Pause Initial Mark 27M->27M(29M) 1.054ms
[3063.681s][info][gc] GC(792) Concurrent Mark
[3063.693s][info][gc] GC(792) Concurrent Mark 12.358ms
[3063.693s][info][gc] GC(792) Concurrent Preclean
[3063.693s][info][gc] GC(792) Concurrent Preclean 0.122ms
[3063.693s][info][gc] GC(792) Concurrent Abortable Preclean
[3063.693s][info][gc] GC(792) Concurrent Abortable Preclean 0.013ms
[3063.699s][info][gc] GC(792) Pause Remark 27M->27M(29M) 5.753ms
[3063.699s][info][gc] GC(792) Concurrent Sweep
[3063.703s][info][gc] GC(792) Concurrent Sweep 3.780ms
[3063.703s][info][gc] GC(792) Concurrent Reset
[3063.703s][info][gc] GC(792) Concurrent Reset 0.038ms
[3065.706s][info][gc] GC(793) Pause Initial Mark 27M->27M(29M) 0.896ms
[3065.706s][info][gc] GC(793) Concurrent Mark
[3065.720s][info][gc] GC(793) Concurrent Mark 13.701ms
[3065.720s][info][gc] GC(793) Concurrent Preclean
[3065.720s][info][gc] GC(793) Concurrent Preclean 0.131ms
[3065.720s][info][gc] GC(793) Concurrent Abortable Preclean
[3065.720s][info][gc] GC(793) Concurrent Abortable Preclean 0.013ms
[3065.728s][info][gc] GC(793) Pause Remark 27M->27M(29M) 8.059ms
[3065.728s][info][gc] GC(793) Concurrent Sweep
[3065.732s][info][gc] GC(793) Concurrent Sweep 4.175ms
[3065.732s][info][gc] GC(793) Concurrent Reset
[3065.732s][info][gc] GC(793) Concurrent Reset 0.033ms
[3067.738s][info][gc] GC(794) Pause Initial Mark 27M->27M(29M) 0.974ms
[3067.738s][info][gc] GC(794) Concurrent Mark
[3067.750s][info][gc] GC(794) Concurrent Mark 11.301ms
[3067.750s][info][gc] GC(794) Concurrent Preclean
[3067.750s][info][gc] GC(794) Concurrent Preclean 0.143ms
[3067.750s][info][gc] GC(794) Concurrent Abortable Preclean
[3067.750s][info][gc] GC(794) Concurrent Abortable Preclean 0.022ms
[3067.756s][info][gc] GC(794) Pause Remark 27M->27M(29M) 6.051ms
[3067.756s][info][gc] GC(794) Concurrent Sweep
[3067.759s][info][gc] GC(794) Concurrent Sweep 2.951ms
[3067.759s][info][gc] GC(794) Concurrent Reset
[3067.759s][info][gc] GC(794) Concurrent Reset 0.018ms
[3069.763s][info][gc] GC(795) Pause Initial Mark 27M->27M(29M) 1.099ms
[3069.764s][info][gc] GC(795) Concurrent Mark
[3069.775s][info][gc] GC(795) Concurrent Mark 11.678ms
[3069.775s][info][gc] GC(795) Concurrent Preclean
[3069.775s][info][gc] GC(795) Concurrent Preclean 0.119ms
[3069.775s][info][gc] GC(795) Concurrent Abortable Preclean
[3069.775s][info][gc] GC(795) Concurrent Abortable Preclean 0.014ms
[3069.781s][info][gc] GC(795) Pause Remark 27M->27M(29M) 5.484ms
[3069.781s][info][gc] GC(795) Concurrent Sweep
[3069.784s][info][gc] GC(795) Concurrent Sweep 3.293ms
[3069.785s][info][gc] GC(795) Concurrent Reset
[3069.785s][info][gc] GC(795) Concurrent Reset 0.021ms
[3071.785s][info][gc] GC(796) Pause Initial Mark 27M->27M(29M) 0.937ms
[3071.785s][info][gc] GC(796) Concurrent Mark
[3071.795s][info][gc] GC(796) Concurrent Mark 9.310ms
[3071.795s][info][gc] GC(796) Concurrent Preclean
[3071.795s][info][gc] GC(796) Concurrent Preclean 0.138ms
[3071.795s][info][gc] GC(796) Concurrent Abortable Preclean
[3071.795s][info][gc] GC(796) Concurrent Abortable Preclean 0.015ms
[3071.800s][info][gc] GC(796) Pause Remark 27M->27M(29M) 5.123ms
[3071.800s][info][gc] GC(796) Concurrent Sweep
[3071.803s][info][gc] GC(796) Concurrent Sweep 2.986ms
[3071.803s][info][gc] GC(796) Concurrent Reset
[3071.803s][info][gc] GC(796) Concurrent Reset 0.020ms
[3073.808s][info][gc] GC(797) Pause Initial Mark 27M->27M(29M) 0.789ms
[3073.808s][info][gc] GC(797) Concurrent Mark
[3073.826s][info][gc] GC(797) Concurrent Mark 17.610ms
[3073.826s][info][gc] GC(797) Concurrent Preclean
[3073.826s][info][gc] GC(797) Concurrent Preclean 0.155ms
[3073.826s][info][gc] GC(797) Concurrent Abortable Preclean
[3073.826s][info][gc] GC(797) Concurrent Abortable Preclean 0.020ms
[3073.848s][info][gc] GC(797) Pause Remark 27M->27M(29M) 22.295ms
[3073.849s][info][gc] GC(797) Concurrent Sweep
[3073.854s][info][gc] GC(797) Concurrent Sweep 5.529ms
[3073.854s][info][gc] GC(797) Concurrent Reset
[3073.854s][info][gc] GC(797) Concurrent Reset 0.046ms
[3075.858s][info][gc] GC(798) Pause Initial Mark 27M->27M(29M) 0.967ms
[3075.858s][info][gc] GC(798) Concurrent Mark
[3075.870s][info][gc] GC(798) Concurrent Mark 12.349ms
[3075.870s][info][gc] GC(798) Concurrent Preclean
[3075.870s][info][gc] GC(798) Concurrent Preclean 0.111ms
[3075.870s][info][gc] GC(798) Concurrent Abortable Preclean
[3075.870s][info][gc] GC(798) Concurrent Abortable Preclean 0.013ms
[3075.877s][info][gc] GC(798) Pause Remark 27M->27M(29M) 6.352ms
[3075.877s][info][gc] GC(798) Concurrent Sweep
[3075.880s][info][gc] GC(798) Concurrent Sweep 2.963ms
[3075.880s][info][gc] GC(798) Concurrent Reset
[3075.880s][info][gc] GC(798) Concurrent Reset 0.018ms
[3077.881s][info][gc] GC(799) Pause Initial Mark 27M->27M(29M) 0.896ms
[3077.881s][info][gc] GC(799) Concurrent Mark
[3077.900s][info][gc] GC(799) Concurrent Mark 19.136ms
[3077.901s][info][gc] GC(799) Concurrent Preclean
[3077.901s][info][gc] GC(799) Concurrent Preclean 0.157ms
[3077.901s][info][gc] GC(799) Concurrent Abortable Preclean
[3077.901s][info][gc] GC(799) Concurrent Abortable Preclean 0.019ms
[3077.911s][info][gc] GC(799) Pause Remark 27M->27M(29M) 9.745ms
[3077.911s][info][gc] GC(799) Concurrent Sweep
[3077.916s][info][gc] GC(799) Concurrent Sweep 4.910ms
[3077.916s][info][gc] GC(799) Concurrent Reset
[3077.916s][info][gc] GC(799) Concurrent Reset 0.038ms
[3079.918s][info][gc] GC(800) Pause Initial Mark 27M->27M(29M) 1.070ms
[3079.918s][info][gc] GC(800) Concurrent Mark
[3079.932s][info][gc] GC(800) Concurrent Mark 13.523ms
[3079.932s][info][gc] GC(800) Concurrent Preclean
[3079.932s][info][gc] GC(800) Concurrent Preclean 0.119ms
[3079.932s][info][gc] GC(800) Concurrent Abortable Preclean
[3079.932s][info][gc] GC(800) Concurrent Abortable Preclean 0.013ms
[3079.938s][info][gc] GC(800) Pause Remark 27M->27M(29M) 5.487ms
[3079.938s][info][gc] GC(800) Concurrent Sweep
[3079.941s][info][gc] GC(800) Concurrent Sweep 3.289ms
[3079.941s][info][gc] GC(800) Concurrent Reset
[3079.941s][info][gc] GC(800) Concurrent Reset 0.042ms
[3081.945s][info][gc] GC(801) Pause Initial Mark 27M->27M(29M) 1.327ms
[3081.945s][info][gc] GC(801) Concurrent Mark
[3081.963s][info][gc] GC(801) Concurrent Mark 17.530ms
[3081.963s][info][gc] GC(801) Concurrent Preclean
[3081.963s][info][gc] GC(801) Concurrent Preclean 0.152ms
[3081.963s][info][gc] GC(801) Concurrent Abortable Preclean
[3081.963s][info][gc] GC(801) Concurrent Abortable Preclean 0.018ms
[3081.974s][info][gc] GC(801) Pause Remark 27M->27M(29M) 10.969ms
[3081.974s][info][gc] GC(801) Concurrent Sweep
[3081.978s][info][gc] GC(801) Concurrent Sweep 4.019ms
[3081.979s][info][gc] GC(801) Concurrent Reset
[3081.979s][info][gc] GC(801) Concurrent Reset 0.025ms
[3083.983s][info][gc] GC(802) Pause Initial Mark 27M->27M(29M) 1.175ms
[3083.983s][info][gc] GC(802) Concurrent Mark
[3083.995s][info][gc] GC(802) Concurrent Mark 12.298ms
[3083.995s][info][gc] GC(802) Concurrent Preclean
[3083.995s][info][gc] GC(802) Concurrent Preclean 0.145ms
[3083.995s][info][gc] GC(802) Concurrent Abortable Preclean
[3083.995s][info][gc] GC(802) Concurrent Abortable Preclean 0.014ms
[3084.002s][info][gc] GC(802) Pause Remark 27M->27M(29M) 6.119ms
[3084.002s][info][gc] GC(802) Concurrent Sweep
[3084.005s][info][gc] GC(802) Concurrent Sweep 3.251ms
[3084.005s][info][gc] GC(802) Concurrent Reset
[3084.005s][info][gc] GC(802) Concurrent Reset 0.020ms
[3086.009s][info][gc] GC(803) Pause Initial Mark 27M->27M(29M) 1.186ms
[3086.009s][info][gc] GC(803) Concurrent Mark
[3086.021s][info][gc] GC(803) Concurrent Mark 11.861ms
[3086.021s][info][gc] GC(803) Concurrent Preclean
[3086.022s][info][gc] GC(803) Concurrent Preclean 0.116ms
[3086.022s][info][gc] GC(803) Concurrent Abortable Preclean
[3086.022s][info][gc] GC(803) Concurrent Abortable Preclean 0.014ms
[3086.027s][info][gc] GC(803) Pause Remark 27M->27M(29M) 5.556ms
[3086.027s][info][gc] GC(803) Concurrent Sweep
[3086.031s][info][gc] GC(803) Concurrent Sweep 3.286ms
[3086.031s][info][gc] GC(803) Concurrent Reset
[3086.031s][info][gc] GC(803) Concurrent Reset 0.020ms
[3088.035s][info][gc] GC(804) Pause Initial Mark 27M->27M(29M) 1.089ms
[3088.035s][info][gc] GC(804) Concurrent Mark
[3088.047s][info][gc] GC(804) Concurrent Mark 12.061ms
[3088.047s][info][gc] GC(804) Concurrent Preclean
[3088.047s][info][gc] GC(804) Concurrent Preclean 0.137ms
[3088.047s][info][gc] GC(804) Concurrent Abortable Preclean
[3088.047s][info][gc] GC(804) Concurrent Abortable Preclean 0.015ms
[3088.053s][info][gc] GC(804) Pause Remark 27M->27M(29M) 5.616ms
[3088.053s][info][gc] GC(804) Concurrent Sweep
[3088.057s][info][gc] GC(804) Concurrent Sweep 3.264ms
[3088.057s][info][gc] GC(804) Concurrent Reset
[3088.057s][info][gc] GC(804) Concurrent Reset 0.020ms
[3090.060s][info][gc] GC(805) Pause Initial Mark 27M->27M(29M) 1.112ms
[3090.060s][info][gc] GC(805) Concurrent Mark
[3090.073s][info][gc] GC(805) Concurrent Mark 12.138ms
[3090.073s][info][gc] GC(805) Concurrent Preclean
[3090.073s][info][gc] GC(805) Concurrent Preclean 0.120ms
[3090.073s][info][gc] GC(805) Concurrent Abortable Preclean
[3090.073s][info][gc] GC(805) Concurrent Abortable Preclean 0.013ms
[3090.078s][info][gc] GC(805) Pause Remark 27M->27M(29M) 5.470ms
[3090.078s][info][gc] GC(805) Concurrent Sweep
[3090.082s][info][gc] GC(805) Concurrent Sweep 3.258ms
[3090.082s][info][gc] GC(805) Concurrent Reset
[3090.082s][info][gc] GC(805) Concurrent Reset 0.020ms
[3092.087s][info][gc] GC(806) Pause Initial Mark 27M->27M(29M) 0.855ms
[3092.087s][info][gc] GC(806) Concurrent Mark
[3092.099s][info][gc] GC(806) Concurrent Mark 11.561ms
[3092.099s][info][gc] GC(806) Concurrent Preclean
[3092.099s][info][gc] GC(806) Concurrent Preclean 0.122ms
[3092.099s][info][gc] GC(806) Concurrent Abortable Preclean
[3092.099s][info][gc] GC(806) Concurrent Abortable Preclean 0.013ms
[3092.105s][info][gc] GC(806) Pause Remark 27M->27M(29M) 5.916ms
[3092.105s][info][gc] GC(806) Concurrent Sweep
[3092.109s][info][gc] GC(806) Concurrent Sweep 3.372ms
[3092.109s][info][gc] GC(806) Concurrent Reset
[3092.109s][info][gc] GC(806) Concurrent Reset 0.020ms
[3094.119s][info][gc] GC(807) Pause Initial Mark 27M->27M(29M) 7.030ms
[3094.120s][info][gc] GC(807) Concurrent Mark
[3094.159s][info][gc] GC(807) Concurrent Mark 38.419ms
[3094.159s][info][gc] GC(807) Concurrent Preclean
[3094.167s][info][gc] GC(807) Concurrent Preclean 8.658ms
[3094.168s][info][gc] GC(807) Concurrent Abortable Preclean
[3094.168s][info][gc] GC(807) Concurrent Abortable Preclean 0.021ms
[3094.189s][info][gc] GC(807) Pause Remark 27M->27M(29M) 17.595ms
[3094.189s][info][gc] GC(807) Concurrent Sweep
[3094.196s][info][gc] GC(807) Concurrent Sweep 6.940ms
[3094.196s][info][gc] GC(807) Concurrent Reset
[3094.196s][info][gc] GC(807) Concurrent Reset 0.033ms
[3096.199s][info][gc] GC(808) Pause Initial Mark 27M->27M(29M) 1.095ms
[3096.199s][info][gc] GC(808) Concurrent Mark
[3096.211s][info][gc] GC(808) Concurrent Mark 12.303ms
[3096.211s][info][gc] GC(808) Concurrent Preclean
[3096.211s][info][gc] GC(808) Concurrent Preclean 0.122ms
[3096.211s][info][gc] GC(808) Concurrent Abortable Preclean
[3096.211s][info][gc] GC(808) Concurrent Abortable Preclean 0.013ms
[3096.217s][info][gc] GC(808) Pause Remark 27M->27M(29M) 5.537ms
[3096.217s][info][gc] GC(808) Concurrent Sweep
[3096.220s][info][gc] GC(808) Concurrent Sweep 3.252ms
[3096.221s][info][gc] GC(808) Concurrent Reset
[3096.221s][info][gc] GC(808) Concurrent Reset 0.020ms
[3098.226s][info][gc] GC(809) Pause Initial Mark 27M->27M(29M) 1.064ms
[3098.226s][info][gc] GC(809) Concurrent Mark
[3098.238s][info][gc] GC(809) Concurrent Mark 12.117ms
[3098.238s][info][gc] GC(809) Concurrent Preclean
[3098.238s][info][gc] GC(809) Concurrent Preclean 0.138ms
[3098.238s][info][gc] GC(809) Concurrent Abortable Preclean
[3098.238s][info][gc] GC(809) Concurrent Abortable Preclean 0.015ms
[3098.244s][info][gc] GC(809) Pause Remark 27M->27M(29M) 5.874ms
[3098.244s][info][gc] GC(809) Concurrent Sweep
[3098.247s][info][gc] GC(809) Concurrent Sweep 3.199ms
[3098.247s][info][gc] GC(809) Concurrent Reset
[3098.247s][info][gc] GC(809) Concurrent Reset 0.018ms
[3100.252s][info][gc] GC(810) Pause Initial Mark 27M->27M(29M) 1.079ms
[3100.253s][info][gc] GC(810) Concurrent Mark
[3100.264s][info][gc] GC(810) Concurrent Mark 11.926ms
[3100.265s][info][gc] GC(810) Concurrent Preclean
[3100.265s][info][gc] GC(810) Concurrent Preclean 0.118ms
[3100.265s][info][gc] GC(810) Concurrent Abortable Preclean
[3100.265s][info][gc] GC(810) Concurrent Abortable Preclean 0.014ms
[3100.270s][info][gc] GC(810) Pause Remark 27M->27M(29M) 5.589ms
[3100.270s][info][gc] GC(810) Concurrent Sweep
[3100.274s][info][gc] GC(810) Concurrent Sweep 3.292ms
[3100.274s][info][gc] GC(810) Concurrent Reset
[3100.274s][info][gc] GC(810) Concurrent Reset 0.028ms
[3102.276s][info][gc] GC(811) Pause Initial Mark 27M->27M(29M) 1.576ms
[3102.276s][info][gc] GC(811) Concurrent Mark
[3102.289s][info][gc] GC(811) Concurrent Mark 13.118ms
[3102.289s][info][gc] GC(811) Concurrent Preclean
[3102.289s][info][gc] GC(811) Concurrent Preclean 0.133ms
[3102.289s][info][gc] GC(811) Concurrent Abortable Preclean
[3102.289s][info][gc] GC(811) Concurrent Abortable Preclean 0.014ms
[3102.295s][info][gc] GC(811) Pause Remark 27M->27M(29M) 5.764ms
[3102.295s][info][gc] GC(811) Concurrent Sweep
[3102.299s][info][gc] GC(811) Concurrent Sweep 3.778ms
[3102.299s][info][gc] GC(811) Concurrent Reset
[3102.299s][info][gc] GC(811) Concurrent Reset 0.023ms
[3104.304s][info][gc] GC(812) Pause Initial Mark 27M->27M(29M) 1.198ms
[3104.304s][info][gc] GC(812) Concurrent Mark
[3104.317s][info][gc] GC(812) Concurrent Mark 13.073ms
[3104.317s][info][gc] GC(812) Concurrent Preclean
[3104.318s][info][gc] GC(812) Concurrent Preclean 0.128ms
[3104.318s][info][gc] GC(812) Concurrent Abortable Preclean
[3104.318s][info][gc] GC(812) Concurrent Abortable Preclean 0.013ms
[3104.325s][info][gc] GC(812) Pause Remark 27M->27M(29M) 7.091ms
[3104.325s][info][gc] GC(812) Concurrent Sweep
[3104.328s][info][gc] GC(812) Concurrent Sweep 3.578ms
[3104.329s][info][gc] GC(812) Concurrent Reset
[3104.329s][info][gc] GC(812) Concurrent Reset 0.139ms
[3106.345s][info][gc] GC(813) Pause Initial Mark 27M->27M(29M) 12.118ms
[3106.346s][info][gc] GC(813) Concurrent Mark
[3106.368s][info][gc] GC(813) Concurrent Mark 22.436ms
[3106.368s][info][gc] GC(813) Concurrent Preclean
[3106.369s][info][gc] GC(813) Concurrent Preclean 0.163ms
[3106.369s][info][gc] GC(813) Concurrent Abortable Preclean
[3106.369s][info][gc] GC(813) Concurrent Abortable Preclean 0.020ms
[3106.384s][info][gc] GC(813) Pause Remark 27M->27M(29M) 14.911ms
[3106.384s][info][gc] GC(813) Concurrent Sweep
[3106.390s][info][gc] GC(813) Concurrent Sweep 5.785ms
[3106.390s][info][gc] GC(813) Concurrent Reset
[3106.390s][info][gc] GC(813) Concurrent Reset 0.051ms
[3108.392s][info][gc] GC(814) Pause Initial Mark 27M->27M(29M) 1.124ms
[3108.392s][info][gc] GC(814) Concurrent Mark
[3108.407s][info][gc] GC(814) Concurrent Mark 14.618ms
[3108.407s][info][gc] GC(814) Concurrent Preclean
[3108.407s][info][gc] GC(814) Concurrent Preclean 0.172ms
[3108.407s][info][gc] GC(814) Concurrent Abortable Preclean
[3108.407s][info][gc] GC(814) Concurrent Abortable Preclean 0.034ms
[3108.414s][info][gc] GC(814) Pause Remark 27M->27M(29M) 6.723ms
[3108.414s][info][gc] GC(814) Concurrent Sweep
[3108.417s][info][gc] GC(814) Concurrent Sweep 3.281ms
[3108.417s][info][gc] GC(814) Concurrent Reset
[3108.417s][info][gc] GC(814) Concurrent Reset 0.020ms
[3110.418s][info][gc] GC(815) Pause Initial Mark 27M->27M(29M) 0.783ms
[3110.418s][info][gc] GC(815) Concurrent Mark
[3110.429s][info][gc] GC(815) Concurrent Mark 10.658ms
[3110.429s][info][gc] GC(815) Concurrent Preclean
[3110.429s][info][gc] GC(815) Concurrent Preclean 0.119ms
[3110.429s][info][gc] GC(815) Concurrent Abortable Preclean
[3110.429s][info][gc] GC(815) Concurrent Abortable Preclean 0.014ms
[3110.435s][info][gc] GC(815) Pause Remark 27M->27M(29M) 5.703ms
[3110.435s][info][gc] GC(815) Concurrent Sweep
[3110.438s][info][gc] GC(815) Concurrent Sweep 3.228ms
[3110.438s][info][gc] GC(815) Concurrent Reset
[3110.438s][info][gc] GC(815) Concurrent Reset 0.019ms
[3112.446s][info][gc] GC(816) Pause Initial Mark 27M->27M(29M) 2.143ms
[3112.446s][info][gc] GC(816) Concurrent Mark
[3112.458s][info][gc] GC(816) Concurrent Mark 11.742ms
[3112.458s][info][gc] GC(816) Concurrent Preclean
[3112.458s][info][gc] GC(816) Concurrent Preclean 0.119ms
[3112.458s][info][gc] GC(816) Concurrent Abortable Preclean
[3112.458s][info][gc] GC(816) Concurrent Abortable Preclean 0.013ms
[3112.463s][info][gc] GC(816) Pause Remark 27M->27M(29M) 5.494ms
[3112.464s][info][gc] GC(816) Concurrent Sweep
[3112.467s][info][gc] GC(816) Concurrent Sweep 3.289ms
[3112.467s][info][gc] GC(816) Concurrent Reset
[3112.467s][info][gc] GC(816) Concurrent Reset 0.020ms
[3114.469s][info][gc] GC(817) Pause Initial Mark 27M->27M(29M) 1.022ms
[3114.469s][info][gc] GC(817) Concurrent Mark
[3114.481s][info][gc] GC(817) Concurrent Mark 11.993ms
[3114.481s][info][gc] GC(817) Concurrent Preclean
[3114.481s][info][gc] GC(817) Concurrent Preclean 0.149ms
[3114.481s][info][gc] GC(817) Concurrent Abortable Preclean
[3114.481s][info][gc] GC(817) Concurrent Abortable Preclean 0.014ms
[3114.487s][info][gc] GC(817) Pause Remark 27M->27M(29M) 5.708ms
[3114.487s][info][gc] GC(817) Concurrent Sweep
[3114.490s][info][gc] GC(817) Concurrent Sweep 3.144ms
[3114.490s][info][gc] GC(817) Concurrent Reset
[3114.490s][info][gc] GC(817) Concurrent Reset 0.019ms
[3116.495s][info][gc] GC(818) Pause Initial Mark 27M->27M(29M) 2.410ms
[3116.495s][info][gc] GC(818) Concurrent Mark
[3116.508s][info][gc] GC(818) Concurrent Mark 12.954ms
[3116.508s][info][gc] GC(818) Concurrent Preclean
[3116.508s][info][gc] GC(818) Concurrent Preclean 0.119ms
[3116.508s][info][gc] GC(818) Concurrent Abortable Preclean
[3116.508s][info][gc] GC(818) Concurrent Abortable Preclean 0.013ms
[3116.514s][info][gc] GC(818) Pause Remark 27M->27M(29M) 5.344ms
[3116.514s][info][gc] GC(818) Concurrent Sweep
[3116.517s][info][gc] GC(818) Concurrent Sweep 3.136ms
[3116.517s][info][gc] GC(818) Concurrent Reset
[3116.517s][info][gc] GC(818) Concurrent Reset 0.018ms
[3118.517s][info][gc] GC(819) Pause Initial Mark 27M->27M(29M) 0.603ms
[3118.517s][info][gc] GC(819) Concurrent Mark
[3118.531s][info][gc] GC(819) Concurrent Mark 14.247ms
[3118.531s][info][gc] GC(819) Concurrent Preclean
[3118.532s][info][gc] GC(819) Concurrent Preclean 0.295ms
[3118.532s][info][gc] GC(819) Concurrent Abortable Preclean
[3118.532s][info][gc] GC(819) Concurrent Abortable Preclean 0.029ms
[3118.538s][info][gc] GC(819) Pause Remark 27M->27M(29M) 6.091ms
[3118.538s][info][gc] GC(819) Concurrent Sweep
[3118.541s][info][gc] GC(819) Concurrent Sweep 3.075ms
[3118.541s][info][gc] GC(819) Concurrent Reset
[3118.541s][info][gc] GC(819) Concurrent Reset 0.020ms
[3129.684s][info][gc] GC(820) Pause Initial Mark 27M->27M(29M) 0.715ms
[3129.686s][info][gc] GC(820) Concurrent Mark
[3129.697s][info][gc] GC(820) Concurrent Mark 10.841ms
[3129.697s][info][gc] GC(820) Concurrent Preclean
[3129.697s][info][gc] GC(820) Concurrent Preclean 0.120ms
[3129.697s][info][gc] GC(820) Concurrent Abortable Preclean
[3129.697s][info][gc] GC(820) Concurrent Abortable Preclean 0.012ms
[3129.704s][info][gc] GC(820) Pause Remark 27M->27M(29M) 7.233ms
[3129.705s][info][gc] GC(820) Concurrent Sweep
[3129.711s][info][gc] GC(820) Concurrent Sweep 6.561ms
[3129.711s][info][gc] GC(820) Concurrent Reset
[3129.711s][info][gc] GC(820) Concurrent Reset 0.124ms
[3131.714s][info][gc] GC(821) Pause Initial Mark 27M->27M(29M) 1.231ms
[3131.714s][info][gc] GC(821) Concurrent Mark
[3131.726s][info][gc] GC(821) Concurrent Mark 11.998ms
[3131.726s][info][gc] GC(821) Concurrent Preclean
[3131.726s][info][gc] GC(821) Concurrent Preclean 0.123ms
[3131.726s][info][gc] GC(821) Concurrent Abortable Preclean
[3131.726s][info][gc] GC(821) Concurrent Abortable Preclean 0.013ms
[3131.732s][info][gc] GC(821) Pause Remark 27M->27M(29M) 5.557ms
[3131.732s][info][gc] GC(821) Concurrent Sweep
[3131.735s][info][gc] GC(821) Concurrent Sweep 3.255ms
[3131.735s][info][gc] GC(821) Concurrent Reset
[3131.735s][info][gc] GC(821) Concurrent Reset 0.020ms
[3133.737s][info][gc] GC(822) Pause Initial Mark 27M->27M(29M) 1.081ms
[3133.737s][info][gc] GC(822) Concurrent Mark
[3133.750s][info][gc] GC(822) Concurrent Mark 12.415ms
[3133.750s][info][gc] GC(822) Concurrent Preclean
[3133.750s][info][gc] GC(822) Concurrent Preclean 0.135ms
[3133.750s][info][gc] GC(822) Concurrent Abortable Preclean
[3133.750s][info][gc] GC(822) Concurrent Abortable Preclean 0.014ms
[3133.757s][info][gc] GC(822) Pause Remark 27M->27M(29M) 6.697ms
[3133.757s][info][gc] GC(822) Concurrent Sweep
[3133.760s][info][gc] GC(822) Concurrent Sweep 3.230ms
[3133.760s][info][gc] GC(822) Concurrent Reset
[3133.760s][info][gc] GC(822) Concurrent Reset 0.019ms
[3135.762s][info][gc] GC(823) Pause Initial Mark 27M->27M(29M) 1.084ms
[3135.762s][info][gc] GC(823) Concurrent Mark
[3135.774s][info][gc] GC(823) Concurrent Mark 11.949ms
[3135.774s][info][gc] GC(823) Concurrent Preclean
[3135.774s][info][gc] GC(823) Concurrent Preclean 0.135ms
[3135.774s][info][gc] GC(823) Concurrent Abortable Preclean
[3135.774s][info][gc] GC(823) Concurrent Abortable Preclean 0.015ms
[3135.780s][info][gc] GC(823) Pause Remark 27M->27M(29M) 5.784ms
[3135.780s][info][gc] GC(823) Concurrent Sweep
[3135.783s][info][gc] GC(823) Concurrent Sweep 3.033ms
[3135.783s][info][gc] GC(823) Concurrent Reset
[3135.783s][info][gc] GC(823) Concurrent Reset 0.018ms
[3137.787s][info][gc] GC(824) Pause Initial Mark 27M->27M(29M) 1.092ms
[3137.787s][info][gc] GC(824) Concurrent Mark
[3137.799s][info][gc] GC(824) Concurrent Mark 12.079ms
[3137.799s][info][gc] GC(824) Concurrent Preclean
[3137.799s][info][gc] GC(824) Concurrent Preclean 0.137ms
[3137.799s][info][gc] GC(824) Concurrent Abortable Preclean
[3137.799s][info][gc] GC(824) Concurrent Abortable Preclean 0.015ms
[3137.805s][info][gc] GC(824) Pause Remark 27M->27M(29M) 5.535ms
[3137.805s][info][gc] GC(824) Concurrent Sweep
[3137.808s][info][gc] GC(824) Concurrent Sweep 3.050ms
[3137.808s][info][gc] GC(824) Concurrent Reset
[3137.808s][info][gc] GC(824) Concurrent Reset 0.018ms
[3139.813s][info][gc] GC(825) Pause Initial Mark 27M->27M(29M) 1.478ms
[3139.813s][info][gc] GC(825) Concurrent Mark
[3139.824s][info][gc] GC(825) Concurrent Mark 11.303ms
[3139.825s][info][gc] GC(825) Concurrent Preclean
[3139.825s][info][gc] GC(825) Concurrent Preclean 0.123ms
[3139.825s][info][gc] GC(825) Concurrent Abortable Preclean
[3139.825s][info][gc] GC(825) Concurrent Abortable Preclean 0.013ms
[3139.833s][info][gc] GC(825) Pause Remark 27M->27M(29M) 8.125ms
[3139.833s][info][gc] GC(825) Concurrent Sweep
[3139.836s][info][gc] GC(825) Concurrent Sweep 3.247ms
[3139.836s][info][gc] GC(825) Concurrent Reset
[3139.836s][info][gc] GC(825) Concurrent Reset 0.020ms
[3141.838s][info][gc] GC(826) Pause Initial Mark 27M->27M(29M) 0.942ms
[3141.838s][info][gc] GC(826) Concurrent Mark
[3141.853s][info][gc] GC(826) Concurrent Mark 14.902ms
[3141.853s][info][gc] GC(826) Concurrent Preclean
[3141.853s][info][gc] GC(826) Concurrent Preclean 0.119ms
[3141.853s][info][gc] GC(826) Concurrent Abortable Preclean
[3141.853s][info][gc] GC(826) Concurrent Abortable Preclean 0.013ms
[3141.858s][info][gc] GC(826) Pause Remark 27M->27M(29M) 5.456ms
[3141.858s][info][gc] GC(826) Concurrent Sweep
[3141.862s][info][gc] GC(826) Concurrent Sweep 3.345ms
[3141.862s][info][gc] GC(826) Concurrent Reset
[3141.862s][info][gc] GC(826) Concurrent Reset 0.020ms
[3143.865s][info][gc] GC(827) Pause Initial Mark 27M->27M(29M) 1.226ms
[3143.865s][info][gc] GC(827) Concurrent Mark
[3143.877s][info][gc] GC(827) Concurrent Mark 11.593ms
[3143.877s][info][gc] GC(827) Concurrent Preclean
[3143.877s][info][gc] GC(827) Concurrent Preclean 0.118ms
[3143.877s][info][gc] GC(827) Concurrent Abortable Preclean
[3143.877s][info][gc] GC(827) Concurrent Abortable Preclean 0.014ms
[3143.883s][info][gc] GC(827) Pause Remark 27M->27M(29M) 5.699ms
[3143.883s][info][gc] GC(827) Concurrent Sweep
[3143.886s][info][gc] GC(827) Concurrent Sweep 3.251ms
[3143.886s][info][gc] GC(827) Concurrent Reset
[3143.886s][info][gc] GC(827) Concurrent Reset 0.020ms
[3145.890s][info][gc] GC(828) Pause Initial Mark 27M->27M(29M) 1.195ms
[3145.890s][info][gc] GC(828) Concurrent Mark
[3145.902s][info][gc] GC(828) Concurrent Mark 12.087ms
[3145.903s][info][gc] GC(828) Concurrent Preclean
[3145.903s][info][gc] GC(828) Concurrent Preclean 0.136ms
[3145.903s][info][gc] GC(828) Concurrent Abortable Preclean
[3145.903s][info][gc] GC(828) Concurrent Abortable Preclean 0.015ms
[3145.908s][info][gc] GC(828) Pause Remark 27M->27M(29M) 5.621ms
[3145.909s][info][gc] GC(828) Concurrent Sweep
[3145.912s][info][gc] GC(828) Concurrent Sweep 3.260ms
[3145.912s][info][gc] GC(828) Concurrent Reset
[3145.912s][info][gc] GC(828) Concurrent Reset 0.020ms
[3147.916s][info][gc] GC(829) Pause Initial Mark 27M->27M(29M) 1.037ms
[3147.916s][info][gc] GC(829) Concurrent Mark
[3147.928s][info][gc] GC(829) Concurrent Mark 12.073ms
[3147.928s][info][gc] GC(829) Concurrent Preclean
[3147.928s][info][gc] GC(829) Concurrent Preclean 0.137ms
[3147.928s][info][gc] GC(829) Concurrent Abortable Preclean
[3147.928s][info][gc] GC(829) Concurrent Abortable Preclean 0.015ms
[3147.934s][info][gc] GC(829) Pause Remark 27M->27M(29M) 5.515ms
[3147.934s][info][gc] GC(829) Concurrent Sweep
[3147.937s][info][gc] GC(829) Concurrent Sweep 3.269ms
[3147.937s][info][gc] GC(829) Concurrent Reset
[3147.937s][info][gc] GC(829) Concurrent Reset 0.020ms
[3149.942s][info][gc] GC(830) Pause Initial Mark 27M->27M(29M) 1.224ms
[3149.942s][info][gc] GC(830) Concurrent Mark
[3149.955s][info][gc] GC(830) Concurrent Mark 13.162ms
[3149.955s][info][gc] GC(830) Concurrent Preclean
[3149.955s][info][gc] GC(830) Concurrent Preclean 0.133ms
[3149.955s][info][gc] GC(830) Concurrent Abortable Preclean
[3149.955s][info][gc] GC(830) Concurrent Abortable Preclean 0.013ms
[3149.961s][info][gc] GC(830) Pause Remark 27M->27M(29M) 5.588ms
[3149.961s][info][gc] GC(830) Concurrent Sweep
[3149.964s][info][gc] GC(830) Concurrent Sweep 3.255ms
[3149.964s][info][gc] GC(830) Concurrent Reset
[3149.964s][info][gc] GC(830) Concurrent Reset 0.020ms
[3151.970s][info][gc] GC(831) Pause Initial Mark 27M->27M(29M) 1.287ms
[3151.970s][info][gc] GC(831) Concurrent Mark
[3151.983s][info][gc] GC(831) Concurrent Mark 13.336ms
[3151.983s][info][gc] GC(831) Concurrent Preclean
[3151.984s][info][gc] GC(831) Concurrent Preclean 0.160ms
[3151.984s][info][gc] GC(831) Concurrent Abortable Preclean
[3151.984s][info][gc] GC(831) Concurrent Abortable Preclean 0.016ms
[3151.999s][info][gc] GC(831) Pause Remark 27M->27M(29M) 15.587ms
[3152.000s][info][gc] GC(831) Concurrent Sweep
[3152.004s][info][gc] GC(831) Concurrent Sweep 4.473ms
[3152.004s][info][gc] GC(831) Concurrent Reset
[3152.004s][info][gc] GC(831) Concurrent Reset 0.022ms
[3154.008s][info][gc] GC(832) Pause Initial Mark 27M->27M(29M) 0.889ms
[3154.008s][info][gc] GC(832) Concurrent Mark
[3154.020s][info][gc] GC(832) Concurrent Mark 11.620ms
[3154.020s][info][gc] GC(832) Concurrent Preclean
[3154.020s][info][gc] GC(832) Concurrent Preclean 0.118ms
[3154.020s][info][gc] GC(832) Concurrent Abortable Preclean
[3154.020s][info][gc] GC(832) Concurrent Abortable Preclean 0.011ms
[3154.025s][info][gc] GC(832) Pause Remark 27M->27M(29M) 5.512ms
[3154.025s][info][gc] GC(832) Concurrent Sweep
[3154.029s][info][gc] GC(832) Concurrent Sweep 3.160ms
[3154.029s][info][gc] GC(832) Concurrent Reset
[3154.029s][info][gc] GC(832) Concurrent Reset 0.016ms
[3156.034s][info][gc] GC(833) Pause Initial Mark 27M->27M(29M) 1.145ms
[3156.034s][info][gc] GC(833) Concurrent Mark
[3156.047s][info][gc] GC(833) Concurrent Mark 12.225ms
[3156.047s][info][gc] GC(833) Concurrent Preclean
[3156.047s][info][gc] GC(833) Concurrent Preclean 0.120ms
[3156.047s][info][gc] GC(833) Concurrent Abortable Preclean
[3156.047s][info][gc] GC(833) Concurrent Abortable Preclean 0.011ms
[3156.052s][info][gc] GC(833) Pause Remark 27M->27M(29M) 5.511ms
[3156.053s][info][gc] GC(833) Concurrent Sweep
[3156.056s][info][gc] GC(833) Concurrent Sweep 3.298ms
[3156.056s][info][gc] GC(833) Concurrent Reset
[3156.056s][info][gc] GC(833) Concurrent Reset 0.018ms
[3158.060s][info][gc] GC(834) Pause Initial Mark 27M->27M(29M) 1.221ms
[3158.060s][info][gc] GC(834) Concurrent Mark
[3158.072s][info][gc] GC(834) Concurrent Mark 12.209ms
[3158.072s][info][gc] GC(834) Concurrent Preclean
[3158.072s][info][gc] GC(834) Concurrent Preclean 0.133ms
[3158.072s][info][gc] GC(834) Concurrent Abortable Preclean
[3158.072s][info][gc] GC(834) Concurrent Abortable Preclean 0.012ms
[3158.078s][info][gc] GC(834) Pause Remark 27M->27M(29M) 5.522ms
[3158.078s][info][gc] GC(834) Concurrent Sweep
[3158.081s][info][gc] GC(834) Concurrent Sweep 3.378ms
[3158.081s][info][gc] GC(834) Concurrent Reset
[3158.081s][info][gc] GC(834) Concurrent Reset 0.023ms
[3160.083s][info][gc] GC(835) Pause Initial Mark 27M->27M(29M) 1.164ms
[3160.084s][info][gc] GC(835) Concurrent Mark
[3160.096s][info][gc] GC(835) Concurrent Mark 12.000ms
[3160.096s][info][gc] GC(835) Concurrent Preclean
[3160.096s][info][gc] GC(835) Concurrent Preclean 0.123ms
[3160.096s][info][gc] GC(835) Concurrent Abortable Preclean
[3160.096s][info][gc] GC(835) Concurrent Abortable Preclean 0.011ms
[3160.102s][info][gc] GC(835) Pause Remark 27M->27M(29M) 5.781ms
[3160.102s][info][gc] GC(835) Concurrent Sweep
[3160.105s][info][gc] GC(835) Concurrent Sweep 3.238ms
[3160.105s][info][gc] GC(835) Concurrent Reset
[3160.105s][info][gc] GC(835) Concurrent Reset 0.018ms
[3162.110s][info][gc] GC(836) Pause Initial Mark 27M->27M(29M) 1.151ms
[3162.110s][info][gc] GC(836) Concurrent Mark
[3162.122s][info][gc] GC(836) Concurrent Mark 12.029ms
[3162.122s][info][gc] GC(836) Concurrent Preclean
[3162.122s][info][gc] GC(836) Concurrent Preclean 0.118ms
[3162.122s][info][gc] GC(836) Concurrent Abortable Preclean
[3162.122s][info][gc] GC(836) Concurrent Abortable Preclean 0.011ms
[3162.128s][info][gc] GC(836) Pause Remark 27M->27M(29M) 5.539ms
[3162.128s][info][gc] GC(836) Concurrent Sweep
[3162.131s][info][gc] GC(836) Concurrent Sweep 3.180ms
[3162.131s][info][gc] GC(836) Concurrent Reset
[3162.131s][info][gc] GC(836) Concurrent Reset 0.016ms
[3164.136s][info][gc] GC(837) Pause Initial Mark 27M->27M(29M) 1.193ms
[3164.136s][info][gc] GC(837) Concurrent Mark
[3164.148s][info][gc] GC(837) Concurrent Mark 12.126ms
[3164.148s][info][gc] GC(837) Concurrent Preclean
[3164.148s][info][gc] GC(837) Concurrent Preclean 0.137ms
[3164.148s][info][gc] GC(837) Concurrent Abortable Preclean
[3164.148s][info][gc] GC(837) Concurrent Abortable Preclean 0.012ms
[3164.154s][info][gc] GC(837) Pause Remark 27M->27M(29M) 5.521ms
[3164.154s][info][gc] GC(837) Concurrent Sweep
[3164.157s][info][gc] GC(837) Concurrent Sweep 3.270ms
[3164.157s][info][gc] GC(837) Concurrent Reset
[3164.157s][info][gc] GC(837) Concurrent Reset 0.019ms
[3166.158s][info][gc] GC(838) Pause Initial Mark 27M->27M(29M) 1.133ms
[3166.159s][info][gc] GC(838) Concurrent Mark
[3166.171s][info][gc] GC(838) Concurrent Mark 11.936ms
[3166.171s][info][gc] GC(838) Concurrent Preclean
[3166.171s][info][gc] GC(838) Concurrent Preclean 0.144ms
[3166.171s][info][gc] GC(838) Concurrent Abortable Preclean
[3166.171s][info][gc] GC(838) Concurrent Abortable Preclean 0.017ms
[3166.176s][info][gc] GC(838) Pause Remark 27M->27M(29M) 5.561ms
[3166.177s][info][gc] GC(838) Concurrent Sweep
[3166.180s][info][gc] GC(838) Concurrent Sweep 3.273ms
[3166.180s][info][gc] GC(838) Concurrent Reset
[3166.180s][info][gc] GC(838) Concurrent Reset 0.019ms
[3168.182s][info][gc] GC(839) Pause Initial Mark 27M->27M(29M) 0.947ms
[3168.183s][info][gc] GC(839) Concurrent Mark
[3168.194s][info][gc] GC(839) Concurrent Mark 11.848ms
[3168.194s][info][gc] GC(839) Concurrent Preclean
[3168.195s][info][gc] GC(839) Concurrent Preclean 0.115ms
[3168.195s][info][gc] GC(839) Concurrent Abortable Preclean
[3168.195s][info][gc] GC(839) Concurrent Abortable Preclean 0.011ms
[3168.201s][info][gc] GC(839) Pause Remark 27M->27M(29M) 5.946ms
[3168.201s][info][gc] GC(839) Concurrent Sweep
[3168.204s][info][gc] GC(839) Concurrent Sweep 3.172ms
[3168.204s][info][gc] GC(839) Concurrent Reset
[3168.204s][info][gc] GC(839) Concurrent Reset 0.016ms
[3170.209s][info][gc] GC(840) Pause Initial Mark 27M->27M(29M) 1.209ms
[3170.209s][info][gc] GC(840) Concurrent Mark
[3170.221s][info][gc] GC(840) Concurrent Mark 12.081ms
[3170.221s][info][gc] GC(840) Concurrent Preclean
[3170.221s][info][gc] GC(840) Concurrent Preclean 0.148ms
[3170.221s][info][gc] GC(840) Concurrent Abortable Preclean
[3170.221s][info][gc] GC(840) Concurrent Abortable Preclean 0.013ms
[3170.227s][info][gc] GC(840) Pause Remark 27M->27M(29M) 6.144ms
[3170.227s][info][gc] GC(840) Concurrent Sweep
[3170.231s][info][gc] GC(840) Concurrent Sweep 3.292ms
[3170.231s][info][gc] GC(840) Concurrent Reset
[3170.231s][info][gc] GC(840) Concurrent Reset 0.018ms
[3172.237s][info][gc] GC(841) Pause Initial Mark 27M->27M(29M) 1.177ms
[3172.237s][info][gc] GC(841) Concurrent Mark
[3172.248s][info][gc] GC(841) Concurrent Mark 10.868ms
[3172.248s][info][gc] GC(841) Concurrent Preclean
[3172.248s][info][gc] GC(841) Concurrent Preclean 0.115ms
[3172.248s][info][gc] GC(841) Concurrent Abortable Preclean
[3172.248s][info][gc] GC(841) Concurrent Abortable Preclean 0.013ms
[3172.254s][info][gc] GC(841) Pause Remark 27M->27M(29M) 5.556ms
[3172.254s][info][gc] GC(841) Concurrent Sweep
[3172.257s][info][gc] GC(841) Concurrent Sweep 3.342ms
[3172.257s][info][gc] GC(841) Concurrent Reset
[3172.258s][info][gc] GC(841) Concurrent Reset 0.021ms
[3174.261s][info][gc] GC(842) Pause Initial Mark 27M->27M(29M) 1.149ms
[3174.261s][info][gc] GC(842) Concurrent Mark
[3174.273s][info][gc] GC(842) Concurrent Mark 12.087ms
[3174.273s][info][gc] GC(842) Concurrent Preclean
[3174.273s][info][gc] GC(842) Concurrent Preclean 0.120ms
[3174.273s][info][gc] GC(842) Concurrent Abortable Preclean
[3174.273s][info][gc] GC(842) Concurrent Abortable Preclean 0.014ms
[3174.279s][info][gc] GC(842) Pause Remark 27M->27M(29M) 5.730ms
[3174.279s][info][gc] GC(842) Concurrent Sweep
[3174.282s][info][gc] GC(842) Concurrent Sweep 3.245ms
[3174.282s][info][gc] GC(842) Concurrent Reset
[3174.282s][info][gc] GC(842) Concurrent Reset 0.020ms
[3176.284s][info][gc] GC(843) Pause Initial Mark 27M->27M(29M) 1.170ms
[3176.284s][info][gc] GC(843) Concurrent Mark
[3176.305s][info][gc] GC(843) Concurrent Mark 20.426ms
[3176.305s][info][gc] GC(843) Concurrent Preclean
[3176.305s][info][gc] GC(843) Concurrent Preclean 0.120ms
[3176.305s][info][gc] GC(843) Concurrent Abortable Preclean
[3176.305s][info][gc] GC(843) Concurrent Abortable Preclean 0.013ms
[3176.311s][info][gc] GC(843) Pause Remark 27M->27M(29M) 5.647ms
[3176.311s][info][gc] GC(843) Concurrent Sweep
[3176.314s][info][gc] GC(843) Concurrent Sweep 3.250ms
[3176.314s][info][gc] GC(843) Concurrent Reset
[3176.314s][info][gc] GC(843) Concurrent Reset 0.020ms
[3178.316s][info][gc] GC(844) Pause Initial Mark 27M->27M(29M) 1.381ms
[3178.316s][info][gc] GC(844) Concurrent Mark
[3178.328s][info][gc] GC(844) Concurrent Mark 12.290ms
[3178.328s][info][gc] GC(844) Concurrent Preclean
[3178.329s][info][gc] GC(844) Concurrent Preclean 0.126ms
[3178.329s][info][gc] GC(844) Concurrent Abortable Preclean
[3178.329s][info][gc] GC(844) Concurrent Abortable Preclean 0.014ms
[3178.334s][info][gc] GC(844) Pause Remark 27M->27M(29M) 5.518ms
[3178.334s][info][gc] GC(844) Concurrent Sweep
[3178.337s][info][gc] GC(844) Concurrent Sweep 3.029ms
[3178.337s][info][gc] GC(844) Concurrent Reset
[3178.337s][info][gc] GC(844) Concurrent Reset 0.018ms
[3180.340s][info][gc] GC(845) Pause Initial Mark 27M->27M(29M) 1.971ms
[3180.340s][info][gc] GC(845) Concurrent Mark
[3180.352s][info][gc] GC(845) Concurrent Mark 11.849ms
[3180.352s][info][gc] GC(845) Concurrent Preclean
[3180.352s][info][gc] GC(845) Concurrent Preclean 0.127ms
[3180.352s][info][gc] GC(845) Concurrent Abortable Preclean
[3180.352s][info][gc] GC(845) Concurrent Abortable Preclean 0.013ms
[3180.358s][info][gc] GC(845) Pause Remark 27M->27M(29M) 5.477ms
[3180.358s][info][gc] GC(845) Concurrent Sweep
[3180.361s][info][gc] GC(845) Concurrent Sweep 3.145ms
[3180.361s][info][gc] GC(845) Concurrent Reset
[3180.361s][info][gc] GC(845) Concurrent Reset 0.023ms
[3182.365s][info][gc] GC(846) Pause Initial Mark 27M->27M(29M) 0.744ms
[3182.365s][info][gc] GC(846) Concurrent Mark
[3182.381s][info][gc] GC(846) Concurrent Mark 15.757ms
[3182.381s][info][gc] GC(846) Concurrent Preclean
[3182.381s][info][gc] GC(846) Concurrent Preclean 0.115ms
[3182.381s][info][gc] GC(846) Concurrent Abortable Preclean
[3182.381s][info][gc] GC(846) Concurrent Abortable Preclean 0.012ms
[3182.386s][info][gc] GC(846) Pause Remark 27M->27M(29M) 5.173ms
[3182.387s][info][gc] GC(846) Concurrent Sweep
[3182.390s][info][gc] GC(846) Concurrent Sweep 3.204ms
[3182.390s][info][gc] GC(846) Concurrent Reset
[3182.390s][info][gc] GC(846) Concurrent Reset 0.020ms
[3184.391s][info][gc] GC(847) Pause Initial Mark 27M->27M(29M) 1.157ms
[3184.391s][info][gc] GC(847) Concurrent Mark
[3184.405s][info][gc] GC(847) Concurrent Mark 13.718ms
[3184.405s][info][gc] GC(847) Concurrent Preclean
[3184.405s][info][gc] GC(847) Concurrent Preclean 0.126ms
[3184.405s][info][gc] GC(847) Concurrent Abortable Preclean
[3184.405s][info][gc] GC(847) Concurrent Abortable Preclean 0.014ms
[3184.417s][info][gc] GC(847) Pause Remark 27M->27M(29M) 11.810ms
[3184.417s][info][gc] GC(847) Concurrent Sweep
[3184.421s][info][gc] GC(847) Concurrent Sweep 3.329ms
[3184.421s][info][gc] GC(847) Concurrent Reset
[3184.421s][info][gc] GC(847) Concurrent Reset 0.020ms
[3186.423s][info][gc] GC(848) Pause Initial Mark 27M->27M(29M) 0.954ms
[3186.423s][info][gc] GC(848) Concurrent Mark
[3186.436s][info][gc] GC(848) Concurrent Mark 12.889ms
[3186.436s][info][gc] GC(848) Concurrent Preclean
[3186.436s][info][gc] GC(848) Concurrent Preclean 0.123ms
[3186.436s][info][gc] GC(848) Concurrent Abortable Preclean
[3186.436s][info][gc] GC(848) Concurrent Abortable Preclean 0.013ms
[3186.444s][info][gc] GC(848) Pause Remark 27M->27M(29M) 8.124ms
[3186.445s][info][gc] GC(848) Concurrent Sweep
[3186.450s][info][gc] GC(848) Concurrent Sweep 5.068ms
[3186.450s][info][gc] GC(848) Concurrent Reset
[3186.450s][info][gc] GC(848) Concurrent Reset 0.021ms
[3188.451s][info][gc] GC(849) Pause Initial Mark 27M->27M(29M) 1.112ms
[3188.451s][info][gc] GC(849) Concurrent Mark
[3188.462s][info][gc] GC(849) Concurrent Mark 10.864ms
[3188.462s][info][gc] GC(849) Concurrent Preclean
[3188.463s][info][gc] GC(849) Concurrent Preclean 0.157ms
[3188.463s][info][gc] GC(849) Concurrent Abortable Preclean
[3188.463s][info][gc] GC(849) Concurrent Abortable Preclean 0.030ms
[3188.483s][info][gc] GC(849) Pause Remark 27M->27M(29M) 19.953ms
[3188.483s][info][gc] GC(849) Concurrent Sweep
[3188.486s][info][gc] GC(849) Concurrent Sweep 3.431ms
[3188.486s][info][gc] GC(849) Concurrent Reset
[3188.486s][info][gc] GC(849) Concurrent Reset 0.021ms
[3190.491s][info][gc] GC(850) Pause Initial Mark 27M->27M(29M) 1.029ms
[3190.491s][info][gc] GC(850) Concurrent Mark
[3190.504s][info][gc] GC(850) Concurrent Mark 12.670ms
[3190.504s][info][gc] GC(850) Concurrent Preclean
[3190.504s][info][gc] GC(850) Concurrent Preclean 0.123ms
[3190.504s][info][gc] GC(850) Concurrent Abortable Preclean
[3190.504s][info][gc] GC(850) Concurrent Abortable Preclean 0.013ms
[3190.511s][info][gc] GC(850) Pause Remark 27M->27M(29M) 6.349ms
[3190.511s][info][gc] GC(850) Concurrent Sweep
[3190.514s][info][gc] GC(850) Concurrent Sweep 3.066ms
[3190.514s][info][gc] GC(850) Concurrent Reset
[3190.514s][info][gc] GC(850) Concurrent Reset 0.018ms
[3192.519s][info][gc] GC(851) Pause Initial Mark 27M->27M(29M) 3.536ms
[3192.520s][info][gc] GC(851) Concurrent Mark
[3192.540s][info][gc] GC(851) Concurrent Mark 19.457ms
[3192.540s][info][gc] GC(851) Concurrent Preclean
[3192.540s][info][gc] GC(851) Concurrent Preclean 0.185ms
[3192.540s][info][gc] GC(851) Concurrent Abortable Preclean
[3192.540s][info][gc] GC(851) Concurrent Abortable Preclean 0.031ms
[3192.558s][info][gc] GC(851) Pause Remark 27M->27M(29M) 16.821ms
[3192.558s][info][gc] GC(851) Concurrent Sweep
[3192.561s][info][gc] GC(851) Concurrent Sweep 3.066ms
[3192.561s][info][gc] GC(851) Concurrent Reset
[3192.561s][info][gc] GC(851) Concurrent Reset 0.019ms
[3194.566s][info][gc] GC(852) Pause Initial Mark 27M->27M(29M) 4.807ms
[3194.567s][info][gc] GC(852) Concurrent Mark
[3194.591s][info][gc] GC(852) Concurrent Mark 24.367ms
[3194.591s][info][gc] GC(852) Concurrent Preclean
[3194.592s][info][gc] GC(852) Concurrent Preclean 0.432ms
[3194.592s][info][gc] GC(852) Concurrent Abortable Preclean
[3194.592s][info][gc] GC(852) Concurrent Abortable Preclean 0.031ms
[3194.597s][info][gc] GC(852) Pause Remark 27M->27M(29M) 5.431ms
[3194.598s][info][gc] GC(852) Concurrent Sweep
[3194.601s][info][gc] GC(852) Concurrent Sweep 3.410ms
[3194.601s][info][gc] GC(852) Concurrent Reset
[3194.601s][info][gc] GC(852) Concurrent Reset 0.028ms
[3196.603s][info][gc] GC(853) Pause Initial Mark 27M->27M(29M) 1.151ms
[3196.603s][info][gc] GC(853) Concurrent Mark
[3196.615s][info][gc] GC(853) Concurrent Mark 12.156ms
[3196.615s][info][gc] GC(853) Concurrent Preclean
[3196.615s][info][gc] GC(853) Concurrent Preclean 0.137ms
[3196.615s][info][gc] GC(853) Concurrent Abortable Preclean
[3196.615s][info][gc] GC(853) Concurrent Abortable Preclean 0.015ms
[3196.621s][info][gc] GC(853) Pause Remark 27M->27M(29M) 5.632ms
[3196.621s][info][gc] GC(853) Concurrent Sweep
[3196.624s][info][gc] GC(853) Concurrent Sweep 3.239ms
[3196.625s][info][gc] GC(853) Concurrent Reset
[3196.625s][info][gc] GC(853) Concurrent Reset 0.020ms
[3198.630s][info][gc] GC(854) Pause Initial Mark 27M->27M(29M) 1.155ms
[3198.630s][info][gc] GC(854) Concurrent Mark
[3198.642s][info][gc] GC(854) Concurrent Mark 12.058ms
[3198.642s][info][gc] GC(854) Concurrent Preclean
[3198.643s][info][gc] GC(854) Concurrent Preclean 0.136ms
[3198.643s][info][gc] GC(854) Concurrent Abortable Preclean
[3198.643s][info][gc] GC(854) Concurrent Abortable Preclean 0.015ms
[3198.649s][info][gc] GC(854) Pause Remark 27M->27M(29M) 5.783ms
[3198.649s][info][gc] GC(854) Concurrent Sweep
[3198.652s][info][gc] GC(854) Concurrent Sweep 3.268ms
[3198.652s][info][gc] GC(854) Concurrent Reset
[3198.652s][info][gc] GC(854) Concurrent Reset 0.019ms
[3200.652s][info][gc] GC(855) Pause Initial Mark 27M->27M(29M) 0.793ms
[3200.653s][info][gc] GC(855) Concurrent Mark
[3200.674s][info][gc] GC(855) Concurrent Mark 21.779ms
[3200.674s][info][gc] GC(855) Concurrent Preclean
[3200.675s][info][gc] GC(855) Concurrent Preclean 0.367ms
[3200.675s][info][gc] GC(855) Concurrent Abortable Preclean
[3200.675s][info][gc] GC(855) Concurrent Abortable Preclean 0.054ms
[3200.685s][info][gc] GC(855) Pause Remark 27M->27M(29M) 9.770ms
[3200.685s][info][gc] GC(855) Concurrent Sweep
[3200.689s][info][gc] GC(855) Concurrent Sweep 3.600ms
[3200.689s][info][gc] GC(855) Concurrent Reset
[3200.689s][info][gc] GC(855) Concurrent Reset 0.031ms
[3202.693s][info][gc] GC(856) Pause Initial Mark 27M->27M(29M) 1.087ms
[3202.693s][info][gc] GC(856) Concurrent Mark
[3202.705s][info][gc] GC(856) Concurrent Mark 11.991ms
[3202.705s][info][gc] GC(856) Concurrent Preclean
[3202.705s][info][gc] GC(856) Concurrent Preclean 0.121ms
[3202.705s][info][gc] GC(856) Concurrent Abortable Preclean
[3202.705s][info][gc] GC(856) Concurrent Abortable Preclean 0.014ms
[3202.711s][info][gc] GC(856) Pause Remark 27M->27M(29M) 5.491ms
[3202.711s][info][gc] GC(856) Concurrent Sweep
[3202.714s][info][gc] GC(856) Concurrent Sweep 3.299ms
[3202.715s][info][gc] GC(856) Concurrent Reset
[3202.715s][info][gc] GC(856) Concurrent Reset 0.026ms
[3204.716s][info][gc] GC(857) Pause Initial Mark 27M->27M(29M) 1.112ms
[3204.716s][info][gc] GC(857) Concurrent Mark
[3204.728s][info][gc] GC(857) Concurrent Mark 11.942ms
[3204.728s][info][gc] GC(857) Concurrent Preclean
[3204.728s][info][gc] GC(857) Concurrent Preclean 0.112ms
[3204.728s][info][gc] GC(857) Concurrent Abortable Preclean
[3204.728s][info][gc] GC(857) Concurrent Abortable Preclean 0.013ms
[3204.733s][info][gc] GC(857) Pause Remark 27M->27M(29M) 5.309ms
[3204.733s][info][gc] GC(857) Concurrent Sweep
[3204.737s][info][gc] GC(857) Concurrent Sweep 3.089ms
[3204.737s][info][gc] GC(857) Concurrent Reset
[3204.737s][info][gc] GC(857) Concurrent Reset 0.018ms
[3206.738s][info][gc] GC(858) Pause Initial Mark 27M->27M(29M) 0.932ms
[3206.738s][info][gc] GC(858) Concurrent Mark
[3206.749s][info][gc] GC(858) Concurrent Mark 10.962ms
[3206.749s][info][gc] GC(858) Concurrent Preclean
[3206.749s][info][gc] GC(858) Concurrent Preclean 0.119ms
[3206.749s][info][gc] GC(858) Concurrent Abortable Preclean
[3206.749s][info][gc] GC(858) Concurrent Abortable Preclean 0.014ms
[3206.755s][info][gc] GC(858) Pause Remark 27M->27M(29M) 6.265ms
[3206.756s][info][gc] GC(858) Concurrent Sweep
[3206.759s][info][gc] GC(858) Concurrent Sweep 3.275ms
[3206.759s][info][gc] GC(858) Concurrent Reset
[3206.759s][info][gc] GC(858) Concurrent Reset 0.020ms
[3208.762s][info][gc] GC(859) Pause Initial Mark 27M->27M(29M) 1.131ms
[3208.762s][info][gc] GC(859) Concurrent Mark
[3208.775s][info][gc] GC(859) Concurrent Mark 12.822ms
[3208.775s][info][gc] GC(859) Concurrent Preclean
[3208.775s][info][gc] GC(859) Concurrent Preclean 0.194ms
[3208.775s][info][gc] GC(859) Concurrent Abortable Preclean
[3208.775s][info][gc] GC(859) Concurrent Abortable Preclean 0.024ms
[3208.782s][info][gc] GC(859) Pause Remark 27M->27M(29M) 6.767ms
[3208.782s][info][gc] GC(859) Concurrent Sweep
[3208.785s][info][gc] GC(859) Concurrent Sweep 3.300ms
[3208.785s][info][gc] GC(859) Concurrent Reset
[3208.785s][info][gc] GC(859) Concurrent Reset 0.020ms
[3210.786s][info][gc] GC(860) Pause Initial Mark 27M->27M(29M) 0.993ms
[3210.786s][info][gc] GC(860) Concurrent Mark
[3210.798s][info][gc] GC(860) Concurrent Mark 11.865ms
[3210.798s][info][gc] GC(860) Concurrent Preclean
[3210.798s][info][gc] GC(860) Concurrent Preclean 0.142ms
[3210.798s][info][gc] GC(860) Concurrent Abortable Preclean
[3210.798s][info][gc] GC(860) Concurrent Abortable Preclean 0.014ms
[3210.804s][info][gc] GC(860) Pause Remark 27M->27M(29M) 5.681ms
[3210.804s][info][gc] GC(860) Concurrent Sweep
[3210.807s][info][gc] GC(860) Concurrent Sweep 3.240ms
[3210.807s][info][gc] GC(860) Concurrent Reset
[3210.807s][info][gc] GC(860) Concurrent Reset 0.020ms
[3212.808s][info][gc] GC(861) Pause Initial Mark 27M->27M(29M) 0.883ms
[3212.809s][info][gc] GC(861) Concurrent Mark
[3212.818s][info][gc] GC(861) Concurrent Mark 9.763ms
[3212.818s][info][gc] GC(861) Concurrent Preclean
[3212.818s][info][gc] GC(861) Concurrent Preclean 0.103ms
[3212.818s][info][gc] GC(861) Concurrent Abortable Preclean
[3212.818s][info][gc] GC(861) Concurrent Abortable Preclean 0.012ms
[3212.824s][info][gc] GC(861) Pause Remark 27M->27M(29M) 5.652ms
[3212.824s][info][gc] GC(861) Concurrent Sweep
[3212.827s][info][gc] GC(861) Concurrent Sweep 3.074ms
[3212.827s][info][gc] GC(861) Concurrent Reset
[3212.827s][info][gc] GC(861) Concurrent Reset 0.020ms
[3214.832s][info][gc] GC(862) Pause Initial Mark 27M->27M(29M) 2.864ms
[3214.832s][info][gc] GC(862) Concurrent Mark
[3214.849s][info][gc] GC(862) Concurrent Mark 17.109ms
[3214.849s][info][gc] GC(862) Concurrent Preclean
[3214.850s][info][gc] GC(862) Concurrent Preclean 0.444ms
[3214.850s][info][gc] GC(862) Concurrent Abortable Preclean
[3214.850s][info][gc] GC(862) Concurrent Abortable Preclean 0.068ms
[3214.858s][info][gc] GC(862) Pause Remark 27M->27M(29M) 7.385ms
[3214.858s][info][gc] GC(862) Concurrent Sweep
[3214.863s][info][gc] GC(862) Concurrent Sweep 4.819ms
[3214.863s][info][gc] GC(862) Concurrent Reset
[3214.863s][info][gc] GC(862) Concurrent Reset 0.021ms
[3216.864s][info][gc] GC(863) Pause Initial Mark 27M->27M(29M) 1.038ms
[3216.864s][info][gc] GC(863) Concurrent Mark
[3216.878s][info][gc] GC(863) Concurrent Mark 14.016ms
[3216.878s][info][gc] GC(863) Concurrent Preclean
[3216.879s][info][gc] GC(863) Concurrent Preclean 0.188ms
[3216.879s][info][gc] GC(863) Concurrent Abortable Preclean
[3216.879s][info][gc] GC(863) Concurrent Abortable Preclean 0.018ms
[3216.889s][info][gc] GC(863) Pause Remark 27M->27M(29M) 10.334ms
[3216.889s][info][gc] GC(863) Concurrent Sweep
[3216.893s][info][gc] GC(863) Concurrent Sweep 4.024ms
[3216.893s][info][gc] GC(863) Concurrent Reset
[3216.893s][info][gc] GC(863) Concurrent Reset 0.028ms
[3218.897s][info][gc] GC(864) Pause Initial Mark 27M->27M(29M) 1.069ms
[3218.898s][info][gc] GC(864) Concurrent Mark
[3218.910s][info][gc] GC(864) Concurrent Mark 12.915ms
[3218.911s][info][gc] GC(864) Concurrent Preclean
[3218.911s][info][gc] GC(864) Concurrent Preclean 0.189ms
[3218.911s][info][gc] GC(864) Concurrent Abortable Preclean
[3218.911s][info][gc] GC(864) Concurrent Abortable Preclean 0.038ms
[3218.918s][info][gc] GC(864) Pause Remark 27M->27M(29M) 6.705ms
[3218.918s][info][gc] GC(864) Concurrent Sweep
[3218.921s][info][gc] GC(864) Concurrent Sweep 3.336ms
[3218.921s][info][gc] GC(864) Concurrent Reset
[3218.921s][info][gc] GC(864) Concurrent Reset 0.020ms
[3220.922s][info][gc] GC(865) Pause Initial Mark 27M->27M(29M) 0.605ms
[3220.922s][info][gc] GC(865) Concurrent Mark
[3220.941s][info][gc] GC(865) Concurrent Mark 18.311ms
[3220.941s][info][gc] GC(865) Concurrent Preclean
[3220.941s][info][gc] GC(865) Concurrent Preclean 0.128ms
[3220.941s][info][gc] GC(865) Concurrent Abortable Preclean
[3220.941s][info][gc] GC(865) Concurrent Abortable Preclean 0.013ms
[3220.946s][info][gc] GC(865) Pause Remark 27M->27M(29M) 5.425ms
[3220.946s][info][gc] GC(865) Concurrent Sweep
[3220.950s][info][gc] GC(865) Concurrent Sweep 3.968ms
[3220.950s][info][gc] GC(865) Concurrent Reset
[3220.950s][info][gc] GC(865) Concurrent Reset 0.020ms
[3222.953s][info][gc] GC(866) Pause Initial Mark 27M->27M(29M) 1.077ms
[3222.953s][info][gc] GC(866) Concurrent Mark
[3222.965s][info][gc] GC(866) Concurrent Mark 12.131ms
[3222.965s][info][gc] GC(866) Concurrent Preclean
[3222.965s][info][gc] GC(866) Concurrent Preclean 0.143ms
[3222.965s][info][gc] GC(866) Concurrent Abortable Preclean
[3222.965s][info][gc] GC(866) Concurrent Abortable Preclean 0.015ms
[3222.971s][info][gc] GC(866) Pause Remark 27M->27M(29M) 5.712ms
[3222.971s][info][gc] GC(866) Concurrent Sweep
[3222.975s][info][gc] GC(866) Concurrent Sweep 3.274ms
[3222.975s][info][gc] GC(866) Concurrent Reset
[3222.975s][info][gc] GC(866) Concurrent Reset 0.021ms
[3224.977s][info][gc] GC(867) Pause Initial Mark 27M->27M(29M) 0.982ms
[3224.977s][info][gc] GC(867) Concurrent Mark
[3224.989s][info][gc] GC(867) Concurrent Mark 11.697ms
[3224.989s][info][gc] GC(867) Concurrent Preclean
[3224.989s][info][gc] GC(867) Concurrent Preclean 0.123ms
[3224.989s][info][gc] GC(867) Concurrent Abortable Preclean
[3224.989s][info][gc] GC(867) Concurrent Abortable Preclean 0.014ms
[3224.995s][info][gc] GC(867) Pause Remark 27M->27M(29M) 5.734ms
[3224.995s][info][gc] GC(867) Concurrent Sweep
[3224.999s][info][gc] GC(867) Concurrent Sweep 4.030ms
[3224.999s][info][gc] GC(867) Concurrent Reset
[3224.999s][info][gc] GC(867) Concurrent Reset 0.023ms
[3227.001s][info][gc] GC(868) Pause Initial Mark 27M->27M(29M) 1.120ms
[3227.001s][info][gc] GC(868) Concurrent Mark
[3227.013s][info][gc] GC(868) Concurrent Mark 12.198ms
[3227.013s][info][gc] GC(868) Concurrent Preclean
[3227.014s][info][gc] GC(868) Concurrent Preclean 0.119ms
[3227.014s][info][gc] GC(868) Concurrent Abortable Preclean
[3227.014s][info][gc] GC(868) Concurrent Abortable Preclean 0.014ms
[3227.019s][info][gc] GC(868) Pause Remark 27M->27M(29M) 5.590ms
[3227.019s][info][gc] GC(868) Concurrent Sweep
[3227.023s][info][gc] GC(868) Concurrent Sweep 3.241ms
[3227.023s][info][gc] GC(868) Concurrent Reset
[3227.023s][info][gc] GC(868) Concurrent Reset 0.020ms
[3229.025s][info][gc] GC(869) Pause Initial Mark 27M->27M(29M) 1.055ms
[3229.025s][info][gc] GC(869) Concurrent Mark
[3229.038s][info][gc] GC(869) Concurrent Mark 12.120ms
[3229.038s][info][gc] GC(869) Concurrent Preclean
[3229.038s][info][gc] GC(869) Concurrent Preclean 0.119ms
[3229.038s][info][gc] GC(869) Concurrent Abortable Preclean
[3229.038s][info][gc] GC(869) Concurrent Abortable Preclean 0.014ms
[3229.043s][info][gc] GC(869) Pause Remark 27M->27M(29M) 5.571ms
[3229.044s][info][gc] GC(869) Concurrent Sweep
[3229.047s][info][gc] GC(869) Concurrent Sweep 3.322ms
[3229.047s][info][gc] GC(869) Concurrent Reset
[3229.047s][info][gc] GC(869) Concurrent Reset 0.021ms
[3231.048s][info][gc] GC(870) Pause Initial Mark 27M->27M(29M) 1.163ms
[3231.048s][info][gc] GC(870) Concurrent Mark
[3231.060s][info][gc] GC(870) Concurrent Mark 12.081ms
[3231.060s][info][gc] GC(870) Concurrent Preclean
[3231.060s][info][gc] GC(870) Concurrent Preclean 0.143ms
[3231.060s][info][gc] GC(870) Concurrent Abortable Preclean
[3231.060s][info][gc] GC(870) Concurrent Abortable Preclean 0.014ms
[3231.066s][info][gc] GC(870) Pause Remark 27M->27M(29M) 5.606ms
[3231.066s][info][gc] GC(870) Concurrent Sweep
[3231.069s][info][gc] GC(870) Concurrent Sweep 3.262ms
[3231.070s][info][gc] GC(870) Concurrent Reset
[3231.070s][info][gc] GC(870) Concurrent Reset 0.020ms
[3233.073s][info][gc] GC(871) Pause Initial Mark 27M->27M(29M) 1.064ms
[3233.073s][info][gc] GC(871) Concurrent Mark
[3233.085s][info][gc] GC(871) Concurrent Mark 11.878ms
[3233.085s][info][gc] GC(871) Concurrent Preclean
[3233.085s][info][gc] GC(871) Concurrent Preclean 0.125ms
[3233.085s][info][gc] GC(871) Concurrent Abortable Preclean
[3233.085s][info][gc] GC(871) Concurrent Abortable Preclean 0.013ms
[3233.091s][info][gc] GC(871) Pause Remark 27M->27M(29M) 5.595ms
[3233.091s][info][gc] GC(871) Concurrent Sweep
[3233.094s][info][gc] GC(871) Concurrent Sweep 3.307ms
[3233.094s][info][gc] GC(871) Concurrent Reset
[3233.094s][info][gc] GC(871) Concurrent Reset 0.021ms
[3235.098s][info][gc] GC(872) Pause Initial Mark 27M->27M(29M) 1.074ms
[3235.099s][info][gc] GC(872) Concurrent Mark
[3235.111s][info][gc] GC(872) Concurrent Mark 12.023ms
[3235.111s][info][gc] GC(872) Concurrent Preclean
[3235.111s][info][gc] GC(872) Concurrent Preclean 0.134ms
[3235.111s][info][gc] GC(872) Concurrent Abortable Preclean
[3235.111s][info][gc] GC(872) Concurrent Abortable Preclean 0.015ms
[3235.117s][info][gc] GC(872) Pause Remark 27M->27M(29M) 5.739ms
[3235.117s][info][gc] GC(872) Concurrent Sweep
[3235.120s][info][gc] GC(872) Concurrent Sweep 3.250ms
[3235.120s][info][gc] GC(872) Concurrent Reset
[3235.120s][info][gc] GC(872) Concurrent Reset 0.020ms
[3237.122s][info][gc] GC(873) Pause Initial Mark 27M->27M(29M) 1.071ms
[3237.123s][info][gc] GC(873) Concurrent Mark
[3237.134s][info][gc] GC(873) Concurrent Mark 11.958ms
[3237.135s][info][gc] GC(873) Concurrent Preclean
[3237.135s][info][gc] GC(873) Concurrent Preclean 0.119ms
[3237.135s][info][gc] GC(873) Concurrent Abortable Preclean
[3237.135s][info][gc] GC(873) Concurrent Abortable Preclean 0.014ms
[3237.140s][info][gc] GC(873) Pause Remark 27M->27M(29M) 5.528ms
[3237.140s][info][gc] GC(873) Concurrent Sweep
[3237.144s][info][gc] GC(873) Concurrent Sweep 3.219ms
[3237.144s][info][gc] GC(873) Concurrent Reset
[3237.144s][info][gc] GC(873) Concurrent Reset 0.019ms
[3239.145s][info][gc] GC(874) Pause Initial Mark 27M->27M(29M) 1.103ms
[3239.145s][info][gc] GC(874) Concurrent Mark
[3239.157s][info][gc] GC(874) Concurrent Mark 12.011ms
[3239.157s][info][gc] GC(874) Concurrent Preclean
[3239.157s][info][gc] GC(874) Concurrent Preclean 0.119ms
[3239.157s][info][gc] GC(874) Concurrent Abortable Preclean
[3239.157s][info][gc] GC(874) Concurrent Abortable Preclean 0.018ms
[3239.163s][info][gc] GC(874) Pause Remark 27M->27M(29M) 5.604ms
[3239.163s][info][gc] GC(874) Concurrent Sweep
[3239.166s][info][gc] GC(874) Concurrent Sweep 3.069ms
[3239.166s][info][gc] GC(874) Concurrent Reset
[3239.166s][info][gc] GC(874) Concurrent Reset 0.018ms
[3241.170s][info][gc] GC(875) Pause Initial Mark 27M->27M(29M) 1.128ms
[3241.171s][info][gc] GC(875) Concurrent Mark
[3241.182s][info][gc] GC(875) Concurrent Mark 11.924ms
[3241.183s][info][gc] GC(875) Concurrent Preclean
[3241.183s][info][gc] GC(875) Concurrent Preclean 0.126ms
[3241.183s][info][gc] GC(875) Concurrent Abortable Preclean
[3241.183s][info][gc] GC(875) Concurrent Abortable Preclean 0.014ms
[3241.190s][info][gc] GC(875) Pause Remark 27M->27M(29M) 6.797ms
[3241.190s][info][gc] GC(875) Concurrent Sweep
[3241.193s][info][gc] GC(875) Concurrent Sweep 3.358ms
[3241.193s][info][gc] GC(875) Concurrent Reset
[3241.193s][info][gc] GC(875) Concurrent Reset 0.019ms
[3243.197s][info][gc] GC(876) Pause Initial Mark 27M->27M(29M) 1.123ms
[3243.197s][info][gc] GC(876) Concurrent Mark
[3243.210s][info][gc] GC(876) Concurrent Mark 13.090ms
[3243.210s][info][gc] GC(876) Concurrent Preclean
[3243.210s][info][gc] GC(876) Concurrent Preclean 0.185ms
[3243.210s][info][gc] GC(876) Concurrent Abortable Preclean
[3243.210s][info][gc] GC(876) Concurrent Abortable Preclean 0.026ms
[3243.217s][info][gc] GC(876) Pause Remark 27M->27M(29M) 6.275ms
[3243.217s][info][gc] GC(876) Concurrent Sweep
[3243.220s][info][gc] GC(876) Concurrent Sweep 3.250ms
[3243.220s][info][gc] GC(876) Concurrent Reset
[3243.220s][info][gc] GC(876) Concurrent Reset 0.020ms
[3245.224s][info][gc] GC(877) Pause Initial Mark 27M->27M(29M) 0.706ms
[3245.224s][info][gc] GC(877) Concurrent Mark
[3245.235s][info][gc] GC(877) Concurrent Mark 10.722ms
[3245.235s][info][gc] GC(877) Concurrent Preclean
[3245.235s][info][gc] GC(877) Concurrent Preclean 0.118ms
[3245.235s][info][gc] GC(877) Concurrent Abortable Preclean
[3245.235s][info][gc] GC(877) Concurrent Abortable Preclean 0.013ms
[3245.241s][info][gc] GC(877) Pause Remark 27M->27M(29M) 5.669ms
[3245.241s][info][gc] GC(877) Concurrent Sweep
[3245.244s][info][gc] GC(877) Concurrent Sweep 3.267ms
[3245.244s][info][gc] GC(877) Concurrent Reset
[3245.244s][info][gc] GC(877) Concurrent Reset 0.019ms
[3247.246s][info][gc] GC(878) Pause Initial Mark 27M->27M(29M) 1.591ms
[3247.246s][info][gc] GC(878) Concurrent Mark
[3247.267s][info][gc] GC(878) Concurrent Mark 21.112ms
[3247.267s][info][gc] GC(878) Concurrent Preclean
[3247.267s][info][gc] GC(878) Concurrent Preclean 0.232ms
[3247.267s][info][gc] GC(878) Concurrent Abortable Preclean
[3247.267s][info][gc] GC(878) Concurrent Abortable Preclean 0.024ms
[3247.278s][info][gc] GC(878) Pause Remark 27M->27M(29M) 10.399ms
[3247.278s][info][gc] GC(878) Concurrent Sweep
[3247.285s][info][gc] GC(878) Concurrent Sweep 6.605ms
[3247.285s][info][gc] GC(878) Concurrent Reset
[3247.285s][info][gc] GC(878) Concurrent Reset 0.034ms
[3249.287s][info][gc] GC(879) Pause Initial Mark 27M->27M(29M) 1.132ms
[3249.287s][info][gc] GC(879) Concurrent Mark
[3249.301s][info][gc] GC(879) Concurrent Mark 14.298ms
[3249.301s][info][gc] GC(879) Concurrent Preclean
[3249.301s][info][gc] GC(879) Concurrent Preclean 0.125ms
[3249.301s][info][gc] GC(879) Concurrent Abortable Preclean
[3249.301s][info][gc] GC(879) Concurrent Abortable Preclean 0.014ms
[3249.309s][info][gc] GC(879) Pause Remark 27M->27M(29M) 7.962ms
[3249.309s][info][gc] GC(879) Concurrent Sweep
[3249.313s][info][gc] GC(879) Concurrent Sweep 3.525ms
[3249.313s][info][gc] GC(879) Concurrent Reset
[3249.313s][info][gc] GC(879) Concurrent Reset 0.021ms
[3251.319s][info][gc] GC(880) Pause Initial Mark 27M->27M(29M) 1.112ms
[3251.319s][info][gc] GC(880) Concurrent Mark
[3251.332s][info][gc] GC(880) Concurrent Mark 13.033ms
[3251.332s][info][gc] GC(880) Concurrent Preclean
[3251.333s][info][gc] GC(880) Concurrent Preclean 0.190ms
[3251.333s][info][gc] GC(880) Concurrent Abortable Preclean
[3251.333s][info][gc] GC(880) Concurrent Abortable Preclean 0.031ms
[3251.340s][info][gc] GC(880) Pause Remark 27M->27M(29M) 6.767ms
[3251.340s][info][gc] GC(880) Concurrent Sweep
[3251.343s][info][gc] GC(880) Concurrent Sweep 3.257ms
[3251.343s][info][gc] GC(880) Concurrent Reset
[3251.343s][info][gc] GC(880) Concurrent Reset 0.020ms
[3253.344s][info][gc] GC(881) Pause Initial Mark 27M->27M(29M) 1.177ms
[3253.344s][info][gc] GC(881) Concurrent Mark
[3253.354s][info][gc] GC(881) Concurrent Mark 9.950ms
[3253.354s][info][gc] GC(881) Concurrent Preclean
[3253.355s][info][gc] GC(881) Concurrent Preclean 0.107ms
[3253.355s][info][gc] GC(881) Concurrent Abortable Preclean
[3253.355s][info][gc] GC(881) Concurrent Abortable Preclean 0.012ms
[3253.360s][info][gc] GC(881) Pause Remark 27M->27M(29M) 5.607ms
[3253.360s][info][gc] GC(881) Concurrent Sweep
[3253.363s][info][gc] GC(881) Concurrent Sweep 2.972ms
[3253.363s][info][gc] GC(881) Concurrent Reset
[3253.363s][info][gc] GC(881) Concurrent Reset 0.019ms
[3255.364s][info][gc] GC(882) Pause Initial Mark 27M->27M(29M) 0.797ms
[3255.364s][info][gc] GC(882) Concurrent Mark
[3255.378s][info][gc] GC(882) Concurrent Mark 13.899ms
[3255.378s][info][gc] GC(882) Concurrent Preclean
[3255.378s][info][gc] GC(882) Concurrent Preclean 0.114ms
[3255.378s][info][gc] GC(882) Concurrent Abortable Preclean
[3255.378s][info][gc] GC(882) Concurrent Abortable Preclean 0.012ms
[3255.387s][info][gc] GC(882) Pause Remark 27M->27M(29M) 8.054ms
[3255.387s][info][gc] GC(882) Concurrent Sweep
[3255.391s][info][gc] GC(882) Concurrent Sweep 4.242ms
[3255.391s][info][gc] GC(882) Concurrent Reset
[3255.391s][info][gc] GC(882) Concurrent Reset 0.030ms
[3257.395s][info][gc] GC(883) Pause Initial Mark 27M->27M(29M) 0.939ms
[3257.396s][info][gc] GC(883) Concurrent Mark
[3257.409s][info][gc] GC(883) Concurrent Mark 13.703ms
[3257.409s][info][gc] GC(883) Concurrent Preclean
[3257.409s][info][gc] GC(883) Concurrent Preclean 0.130ms
[3257.409s][info][gc] GC(883) Concurrent Abortable Preclean
[3257.409s][info][gc] GC(883) Concurrent Abortable Preclean 0.014ms
[3257.415s][info][gc] GC(883) Pause Remark 27M->27M(29M) 5.572ms
[3257.415s][info][gc] GC(883) Concurrent Sweep
[3257.419s][info][gc] GC(883) Concurrent Sweep 3.536ms
[3257.419s][info][gc] GC(883) Concurrent Reset
[3257.419s][info][gc] GC(883) Concurrent Reset 0.036ms
[3259.423s][info][gc] GC(884) Pause Initial Mark 27M->27M(29M) 1.066ms
[3259.423s][info][gc] GC(884) Concurrent Mark
[3259.436s][info][gc] GC(884) Concurrent Mark 12.702ms
[3259.436s][info][gc] GC(884) Concurrent Preclean
[3259.436s][info][gc] GC(884) Concurrent Preclean 0.204ms
[3259.436s][info][gc] GC(884) Concurrent Abortable Preclean
[3259.436s][info][gc] GC(884) Concurrent Abortable Preclean 0.021ms
[3259.453s][info][gc] GC(884) Pause Remark 27M->27M(29M) 16.501ms
[3259.453s][info][gc] GC(884) Concurrent Sweep
[3259.458s][info][gc] GC(884) Concurrent Sweep 4.203ms
[3259.458s][info][gc] GC(884) Concurrent Reset
[3259.458s][info][gc] GC(884) Concurrent Reset 0.023ms
[3261.460s][info][gc] GC(885) Pause Initial Mark 27M->27M(29M) 2.340ms
[3261.460s][info][gc] GC(885) Concurrent Mark
[3261.472s][info][gc] GC(885) Concurrent Mark 12.371ms
[3261.472s][info][gc] GC(885) Concurrent Preclean
[3261.472s][info][gc] GC(885) Concurrent Preclean 0.132ms
[3261.472s][info][gc] GC(885) Concurrent Abortable Preclean
[3261.472s][info][gc] GC(885) Concurrent Abortable Preclean 0.014ms
[3261.478s][info][gc] GC(885) Pause Remark 27M->27M(29M) 5.530ms
[3261.478s][info][gc] GC(885) Concurrent Sweep
[3261.481s][info][gc] GC(885) Concurrent Sweep 3.343ms
[3261.482s][info][gc] GC(885) Concurrent Reset
[3261.482s][info][gc] GC(885) Concurrent Reset 0.022ms
[3263.489s][info][gc] GC(886) Pause Initial Mark 27M->27M(29M) 0.828ms
[3263.489s][info][gc] GC(886) Concurrent Mark
[3263.515s][info][gc] GC(886) Concurrent Mark 26.125ms
[3263.515s][info][gc] GC(886) Concurrent Preclean
[3263.516s][info][gc] GC(886) Concurrent Preclean 0.876ms
[3263.517s][info][gc] GC(886) Concurrent Abortable Preclean
[3263.517s][info][gc] GC(886) Concurrent Abortable Preclean 0.138ms
[3263.540s][info][gc] GC(886) Pause Remark 27M->27M(29M) 22.325ms
[3263.540s][info][gc] GC(886) Concurrent Sweep
[3263.546s][info][gc] GC(886) Concurrent Sweep 5.247ms
[3263.546s][info][gc] GC(886) Concurrent Reset
[3263.546s][info][gc] GC(886) Concurrent Reset 0.032ms
[3265.547s][info][gc] GC(887) Pause Initial Mark 27M->27M(29M) 0.934ms
[3265.548s][info][gc] GC(887) Concurrent Mark
[3265.559s][info][gc] GC(887) Concurrent Mark 11.675ms
[3265.559s][info][gc] GC(887) Concurrent Preclean
[3265.559s][info][gc] GC(887) Concurrent Preclean 0.123ms
[3265.559s][info][gc] GC(887) Concurrent Abortable Preclean
[3265.559s][info][gc] GC(887) Concurrent Abortable Preclean 0.014ms
[3265.565s][info][gc] GC(887) Pause Remark 27M->27M(29M) 5.603ms
[3265.565s][info][gc] GC(887) Concurrent Sweep
[3265.570s][info][gc] GC(887) Concurrent Sweep 4.866ms
[3265.570s][info][gc] GC(887) Concurrent Reset
[3265.570s][info][gc] GC(887) Concurrent Reset 0.023ms
[3267.572s][info][gc] GC(888) Pause Initial Mark 27M->27M(29M) 0.732ms
[3267.572s][info][gc] GC(888) Concurrent Mark
[3267.582s][info][gc] GC(888) Concurrent Mark 10.825ms
[3267.583s][info][gc] GC(888) Concurrent Preclean
[3267.583s][info][gc] GC(888) Concurrent Preclean 0.116ms
[3267.583s][info][gc] GC(888) Concurrent Abortable Preclean
[3267.583s][info][gc] GC(888) Concurrent Abortable Preclean 0.014ms
[3267.590s][info][gc] GC(888) Pause Remark 27M->27M(29M) 7.455ms
[3267.590s][info][gc] GC(888) Concurrent Sweep
[3267.594s][info][gc] GC(888) Concurrent Sweep 3.349ms
[3267.594s][info][gc] GC(888) Concurrent Reset
[3267.594s][info][gc] GC(888) Concurrent Reset 0.020ms
[3269.599s][info][gc] GC(889) Pause Initial Mark 27M->27M(29M) 0.943ms
[3269.599s][info][gc] GC(889) Concurrent Mark
[3269.616s][info][gc] GC(889) Concurrent Mark 17.595ms
[3269.617s][info][gc] GC(889) Concurrent Preclean
[3269.617s][info][gc] GC(889) Concurrent Preclean 0.275ms
[3269.617s][info][gc] GC(889) Concurrent Abortable Preclean
[3269.617s][info][gc] GC(889) Concurrent Abortable Preclean 0.020ms
[3269.641s][info][gc] GC(889) Pause Remark 27M->27M(29M) 24.083ms
[3269.641s][info][gc] GC(889) Concurrent Sweep
[3269.646s][info][gc] GC(889) Concurrent Sweep 4.505ms
[3269.646s][info][gc] GC(889) Concurrent Reset
[3269.646s][info][gc] GC(889) Concurrent Reset 0.031ms
[3271.648s][info][gc] GC(890) Pause Initial Mark 27M->27M(29M) 1.079ms
[3271.648s][info][gc] GC(890) Concurrent Mark
[3271.659s][info][gc] GC(890) Concurrent Mark 11.477ms
[3271.659s][info][gc] GC(890) Concurrent Preclean
[3271.660s][info][gc] GC(890) Concurrent Preclean 0.185ms
[3271.660s][info][gc] GC(890) Concurrent Abortable Preclean
[3271.660s][info][gc] GC(890) Concurrent Abortable Preclean 0.020ms
[3271.669s][info][gc] GC(890) Pause Remark 27M->27M(29M) 9.278ms
[3271.669s][info][gc] GC(890) Concurrent Sweep
[3271.674s][info][gc] GC(890) Concurrent Sweep 4.630ms
[3271.674s][info][gc] GC(890) Concurrent Reset
[3271.674s][info][gc] GC(890) Concurrent Reset 0.218ms
[3273.675s][info][gc] GC(891) Pause Initial Mark 27M->27M(29M) 0.960ms
[3273.675s][info][gc] GC(891) Concurrent Mark
[3273.697s][info][gc] GC(891) Concurrent Mark 22.356ms
[3273.698s][info][gc] GC(891) Concurrent Preclean
[3273.698s][info][gc] GC(891) Concurrent Preclean 0.189ms
[3273.698s][info][gc] GC(891) Concurrent Abortable Preclean
[3273.698s][info][gc] GC(891) Concurrent Abortable Preclean 0.019ms
[3273.711s][info][gc] GC(891) Pause Remark 27M->27M(29M) 12.897ms
[3273.711s][info][gc] GC(891) Concurrent Sweep
[3273.716s][info][gc] GC(891) Concurrent Sweep 4.557ms
[3273.716s][info][gc] GC(891) Concurrent Reset
[3273.716s][info][gc] GC(891) Concurrent Reset 0.124ms
[3275.720s][info][gc] GC(892) Pause Initial Mark 27M->27M(29M) 1.839ms
[3275.720s][info][gc] GC(892) Concurrent Mark
[3275.738s][info][gc] GC(892) Concurrent Mark 17.344ms
[3275.738s][info][gc] GC(892) Concurrent Preclean
[3275.738s][info][gc] GC(892) Concurrent Preclean 0.148ms
[3275.738s][info][gc] GC(892) Concurrent Abortable Preclean
[3275.738s][info][gc] GC(892) Concurrent Abortable Preclean 0.019ms
[3275.753s][info][gc] GC(892) Pause Remark 27M->27M(29M) 15.218ms
[3275.753s][info][gc] GC(892) Concurrent Sweep
[3275.757s][info][gc] GC(892) Concurrent Sweep 3.099ms
[3275.757s][info][gc] GC(892) Concurrent Reset
[3275.757s][info][gc] GC(892) Concurrent Reset 0.019ms
[3277.760s][info][gc] GC(893) Pause Initial Mark 27M->27M(29M) 1.140ms
[3277.760s][info][gc] GC(893) Concurrent Mark
[3277.772s][info][gc] GC(893) Concurrent Mark 12.004ms
[3277.772s][info][gc] GC(893) Concurrent Preclean
[3277.772s][info][gc] GC(893) Concurrent Preclean 0.136ms
[3277.772s][info][gc] GC(893) Concurrent Abortable Preclean
[3277.772s][info][gc] GC(893) Concurrent Abortable Preclean 0.014ms
[3277.778s][info][gc] GC(893) Pause Remark 27M->27M(29M) 5.617ms
[3277.778s][info][gc] GC(893) Concurrent Sweep
[3277.781s][info][gc] GC(893) Concurrent Sweep 3.363ms
[3277.781s][info][gc] GC(893) Concurrent Reset
[3277.781s][info][gc] GC(893) Concurrent Reset 0.021ms
[3279.784s][info][gc] GC(894) Pause Initial Mark 27M->27M(29M) 1.352ms
[3279.785s][info][gc] GC(894) Concurrent Mark
[3279.807s][info][gc] GC(894) Concurrent Mark 22.080ms
[3279.807s][info][gc] GC(894) Concurrent Preclean
[3279.807s][info][gc] GC(894) Concurrent Preclean 0.181ms
[3279.807s][info][gc] GC(894) Concurrent Abortable Preclean
[3279.807s][info][gc] GC(894) Concurrent Abortable Preclean 0.021ms
[3279.826s][info][gc] GC(894) Pause Remark 27M->27M(29M) 19.347ms
[3279.827s][info][gc] GC(894) Concurrent Sweep
[3279.832s][info][gc] GC(894) Concurrent Sweep 5.467ms
[3279.832s][info][gc] GC(894) Concurrent Reset
[3279.832s][info][gc] GC(894) Concurrent Reset 0.051ms
[3281.833s][info][gc] GC(895) Pause Initial Mark 27M->27M(29M) 0.874ms
[3281.834s][info][gc] GC(895) Concurrent Mark
[3281.847s][info][gc] GC(895) Concurrent Mark 13.102ms
[3281.847s][info][gc] GC(895) Concurrent Preclean
[3281.847s][info][gc] GC(895) Concurrent Preclean 0.108ms
[3281.847s][info][gc] GC(895) Concurrent Abortable Preclean
[3281.847s][info][gc] GC(895) Concurrent Abortable Preclean 0.012ms
[3281.858s][info][gc] GC(895) Pause Remark 27M->27M(29M) 11.155ms
[3281.858s][info][gc] GC(895) Concurrent Sweep
[3281.864s][info][gc] GC(895) Concurrent Sweep 6.040ms
[3281.865s][info][gc] GC(895) Concurrent Reset
[3281.865s][info][gc] GC(895) Concurrent Reset 0.028ms
[3283.867s][info][gc] GC(896) Pause Initial Mark 27M->27M(29M) 2.873ms
[3283.868s][info][gc] GC(896) Concurrent Mark
[3283.881s][info][gc] GC(896) Concurrent Mark 12.970ms
[3283.881s][info][gc] GC(896) Concurrent Preclean
[3283.881s][info][gc] GC(896) Concurrent Preclean 0.134ms
[3283.881s][info][gc] GC(896) Concurrent Abortable Preclean
[3283.881s][info][gc] GC(896) Concurrent Abortable Preclean 0.014ms
[3283.887s][info][gc] GC(896) Pause Remark 27M->27M(29M) 5.724ms
[3283.887s][info][gc] GC(896) Concurrent Sweep
[3283.890s][info][gc] GC(896) Concurrent Sweep 3.032ms
[3283.890s][info][gc] GC(896) Concurrent Reset
[3283.890s][info][gc] GC(896) Concurrent Reset 0.020ms
[3285.894s][info][gc] GC(897) Pause Initial Mark 27M->27M(29M) 0.961ms
[3285.894s][info][gc] GC(897) Concurrent Mark
[3285.910s][info][gc] GC(897) Concurrent Mark 15.852ms
[3285.910s][info][gc] GC(897) Concurrent Preclean
[3285.910s][info][gc] GC(897) Concurrent Preclean 0.114ms
[3285.910s][info][gc] GC(897) Concurrent Abortable Preclean
[3285.910s][info][gc] GC(897) Concurrent Abortable Preclean 0.013ms
[3285.915s][info][gc] GC(897) Pause Remark 27M->27M(29M) 4.966ms
[3285.915s][info][gc] GC(897) Concurrent Sweep
[3285.920s][info][gc] GC(897) Concurrent Sweep 5.017ms
[3285.921s][info][gc] GC(897) Concurrent Reset
[3285.921s][info][gc] GC(897) Concurrent Reset 0.030ms
[3287.923s][info][gc] GC(898) Pause Initial Mark 27M->27M(29M) 1.148ms
[3287.923s][info][gc] GC(898) Concurrent Mark
[3287.935s][info][gc] GC(898) Concurrent Mark 12.000ms
[3287.935s][info][gc] GC(898) Concurrent Preclean
[3287.935s][info][gc] GC(898) Concurrent Preclean 0.119ms
[3287.935s][info][gc] GC(898) Concurrent Abortable Preclean
[3287.935s][info][gc] GC(898) Concurrent Abortable Preclean 0.014ms
[3287.941s][info][gc] GC(898) Pause Remark 27M->27M(29M) 5.673ms
[3287.941s][info][gc] GC(898) Concurrent Sweep
[3287.944s][info][gc] GC(898) Concurrent Sweep 3.035ms
[3287.944s][info][gc] GC(898) Concurrent Reset
[3287.944s][info][gc] GC(898) Concurrent Reset 0.018ms
[3289.945s][info][gc] GC(899) Pause Initial Mark 27M->27M(29M) 0.940ms
[3289.945s][info][gc] GC(899) Concurrent Mark
[3289.961s][info][gc] GC(899) Concurrent Mark 15.743ms
[3289.961s][info][gc] GC(899) Concurrent Preclean
[3289.961s][info][gc] GC(899) Concurrent Preclean 0.175ms
[3289.961s][info][gc] GC(899) Concurrent Abortable Preclean
[3289.961s][info][gc] GC(899) Concurrent Abortable Preclean 0.019ms
[3289.979s][info][gc] GC(899) Pause Remark 27M->27M(29M) 17.273ms
[3289.979s][info][gc] GC(899) Concurrent Sweep
[3289.983s][info][gc] GC(899) Concurrent Sweep 3.604ms
[3289.983s][info][gc] GC(899) Concurrent Reset
[3289.983s][info][gc] GC(899) Concurrent Reset 0.020ms
[3291.985s][info][gc] GC(900) Pause Initial Mark 27M->27M(29M) 1.156ms
[3291.986s][info][gc] GC(900) Concurrent Mark
[3292.000s][info][gc] GC(900) Concurrent Mark 14.544ms
[3292.000s][info][gc] GC(900) Concurrent Preclean
[3292.000s][info][gc] GC(900) Concurrent Preclean 0.128ms
[3292.000s][info][gc] GC(900) Concurrent Abortable Preclean
[3292.000s][info][gc] GC(900) Concurrent Abortable Preclean 0.012ms
[3292.014s][info][gc] GC(900) Pause Remark 27M->27M(29M) 13.282ms
[3292.014s][info][gc] GC(900) Concurrent Sweep
[3292.018s][info][gc] GC(900) Concurrent Sweep 3.711ms
[3292.018s][info][gc] GC(900) Concurrent Reset
[3292.018s][info][gc] GC(900) Concurrent Reset 0.021ms
[3294.020s][info][gc] GC(901) Pause Initial Mark 27M->27M(29M) 0.641ms
[3294.020s][info][gc] GC(901) Concurrent Mark
[3294.032s][info][gc] GC(901) Concurrent Mark 12.493ms
[3294.032s][info][gc] GC(901) Concurrent Preclean
[3294.032s][info][gc] GC(901) Concurrent Preclean 0.110ms
[3294.032s][info][gc] GC(901) Concurrent Abortable Preclean
[3294.032s][info][gc] GC(901) Concurrent Abortable Preclean 0.012ms
[3294.041s][info][gc] GC(901) Pause Remark 27M->27M(29M) 8.616ms
[3294.041s][info][gc] GC(901) Concurrent Sweep
[3294.044s][info][gc] GC(901) Concurrent Sweep 3.224ms
[3294.044s][info][gc] GC(901) Concurrent Reset
[3294.044s][info][gc] GC(901) Concurrent Reset 0.020ms
[3296.050s][info][gc] GC(902) Pause Initial Mark 27M->27M(29M) 1.117ms
[3296.050s][info][gc] GC(902) Concurrent Mark
[3296.062s][info][gc] GC(902) Concurrent Mark 11.964ms
[3296.062s][info][gc] GC(902) Concurrent Preclean
[3296.062s][info][gc] GC(902) Concurrent Preclean 0.138ms
[3296.062s][info][gc] GC(902) Concurrent Abortable Preclean
[3296.062s][info][gc] GC(902) Concurrent Abortable Preclean 0.015ms
[3296.068s][info][gc] GC(902) Pause Remark 27M->27M(29M) 5.779ms
[3296.068s][info][gc] GC(902) Concurrent Sweep
[3296.071s][info][gc] GC(902) Concurrent Sweep 3.239ms
[3296.072s][info][gc] GC(902) Concurrent Reset
[3296.072s][info][gc] GC(902) Concurrent Reset 0.020ms
[3298.073s][info][gc] GC(903) Pause Initial Mark 27M->27M(29M) 1.099ms
[3298.073s][info][gc] GC(903) Concurrent Mark
[3298.085s][info][gc] GC(903) Concurrent Mark 12.047ms
[3298.085s][info][gc] GC(903) Concurrent Preclean
[3298.085s][info][gc] GC(903) Concurrent Preclean 0.120ms
[3298.085s][info][gc] GC(903) Concurrent Abortable Preclean
[3298.085s][info][gc] GC(903) Concurrent Abortable Preclean 0.014ms
[3298.091s][info][gc] GC(903) Pause Remark 27M->27M(29M) 5.812ms
[3298.091s][info][gc] GC(903) Concurrent Sweep
[3298.095s][info][gc] GC(903) Concurrent Sweep 3.277ms
[3298.095s][info][gc] GC(903) Concurrent Reset
[3298.095s][info][gc] GC(903) Concurrent Reset 0.021ms
[3300.097s][info][gc] GC(904) Pause Initial Mark 27M->27M(29M) 1.451ms
[3300.097s][info][gc] GC(904) Concurrent Mark
[3300.109s][info][gc] GC(904) Concurrent Mark 11.601ms
[3300.109s][info][gc] GC(904) Concurrent Preclean
[3300.109s][info][gc] GC(904) Concurrent Preclean 0.126ms
[3300.109s][info][gc] GC(904) Concurrent Abortable Preclean
[3300.109s][info][gc] GC(904) Concurrent Abortable Preclean 0.013ms
[3300.115s][info][gc] GC(904) Pause Remark 27M->27M(29M) 5.704ms
[3300.115s][info][gc] GC(904) Concurrent Sweep
[3300.118s][info][gc] GC(904) Concurrent Sweep 3.150ms
[3300.118s][info][gc] GC(904) Concurrent Reset
[3300.118s][info][gc] GC(904) Concurrent Reset 0.018ms
[3302.118s][info][gc] GC(905) Pause Initial Mark 27M->27M(29M) 1.158ms
[3302.118s][info][gc] GC(905) Concurrent Mark
[3302.130s][info][gc] GC(905) Concurrent Mark 11.607ms
[3302.130s][info][gc] GC(905) Concurrent Preclean
[3302.130s][info][gc] GC(905) Concurrent Preclean 0.118ms
[3302.130s][info][gc] GC(905) Concurrent Abortable Preclean
[3302.130s][info][gc] GC(905) Concurrent Abortable Preclean 0.013ms
[3302.136s][info][gc] GC(905) Pause Remark 27M->27M(29M) 5.909ms
[3302.136s][info][gc] GC(905) Concurrent Sweep
[3302.139s][info][gc] GC(905) Concurrent Sweep 3.028ms
[3302.139s][info][gc] GC(905) Concurrent Reset
[3302.139s][info][gc] GC(905) Concurrent Reset 0.019ms
[3304.140s][info][gc] GC(906) Pause Initial Mark 27M->27M(29M) 1.150ms
[3304.141s][info][gc] GC(906) Concurrent Mark
[3304.160s][info][gc] GC(906) Concurrent Mark 19.901ms
[3304.161s][info][gc] GC(906) Concurrent Preclean
[3304.161s][info][gc] GC(906) Concurrent Preclean 0.157ms
[3304.161s][info][gc] GC(906) Concurrent Abortable Preclean
[3304.161s][info][gc] GC(906) Concurrent Abortable Preclean 0.017ms
[3304.171s][info][gc] GC(906) Pause Remark 27M->27M(29M) 10.570ms
[3304.172s][info][gc] GC(906) Concurrent Sweep
[3304.177s][info][gc] GC(906) Concurrent Sweep 5.159ms
[3304.177s][info][gc] GC(906) Concurrent Reset
[3304.177s][info][gc] GC(906) Concurrent Reset 0.031ms
[3306.180s][info][gc] GC(907) Pause Initial Mark 27M->27M(29M) 0.894ms
[3306.180s][info][gc] GC(907) Concurrent Mark
[3306.203s][info][gc] GC(907) Concurrent Mark 22.177ms
[3306.203s][info][gc] GC(907) Concurrent Preclean
[3306.203s][info][gc] GC(907) Concurrent Preclean 0.450ms
[3306.203s][info][gc] GC(907) Concurrent Abortable Preclean
[3306.203s][info][gc] GC(907) Concurrent Abortable Preclean 0.013ms
[3306.217s][info][gc] GC(907) Pause Remark 27M->27M(29M) 13.149ms
[3306.217s][info][gc] GC(907) Concurrent Sweep
[3306.220s][info][gc] GC(907) Concurrent Sweep 3.467ms
[3306.220s][info][gc] GC(907) Concurrent Reset
[3306.221s][info][gc] GC(907) Concurrent Reset 0.236ms
[3308.225s][info][gc] GC(908) Pause Initial Mark 27M->27M(29M) 2.356ms
[3308.225s][info][gc] GC(908) Concurrent Mark
[3308.237s][info][gc] GC(908) Concurrent Mark 11.761ms
[3308.237s][info][gc] GC(908) Concurrent Preclean
[3308.237s][info][gc] GC(908) Concurrent Preclean 0.117ms
[3308.237s][info][gc] GC(908) Concurrent Abortable Preclean
[3308.237s][info][gc] GC(908) Concurrent Abortable Preclean 0.014ms
[3308.243s][info][gc] GC(908) Pause Remark 27M->27M(29M) 5.708ms
[3308.243s][info][gc] GC(908) Concurrent Sweep
[3308.247s][info][gc] GC(908) Concurrent Sweep 4.660ms
[3308.247s][info][gc] GC(908) Concurrent Reset
[3308.247s][info][gc] GC(908) Concurrent Reset 0.023ms
[3310.249s][info][gc] GC(909) Pause Initial Mark 27M->27M(29M) 1.250ms
[3310.249s][info][gc] GC(909) Concurrent Mark
[3310.260s][info][gc] GC(909) Concurrent Mark 11.126ms
[3310.260s][info][gc] GC(909) Concurrent Preclean
[3310.260s][info][gc] GC(909) Concurrent Preclean 0.120ms
[3310.260s][info][gc] GC(909) Concurrent Abortable Preclean
[3310.260s][info][gc] GC(909) Concurrent Abortable Preclean 0.013ms
[3310.265s][info][gc] GC(909) Pause Remark 27M->27M(29M) 4.919ms
[3310.265s][info][gc] GC(909) Concurrent Sweep
[3310.268s][info][gc] GC(909) Concurrent Sweep 2.945ms
[3310.268s][info][gc] GC(909) Concurrent Reset
[3310.268s][info][gc] GC(909) Concurrent Reset 0.018ms
[3312.271s][info][gc] GC(910) Pause Initial Mark 27M->27M(29M) 0.731ms
[3312.271s][info][gc] GC(910) Concurrent Mark
[3312.288s][info][gc] GC(910) Concurrent Mark 16.785ms
[3312.288s][info][gc] GC(910) Concurrent Preclean
[3312.288s][info][gc] GC(910) Concurrent Preclean 0.116ms
[3312.288s][info][gc] GC(910) Concurrent Abortable Preclean
[3312.288s][info][gc] GC(910) Concurrent Abortable Preclean 0.012ms
[3312.293s][info][gc] GC(910) Pause Remark 27M->27M(29M) 5.190ms
[3312.293s][info][gc] GC(910) Concurrent Sweep
[3312.297s][info][gc] GC(910) Concurrent Sweep 3.294ms
[3312.297s][info][gc] GC(910) Concurrent Reset
[3312.297s][info][gc] GC(910) Concurrent Reset 0.022ms
[3314.299s][info][gc] GC(911) Pause Initial Mark 27M->27M(29M) 1.181ms
[3314.299s][info][gc] GC(911) Concurrent Mark
[3314.311s][info][gc] GC(911) Concurrent Mark 12.247ms
[3314.312s][info][gc] GC(911) Concurrent Preclean
[3314.312s][info][gc] GC(911) Concurrent Preclean 0.122ms
[3314.312s][info][gc] GC(911) Concurrent Abortable Preclean
[3314.312s][info][gc] GC(911) Concurrent Abortable Preclean 0.014ms
[3314.317s][info][gc] GC(911) Pause Remark 27M->27M(29M) 5.505ms
[3314.317s][info][gc] GC(911) Concurrent Sweep
[3314.321s][info][gc] GC(911) Concurrent Sweep 3.391ms
[3314.321s][info][gc] GC(911) Concurrent Reset
[3314.321s][info][gc] GC(911) Concurrent Reset 0.022ms
[3316.321s][info][gc] GC(912) Pause Initial Mark 27M->27M(29M) 1.090ms
[3316.322s][info][gc] GC(912) Concurrent Mark
[3316.334s][info][gc] GC(912) Concurrent Mark 11.962ms
[3316.334s][info][gc] GC(912) Concurrent Preclean
[3316.334s][info][gc] GC(912) Concurrent Preclean 0.119ms
[3316.334s][info][gc] GC(912) Concurrent Abortable Preclean
[3316.334s][info][gc] GC(912) Concurrent Abortable Preclean 0.013ms
[3316.339s][info][gc] GC(912) Pause Remark 27M->27M(29M) 5.572ms
[3316.340s][info][gc] GC(912) Concurrent Sweep
[3316.343s][info][gc] GC(912) Concurrent Sweep 3.265ms
[3316.343s][info][gc] GC(912) Concurrent Reset
[3316.343s][info][gc] GC(912) Concurrent Reset 0.020ms
[3318.347s][info][gc] GC(913) Pause Initial Mark 27M->27M(29M) 1.173ms
[3318.348s][info][gc] GC(913) Concurrent Mark
[3318.360s][info][gc] GC(913) Concurrent Mark 11.987ms
[3318.360s][info][gc] GC(913) Concurrent Preclean
[3318.360s][info][gc] GC(913) Concurrent Preclean 0.138ms
[3318.360s][info][gc] GC(913) Concurrent Abortable Preclean
[3318.360s][info][gc] GC(913) Concurrent Abortable Preclean 0.015ms
[3318.366s][info][gc] GC(913) Pause Remark 27M->27M(29M) 5.941ms
[3318.366s][info][gc] GC(913) Concurrent Sweep
[3318.369s][info][gc] GC(913) Concurrent Sweep 3.255ms
[3318.369s][info][gc] GC(913) Concurrent Reset
[3318.369s][info][gc] GC(913) Concurrent Reset 0.019ms
[3320.375s][info][gc] GC(914) Pause Initial Mark 27M->27M(29M) 1.127ms
[3320.375s][info][gc] GC(914) Concurrent Mark
[3320.387s][info][gc] GC(914) Concurrent Mark 12.027ms
[3320.387s][info][gc] GC(914) Concurrent Preclean
[3320.387s][info][gc] GC(914) Concurrent Preclean 0.138ms
[3320.387s][info][gc] GC(914) Concurrent Abortable Preclean
[3320.387s][info][gc] GC(914) Concurrent Abortable Preclean 0.015ms
[3320.393s][info][gc] GC(914) Pause Remark 27M->27M(29M) 5.579ms
[3320.393s][info][gc] GC(914) Concurrent Sweep
[3320.396s][info][gc] GC(914) Concurrent Sweep 3.306ms
[3320.396s][info][gc] GC(914) Concurrent Reset
[3320.396s][info][gc] GC(914) Concurrent Reset 0.021ms
[3322.397s][info][gc] GC(915) Pause Initial Mark 27M->27M(29M) 1.267ms
[3322.397s][info][gc] GC(915) Concurrent Mark
[3322.409s][info][gc] GC(915) Concurrent Mark 11.991ms
[3322.409s][info][gc] GC(915) Concurrent Preclean
[3322.409s][info][gc] GC(915) Concurrent Preclean 0.118ms
[3322.409s][info][gc] GC(915) Concurrent Abortable Preclean
[3322.409s][info][gc] GC(915) Concurrent Abortable Preclean 0.014ms
[3322.415s][info][gc] GC(915) Pause Remark 27M->27M(29M) 6.285ms
[3322.416s][info][gc] GC(915) Concurrent Sweep
[3322.419s][info][gc] GC(915) Concurrent Sweep 3.234ms
[3322.419s][info][gc] GC(915) Concurrent Reset
[3322.419s][info][gc] GC(915) Concurrent Reset 0.059ms
[3324.420s][info][gc] GC(916) Pause Initial Mark 27M->27M(29M) 0.971ms
[3324.421s][info][gc] GC(916) Concurrent Mark
[3324.432s][info][gc] GC(916) Concurrent Mark 11.785ms
[3324.432s][info][gc] GC(916) Concurrent Preclean
[3324.433s][info][gc] GC(916) Concurrent Preclean 0.121ms
[3324.433s][info][gc] GC(916) Concurrent Abortable Preclean
[3324.433s][info][gc] GC(916) Concurrent Abortable Preclean 0.013ms
[3324.438s][info][gc] GC(916) Pause Remark 27M->27M(29M) 5.671ms
[3324.438s][info][gc] GC(916) Concurrent Sweep
[3324.442s][info][gc] GC(916) Concurrent Sweep 3.063ms
[3324.442s][info][gc] GC(916) Concurrent Reset
[3324.442s][info][gc] GC(916) Concurrent Reset 0.020ms
[3326.442s][info][gc] GC(917) Pause Initial Mark 27M->27M(29M) 0.958ms
[3326.443s][info][gc] GC(917) Concurrent Mark
[3326.455s][info][gc] GC(917) Concurrent Mark 12.040ms
[3326.455s][info][gc] GC(917) Concurrent Preclean
[3326.455s][info][gc] GC(917) Concurrent Preclean 0.122ms
[3326.455s][info][gc] GC(917) Concurrent Abortable Preclean
[3326.455s][info][gc] GC(917) Concurrent Abortable Preclean 0.014ms
[3326.461s][info][gc] GC(917) Pause Remark 27M->27M(29M) 5.768ms
[3326.461s][info][gc] GC(917) Concurrent Sweep
[3326.464s][info][gc] GC(917) Concurrent Sweep 3.010ms
[3326.464s][info][gc] GC(917) Concurrent Reset
[3326.464s][info][gc] GC(917) Concurrent Reset 0.018ms
[3328.467s][info][gc] GC(918) Pause Initial Mark 27M->27M(29M) 2.380ms
[3328.467s][info][gc] GC(918) Concurrent Mark
[3328.477s][info][gc] GC(918) Concurrent Mark 10.071ms
[3328.477s][info][gc] GC(918) Concurrent Preclean
[3328.478s][info][gc] GC(918) Concurrent Preclean 0.107ms
[3328.478s][info][gc] GC(918) Concurrent Abortable Preclean
[3328.478s][info][gc] GC(918) Concurrent Abortable Preclean 0.011ms
[3328.483s][info][gc] GC(918) Pause Remark 27M->27M(29M) 5.316ms
[3328.483s][info][gc] GC(918) Concurrent Sweep
[3328.486s][info][gc] GC(918) Concurrent Sweep 3.069ms
[3328.486s][info][gc] GC(918) Concurrent Reset
[3328.486s][info][gc] GC(918) Concurrent Reset 0.024ms
[3330.491s][info][gc] GC(919) Pause Initial Mark 27M->27M(29M) 1.453ms
[3330.491s][info][gc] GC(919) Concurrent Mark
[3330.503s][info][gc] GC(919) Concurrent Mark 12.120ms
[3330.503s][info][gc] GC(919) Concurrent Preclean
[3330.503s][info][gc] GC(919) Concurrent Preclean 0.133ms
[3330.503s][info][gc] GC(919) Concurrent Abortable Preclean
[3330.503s][info][gc] GC(919) Concurrent Abortable Preclean 0.019ms
[3330.509s][info][gc] GC(919) Pause Remark 27M->27M(29M) 6.037ms
[3330.509s][info][gc] GC(919) Concurrent Sweep
[3330.513s][info][gc] GC(919) Concurrent Sweep 3.138ms
[3330.513s][info][gc] GC(919) Concurrent Reset
[3330.513s][info][gc] GC(919) Concurrent Reset 0.020ms
[3332.514s][info][gc] GC(920) Pause Initial Mark 27M->27M(29M) 1.387ms
[3332.515s][info][gc] GC(920) Concurrent Mark
[3332.527s][info][gc] GC(920) Concurrent Mark 12.393ms
[3332.527s][info][gc] GC(920) Concurrent Preclean
[3332.527s][info][gc] GC(920) Concurrent Preclean 0.118ms
[3332.527s][info][gc] GC(920) Concurrent Abortable Preclean
[3332.527s][info][gc] GC(920) Concurrent Abortable Preclean 0.013ms
[3332.535s][info][gc] GC(920) Pause Remark 27M->27M(29M) 8.155ms
[3332.536s][info][gc] GC(920) Concurrent Sweep
[3332.539s][info][gc] GC(920) Concurrent Sweep 3.555ms
[3332.539s][info][gc] GC(920) Concurrent Reset
[3332.539s][info][gc] GC(920) Concurrent Reset 0.021ms
[3334.540s][info][gc] GC(921) Pause Initial Mark 27M->27M(29M) 1.142ms
[3334.540s][info][gc] GC(921) Concurrent Mark
[3334.552s][info][gc] GC(921) Concurrent Mark 11.937ms
[3334.552s][info][gc] GC(921) Concurrent Preclean
[3334.552s][info][gc] GC(921) Concurrent Preclean 0.134ms
[3334.552s][info][gc] GC(921) Concurrent Abortable Preclean
[3334.552s][info][gc] GC(921) Concurrent Abortable Preclean 0.015ms
[3334.558s][info][gc] GC(921) Pause Remark 27M->27M(29M) 5.716ms
[3334.558s][info][gc] GC(921) Concurrent Sweep
[3334.562s][info][gc] GC(921) Concurrent Sweep 3.244ms
[3334.562s][info][gc] GC(921) Concurrent Reset
[3334.562s][info][gc] GC(921) Concurrent Reset 0.020ms
[3336.565s][info][gc] GC(922) Pause Initial Mark 27M->27M(29M) 0.666ms
[3336.566s][info][gc] GC(922) Concurrent Mark
[3336.577s][info][gc] GC(922) Concurrent Mark 11.465ms
[3336.577s][info][gc] GC(922) Concurrent Preclean
[3336.577s][info][gc] GC(922) Concurrent Preclean 0.157ms
[3336.577s][info][gc] GC(922) Concurrent Abortable Preclean
[3336.577s][info][gc] GC(922) Concurrent Abortable Preclean 0.018ms
[3336.583s][info][gc] GC(922) Pause Remark 27M->27M(29M) 5.955ms
[3336.583s][info][gc] GC(922) Concurrent Sweep
[3336.587s][info][gc] GC(922) Concurrent Sweep 3.231ms
[3336.587s][info][gc] GC(922) Concurrent Reset
[3336.587s][info][gc] GC(922) Concurrent Reset 0.032ms
[3338.591s][info][gc] GC(923) Pause Initial Mark 27M->27M(29M) 1.105ms
[3338.591s][info][gc] GC(923) Concurrent Mark
[3338.603s][info][gc] GC(923) Concurrent Mark 12.051ms
[3338.603s][info][gc] GC(923) Concurrent Preclean
[3338.604s][info][gc] GC(923) Concurrent Preclean 0.138ms
[3338.604s][info][gc] GC(923) Concurrent Abortable Preclean
[3338.604s][info][gc] GC(923) Concurrent Abortable Preclean 0.015ms
[3338.609s][info][gc] GC(923) Pause Remark 27M->27M(29M) 5.573ms
[3338.609s][info][gc] GC(923) Concurrent Sweep
[3338.613s][info][gc] GC(923) Concurrent Sweep 3.308ms
[3338.613s][info][gc] GC(923) Concurrent Reset
[3338.613s][info][gc] GC(923) Concurrent Reset 0.021ms
[3340.614s][info][gc] GC(924) Pause Initial Mark 27M->27M(29M) 0.945ms
[3340.615s][info][gc] GC(924) Concurrent Mark
[3340.626s][info][gc] GC(924) Concurrent Mark 11.337ms
[3340.626s][info][gc] GC(924) Concurrent Preclean
[3340.626s][info][gc] GC(924) Concurrent Preclean 0.134ms
[3340.626s][info][gc] GC(924) Concurrent Abortable Preclean
[3340.626s][info][gc] GC(924) Concurrent Abortable Preclean 0.015ms
[3340.632s][info][gc] GC(924) Pause Remark 27M->27M(29M) 5.487ms
[3340.632s][info][gc] GC(924) Concurrent Sweep
[3340.635s][info][gc] GC(924) Concurrent Sweep 3.267ms
[3340.635s][info][gc] GC(924) Concurrent Reset
[3340.635s][info][gc] GC(924) Concurrent Reset 0.020ms
[3342.638s][info][gc] GC(925) Pause Initial Mark 27M->27M(29M) 1.153ms
[3342.638s][info][gc] GC(925) Concurrent Mark
[3342.650s][info][gc] GC(925) Concurrent Mark 11.838ms
[3342.650s][info][gc] GC(925) Concurrent Preclean
[3342.650s][info][gc] GC(925) Concurrent Preclean 0.117ms
[3342.650s][info][gc] GC(925) Concurrent Abortable Preclean
[3342.650s][info][gc] GC(925) Concurrent Abortable Preclean 0.014ms
[3342.656s][info][gc] GC(925) Pause Remark 27M->27M(29M) 5.529ms
[3342.656s][info][gc] GC(925) Concurrent Sweep
[3342.659s][info][gc] GC(925) Concurrent Sweep 3.248ms
[3342.659s][info][gc] GC(925) Concurrent Reset
[3342.659s][info][gc] GC(925) Concurrent Reset 0.020ms
[3344.663s][info][gc] GC(926) Pause Initial Mark 27M->27M(29M) 0.865ms
[3344.663s][info][gc] GC(926) Concurrent Mark
[3344.675s][info][gc] GC(926) Concurrent Mark 12.575ms
[3344.675s][info][gc] GC(926) Concurrent Preclean
[3344.676s][info][gc] GC(926) Concurrent Preclean 0.124ms
[3344.676s][info][gc] GC(926) Concurrent Abortable Preclean
[3344.676s][info][gc] GC(926) Concurrent Abortable Preclean 0.014ms
[3344.681s][info][gc] GC(926) Pause Remark 27M->27M(29M) 5.684ms
[3344.682s][info][gc] GC(926) Concurrent Sweep
[3344.685s][info][gc] GC(926) Concurrent Sweep 3.367ms
[3344.685s][info][gc] GC(926) Concurrent Reset
[3344.685s][info][gc] GC(926) Concurrent Reset 0.020ms
[3346.687s][info][gc] GC(927) Pause Initial Mark 27M->27M(29M) 2.115ms
[3346.687s][info][gc] GC(927) Concurrent Mark
[3346.699s][info][gc] GC(927) Concurrent Mark 12.370ms
[3346.700s][info][gc] GC(927) Concurrent Preclean
[3346.700s][info][gc] GC(927) Concurrent Preclean 0.121ms
[3346.700s][info][gc] GC(927) Concurrent Abortable Preclean
[3346.700s][info][gc] GC(927) Concurrent Abortable Preclean 0.014ms
[3346.705s][info][gc] GC(927) Pause Remark 27M->27M(29M) 5.501ms
[3346.705s][info][gc] GC(927) Concurrent Sweep
[3346.709s][info][gc] GC(927) Concurrent Sweep 3.282ms
[3346.709s][info][gc] GC(927) Concurrent Reset
[3346.709s][info][gc] GC(927) Concurrent Reset 0.040ms
[3348.711s][info][gc] GC(928) Pause Initial Mark 27M->27M(29M) 1.260ms
[3348.711s][info][gc] GC(928) Concurrent Mark
[3348.724s][info][gc] GC(928) Concurrent Mark 13.483ms
[3348.724s][info][gc] GC(928) Concurrent Preclean
[3348.725s][info][gc] GC(928) Concurrent Preclean 0.114ms
[3348.725s][info][gc] GC(928) Concurrent Abortable Preclean
[3348.725s][info][gc] GC(928) Concurrent Abortable Preclean 0.012ms
[3348.732s][info][gc] GC(928) Pause Remark 27M->27M(29M) 7.850ms
[3348.733s][info][gc] GC(928) Concurrent Sweep
[3348.736s][info][gc] GC(928) Concurrent Sweep 3.118ms
[3348.736s][info][gc] GC(928) Concurrent Reset
[3348.736s][info][gc] GC(928) Concurrent Reset 0.032ms
[3350.738s][info][gc] GC(929) Pause Initial Mark 27M->27M(29M) 0.977ms
[3350.739s][info][gc] GC(929) Concurrent Mark
[3350.750s][info][gc] GC(929) Concurrent Mark 11.229ms
[3350.750s][info][gc] GC(929) Concurrent Preclean
[3350.750s][info][gc] GC(929) Concurrent Preclean 0.120ms
[3350.750s][info][gc] GC(929) Concurrent Abortable Preclean
[3350.750s][info][gc] GC(929) Concurrent Abortable Preclean 0.011ms
[3350.756s][info][gc] GC(929) Pause Remark 27M->27M(29M) 5.524ms
[3350.756s][info][gc] GC(929) Concurrent Sweep
[3350.759s][info][gc] GC(929) Concurrent Sweep 3.006ms
[3350.759s][info][gc] GC(929) Concurrent Reset
[3350.759s][info][gc] GC(929) Concurrent Reset 0.016ms
[3352.764s][info][gc] GC(930) Pause Initial Mark 27M->27M(29M) 1.269ms
[3352.764s][info][gc] GC(930) Concurrent Mark
[3352.784s][info][gc] GC(930) Concurrent Mark 20.184ms
[3352.784s][info][gc] GC(930) Concurrent Preclean
[3352.784s][info][gc] GC(930) Concurrent Preclean 0.167ms
[3352.785s][info][gc] GC(930) Concurrent Abortable Preclean
[3352.785s][info][gc] GC(930) Concurrent Abortable Preclean 0.020ms
[3352.796s][info][gc] GC(930) Pause Remark 27M->27M(29M) 11.189ms
[3352.796s][info][gc] GC(930) Concurrent Sweep
[3352.800s][info][gc] GC(930) Concurrent Sweep 3.722ms
[3352.800s][info][gc] GC(930) Concurrent Reset
[3352.800s][info][gc] GC(930) Concurrent Reset 0.023ms
[3354.806s][info][gc] GC(931) Pause Initial Mark 27M->27M(29M) 1.118ms
[3354.807s][info][gc] GC(931) Concurrent Mark
[3354.821s][info][gc] GC(931) Concurrent Mark 13.158ms
[3354.821s][info][gc] GC(931) Concurrent Preclean
[3354.821s][info][gc] GC(931) Concurrent Preclean 0.262ms
[3354.821s][info][gc] GC(931) Concurrent Abortable Preclean
[3354.821s][info][gc] GC(931) Concurrent Abortable Preclean 0.031ms
[3354.831s][info][gc] GC(931) Pause Remark 27M->27M(29M) 10.006ms
[3354.832s][info][gc] GC(931) Concurrent Sweep
[3354.838s][info][gc] GC(931) Concurrent Sweep 5.118ms
[3354.838s][info][gc] GC(931) Concurrent Reset
[3354.838s][info][gc] GC(931) Concurrent Reset 0.030ms
[3356.839s][info][gc] GC(932) Pause Initial Mark 27M->27M(29M) 1.138ms
[3356.839s][info][gc] GC(932) Concurrent Mark
[3356.851s][info][gc] GC(932) Concurrent Mark 12.101ms
[3356.851s][info][gc] GC(932) Concurrent Preclean
[3356.851s][info][gc] GC(932) Concurrent Preclean 0.135ms
[3356.851s][info][gc] GC(932) Concurrent Abortable Preclean
[3356.851s][info][gc] GC(932) Concurrent Abortable Preclean 0.015ms
[3356.857s][info][gc] GC(932) Pause Remark 27M->27M(29M) 5.736ms
[3356.857s][info][gc] GC(932) Concurrent Sweep
[3356.861s][info][gc] GC(932) Concurrent Sweep 3.285ms
[3356.861s][info][gc] GC(932) Concurrent Reset
[3356.861s][info][gc] GC(932) Concurrent Reset 0.019ms
[3358.862s][info][gc] GC(933) Pause Initial Mark 27M->27M(29M) 1.105ms
[3358.862s][info][gc] GC(933) Concurrent Mark
[3358.874s][info][gc] GC(933) Concurrent Mark 12.049ms
[3358.874s][info][gc] GC(933) Concurrent Preclean
[3358.874s][info][gc] GC(933) Concurrent Preclean 0.108ms
[3358.874s][info][gc] GC(933) Concurrent Abortable Preclean
[3358.875s][info][gc] GC(933) Concurrent Abortable Preclean 0.013ms
[3358.880s][info][gc] GC(933) Pause Remark 27M->27M(29M) 5.403ms
[3358.880s][info][gc] GC(933) Concurrent Sweep
[3358.883s][info][gc] GC(933) Concurrent Sweep 3.201ms
[3358.883s][info][gc] GC(933) Concurrent Reset
[3358.883s][info][gc] GC(933) Concurrent Reset 0.019ms
[3360.886s][info][gc] GC(934) Pause Initial Mark 27M->27M(29M) 0.799ms
[3360.886s][info][gc] GC(934) Concurrent Mark
[3360.903s][info][gc] GC(934) Concurrent Mark 17.064ms
[3360.903s][info][gc] GC(934) Concurrent Preclean
[3360.903s][info][gc] GC(934) Concurrent Preclean 0.185ms
[3360.903s][info][gc] GC(934) Concurrent Abortable Preclean
[3360.903s][info][gc] GC(934) Concurrent Abortable Preclean 0.024ms
[3360.918s][info][gc] GC(934) Pause Remark 27M->27M(29M) 14.433ms
[3360.918s][info][gc] GC(934) Concurrent Sweep
[3360.923s][info][gc] GC(934) Concurrent Sweep 5.187ms
[3360.923s][info][gc] GC(934) Concurrent Reset
[3360.924s][info][gc] GC(934) Concurrent Reset 0.058ms
[3362.929s][info][gc] GC(935) Pause Initial Mark 27M->27M(29M) 1.219ms
[3362.929s][info][gc] GC(935) Concurrent Mark
[3362.941s][info][gc] GC(935) Concurrent Mark 11.976ms
[3362.941s][info][gc] GC(935) Concurrent Preclean
[3362.941s][info][gc] GC(935) Concurrent Preclean 0.135ms
[3362.941s][info][gc] GC(935) Concurrent Abortable Preclean
[3362.941s][info][gc] GC(935) Concurrent Abortable Preclean 0.015ms
[3362.947s][info][gc] GC(935) Pause Remark 27M->27M(29M) 5.691ms
[3362.947s][info][gc] GC(935) Concurrent Sweep
[3362.951s][info][gc] GC(935) Concurrent Sweep 3.242ms
[3362.951s][info][gc] GC(935) Concurrent Reset
[3362.951s][info][gc] GC(935) Concurrent Reset 0.020ms
[3364.953s][info][gc] GC(936) Pause Initial Mark 27M->27M(29M) 1.900ms
[3364.953s][info][gc] GC(936) Concurrent Mark
[3364.965s][info][gc] GC(936) Concurrent Mark 12.104ms
[3364.965s][info][gc] GC(936) Concurrent Preclean
[3364.965s][info][gc] GC(936) Concurrent Preclean 0.121ms
[3364.965s][info][gc] GC(936) Concurrent Abortable Preclean
[3364.965s][info][gc] GC(936) Concurrent Abortable Preclean 0.014ms
[3364.971s][info][gc] GC(936) Pause Remark 27M->27M(29M) 5.737ms
[3364.971s][info][gc] GC(936) Concurrent Sweep
[3364.974s][info][gc] GC(936) Concurrent Sweep 3.238ms
[3364.974s][info][gc] GC(936) Concurrent Reset
[3364.974s][info][gc] GC(936) Concurrent Reset 0.020ms
[3366.978s][info][gc] GC(937) Pause Initial Mark 27M->27M(29M) 1.092ms
[3366.978s][info][gc] GC(937) Concurrent Mark
[3366.990s][info][gc] GC(937) Concurrent Mark 12.104ms
[3366.990s][info][gc] GC(937) Concurrent Preclean
[3366.990s][info][gc] GC(937) Concurrent Preclean 0.343ms
[3366.990s][info][gc] GC(937) Concurrent Abortable Preclean
[3366.990s][info][gc] GC(937) Concurrent Abortable Preclean 0.018ms
[3366.996s][info][gc] GC(937) Pause Remark 27M->27M(29M) 5.714ms
[3366.996s][info][gc] GC(937) Concurrent Sweep
[3366.999s][info][gc] GC(937) Concurrent Sweep 3.087ms
[3366.999s][info][gc] GC(937) Concurrent Reset
[3366.999s][info][gc] GC(937) Concurrent Reset 0.020ms
[3369.000s][info][gc] GC(938) Pause Initial Mark 27M->27M(29M) 1.001ms
[3369.001s][info][gc] GC(938) Concurrent Mark
[3369.014s][info][gc] GC(938) Concurrent Mark 12.269ms
[3369.014s][info][gc] GC(938) Concurrent Preclean
[3369.014s][info][gc] GC(938) Concurrent Preclean 0.119ms
[3369.014s][info][gc] GC(938) Concurrent Abortable Preclean
[3369.014s][info][gc] GC(938) Concurrent Abortable Preclean 0.014ms
[3369.020s][info][gc] GC(938) Pause Remark 27M->27M(29M) 5.642ms
[3369.020s][info][gc] GC(938) Concurrent Sweep
[3369.023s][info][gc] GC(938) Concurrent Sweep 3.227ms
[3369.023s][info][gc] GC(938) Concurrent Reset
[3369.023s][info][gc] GC(938) Concurrent Reset 0.019ms
[3371.025s][info][gc] GC(939) Pause Initial Mark 27M->27M(29M) 1.142ms
[3371.025s][info][gc] GC(939) Concurrent Mark
[3371.038s][info][gc] GC(939) Concurrent Mark 12.644ms
[3371.038s][info][gc] GC(939) Concurrent Preclean
[3371.038s][info][gc] GC(939) Concurrent Preclean 0.129ms
[3371.038s][info][gc] GC(939) Concurrent Abortable Preclean
[3371.038s][info][gc] GC(939) Concurrent Abortable Preclean 0.013ms
[3371.044s][info][gc] GC(939) Pause Remark 27M->27M(29M) 5.520ms
[3371.044s][info][gc] GC(939) Concurrent Sweep
[3371.047s][info][gc] GC(939) Concurrent Sweep 3.304ms
[3371.047s][info][gc] GC(939) Concurrent Reset
[3371.047s][info][gc] GC(939) Concurrent Reset 0.022ms
[3373.049s][info][gc] GC(940) Pause Initial Mark 27M->27M(29M) 0.735ms
[3373.049s][info][gc] GC(940) Concurrent Mark
[3373.059s][info][gc] GC(940) Concurrent Mark 9.764ms
[3373.059s][info][gc] GC(940) Concurrent Preclean
[3373.059s][info][gc] GC(940) Concurrent Preclean 0.149ms
[3373.059s][info][gc] GC(940) Concurrent Abortable Preclean
[3373.059s][info][gc] GC(940) Concurrent Abortable Preclean 0.014ms
[3373.067s][info][gc] GC(940) Pause Remark 27M->27M(29M) 8.574ms
[3373.068s][info][gc] GC(940) Concurrent Sweep
[3373.071s][info][gc] GC(940) Concurrent Sweep 3.322ms
[3373.071s][info][gc] GC(940) Concurrent Reset
[3373.071s][info][gc] GC(940) Concurrent Reset 0.022ms
[3375.071s][info][gc] GC(941) Pause Initial Mark 27M->27M(29M) 0.739ms
[3375.072s][info][gc] GC(941) Concurrent Mark
[3375.089s][info][gc] GC(941) Concurrent Mark 17.737ms
[3375.089s][info][gc] GC(941) Concurrent Preclean
[3375.090s][info][gc] GC(941) Concurrent Preclean 0.161ms
[3375.090s][info][gc] GC(941) Concurrent Abortable Preclean
[3375.090s][info][gc] GC(941) Concurrent Abortable Preclean 0.019ms
[3375.105s][info][gc] GC(941) Pause Remark 27M->27M(29M) 15.236ms
[3375.106s][info][gc] GC(941) Concurrent Sweep
[3375.111s][info][gc] GC(941) Concurrent Sweep 5.594ms
[3375.111s][info][gc] GC(941) Concurrent Reset
[3375.112s][info][gc] GC(941) Concurrent Reset 0.144ms
[3377.112s][info][gc] GC(942) Pause Initial Mark 27M->27M(29M) 0.816ms
[3377.113s][info][gc] GC(942) Concurrent Mark
[3377.124s][info][gc] GC(942) Concurrent Mark 11.049ms
[3377.124s][info][gc] GC(942) Concurrent Preclean
[3377.124s][info][gc] GC(942) Concurrent Preclean 0.127ms
[3377.124s][info][gc] GC(942) Concurrent Abortable Preclean
[3377.124s][info][gc] GC(942) Concurrent Abortable Preclean 0.012ms
[3377.136s][info][gc] GC(942) Pause Remark 27M->27M(29M) 11.472ms
[3377.136s][info][gc] GC(942) Concurrent Sweep
[3377.140s][info][gc] GC(942) Concurrent Sweep 4.445ms
[3377.140s][info][gc] GC(942) Concurrent Reset
[3377.140s][info][gc] GC(942) Concurrent Reset 0.031ms
[3379.141s][info][gc] GC(943) Pause Initial Mark 27M->27M(29M) 0.649ms
[3379.141s][info][gc] GC(943) Concurrent Mark
[3379.156s][info][gc] GC(943) Concurrent Mark 14.814ms
[3379.156s][info][gc] GC(943) Concurrent Preclean
[3379.156s][info][gc] GC(943) Concurrent Preclean 0.145ms
[3379.156s][info][gc] GC(943) Concurrent Abortable Preclean
[3379.156s][info][gc] GC(943) Concurrent Abortable Preclean 0.018ms
[3379.164s][info][gc] GC(943) Pause Remark 27M->27M(29M) 7.457ms
[3379.164s][info][gc] GC(943) Concurrent Sweep
[3379.169s][info][gc] GC(943) Concurrent Sweep 4.618ms
[3379.169s][info][gc] GC(943) Concurrent Reset
[3379.169s][info][gc] GC(943) Concurrent Reset 0.021ms
[3381.169s][info][gc] GC(944) Pause Initial Mark 27M->27M(29M) 1.011ms
[3381.169s][info][gc] GC(944) Concurrent Mark
[3381.180s][info][gc] GC(944) Concurrent Mark 10.589ms
[3381.180s][info][gc] GC(944) Concurrent Preclean
[3381.180s][info][gc] GC(944) Concurrent Preclean 0.118ms
[3381.180s][info][gc] GC(944) Concurrent Abortable Preclean
[3381.180s][info][gc] GC(944) Concurrent Abortable Preclean 0.012ms
[3381.186s][info][gc] GC(944) Pause Remark 27M->27M(29M) 5.422ms
[3381.186s][info][gc] GC(944) Concurrent Sweep
[3381.189s][info][gc] GC(944) Concurrent Sweep 3.246ms
[3381.189s][info][gc] GC(944) Concurrent Reset
[3381.189s][info][gc] GC(944) Concurrent Reset 0.018ms
[3383.191s][info][gc] GC(945) Pause Initial Mark 27M->27M(29M) 0.934ms
[3383.191s][info][gc] GC(945) Concurrent Mark
[3383.203s][info][gc] GC(945) Concurrent Mark 11.864ms
[3383.203s][info][gc] GC(945) Concurrent Preclean
[3383.203s][info][gc] GC(945) Concurrent Preclean 0.123ms
[3383.203s][info][gc] GC(945) Concurrent Abortable Preclean
[3383.204s][info][gc] GC(945) Concurrent Abortable Preclean 0.013ms
[3383.211s][info][gc] GC(945) Pause Remark 27M->27M(29M) 6.972ms
[3383.211s][info][gc] GC(945) Concurrent Sweep
[3383.214s][info][gc] GC(945) Concurrent Sweep 3.376ms
[3383.214s][info][gc] GC(945) Concurrent Reset
[3383.214s][info][gc] GC(945) Concurrent Reset 0.022ms
[3385.220s][info][gc] GC(946) Pause Initial Mark 27M->27M(29M) 0.991ms
[3385.220s][info][gc] GC(946) Concurrent Mark
[3385.232s][info][gc] GC(946) Concurrent Mark 11.992ms
[3385.232s][info][gc] GC(946) Concurrent Preclean
[3385.232s][info][gc] GC(946) Concurrent Preclean 0.131ms
[3385.232s][info][gc] GC(946) Concurrent Abortable Preclean
[3385.232s][info][gc] GC(946) Concurrent Abortable Preclean 0.013ms
[3385.239s][info][gc] GC(946) Pause Remark 27M->27M(29M) 6.390ms
[3385.239s][info][gc] GC(946) Concurrent Sweep
[3385.242s][info][gc] GC(946) Concurrent Sweep 3.308ms
[3385.242s][info][gc] GC(946) Concurrent Reset
[3385.242s][info][gc] GC(946) Concurrent Reset 0.021ms
[3387.243s][info][gc] GC(947) Pause Initial Mark 27M->27M(29M) 0.885ms
[3387.243s][info][gc] GC(947) Concurrent Mark
[3387.255s][info][gc] GC(947) Concurrent Mark 11.540ms
[3387.255s][info][gc] GC(947) Concurrent Preclean
[3387.255s][info][gc] GC(947) Concurrent Preclean 0.129ms
[3387.255s][info][gc] GC(947) Concurrent Abortable Preclean
[3387.255s][info][gc] GC(947) Concurrent Abortable Preclean 0.019ms
[3387.262s][info][gc] GC(947) Pause Remark 27M->27M(29M) 7.242ms
[3387.262s][info][gc] GC(947) Concurrent Sweep
[3387.267s][info][gc] GC(947) Concurrent Sweep 4.090ms
[3387.267s][info][gc] GC(947) Concurrent Reset
[3387.267s][info][gc] GC(947) Concurrent Reset 0.021ms
[3389.270s][info][gc] GC(948) Pause Initial Mark 27M->27M(29M) 0.765ms
[3389.270s][info][gc] GC(948) Concurrent Mark
[3389.281s][info][gc] GC(948) Concurrent Mark 11.525ms
[3389.281s][info][gc] GC(948) Concurrent Preclean
[3389.281s][info][gc] GC(948) Concurrent Preclean 0.115ms
[3389.281s][info][gc] GC(948) Concurrent Abortable Preclean
[3389.281s][info][gc] GC(948) Concurrent Abortable Preclean 0.012ms
[3389.288s][info][gc] GC(948) Pause Remark 27M->27M(29M) 6.392ms
[3389.288s][info][gc] GC(948) Concurrent Sweep
[3389.291s][info][gc] GC(948) Concurrent Sweep 3.038ms
[3389.291s][info][gc] GC(948) Concurrent Reset
[3389.291s][info][gc] GC(948) Concurrent Reset 0.019ms
[3391.292s][info][gc] GC(949) Pause Initial Mark 27M->27M(29M) 0.850ms
[3391.292s][info][gc] GC(949) Concurrent Mark
[3391.305s][info][gc] GC(949) Concurrent Mark 12.712ms
[3391.305s][info][gc] GC(949) Concurrent Preclean
[3391.305s][info][gc] GC(949) Concurrent Preclean 0.142ms
[3391.305s][info][gc] GC(949) Concurrent Abortable Preclean
[3391.305s][info][gc] GC(949) Concurrent Abortable Preclean 0.012ms
[3391.311s][info][gc] GC(949) Pause Remark 27M->27M(29M) 5.746ms
[3391.311s][info][gc] GC(949) Concurrent Sweep
[3391.314s][info][gc] GC(949) Concurrent Sweep 3.164ms
[3391.315s][info][gc] GC(949) Concurrent Reset
[3391.315s][info][gc] GC(949) Concurrent Reset 0.020ms
[3393.315s][info][gc] GC(950) Pause Initial Mark 27M->27M(29M) 0.880ms
[3393.315s][info][gc] GC(950) Concurrent Mark
[3393.327s][info][gc] GC(950) Concurrent Mark 11.815ms
[3393.327s][info][gc] GC(950) Concurrent Preclean
[3393.327s][info][gc] GC(950) Concurrent Preclean 0.135ms
[3393.328s][info][gc] GC(950) Concurrent Abortable Preclean
[3393.328s][info][gc] GC(950) Concurrent Abortable Preclean 0.012ms
[3393.335s][info][gc] GC(950) Pause Remark 27M->27M(29M) 7.877ms
[3393.336s][info][gc] GC(950) Concurrent Sweep
[3393.339s][info][gc] GC(950) Concurrent Sweep 3.156ms
[3393.339s][info][gc] GC(950) Concurrent Reset
[3393.339s][info][gc] GC(950) Concurrent Reset 0.020ms
[3395.340s][info][gc] GC(951) Pause Initial Mark 27M->27M(29M) 0.761ms
[3395.340s][info][gc] GC(951) Concurrent Mark
[3395.351s][info][gc] GC(951) Concurrent Mark 11.366ms
[3395.351s][info][gc] GC(951) Concurrent Preclean
[3395.351s][info][gc] GC(951) Concurrent Preclean 0.130ms
[3395.351s][info][gc] GC(951) Concurrent Abortable Preclean
[3395.351s][info][gc] GC(951) Concurrent Abortable Preclean 0.013ms
[3395.360s][info][gc] GC(951) Pause Remark 27M->27M(29M) 8.384ms
[3395.360s][info][gc] GC(951) Concurrent Sweep
[3395.365s][info][gc] GC(951) Concurrent Sweep 5.348ms
[3395.366s][info][gc] GC(951) Concurrent Reset
[3395.366s][info][gc] GC(951) Concurrent Reset 0.126ms
[3397.368s][info][gc] GC(952) Pause Initial Mark 27M->27M(29M) 1.096ms
[3397.368s][info][gc] GC(952) Concurrent Mark
[3397.381s][info][gc] GC(952) Concurrent Mark 13.015ms
[3397.381s][info][gc] GC(952) Concurrent Preclean
[3397.381s][info][gc] GC(952) Concurrent Preclean 0.170ms
[3397.381s][info][gc] GC(952) Concurrent Abortable Preclean
[3397.381s][info][gc] GC(952) Concurrent Abortable Preclean 0.012ms
[3397.387s][info][gc] GC(952) Pause Remark 27M->27M(29M) 6.060ms
[3397.387s][info][gc] GC(952) Concurrent Sweep
[3397.391s][info][gc] GC(952) Concurrent Sweep 3.418ms
[3397.391s][info][gc] GC(952) Concurrent Reset
[3397.391s][info][gc] GC(952) Concurrent Reset 0.029ms
[3399.394s][info][gc] GC(953) Pause Initial Mark 27M->27M(29M) 1.044ms
[3399.394s][info][gc] GC(953) Concurrent Mark
[3399.405s][info][gc] GC(953) Concurrent Mark 11.389ms
[3399.405s][info][gc] GC(953) Concurrent Preclean
[3399.405s][info][gc] GC(953) Concurrent Preclean 0.114ms
[3399.405s][info][gc] GC(953) Concurrent Abortable Preclean
[3399.405s][info][gc] GC(953) Concurrent Abortable Preclean 0.012ms
[3399.411s][info][gc] GC(953) Pause Remark 27M->27M(29M) 5.123ms
[3399.411s][info][gc] GC(953) Concurrent Sweep
[3399.414s][info][gc] GC(953) Concurrent Sweep 3.331ms
[3399.414s][info][gc] GC(953) Concurrent Reset
[3399.414s][info][gc] GC(953) Concurrent Reset 0.024ms
[3401.415s][info][gc] GC(954) Pause Initial Mark 27M->27M(29M) 0.716ms
[3401.415s][info][gc] GC(954) Concurrent Mark
[3401.426s][info][gc] GC(954) Concurrent Mark 11.472ms
[3401.426s][info][gc] GC(954) Concurrent Preclean
[3401.427s][info][gc] GC(954) Concurrent Preclean 0.236ms
[3401.427s][info][gc] GC(954) Concurrent Abortable Preclean
[3401.427s][info][gc] GC(954) Concurrent Abortable Preclean 0.034ms
[3401.434s][info][gc] GC(954) Pause Remark 27M->27M(29M) 6.933ms
[3401.434s][info][gc] GC(954) Concurrent Sweep
[3401.439s][info][gc] GC(954) Concurrent Sweep 4.922ms
[3401.439s][info][gc] GC(954) Concurrent Reset
[3401.439s][info][gc] GC(954) Concurrent Reset 0.022ms
[3403.442s][info][gc] GC(955) Pause Initial Mark 27M->27M(29M) 0.864ms
[3403.443s][info][gc] GC(955) Concurrent Mark
[3403.455s][info][gc] GC(955) Concurrent Mark 12.400ms
[3403.455s][info][gc] GC(955) Concurrent Preclean
[3403.455s][info][gc] GC(955) Concurrent Preclean 0.141ms
[3403.455s][info][gc] GC(955) Concurrent Abortable Preclean
[3403.455s][info][gc] GC(955) Concurrent Abortable Preclean 0.014ms
[3403.464s][info][gc] GC(955) Pause Remark 27M->27M(29M) 8.878ms
[3403.464s][info][gc] GC(955) Concurrent Sweep
[3403.468s][info][gc] GC(955) Concurrent Sweep 3.341ms
[3403.468s][info][gc] GC(955) Concurrent Reset
[3403.468s][info][gc] GC(955) Concurrent Reset 0.023ms
[3405.469s][info][gc] GC(956) Pause Initial Mark 27M->27M(29M) 0.877ms
[3405.469s][info][gc] GC(956) Concurrent Mark
[3405.481s][info][gc] GC(956) Concurrent Mark 12.311ms
[3405.481s][info][gc] GC(956) Concurrent Preclean
[3405.481s][info][gc] GC(956) Concurrent Preclean 0.219ms
[3405.481s][info][gc] GC(956) Concurrent Abortable Preclean
[3405.481s][info][gc] GC(956) Concurrent Abortable Preclean 0.018ms
[3405.489s][info][gc] GC(956) Pause Remark 27M->27M(29M) 7.677ms
[3405.489s][info][gc] GC(956) Concurrent Sweep
[3405.493s][info][gc] GC(956) Concurrent Sweep 3.878ms
[3405.493s][info][gc] GC(956) Concurrent Reset
[3405.493s][info][gc] GC(956) Concurrent Reset 0.021ms
[3407.498s][info][gc] GC(957) Pause Initial Mark 27M->27M(29M) 0.806ms
[3407.499s][info][gc] GC(957) Concurrent Mark
[3407.510s][info][gc] GC(957) Concurrent Mark 11.891ms
[3407.511s][info][gc] GC(957) Concurrent Preclean
[3407.511s][info][gc] GC(957) Concurrent Preclean 0.132ms
[3407.511s][info][gc] GC(957) Concurrent Abortable Preclean
[3407.511s][info][gc] GC(957) Concurrent Abortable Preclean 0.014ms
[3407.518s][info][gc] GC(957) Pause Remark 27M->27M(29M) 7.565ms
[3407.518s][info][gc] GC(957) Concurrent Sweep
[3407.522s][info][gc] GC(957) Concurrent Sweep 3.095ms
[3407.522s][info][gc] GC(957) Concurrent Reset
[3407.522s][info][gc] GC(957) Concurrent Reset 0.019ms
[3409.524s][info][gc] GC(958) Pause Initial Mark 27M->27M(29M) 1.541ms
[3409.524s][info][gc] GC(958) Concurrent Mark
[3409.541s][info][gc] GC(958) Concurrent Mark 16.863ms
[3409.541s][info][gc] GC(958) Concurrent Preclean
[3409.541s][info][gc] GC(958) Concurrent Preclean 0.219ms
[3409.541s][info][gc] GC(958) Concurrent Abortable Preclean
[3409.541s][info][gc] GC(958) Concurrent Abortable Preclean 0.020ms
[3409.551s][info][gc] GC(958) Pause Remark 27M->27M(29M) 9.757ms
[3409.551s][info][gc] GC(958) Concurrent Sweep
[3409.554s][info][gc] GC(958) Concurrent Sweep 3.345ms
[3409.554s][info][gc] GC(958) Concurrent Reset
[3409.554s][info][gc] GC(958) Concurrent Reset 0.022ms
[3411.558s][info][gc] GC(959) Pause Initial Mark 27M->27M(29M) 1.671ms
[3411.558s][info][gc] GC(959) Concurrent Mark
[3411.572s][info][gc] GC(959) Concurrent Mark 13.772ms
[3411.572s][info][gc] GC(959) Concurrent Preclean
[3411.572s][info][gc] GC(959) Concurrent Preclean 0.197ms
[3411.572s][info][gc] GC(959) Concurrent Abortable Preclean
[3411.572s][info][gc] GC(959) Concurrent Abortable Preclean 0.020ms
[3411.583s][info][gc] GC(959) Pause Remark 27M->27M(29M) 10.269ms
[3411.583s][info][gc] GC(959) Concurrent Sweep
[3411.587s][info][gc] GC(959) Concurrent Sweep 3.909ms
[3411.587s][info][gc] GC(959) Concurrent Reset
[3411.587s][info][gc] GC(959) Concurrent Reset 0.021ms
[3413.592s][info][gc] GC(960) Pause Initial Mark 27M->27M(29M) 1.175ms
[3413.592s][info][gc] GC(960) Concurrent Mark
[3413.605s][info][gc] GC(960) Concurrent Mark 13.447ms
[3413.606s][info][gc] GC(960) Concurrent Preclean
[3413.606s][info][gc] GC(960) Concurrent Preclean 0.139ms
[3413.606s][info][gc] GC(960) Concurrent Abortable Preclean
[3413.606s][info][gc] GC(960) Concurrent Abortable Preclean 0.015ms
[3413.612s][info][gc] GC(960) Pause Remark 27M->27M(29M) 6.496ms
[3413.612s][info][gc] GC(960) Concurrent Sweep
[3413.615s][info][gc] GC(960) Concurrent Sweep 3.037ms
[3413.615s][info][gc] GC(960) Concurrent Reset
[3413.616s][info][gc] GC(960) Concurrent Reset 0.019ms
[3415.616s][info][gc] GC(961) Pause Initial Mark 27M->27M(29M) 0.740ms
[3415.616s][info][gc] GC(961) Concurrent Mark
[3415.628s][info][gc] GC(961) Concurrent Mark 11.196ms
[3415.628s][info][gc] GC(961) Concurrent Preclean
[3415.628s][info][gc] GC(961) Concurrent Preclean 0.113ms
[3415.628s][info][gc] GC(961) Concurrent Abortable Preclean
[3415.628s][info][gc] GC(961) Concurrent Abortable Preclean 0.012ms
[3415.633s][info][gc] GC(961) Pause Remark 27M->27M(29M) 5.657ms
[3415.634s][info][gc] GC(961) Concurrent Sweep
[3415.637s][info][gc] GC(961) Concurrent Sweep 3.012ms
[3415.637s][info][gc] GC(961) Concurrent Reset
[3415.637s][info][gc] GC(961) Concurrent Reset 0.018ms
[3417.641s][info][gc] GC(962) Pause Initial Mark 27M->27M(29M) 1.168ms
[3417.641s][info][gc] GC(962) Concurrent Mark
[3417.655s][info][gc] GC(962) Concurrent Mark 13.652ms
[3417.655s][info][gc] GC(962) Concurrent Preclean
[3417.655s][info][gc] GC(962) Concurrent Preclean 0.142ms
[3417.655s][info][gc] GC(962) Concurrent Abortable Preclean
[3417.655s][info][gc] GC(962) Concurrent Abortable Preclean 0.030ms
[3417.662s][info][gc] GC(962) Pause Remark 27M->27M(29M) 6.471ms
[3417.662s][info][gc] GC(962) Concurrent Sweep
[3417.665s][info][gc] GC(962) Concurrent Sweep 3.115ms
[3417.665s][info][gc] GC(962) Concurrent Reset
[3417.665s][info][gc] GC(962) Concurrent Reset 0.019ms
[3419.666s][info][gc] GC(963) Pause Initial Mark 27M->27M(29M) 0.870ms
[3419.666s][info][gc] GC(963) Concurrent Mark
[3419.679s][info][gc] GC(963) Concurrent Mark 12.798ms
[3419.679s][info][gc] GC(963) Concurrent Preclean
[3419.679s][info][gc] GC(963) Concurrent Preclean 0.149ms
[3419.679s][info][gc] GC(963) Concurrent Abortable Preclean
[3419.679s][info][gc] GC(963) Concurrent Abortable Preclean 0.013ms
[3419.687s][info][gc] GC(963) Pause Remark 27M->27M(29M) 7.808ms
[3419.687s][info][gc] GC(963) Concurrent Sweep
[3419.690s][info][gc] GC(963) Concurrent Sweep 3.365ms
[3419.691s][info][gc] GC(963) Concurrent Reset
[3419.691s][info][gc] GC(963) Concurrent Reset 0.022ms
[3421.691s][info][gc] GC(964) Pause Initial Mark 27M->27M(29M) 1.123ms
[3421.692s][info][gc] GC(964) Concurrent Mark
[3421.704s][info][gc] GC(964) Concurrent Mark 12.349ms
[3421.704s][info][gc] GC(964) Concurrent Preclean
[3421.704s][info][gc] GC(964) Concurrent Preclean 0.188ms
[3421.704s][info][gc] GC(964) Concurrent Abortable Preclean
[3421.704s][info][gc] GC(964) Concurrent Abortable Preclean 0.015ms
[3421.712s][info][gc] GC(964) Pause Remark 27M->27M(29M) 7.209ms
[3421.712s][info][gc] GC(964) Concurrent Sweep
[3421.715s][info][gc] GC(964) Concurrent Sweep 3.134ms
[3421.715s][info][gc] GC(964) Concurrent Reset
[3421.715s][info][gc] GC(964) Concurrent Reset 0.018ms
[3423.716s][info][gc] GC(965) Pause Initial Mark 27M->27M(29M) 0.883ms
[3423.716s][info][gc] GC(965) Concurrent Mark
[3423.728s][info][gc] GC(965) Concurrent Mark 12.128ms
[3423.728s][info][gc] GC(965) Concurrent Preclean
[3423.728s][info][gc] GC(965) Concurrent Preclean 0.116ms
[3423.728s][info][gc] GC(965) Concurrent Abortable Preclean
[3423.728s][info][gc] GC(965) Concurrent Abortable Preclean 0.012ms
[3423.736s][info][gc] GC(965) Pause Remark 27M->27M(29M) 7.763ms
[3423.736s][info][gc] GC(965) Concurrent Sweep
[3423.740s][info][gc] GC(965) Concurrent Sweep 3.489ms
[3423.740s][info][gc] GC(965) Concurrent Reset
[3423.740s][info][gc] GC(965) Concurrent Reset 0.107ms
[3425.753s][info][gc] GC(966) Pause Initial Mark 27M->27M(29M) 2.693ms
[3425.753s][info][gc] GC(966) Concurrent Mark
[3425.769s][info][gc] GC(966) Concurrent Mark 16.010ms
[3425.769s][info][gc] GC(966) Concurrent Preclean
[3425.769s][info][gc] GC(966) Concurrent Preclean 0.153ms
[3425.769s][info][gc] GC(966) Concurrent Abortable Preclean
[3425.769s][info][gc] GC(966) Concurrent Abortable Preclean 0.018ms
[3425.780s][info][gc] GC(966) Pause Remark 27M->27M(29M) 10.344ms
[3425.780s][info][gc] GC(966) Concurrent Sweep
[3425.786s][info][gc] GC(966) Concurrent Sweep 6.250ms
[3425.786s][info][gc] GC(966) Concurrent Reset
[3425.786s][info][gc] GC(966) Concurrent Reset 0.021ms
[3427.787s][info][gc] GC(967) Pause Initial Mark 27M->27M(29M) 0.964ms
[3427.787s][info][gc] GC(967) Concurrent Mark
[3427.800s][info][gc] GC(967) Concurrent Mark 12.403ms
[3427.800s][info][gc] GC(967) Concurrent Preclean
[3427.800s][info][gc] GC(967) Concurrent Preclean 0.165ms
[3427.800s][info][gc] GC(967) Concurrent Abortable Preclean
[3427.800s][info][gc] GC(967) Concurrent Abortable Preclean 0.020ms
[3427.810s][info][gc] GC(967) Pause Remark 27M->27M(29M) 9.647ms
[3427.810s][info][gc] GC(967) Concurrent Sweep
[3427.814s][info][gc] GC(967) Concurrent Sweep 3.508ms
[3427.814s][info][gc] GC(967) Concurrent Reset
[3427.814s][info][gc] GC(967) Concurrent Reset 0.021ms
[3429.816s][info][gc] GC(968) Pause Initial Mark 27M->27M(29M) 1.136ms
[3429.816s][info][gc] GC(968) Concurrent Mark
[3429.828s][info][gc] GC(968) Concurrent Mark 11.991ms
[3429.828s][info][gc] GC(968) Concurrent Preclean
[3429.828s][info][gc] GC(968) Concurrent Preclean 0.127ms
[3429.828s][info][gc] GC(968) Concurrent Abortable Preclean
[3429.828s][info][gc] GC(968) Concurrent Abortable Preclean 0.013ms
[3429.836s][info][gc] GC(968) Pause Remark 27M->27M(29M) 8.143ms
[3429.836s][info][gc] GC(968) Concurrent Sweep
[3429.840s][info][gc] GC(968) Concurrent Sweep 3.291ms
[3429.840s][info][gc] GC(968) Concurrent Reset
[3429.840s][info][gc] GC(968) Concurrent Reset 0.020ms
[3431.840s][info][gc] GC(969) Pause Initial Mark 27M->27M(29M) 0.852ms
[3431.840s][info][gc] GC(969) Concurrent Mark
[3431.852s][info][gc] GC(969) Concurrent Mark 11.535ms
[3431.852s][info][gc] GC(969) Concurrent Preclean
[3431.852s][info][gc] GC(969) Concurrent Preclean 0.148ms
[3431.852s][info][gc] GC(969) Concurrent Abortable Preclean
[3431.852s][info][gc] GC(969) Concurrent Abortable Preclean 0.013ms
[3431.858s][info][gc] GC(969) Pause Remark 27M->27M(29M) 6.168ms
[3431.858s][info][gc] GC(969) Concurrent Sweep
[3431.861s][info][gc] GC(969) Concurrent Sweep 3.020ms
[3431.861s][info][gc] GC(969) Concurrent Reset
[3431.861s][info][gc] GC(969) Concurrent Reset 0.018ms
[3433.864s][info][gc] GC(970) Pause Initial Mark 27M->27M(29M) 0.770ms
[3433.864s][info][gc] GC(970) Concurrent Mark
[3433.876s][info][gc] GC(970) Concurrent Mark 11.279ms
[3433.876s][info][gc] GC(970) Concurrent Preclean
[3433.876s][info][gc] GC(970) Concurrent Preclean 0.126ms
[3433.876s][info][gc] GC(970) Concurrent Abortable Preclean
[3433.876s][info][gc] GC(970) Concurrent Abortable Preclean 0.013ms
[3433.882s][info][gc] GC(970) Pause Remark 27M->27M(29M) 5.500ms
[3433.882s][info][gc] GC(970) Concurrent Sweep
[3433.885s][info][gc] GC(970) Concurrent Sweep 3.047ms
[3433.885s][info][gc] GC(970) Concurrent Reset
[3433.885s][info][gc] GC(970) Concurrent Reset 0.018ms
[3435.885s][info][gc] GC(971) Pause Initial Mark 27M->27M(29M) 0.986ms
[3435.885s][info][gc] GC(971) Concurrent Mark
[3435.897s][info][gc] GC(971) Concurrent Mark 11.364ms
[3435.897s][info][gc] GC(971) Concurrent Preclean
[3435.897s][info][gc] GC(971) Concurrent Preclean 0.249ms
[3435.897s][info][gc] GC(971) Concurrent Abortable Preclean
[3435.897s][info][gc] GC(971) Concurrent Abortable Preclean 0.027ms
[3435.903s][info][gc] GC(971) Pause Remark 27M->27M(29M) 6.047ms
[3435.903s][info][gc] GC(971) Concurrent Sweep
[3435.907s][info][gc] GC(971) Concurrent Sweep 3.280ms
[3435.907s][info][gc] GC(971) Concurrent Reset
[3435.907s][info][gc] GC(971) Concurrent Reset 0.020ms
[3437.910s][info][gc] GC(972) Pause Initial Mark 27M->27M(29M) 0.971ms
[3437.910s][info][gc] GC(972) Concurrent Mark
[3437.924s][info][gc] GC(972) Concurrent Mark 14.131ms
[3437.924s][info][gc] GC(972) Concurrent Preclean
[3437.924s][info][gc] GC(972) Concurrent Preclean 0.168ms
[3437.924s][info][gc] GC(972) Concurrent Abortable Preclean
[3437.924s][info][gc] GC(972) Concurrent Abortable Preclean 0.014ms
[3437.930s][info][gc] GC(972) Pause Remark 27M->27M(29M) 5.520ms
[3437.930s][info][gc] GC(972) Concurrent Sweep
[3437.933s][info][gc] GC(972) Concurrent Sweep 3.174ms
[3437.933s][info][gc] GC(972) Concurrent Reset
[3437.933s][info][gc] GC(972) Concurrent Reset 0.024ms
[3439.935s][info][gc] GC(973) Pause Initial Mark 27M->27M(29M) 2.018ms
[3439.935s][info][gc] GC(973) Concurrent Mark
[3439.948s][info][gc] GC(973) Concurrent Mark 12.797ms
[3439.948s][info][gc] GC(973) Concurrent Preclean
[3439.948s][info][gc] GC(973) Concurrent Preclean 0.123ms
[3439.948s][info][gc] GC(973) Concurrent Abortable Preclean
[3439.948s][info][gc] GC(973) Concurrent Abortable Preclean 0.012ms
[3439.954s][info][gc] GC(973) Pause Remark 27M->27M(29M) 5.133ms
[3439.954s][info][gc] GC(973) Concurrent Sweep
[3439.959s][info][gc] GC(973) Concurrent Sweep 5.246ms
[3439.959s][info][gc] GC(973) Concurrent Reset
[3439.959s][info][gc] GC(973) Concurrent Reset 0.021ms
[3441.959s][info][gc] GC(974) Pause Initial Mark 27M->27M(29M) 0.880ms
[3441.960s][info][gc] GC(974) Concurrent Mark
[3441.972s][info][gc] GC(974) Concurrent Mark 12.023ms
[3441.972s][info][gc] GC(974) Concurrent Preclean
[3441.972s][info][gc] GC(974) Concurrent Preclean 0.137ms
[3441.972s][info][gc] GC(974) Concurrent Abortable Preclean
[3441.972s][info][gc] GC(974) Concurrent Abortable Preclean 0.014ms
[3441.978s][info][gc] GC(974) Pause Remark 27M->27M(29M) 6.259ms
[3441.978s][info][gc] GC(974) Concurrent Sweep
[3441.981s][info][gc] GC(974) Concurrent Sweep 3.140ms
[3441.982s][info][gc] GC(974) Concurrent Reset
[3441.982s][info][gc] GC(974) Concurrent Reset 0.021ms
[3443.983s][info][gc] GC(975) Pause Initial Mark 27M->27M(29M) 1.216ms
[3443.983s][info][gc] GC(975) Concurrent Mark
[3443.997s][info][gc] GC(975) Concurrent Mark 14.433ms
[3443.997s][info][gc] GC(975) Concurrent Preclean
[3443.997s][info][gc] GC(975) Concurrent Preclean 0.128ms
[3443.997s][info][gc] GC(975) Concurrent Abortable Preclean
[3443.997s][info][gc] GC(975) Concurrent Abortable Preclean 0.014ms
[3444.003s][info][gc] GC(975) Pause Remark 27M->27M(29M) 5.604ms
[3444.003s][info][gc] GC(975) Concurrent Sweep
[3444.007s][info][gc] GC(975) Concurrent Sweep 4.050ms
[3444.007s][info][gc] GC(975) Concurrent Reset
[3444.007s][info][gc] GC(975) Concurrent Reset 0.044ms
[3446.009s][info][gc] GC(976) Pause Initial Mark 27M->27M(29M) 0.980ms
[3446.009s][info][gc] GC(976) Concurrent Mark
[3446.024s][info][gc] GC(976) Concurrent Mark 15.602ms
[3446.024s][info][gc] GC(976) Concurrent Preclean
[3446.025s][info][gc] GC(976) Concurrent Preclean 0.135ms
[3446.025s][info][gc] GC(976) Concurrent Abortable Preclean
[3446.025s][info][gc] GC(976) Concurrent Abortable Preclean 0.013ms
[3446.032s][info][gc] GC(976) Pause Remark 27M->27M(29M) 7.677ms
[3446.032s][info][gc] GC(976) Concurrent Sweep
[3446.036s][info][gc] GC(976) Concurrent Sweep 3.344ms
[3446.036s][info][gc] GC(976) Concurrent Reset
[3446.036s][info][gc] GC(976) Concurrent Reset 0.021ms
[3448.040s][info][gc] GC(977) Pause Initial Mark 27M->27M(29M) 1.146ms
[3448.040s][info][gc] GC(977) Concurrent Mark
[3448.054s][info][gc] GC(977) Concurrent Mark 13.494ms
[3448.054s][info][gc] GC(977) Concurrent Preclean
[3448.054s][info][gc] GC(977) Concurrent Preclean 0.107ms
[3448.054s][info][gc] GC(977) Concurrent Abortable Preclean
[3448.054s][info][gc] GC(977) Concurrent Abortable Preclean 0.012ms
[3448.062s][info][gc] GC(977) Pause Remark 27M->27M(29M) 8.361ms
[3448.062s][info][gc] GC(977) Concurrent Sweep
[3448.066s][info][gc] GC(977) Concurrent Sweep 4.073ms
[3448.067s][info][gc] GC(977) Concurrent Reset
[3448.067s][info][gc] GC(977) Concurrent Reset 0.022ms
[3450.067s][info][gc] GC(978) Pause Initial Mark 27M->27M(29M) 0.627ms
[3450.067s][info][gc] GC(978) Concurrent Mark
[3450.077s][info][gc] GC(978) Concurrent Mark 10.213ms
[3450.077s][info][gc] GC(978) Concurrent Preclean
[3450.077s][info][gc] GC(978) Concurrent Preclean 0.117ms
[3450.077s][info][gc] GC(978) Concurrent Abortable Preclean
[3450.077s][info][gc] GC(978) Concurrent Abortable Preclean 0.012ms
[3450.083s][info][gc] GC(978) Pause Remark 27M->27M(29M) 5.576ms
[3450.083s][info][gc] GC(978) Concurrent Sweep
[3450.086s][info][gc] GC(978) Concurrent Sweep 3.030ms
[3450.086s][info][gc] GC(978) Concurrent Reset
[3450.086s][info][gc] GC(978) Concurrent Reset 0.018ms
[3452.090s][info][gc] GC(979) Pause Initial Mark 27M->27M(29M) 1.276ms
[3452.090s][info][gc] GC(979) Concurrent Mark
[3452.103s][info][gc] GC(979) Concurrent Mark 12.945ms
[3452.103s][info][gc] GC(979) Concurrent Preclean
[3452.103s][info][gc] GC(979) Concurrent Preclean 0.177ms
[3452.103s][info][gc] GC(979) Concurrent Abortable Preclean
[3452.103s][info][gc] GC(979) Concurrent Abortable Preclean 0.014ms
[3452.111s][info][gc] GC(979) Pause Remark 27M->27M(29M) 7.913ms
[3452.111s][info][gc] GC(979) Concurrent Sweep
[3452.115s][info][gc] GC(979) Concurrent Sweep 3.329ms
[3452.115s][info][gc] GC(979) Concurrent Reset
[3452.115s][info][gc] GC(979) Concurrent Reset 0.020ms
[3454.115s][info][gc] GC(980) Pause Initial Mark 27M->27M(29M) 0.656ms
[3454.115s][info][gc] GC(980) Concurrent Mark
[3454.127s][info][gc] GC(980) Concurrent Mark 12.270ms
[3454.127s][info][gc] GC(980) Concurrent Preclean
[3454.127s][info][gc] GC(980) Concurrent Preclean 0.191ms
[3454.127s][info][gc] GC(980) Concurrent Abortable Preclean
[3454.127s][info][gc] GC(980) Concurrent Abortable Preclean 0.015ms
[3454.134s][info][gc] GC(980) Pause Remark 27M->27M(29M) 6.597ms
[3454.134s][info][gc] GC(980) Concurrent Sweep
[3454.137s][info][gc] GC(980) Concurrent Sweep 3.013ms
[3454.137s][info][gc] GC(980) Concurrent Reset
[3454.137s][info][gc] GC(980) Concurrent Reset 0.018ms
[3456.141s][info][gc] GC(981) Pause Initial Mark 27M->27M(29M) 2.249ms
[3456.141s][info][gc] GC(981) Concurrent Mark
[3456.160s][info][gc] GC(981) Concurrent Mark 18.679ms
[3456.160s][info][gc] GC(981) Concurrent Preclean
[3456.160s][info][gc] GC(981) Concurrent Preclean 0.158ms
[3456.160s][info][gc] GC(981) Concurrent Abortable Preclean
[3456.160s][info][gc] GC(981) Concurrent Abortable Preclean 0.018ms
[3456.182s][info][gc] GC(981) Pause Remark 27M->27M(29M) 19.092ms
[3456.182s][info][gc] GC(981) Concurrent Sweep
[3456.185s][info][gc] GC(981) Concurrent Sweep 3.134ms
[3456.185s][info][gc] GC(981) Concurrent Reset
[3456.185s][info][gc] GC(981) Concurrent Reset 0.020ms
[3458.189s][info][gc] GC(982) Pause Initial Mark 27M->27M(29M) 1.168ms
[3458.189s][info][gc] GC(982) Concurrent Mark
[3458.203s][info][gc] GC(982) Concurrent Mark 14.152ms
[3458.203s][info][gc] GC(982) Concurrent Preclean
[3458.203s][info][gc] GC(982) Concurrent Preclean 0.122ms
[3458.203s][info][gc] GC(982) Concurrent Abortable Preclean
[3458.203s][info][gc] GC(982) Concurrent Abortable Preclean 0.013ms
[3458.209s][info][gc] GC(982) Pause Remark 27M->27M(29M) 5.723ms
[3458.209s][info][gc] GC(982) Concurrent Sweep
[3458.212s][info][gc] GC(982) Concurrent Sweep 3.168ms
[3458.212s][info][gc] GC(982) Concurrent Reset
[3458.212s][info][gc] GC(982) Concurrent Reset 0.021ms
[3460.217s][info][gc] GC(983) Pause Initial Mark 27M->27M(29M) 1.070ms
[3460.217s][info][gc] GC(983) Concurrent Mark
[3460.228s][info][gc] GC(983) Concurrent Mark 11.163ms
[3460.228s][info][gc] GC(983) Concurrent Preclean
[3460.228s][info][gc] GC(983) Concurrent Preclean 0.105ms
[3460.228s][info][gc] GC(983) Concurrent Abortable Preclean
[3460.228s][info][gc] GC(983) Concurrent Abortable Preclean 0.013ms
[3460.233s][info][gc] GC(983) Pause Remark 27M->27M(29M) 4.955ms
[3460.233s][info][gc] GC(983) Concurrent Sweep
[3460.236s][info][gc] GC(983) Concurrent Sweep 3.219ms
[3460.237s][info][gc] GC(983) Concurrent Reset
[3460.237s][info][gc] GC(983) Concurrent Reset 0.021ms
[3462.239s][info][gc] GC(984) Pause Initial Mark 27M->27M(29M) 0.780ms
[3462.239s][info][gc] GC(984) Concurrent Mark
[3462.254s][info][gc] GC(984) Concurrent Mark 14.425ms
[3462.254s][info][gc] GC(984) Concurrent Preclean
[3462.254s][info][gc] GC(984) Concurrent Preclean 0.109ms
[3462.254s][info][gc] GC(984) Concurrent Abortable Preclean
[3462.254s][info][gc] GC(984) Concurrent Abortable Preclean 0.013ms
[3462.261s][info][gc] GC(984) Pause Remark 27M->27M(29M) 7.210ms
[3462.261s][info][gc] GC(984) Concurrent Sweep
[3462.265s][info][gc] GC(984) Concurrent Sweep 3.772ms
[3462.265s][info][gc] GC(984) Concurrent Reset
[3462.265s][info][gc] GC(984) Concurrent Reset 0.041ms
[3464.269s][info][gc] GC(985) Pause Initial Mark 27M->27M(29M) 0.674ms
[3464.270s][info][gc] GC(985) Concurrent Mark
[3464.285s][info][gc] GC(985) Concurrent Mark 15.863ms
[3464.286s][info][gc] GC(985) Concurrent Preclean
[3464.286s][info][gc] GC(985) Concurrent Preclean 0.151ms
[3464.286s][info][gc] GC(985) Concurrent Abortable Preclean
[3464.286s][info][gc] GC(985) Concurrent Abortable Preclean 0.018ms
[3464.295s][info][gc] GC(985) Pause Remark 27M->27M(29M) 9.361ms
[3464.295s][info][gc] GC(985) Concurrent Sweep
[3464.300s][info][gc] GC(985) Concurrent Sweep 5.061ms
[3464.301s][info][gc] GC(985) Concurrent Reset
[3464.301s][info][gc] GC(985) Concurrent Reset 0.193ms
[3466.301s][info][gc] GC(986) Pause Initial Mark 27M->27M(29M) 0.845ms
[3466.301s][info][gc] GC(986) Concurrent Mark
[3466.320s][info][gc] GC(986) Concurrent Mark 19.024ms
[3466.320s][info][gc] GC(986) Concurrent Preclean
[3466.321s][info][gc] GC(986) Concurrent Preclean 0.175ms
[3466.321s][info][gc] GC(986) Concurrent Abortable Preclean
[3466.321s][info][gc] GC(986) Concurrent Abortable Preclean 0.030ms
[3466.333s][info][gc] GC(986) Pause Remark 27M->27M(29M) 12.063ms
[3466.333s][info][gc] GC(986) Concurrent Sweep
[3466.337s][info][gc] GC(986) Concurrent Sweep 3.925ms
[3466.337s][info][gc] GC(986) Concurrent Reset
[3466.337s][info][gc] GC(986) Concurrent Reset 0.022ms
[3468.340s][info][gc] GC(987) Pause Initial Mark 27M->27M(29M) 0.720ms
[3468.340s][info][gc] GC(987) Concurrent Mark
[3468.352s][info][gc] GC(987) Concurrent Mark 11.695ms
[3468.352s][info][gc] GC(987) Concurrent Preclean
[3468.352s][info][gc] GC(987) Concurrent Preclean 0.130ms
[3468.352s][info][gc] GC(987) Concurrent Abortable Preclean
[3468.352s][info][gc] GC(987) Concurrent Abortable Preclean 0.012ms
[3468.358s][info][gc] GC(987) Pause Remark 27M->27M(29M) 5.917ms
[3468.358s][info][gc] GC(987) Concurrent Sweep
[3468.361s][info][gc] GC(987) Concurrent Sweep 3.227ms
[3468.361s][info][gc] GC(987) Concurrent Reset
[3468.361s][info][gc] GC(987) Concurrent Reset 0.019ms
[3470.364s][info][gc] GC(988) Pause Initial Mark 27M->27M(29M) 1.165ms
[3470.364s][info][gc] GC(988) Concurrent Mark
[3470.376s][info][gc] GC(988) Concurrent Mark 12.395ms
[3470.376s][info][gc] GC(988) Concurrent Preclean
[3470.377s][info][gc] GC(988) Concurrent Preclean 0.123ms
[3470.377s][info][gc] GC(988) Concurrent Abortable Preclean
[3470.377s][info][gc] GC(988) Concurrent Abortable Preclean 0.013ms
[3470.383s][info][gc] GC(988) Pause Remark 27M->27M(29M) 6.762ms
[3470.384s][info][gc] GC(988) Concurrent Sweep
[3470.386s][info][gc] GC(988) Concurrent Sweep 2.974ms
[3470.387s][info][gc] GC(988) Concurrent Reset
[3470.387s][info][gc] GC(988) Concurrent Reset 0.018ms
[3472.389s][info][gc] GC(989) Pause Initial Mark 27M->27M(29M) 0.809ms
[3472.389s][info][gc] GC(989) Concurrent Mark
[3472.398s][info][gc] GC(989) Concurrent Mark 9.278ms
[3472.398s][info][gc] GC(989) Concurrent Preclean
[3472.399s][info][gc] GC(989) Concurrent Preclean 0.109ms
[3472.399s][info][gc] GC(989) Concurrent Abortable Preclean
[3472.399s][info][gc] GC(989) Concurrent Abortable Preclean 0.012ms
[3472.404s][info][gc] GC(989) Pause Remark 27M->27M(29M) 5.142ms
[3472.404s][info][gc] GC(989) Concurrent Sweep
[3472.407s][info][gc] GC(989) Concurrent Sweep 3.126ms
[3472.407s][info][gc] GC(989) Concurrent Reset
[3472.407s][info][gc] GC(989) Concurrent Reset 0.020ms
[3474.408s][info][gc] GC(990) Pause Initial Mark 27M->27M(29M) 0.883ms
[3474.409s][info][gc] GC(990) Concurrent Mark
[3474.421s][info][gc] GC(990) Concurrent Mark 12.814ms
[3474.421s][info][gc] GC(990) Concurrent Preclean
[3474.422s][info][gc] GC(990) Concurrent Preclean 0.168ms
[3474.422s][info][gc] GC(990) Concurrent Abortable Preclean
[3474.422s][info][gc] GC(990) Concurrent Abortable Preclean 0.013ms
[3474.428s][info][gc] GC(990) Pause Remark 27M->27M(29M) 6.428ms
[3474.428s][info][gc] GC(990) Concurrent Sweep
[3474.431s][info][gc] GC(990) Concurrent Sweep 3.175ms
[3474.432s][info][gc] GC(990) Concurrent Reset
[3474.432s][info][gc] GC(990) Concurrent Reset 0.061ms
[3476.433s][info][gc] GC(991) Pause Initial Mark 27M->27M(29M) 1.071ms
[3476.433s][info][gc] GC(991) Concurrent Mark
[3476.449s][info][gc] GC(991) Concurrent Mark 16.226ms
[3476.450s][info][gc] GC(991) Concurrent Preclean
[3476.450s][info][gc] GC(991) Concurrent Preclean 0.132ms
[3476.450s][info][gc] GC(991) Concurrent Abortable Preclean
[3476.450s][info][gc] GC(991) Concurrent Abortable Preclean 0.012ms
[3476.455s][info][gc] GC(991) Pause Remark 27M->27M(29M) 5.558ms
[3476.455s][info][gc] GC(991) Concurrent Sweep
[3476.459s][info][gc] GC(991) Concurrent Sweep 3.139ms
[3476.459s][info][gc] GC(991) Concurrent Reset
[3476.459s][info][gc] GC(991) Concurrent Reset 0.019ms
[3478.459s][info][gc] GC(992) Pause Initial Mark 27M->27M(29M) 0.776ms
[3478.459s][info][gc] GC(992) Concurrent Mark
[3478.471s][info][gc] GC(992) Concurrent Mark 12.130ms
[3478.471s][info][gc] GC(992) Concurrent Preclean
[3478.471s][info][gc] GC(992) Concurrent Preclean 0.108ms
[3478.471s][info][gc] GC(992) Concurrent Abortable Preclean
[3478.471s][info][gc] GC(992) Concurrent Abortable Preclean 0.013ms
[3478.476s][info][gc] GC(992) Pause Remark 27M->27M(29M) 4.967ms
[3478.476s][info][gc] GC(992) Concurrent Sweep
[3478.479s][info][gc] GC(992) Concurrent Sweep 2.936ms
[3478.479s][info][gc] GC(992) Concurrent Reset
[3478.479s][info][gc] GC(992) Concurrent Reset 0.018ms
[3480.482s][info][gc] GC(993) Pause Initial Mark 27M->27M(29M) 1.122ms
[3480.482s][info][gc] GC(993) Concurrent Mark
[3480.495s][info][gc] GC(993) Concurrent Mark 12.696ms
[3480.495s][info][gc] GC(993) Concurrent Preclean
[3480.495s][info][gc] GC(993) Concurrent Preclean 0.202ms
[3480.495s][info][gc] GC(993) Concurrent Abortable Preclean
[3480.495s][info][gc] GC(993) Concurrent Abortable Preclean 0.016ms
[3480.501s][info][gc] GC(993) Pause Remark 27M->27M(29M) 6.052ms
[3480.501s][info][gc] GC(993) Concurrent Sweep
[3480.505s][info][gc] GC(993) Concurrent Sweep 3.325ms
[3480.505s][info][gc] GC(993) Concurrent Reset
[3480.505s][info][gc] GC(993) Concurrent Reset 0.043ms
[3482.506s][info][gc] GC(994) Pause Initial Mark 27M->27M(29M) 0.901ms
[3482.506s][info][gc] GC(994) Concurrent Mark
[3482.519s][info][gc] GC(994) Concurrent Mark 13.021ms
[3482.519s][info][gc] GC(994) Concurrent Preclean
[3482.520s][info][gc] GC(994) Concurrent Preclean 0.134ms
[3482.520s][info][gc] GC(994) Concurrent Abortable Preclean
[3482.520s][info][gc] GC(994) Concurrent Abortable Preclean 0.033ms
[3482.527s][info][gc] GC(994) Pause Remark 27M->27M(29M) 6.951ms
[3482.527s][info][gc] GC(994) Concurrent Sweep
[3482.531s][info][gc] GC(994) Concurrent Sweep 3.632ms
[3482.531s][info][gc] GC(994) Concurrent Reset
[3482.531s][info][gc] GC(994) Concurrent Reset 0.021ms
[3484.532s][info][gc] GC(995) Pause Initial Mark 27M->27M(29M) 1.081ms
[3484.532s][info][gc] GC(995) Concurrent Mark
[3484.554s][info][gc] GC(995) Concurrent Mark 22.307ms
[3484.554s][info][gc] GC(995) Concurrent Preclean
[3484.555s][info][gc] GC(995) Concurrent Preclean 0.376ms
[3484.555s][info][gc] GC(995) Concurrent Abortable Preclean
[3484.555s][info][gc] GC(995) Concurrent Abortable Preclean 0.094ms
[3484.565s][info][gc] GC(995) Pause Remark 27M->27M(29M) 9.627ms
[3484.565s][info][gc] GC(995) Concurrent Sweep
[3484.568s][info][gc] GC(995) Concurrent Sweep 3.068ms
[3484.568s][info][gc] GC(995) Concurrent Reset
[3484.568s][info][gc] GC(995) Concurrent Reset 0.018ms
[3486.572s][info][gc] GC(996) Pause Initial Mark 27M->27M(29M) 1.114ms
[3486.572s][info][gc] GC(996) Concurrent Mark
[3486.586s][info][gc] GC(996) Concurrent Mark 13.983ms
[3486.586s][info][gc] GC(996) Concurrent Preclean
[3486.586s][info][gc] GC(996) Concurrent Preclean 0.124ms
[3486.586s][info][gc] GC(996) Concurrent Abortable Preclean
[3486.586s][info][gc] GC(996) Concurrent Abortable Preclean 0.013ms
[3486.592s][info][gc] GC(996) Pause Remark 27M->27M(29M) 5.490ms
[3486.592s][info][gc] GC(996) Concurrent Sweep
[3486.595s][info][gc] GC(996) Concurrent Sweep 3.141ms
[3486.595s][info][gc] GC(996) Concurrent Reset
[3486.595s][info][gc] GC(996) Concurrent Reset 0.018ms
[3488.601s][info][gc] GC(997) Pause Initial Mark 27M->27M(29M) 1.110ms
[3488.601s][info][gc] GC(997) Concurrent Mark
[3488.613s][info][gc] GC(997) Concurrent Mark 12.058ms
[3488.613s][info][gc] GC(997) Concurrent Preclean
[3488.613s][info][gc] GC(997) Concurrent Preclean 0.118ms
[3488.613s][info][gc] GC(997) Concurrent Abortable Preclean
[3488.613s][info][gc] GC(997) Concurrent Abortable Preclean 0.014ms
[3488.619s][info][gc] GC(997) Pause Remark 27M->27M(29M) 5.810ms
[3488.619s][info][gc] GC(997) Concurrent Sweep
[3488.623s][info][gc] GC(997) Concurrent Sweep 3.239ms
[3488.623s][info][gc] GC(997) Concurrent Reset
[3488.623s][info][gc] GC(997) Concurrent Reset 0.020ms
[3490.627s][info][gc] GC(998) Pause Initial Mark 27M->27M(29M) 0.922ms
[3490.628s][info][gc] GC(998) Concurrent Mark
[3490.646s][info][gc] GC(998) Concurrent Mark 18.163ms
[3490.646s][info][gc] GC(998) Concurrent Preclean
[3490.646s][info][gc] GC(998) Concurrent Preclean 0.161ms
[3490.646s][info][gc] GC(998) Concurrent Abortable Preclean
[3490.646s][info][gc] GC(998) Concurrent Abortable Preclean 0.014ms
[3490.659s][info][gc] GC(998) Pause Remark 27M->27M(29M) 12.125ms
[3490.659s][info][gc] GC(998) Concurrent Sweep
[3490.663s][info][gc] GC(998) Concurrent Sweep 4.529ms
[3490.663s][info][gc] GC(998) Concurrent Reset
[3490.663s][info][gc] GC(998) Concurrent Reset 0.074ms
[3492.664s][info][gc] GC(999) Pause Initial Mark 27M->27M(29M) 1.091ms
[3492.665s][info][gc] GC(999) Concurrent Mark
[3492.678s][info][gc] GC(999) Concurrent Mark 13.619ms
[3492.678s][info][gc] GC(999) Concurrent Preclean
[3492.678s][info][gc] GC(999) Concurrent Preclean 0.121ms
[3492.678s][info][gc] GC(999) Concurrent Abortable Preclean
[3492.678s][info][gc] GC(999) Concurrent Abortable Preclean 0.012ms
[3492.686s][info][gc] GC(999) Pause Remark 27M->27M(29M) 7.337ms
[3492.686s][info][gc] GC(999) Concurrent Sweep
[3492.689s][info][gc] GC(999) Concurrent Sweep 3.166ms
[3492.689s][info][gc] GC(999) Concurrent Reset
[3492.689s][info][gc] GC(999) Concurrent Reset 0.020ms
[3494.695s][info][gc] GC(1000) Pause Initial Mark 27M->27M(29M) 1.368ms
[3494.695s][info][gc] GC(1000) Concurrent Mark
[3494.706s][info][gc] GC(1000) Concurrent Mark 11.261ms
[3494.706s][info][gc] GC(1000) Concurrent Preclean
[3494.706s][info][gc] GC(1000) Concurrent Preclean 0.121ms
[3494.706s][info][gc] GC(1000) Concurrent Abortable Preclean
[3494.706s][info][gc] GC(1000) Concurrent Abortable Preclean 0.013ms
[3494.714s][info][gc] GC(1000) Pause Remark 27M->27M(29M) 7.344ms
[3494.714s][info][gc] GC(1000) Concurrent Sweep
[3494.717s][info][gc] GC(1000) Concurrent Sweep 3.079ms
[3494.717s][info][gc] GC(1000) Concurrent Reset
[3494.717s][info][gc] GC(1000) Concurrent Reset 0.019ms
[3496.721s][info][gc] GC(1001) Pause Initial Mark 27M->27M(29M) 1.118ms
[3496.721s][info][gc] GC(1001) Concurrent Mark
[3496.734s][info][gc] GC(1001) Concurrent Mark 13.058ms
[3496.734s][info][gc] GC(1001) Concurrent Preclean
[3496.735s][info][gc] GC(1001) Concurrent Preclean 0.121ms
[3496.735s][info][gc] GC(1001) Concurrent Abortable Preclean
[3496.735s][info][gc] GC(1001) Concurrent Abortable Preclean 0.014ms
[3496.744s][info][gc] GC(1001) Pause Remark 27M->27M(29M) 9.343ms
[3496.744s][info][gc] GC(1001) Concurrent Sweep
[3496.748s][info][gc] GC(1001) Concurrent Sweep 3.370ms
[3496.748s][info][gc] GC(1001) Concurrent Reset
[3496.748s][info][gc] GC(1001) Concurrent Reset 0.032ms
[3498.750s][info][gc] GC(1002) Pause Initial Mark 27M->27M(29M) 1.395ms
[3498.750s][info][gc] GC(1002) Concurrent Mark
[3498.762s][info][gc] GC(1002) Concurrent Mark 12.470ms
[3498.762s][info][gc] GC(1002) Concurrent Preclean
[3498.762s][info][gc] GC(1002) Concurrent Preclean 0.122ms
[3498.762s][info][gc] GC(1002) Concurrent Abortable Preclean
[3498.762s][info][gc] GC(1002) Concurrent Abortable Preclean 0.014ms
[3498.769s][info][gc] GC(1002) Pause Remark 27M->27M(29M) 6.694ms
[3498.769s][info][gc] GC(1002) Concurrent Sweep
[3498.773s][info][gc] GC(1002) Concurrent Sweep 3.508ms
[3498.773s][info][gc] GC(1002) Concurrent Reset
[3498.773s][info][gc] GC(1002) Concurrent Reset 0.026ms
[3500.775s][info][gc] GC(1003) Pause Initial Mark 27M->27M(29M) 0.837ms
[3500.775s][info][gc] GC(1003) Concurrent Mark
[3500.786s][info][gc] GC(1003) Concurrent Mark 11.504ms
[3500.786s][info][gc] GC(1003) Concurrent Preclean
[3500.786s][info][gc] GC(1003) Concurrent Preclean 0.156ms
[3500.786s][info][gc] GC(1003) Concurrent Abortable Preclean
[3500.786s][info][gc] GC(1003) Concurrent Abortable Preclean 0.012ms
[3500.793s][info][gc] GC(1003) Pause Remark 27M->27M(29M) 6.312ms
[3500.793s][info][gc] GC(1003) Concurrent Sweep
[3500.796s][info][gc] GC(1003) Concurrent Sweep 3.098ms
[3500.796s][info][gc] GC(1003) Concurrent Reset
[3500.796s][info][gc] GC(1003) Concurrent Reset 0.020ms
[3502.800s][info][gc] GC(1004) Pause Initial Mark 27M->27M(29M) 2.125ms
[3502.800s][info][gc] GC(1004) Concurrent Mark
[3502.820s][info][gc] GC(1004) Concurrent Mark 20.052ms
[3502.820s][info][gc] GC(1004) Concurrent Preclean
[3502.820s][info][gc] GC(1004) Concurrent Preclean 0.141ms
[3502.820s][info][gc] GC(1004) Concurrent Abortable Preclean
[3502.820s][info][gc] GC(1004) Concurrent Abortable Preclean 0.039ms
[3502.844s][info][gc] GC(1004) Pause Remark 27M->27M(29M) 22.966ms
[3502.844s][info][gc] GC(1004) Concurrent Sweep
[3502.850s][info][gc] GC(1004) Concurrent Sweep 6.386ms
[3502.850s][info][gc] GC(1004) Concurrent Reset
[3502.850s][info][gc] GC(1004) Concurrent Reset 0.026ms
[3504.853s][info][gc] GC(1005) Pause Initial Mark 27M->27M(29M) 1.148ms
[3504.853s][info][gc] GC(1005) Concurrent Mark
[3504.867s][info][gc] GC(1005) Concurrent Mark 13.199ms
[3504.867s][info][gc] GC(1005) Concurrent Preclean
[3504.867s][info][gc] GC(1005) Concurrent Preclean 0.124ms
[3504.867s][info][gc] GC(1005) Concurrent Abortable Preclean
[3504.867s][info][gc] GC(1005) Concurrent Abortable Preclean 0.014ms
[3504.872s][info][gc] GC(1005) Pause Remark 27M->27M(29M) 5.657ms
[3504.873s][info][gc] GC(1005) Concurrent Sweep
[3504.876s][info][gc] GC(1005) Concurrent Sweep 3.247ms
[3504.876s][info][gc] GC(1005) Concurrent Reset
[3504.876s][info][gc] GC(1005) Concurrent Reset 0.020ms
[3506.881s][info][gc] GC(1006) Pause Initial Mark 27M->27M(29M) 1.156ms
[3506.881s][info][gc] GC(1006) Concurrent Mark
[3506.893s][info][gc] GC(1006) Concurrent Mark 12.056ms
[3506.893s][info][gc] GC(1006) Concurrent Preclean
[3506.893s][info][gc] GC(1006) Concurrent Preclean 0.121ms
[3506.893s][info][gc] GC(1006) Concurrent Abortable Preclean
[3506.893s][info][gc] GC(1006) Concurrent Abortable Preclean 0.014ms
[3506.899s][info][gc] GC(1006) Pause Remark 27M->27M(29M) 5.653ms
[3506.899s][info][gc] GC(1006) Concurrent Sweep
[3506.903s][info][gc] GC(1006) Concurrent Sweep 3.289ms
[3506.903s][info][gc] GC(1006) Concurrent Reset
[3506.903s][info][gc] GC(1006) Concurrent Reset 0.022ms
[3508.905s][info][gc] GC(1007) Pause Initial Mark 27M->27M(29M) 1.141ms
[3508.905s][info][gc] GC(1007) Concurrent Mark
[3508.917s][info][gc] GC(1007) Concurrent Mark 11.948ms
[3508.917s][info][gc] GC(1007) Concurrent Preclean
[3508.918s][info][gc] GC(1007) Concurrent Preclean 0.120ms
[3508.918s][info][gc] GC(1007) Concurrent Abortable Preclean
[3508.918s][info][gc] GC(1007) Concurrent Abortable Preclean 0.014ms
[3508.924s][info][gc] GC(1007) Pause Remark 27M->27M(29M) 5.909ms
[3508.924s][info][gc] GC(1007) Concurrent Sweep
[3508.927s][info][gc] GC(1007) Concurrent Sweep 3.396ms
[3508.927s][info][gc] GC(1007) Concurrent Reset
[3508.927s][info][gc] GC(1007) Concurrent Reset 0.022ms
[3510.931s][info][gc] GC(1008) Pause Initial Mark 27M->27M(29M) 1.209ms
[3510.931s][info][gc] GC(1008) Concurrent Mark
[3510.943s][info][gc] GC(1008) Concurrent Mark 12.002ms
[3510.943s][info][gc] GC(1008) Concurrent Preclean
[3510.943s][info][gc] GC(1008) Concurrent Preclean 0.141ms
[3510.943s][info][gc] GC(1008) Concurrent Abortable Preclean
[3510.943s][info][gc] GC(1008) Concurrent Abortable Preclean 0.015ms
[3510.949s][info][gc] GC(1008) Pause Remark 27M->27M(29M) 5.598ms
[3510.949s][info][gc] GC(1008) Concurrent Sweep
[3510.952s][info][gc] GC(1008) Concurrent Sweep 3.524ms
[3510.952s][info][gc] GC(1008) Concurrent Reset
[3510.952s][info][gc] GC(1008) Concurrent Reset 0.020ms
[3512.956s][info][gc] GC(1009) Pause Initial Mark 27M->27M(29M) 1.177ms
[3512.956s][info][gc] GC(1009) Concurrent Mark
[3512.968s][info][gc] GC(1009) Concurrent Mark 11.947ms
[3512.968s][info][gc] GC(1009) Concurrent Preclean
[3512.968s][info][gc] GC(1009) Concurrent Preclean 0.135ms
[3512.968s][info][gc] GC(1009) Concurrent Abortable Preclean
[3512.968s][info][gc] GC(1009) Concurrent Abortable Preclean 0.015ms
[3512.974s][info][gc] GC(1009) Pause Remark 27M->27M(29M) 5.803ms
[3512.974s][info][gc] GC(1009) Concurrent Sweep
[3512.977s][info][gc] GC(1009) Concurrent Sweep 3.139ms
[3512.977s][info][gc] GC(1009) Concurrent Reset
[3512.977s][info][gc] GC(1009) Concurrent Reset 0.019ms
[3514.981s][info][gc] GC(1010) Pause Initial Mark 27M->27M(29M) 1.212ms
[3514.981s][info][gc] GC(1010) Concurrent Mark
[3514.993s][info][gc] GC(1010) Concurrent Mark 12.053ms
[3514.993s][info][gc] GC(1010) Concurrent Preclean
[3514.993s][info][gc] GC(1010) Concurrent Preclean 0.139ms
[3514.993s][info][gc] GC(1010) Concurrent Abortable Preclean
[3514.993s][info][gc] GC(1010) Concurrent Abortable Preclean 0.015ms
[3514.999s][info][gc] GC(1010) Pause Remark 27M->27M(29M) 5.627ms
[3514.999s][info][gc] GC(1010) Concurrent Sweep
[3515.002s][info][gc] GC(1010) Concurrent Sweep 3.206ms
[3515.002s][info][gc] GC(1010) Concurrent Reset
[3515.002s][info][gc] GC(1010) Concurrent Reset 0.032ms
[3517.007s][info][gc] GC(1011) Pause Initial Mark 27M->27M(29M) 1.182ms
[3517.007s][info][gc] GC(1011) Concurrent Mark
[3517.020s][info][gc] GC(1011) Concurrent Mark 12.197ms
[3517.020s][info][gc] GC(1011) Concurrent Preclean
[3517.020s][info][gc] GC(1011) Concurrent Preclean 0.132ms
[3517.020s][info][gc] GC(1011) Concurrent Abortable Preclean
[3517.020s][info][gc] GC(1011) Concurrent Abortable Preclean 0.015ms
[3517.026s][info][gc] GC(1011) Pause Remark 27M->27M(29M) 6.501ms
[3517.027s][info][gc] GC(1011) Concurrent Sweep
[3517.030s][info][gc] GC(1011) Concurrent Sweep 3.024ms
[3517.030s][info][gc] GC(1011) Concurrent Reset
[3517.030s][info][gc] GC(1011) Concurrent Reset 0.018ms
[3519.030s][info][gc] GC(1012) Pause Initial Mark 27M->27M(29M) 0.859ms
[3519.031s][info][gc] GC(1012) Concurrent Mark
[3519.042s][info][gc] GC(1012) Concurrent Mark 11.817ms
[3519.042s][info][gc] GC(1012) Concurrent Preclean
[3519.043s][info][gc] GC(1012) Concurrent Preclean 0.140ms
[3519.043s][info][gc] GC(1012) Concurrent Abortable Preclean
[3519.043s][info][gc] GC(1012) Concurrent Abortable Preclean 0.015ms
[3519.048s][info][gc] GC(1012) Pause Remark 27M->27M(29M) 5.584ms
[3519.048s][info][gc] GC(1012) Concurrent Sweep
[3519.052s][info][gc] GC(1012) Concurrent Sweep 3.216ms
[3519.052s][info][gc] GC(1012) Concurrent Reset
[3519.052s][info][gc] GC(1012) Concurrent Reset 0.019ms
[3521.054s][info][gc] GC(1013) Pause Initial Mark 27M->27M(29M) 1.118ms
[3521.054s][info][gc] GC(1013) Concurrent Mark
[3521.066s][info][gc] GC(1013) Concurrent Mark 12.383ms
[3521.066s][info][gc] GC(1013) Concurrent Preclean
[3521.066s][info][gc] GC(1013) Concurrent Preclean 0.133ms
[3521.066s][info][gc] GC(1013) Concurrent Abortable Preclean
[3521.066s][info][gc] GC(1013) Concurrent Abortable Preclean 0.014ms
[3521.075s][info][gc] GC(1013) Pause Remark 27M->27M(29M) 8.309ms
[3521.075s][info][gc] GC(1013) Concurrent Sweep
[3521.078s][info][gc] GC(1013) Concurrent Sweep 3.372ms
[3521.078s][info][gc] GC(1013) Concurrent Reset
[3521.078s][info][gc] GC(1013) Concurrent Reset 0.021ms
[3523.082s][info][gc] GC(1014) Pause Initial Mark 27M->27M(29M) 0.790ms
[3523.082s][info][gc] GC(1014) Concurrent Mark
[3523.096s][info][gc] GC(1014) Concurrent Mark 13.739ms
[3523.096s][info][gc] GC(1014) Concurrent Preclean
[3523.096s][info][gc] GC(1014) Concurrent Preclean 0.125ms
[3523.096s][info][gc] GC(1014) Concurrent Abortable Preclean
[3523.096s][info][gc] GC(1014) Concurrent Abortable Preclean 0.012ms
[3523.104s][info][gc] GC(1014) Pause Remark 27M->27M(29M) 8.502ms
[3523.105s][info][gc] GC(1014) Concurrent Sweep
[3523.108s][info][gc] GC(1014) Concurrent Sweep 3.265ms
[3523.108s][info][gc] GC(1014) Concurrent Reset
[3523.108s][info][gc] GC(1014) Concurrent Reset 0.022ms
[3525.109s][info][gc] GC(1015) Pause Initial Mark 27M->27M(29M) 0.695ms
[3525.109s][info][gc] GC(1015) Concurrent Mark
[3525.120s][info][gc] GC(1015) Concurrent Mark 11.037ms
[3525.120s][info][gc] GC(1015) Concurrent Preclean
[3525.120s][info][gc] GC(1015) Concurrent Preclean 0.112ms
[3525.120s][info][gc] GC(1015) Concurrent Abortable Preclean
[3525.120s][info][gc] GC(1015) Concurrent Abortable Preclean 0.012ms
[3525.126s][info][gc] GC(1015) Pause Remark 27M->27M(29M) 5.361ms
[3525.126s][info][gc] GC(1015) Concurrent Sweep
[3525.129s][info][gc] GC(1015) Concurrent Sweep 3.134ms
[3525.129s][info][gc] GC(1015) Concurrent Reset
[3525.129s][info][gc] GC(1015) Concurrent Reset 0.018ms
[3527.134s][info][gc] GC(1016) Pause Initial Mark 27M->27M(29M) 1.464ms
[3527.134s][info][gc] GC(1016) Concurrent Mark
[3527.150s][info][gc] GC(1016) Concurrent Mark 15.370ms
[3527.150s][info][gc] GC(1016) Concurrent Preclean
[3527.150s][info][gc] GC(1016) Concurrent Preclean 0.164ms
[3527.150s][info][gc] GC(1016) Concurrent Abortable Preclean
[3527.150s][info][gc] GC(1016) Concurrent Abortable Preclean 0.020ms
[3527.156s][info][gc] GC(1016) Pause Remark 27M->27M(29M) 5.304ms
[3527.156s][info][gc] GC(1016) Concurrent Sweep
[3527.159s][info][gc] GC(1016) Concurrent Sweep 3.173ms
[3527.159s][info][gc] GC(1016) Concurrent Reset
[3527.159s][info][gc] GC(1016) Concurrent Reset 0.019ms
[3529.162s][info][gc] GC(1017) Pause Initial Mark 27M->27M(29M) 1.279ms
[3529.162s][info][gc] GC(1017) Concurrent Mark
[3529.176s][info][gc] GC(1017) Concurrent Mark 13.723ms
[3529.176s][info][gc] GC(1017) Concurrent Preclean
[3529.176s][info][gc] GC(1017) Concurrent Preclean 0.136ms
[3529.176s][info][gc] GC(1017) Concurrent Abortable Preclean
[3529.176s][info][gc] GC(1017) Concurrent Abortable Preclean 0.014ms
[3529.187s][info][gc] GC(1017) Pause Remark 27M->27M(29M) 10.655ms
[3529.187s][info][gc] GC(1017) Concurrent Sweep
[3529.192s][info][gc] GC(1017) Concurrent Sweep 5.445ms
[3529.193s][info][gc] GC(1017) Concurrent Reset
[3529.193s][info][gc] GC(1017) Concurrent Reset 0.025ms
[3531.194s][info][gc] GC(1018) Pause Initial Mark 27M->27M(29M) 0.862ms
[3531.195s][info][gc] GC(1018) Concurrent Mark
[3531.207s][info][gc] GC(1018) Concurrent Mark 12.114ms
[3531.207s][info][gc] GC(1018) Concurrent Preclean
[3531.207s][info][gc] GC(1018) Concurrent Preclean 0.191ms
[3531.207s][info][gc] GC(1018) Concurrent Abortable Preclean
[3531.207s][info][gc] GC(1018) Concurrent Abortable Preclean 0.015ms
[3531.217s][info][gc] GC(1018) Pause Remark 27M->27M(29M) 9.598ms
[3531.217s][info][gc] GC(1018) Concurrent Sweep
[3531.220s][info][gc] GC(1018) Concurrent Sweep 3.553ms
[3531.220s][info][gc] GC(1018) Concurrent Reset
[3531.220s][info][gc] GC(1018) Concurrent Reset 0.030ms
[3533.223s][info][gc] GC(1019) Pause Initial Mark 27M->27M(29M) 0.750ms
[3533.223s][info][gc] GC(1019) Concurrent Mark
[3533.236s][info][gc] GC(1019) Concurrent Mark 12.237ms
[3533.236s][info][gc] GC(1019) Concurrent Preclean
[3533.236s][info][gc] GC(1019) Concurrent Preclean 0.145ms
[3533.236s][info][gc] GC(1019) Concurrent Abortable Preclean
[3533.236s][info][gc] GC(1019) Concurrent Abortable Preclean 0.014ms
[3533.241s][info][gc] GC(1019) Pause Remark 27M->27M(29M) 5.345ms
[3533.242s][info][gc] GC(1019) Concurrent Sweep
[3533.245s][info][gc] GC(1019) Concurrent Sweep 3.565ms
[3533.245s][info][gc] GC(1019) Concurrent Reset
[3533.245s][info][gc] GC(1019) Concurrent Reset 0.022ms
[3535.247s][info][gc] GC(1020) Pause Initial Mark 27M->27M(29M) 0.871ms
[3535.247s][info][gc] GC(1020) Concurrent Mark
[3535.260s][info][gc] GC(1020) Concurrent Mark 13.037ms
[3535.260s][info][gc] GC(1020) Concurrent Preclean
[3535.260s][info][gc] GC(1020) Concurrent Preclean 0.127ms
[3535.260s][info][gc] GC(1020) Concurrent Abortable Preclean
[3535.260s][info][gc] GC(1020) Concurrent Abortable Preclean 0.014ms
[3535.266s][info][gc] GC(1020) Pause Remark 27M->27M(29M) 5.379ms
[3535.266s][info][gc] GC(1020) Concurrent Sweep
[3535.270s][info][gc] GC(1020) Concurrent Sweep 3.954ms
[3535.270s][info][gc] GC(1020) Concurrent Reset
[3535.270s][info][gc] GC(1020) Concurrent Reset 0.035ms
[3537.271s][info][gc] GC(1021) Pause Initial Mark 27M->27M(29M) 0.871ms
[3537.271s][info][gc] GC(1021) Concurrent Mark
[3537.283s][info][gc] GC(1021) Concurrent Mark 12.849ms
[3537.284s][info][gc] GC(1021) Concurrent Preclean
[3537.284s][info][gc] GC(1021) Concurrent Preclean 0.195ms
[3537.284s][info][gc] GC(1021) Concurrent Abortable Preclean
[3537.284s][info][gc] GC(1021) Concurrent Abortable Preclean 0.020ms
[3537.290s][info][gc] GC(1021) Pause Remark 27M->27M(29M) 5.707ms
[3537.290s][info][gc] GC(1021) Concurrent Sweep
[3537.293s][info][gc] GC(1021) Concurrent Sweep 3.302ms
[3537.293s][info][gc] GC(1021) Concurrent Reset
[3537.293s][info][gc] GC(1021) Concurrent Reset 0.022ms
[3539.295s][info][gc] GC(1022) Pause Initial Mark 27M->27M(29M) 1.191ms
[3539.295s][info][gc] GC(1022) Concurrent Mark
[3539.309s][info][gc] GC(1022) Concurrent Mark 14.192ms
[3539.309s][info][gc] GC(1022) Concurrent Preclean
[3539.309s][info][gc] GC(1022) Concurrent Preclean 0.123ms
[3539.309s][info][gc] GC(1022) Concurrent Abortable Preclean
[3539.309s][info][gc] GC(1022) Concurrent Abortable Preclean 0.014ms
[3539.315s][info][gc] GC(1022) Pause Remark 27M->27M(29M) 5.537ms
[3539.315s][info][gc] GC(1022) Concurrent Sweep
[3539.318s][info][gc] GC(1022) Concurrent Sweep 3.576ms
[3539.319s][info][gc] GC(1022) Concurrent Reset
[3539.319s][info][gc] GC(1022) Concurrent Reset 0.023ms
[3541.324s][info][gc] GC(1023) Pause Initial Mark 27M->27M(29M) 1.134ms
[3541.324s][info][gc] GC(1023) Concurrent Mark
[3541.338s][info][gc] GC(1023) Concurrent Mark 13.930ms
[3541.338s][info][gc] GC(1023) Concurrent Preclean
[3541.338s][info][gc] GC(1023) Concurrent Preclean 0.130ms
[3541.338s][info][gc] GC(1023) Concurrent Abortable Preclean
[3541.338s][info][gc] GC(1023) Concurrent Abortable Preclean 0.014ms
[3541.344s][info][gc] GC(1023) Pause Remark 27M->27M(29M) 5.775ms
[3541.344s][info][gc] GC(1023) Concurrent Sweep
[3541.347s][info][gc] GC(1023) Concurrent Sweep 3.132ms
[3541.347s][info][gc] GC(1023) Concurrent Reset
[3541.347s][info][gc] GC(1023) Concurrent Reset 0.018ms
[3543.348s][info][gc] GC(1024) Pause Initial Mark 27M->27M(29M) 1.010ms
[3543.348s][info][gc] GC(1024) Concurrent Mark
[3543.362s][info][gc] GC(1024) Concurrent Mark 13.549ms
[3543.362s][info][gc] GC(1024) Concurrent Preclean
[3543.362s][info][gc] GC(1024) Concurrent Preclean 0.128ms
[3543.362s][info][gc] GC(1024) Concurrent Abortable Preclean
[3543.362s][info][gc] GC(1024) Concurrent Abortable Preclean 0.014ms
[3543.371s][info][gc] GC(1024) Pause Remark 27M->27M(29M) 8.923ms
[3543.371s][info][gc] GC(1024) Concurrent Sweep
[3543.375s][info][gc] GC(1024) Concurrent Sweep 4.102ms
[3543.376s][info][gc] GC(1024) Concurrent Reset
[3543.376s][info][gc] GC(1024) Concurrent Reset 0.023ms
[3545.380s][info][gc] GC(1025) Pause Initial Mark 27M->27M(29M) 0.643ms
[3545.380s][info][gc] GC(1025) Concurrent Mark
[3545.392s][info][gc] GC(1025) Concurrent Mark 12.201ms
[3545.392s][info][gc] GC(1025) Concurrent Preclean
[3545.392s][info][gc] GC(1025) Concurrent Preclean 0.135ms
[3545.392s][info][gc] GC(1025) Concurrent Abortable Preclean
[3545.392s][info][gc] GC(1025) Concurrent Abortable Preclean 0.010ms
[3545.398s][info][gc] GC(1025) Pause Remark 27M->27M(29M) 5.641ms
[3545.398s][info][gc] GC(1025) Concurrent Sweep
[3545.402s][info][gc] GC(1025) Concurrent Sweep 3.935ms
[3545.402s][info][gc] GC(1025) Concurrent Reset
[3545.402s][info][gc] GC(1025) Concurrent Reset 0.019ms
[3547.404s][info][gc] GC(1026) Pause Initial Mark 27M->27M(29M) 2.213ms
[3547.404s][info][gc] GC(1026) Concurrent Mark
[3547.418s][info][gc] GC(1026) Concurrent Mark 14.086ms
[3547.418s][info][gc] GC(1026) Concurrent Preclean
[3547.418s][info][gc] GC(1026) Concurrent Preclean 0.177ms
[3547.418s][info][gc] GC(1026) Concurrent Abortable Preclean
[3547.418s][info][gc] GC(1026) Concurrent Abortable Preclean 0.013ms
[3547.428s][info][gc] GC(1026) Pause Remark 27M->27M(29M) 8.950ms
[3547.428s][info][gc] GC(1026) Concurrent Sweep
[3547.431s][info][gc] GC(1026) Concurrent Sweep 3.348ms
[3547.431s][info][gc] GC(1026) Concurrent Reset
[3547.431s][info][gc] GC(1026) Concurrent Reset 0.018ms
[3549.435s][info][gc] GC(1027) Pause Initial Mark 27M->27M(29M) 1.314ms
[3549.435s][info][gc] GC(1027) Concurrent Mark
[3549.448s][info][gc] GC(1027) Concurrent Mark 12.569ms
[3549.448s][info][gc] GC(1027) Concurrent Preclean
[3549.448s][info][gc] GC(1027) Concurrent Preclean 0.132ms
[3549.448s][info][gc] GC(1027) Concurrent Abortable Preclean
[3549.448s][info][gc] GC(1027) Concurrent Abortable Preclean 0.013ms
[3549.456s][info][gc] GC(1027) Pause Remark 27M->27M(29M) 7.598ms
[3549.456s][info][gc] GC(1027) Concurrent Sweep
[3549.459s][info][gc] GC(1027) Concurrent Sweep 3.068ms
[3549.459s][info][gc] GC(1027) Concurrent Reset
[3549.459s][info][gc] GC(1027) Concurrent Reset 0.017ms
[3551.463s][info][gc] GC(1028) Pause Initial Mark 27M->27M(29M) 1.006ms
[3551.463s][info][gc] GC(1028) Concurrent Mark
[3551.477s][info][gc] GC(1028) Concurrent Mark 14.414ms
[3551.477s][info][gc] GC(1028) Concurrent Preclean
[3551.478s][info][gc] GC(1028) Concurrent Preclean 0.229ms
[3551.478s][info][gc] GC(1028) Concurrent Abortable Preclean
[3551.478s][info][gc] GC(1028) Concurrent Abortable Preclean 0.012ms
[3551.486s][info][gc] GC(1028) Pause Remark 27M->27M(29M) 8.114ms
[3551.486s][info][gc] GC(1028) Concurrent Sweep
[3551.490s][info][gc] GC(1028) Concurrent Sweep 3.527ms
[3551.490s][info][gc] GC(1028) Concurrent Reset
[3551.490s][info][gc] GC(1028) Concurrent Reset 0.019ms
[3553.491s][info][gc] GC(1029) Pause Initial Mark 27M->27M(29M) 1.204ms
[3553.491s][info][gc] GC(1029) Concurrent Mark
[3553.504s][info][gc] GC(1029) Concurrent Mark 13.039ms
[3553.505s][info][gc] GC(1029) Concurrent Preclean
[3553.505s][info][gc] GC(1029) Concurrent Preclean 0.142ms
[3553.505s][info][gc] GC(1029) Concurrent Abortable Preclean
[3553.505s][info][gc] GC(1029) Concurrent Abortable Preclean 0.011ms
[3553.511s][info][gc] GC(1029) Pause Remark 27M->27M(29M) 6.610ms
[3553.512s][info][gc] GC(1029) Concurrent Sweep
[3553.515s][info][gc] GC(1029) Concurrent Sweep 3.243ms
[3553.515s][info][gc] GC(1029) Concurrent Reset
[3553.515s][info][gc] GC(1029) Concurrent Reset 0.016ms
[3555.520s][info][gc] GC(1030) Pause Initial Mark 27M->27M(29M) 0.840ms
[3555.520s][info][gc] GC(1030) Concurrent Mark
[3555.533s][info][gc] GC(1030) Concurrent Mark 13.744ms
[3555.533s][info][gc] GC(1030) Concurrent Preclean
[3555.534s][info][gc] GC(1030) Concurrent Preclean 0.128ms
[3555.534s][info][gc] GC(1030) Concurrent Abortable Preclean
[3555.534s][info][gc] GC(1030) Concurrent Abortable Preclean 0.010ms
[3555.540s][info][gc] GC(1030) Pause Remark 27M->27M(29M) 6.163ms
[3555.540s][info][gc] GC(1030) Concurrent Sweep
[3555.543s][info][gc] GC(1030) Concurrent Sweep 3.146ms
[3555.543s][info][gc] GC(1030) Concurrent Reset
[3555.543s][info][gc] GC(1030) Concurrent Reset 0.017ms
[3557.549s][info][gc] GC(1031) Pause Initial Mark 27M->27M(29M) 1.424ms
[3557.549s][info][gc] GC(1031) Concurrent Mark
[3557.564s][info][gc] GC(1031) Concurrent Mark 14.768ms
[3557.564s][info][gc] GC(1031) Concurrent Preclean
[3557.564s][info][gc] GC(1031) Concurrent Preclean 0.119ms
[3557.564s][info][gc] GC(1031) Concurrent Abortable Preclean
[3557.564s][info][gc] GC(1031) Concurrent Abortable Preclean 0.011ms
[3557.571s][info][gc] GC(1031) Pause Remark 27M->27M(29M) 6.826ms
[3557.571s][info][gc] GC(1031) Concurrent Sweep
[3557.575s][info][gc] GC(1031) Concurrent Sweep 3.410ms
[3557.575s][info][gc] GC(1031) Concurrent Reset
[3557.575s][info][gc] GC(1031) Concurrent Reset 0.029ms
[3559.579s][info][gc] GC(1032) Pause Initial Mark 27M->27M(29M) 0.666ms
[3559.579s][info][gc] GC(1032) Concurrent Mark
[3559.592s][info][gc] GC(1032) Concurrent Mark 12.769ms
[3559.592s][info][gc] GC(1032) Concurrent Preclean
[3559.592s][info][gc] GC(1032) Concurrent Preclean 0.119ms
[3559.592s][info][gc] GC(1032) Concurrent Abortable Preclean
[3559.592s][info][gc] GC(1032) Concurrent Abortable Preclean 0.012ms
[3559.598s][info][gc] GC(1032) Pause Remark 27M->27M(29M) 5.952ms
[3559.598s][info][gc] GC(1032) Concurrent Sweep
[3559.603s][info][gc] GC(1032) Concurrent Sweep 4.883ms
[3559.603s][info][gc] GC(1032) Concurrent Reset
[3559.603s][info][gc] GC(1032) Concurrent Reset 0.023ms
[3561.604s][info][gc] GC(1033) Pause Initial Mark 27M->27M(29M) 0.826ms
[3561.604s][info][gc] GC(1033) Concurrent Mark
[3561.615s][info][gc] GC(1033) Concurrent Mark 11.223ms
[3561.615s][info][gc] GC(1033) Concurrent Preclean
[3561.616s][info][gc] GC(1033) Concurrent Preclean 0.119ms
[3561.616s][info][gc] GC(1033) Concurrent Abortable Preclean
[3561.616s][info][gc] GC(1033) Concurrent Abortable Preclean 0.012ms
[3561.622s][info][gc] GC(1033) Pause Remark 27M->27M(29M) 6.501ms
[3561.622s][info][gc] GC(1033) Concurrent Sweep
[3561.626s][info][gc] GC(1033) Concurrent Sweep 3.249ms
[3561.626s][info][gc] GC(1033) Concurrent Reset
[3561.626s][info][gc] GC(1033) Concurrent Reset 0.020ms
[3563.629s][info][gc] GC(1034) Pause Initial Mark 27M->27M(29M) 0.926ms
[3563.629s][info][gc] GC(1034) Concurrent Mark
[3563.642s][info][gc] GC(1034) Concurrent Mark 12.680ms
[3563.642s][info][gc] GC(1034) Concurrent Preclean
[3563.642s][info][gc] GC(1034) Concurrent Preclean 0.123ms
[3563.642s][info][gc] GC(1034) Concurrent Abortable Preclean
[3563.642s][info][gc] GC(1034) Concurrent Abortable Preclean 0.013ms
[3563.648s][info][gc] GC(1034) Pause Remark 27M->27M(29M) 5.347ms
[3563.648s][info][gc] GC(1034) Concurrent Sweep
[3563.651s][info][gc] GC(1034) Concurrent Sweep 3.567ms
[3563.651s][info][gc] GC(1034) Concurrent Reset
[3563.651s][info][gc] GC(1034) Concurrent Reset 0.023ms
[3565.652s][info][gc] GC(1035) Pause Initial Mark 27M->27M(29M) 1.231ms
[3565.652s][info][gc] GC(1035) Concurrent Mark
[3565.665s][info][gc] GC(1035) Concurrent Mark 12.186ms
[3565.665s][info][gc] GC(1035) Concurrent Preclean
[3565.665s][info][gc] GC(1035) Concurrent Preclean 0.123ms
[3565.665s][info][gc] GC(1035) Concurrent Abortable Preclean
[3565.665s][info][gc] GC(1035) Concurrent Abortable Preclean 0.012ms
[3565.672s][info][gc] GC(1035) Pause Remark 27M->27M(29M) 6.788ms
[3565.672s][info][gc] GC(1035) Concurrent Sweep
[3565.675s][info][gc] GC(1035) Concurrent Sweep 3.067ms
[3565.675s][info][gc] GC(1035) Concurrent Reset
[3565.675s][info][gc] GC(1035) Concurrent Reset 0.020ms
[3567.680s][info][gc] GC(1036) Pause Initial Mark 27M->27M(29M) 1.448ms
[3567.680s][info][gc] GC(1036) Concurrent Mark
[3567.694s][info][gc] GC(1036) Concurrent Mark 13.828ms
[3567.694s][info][gc] GC(1036) Concurrent Preclean
[3567.694s][info][gc] GC(1036) Concurrent Preclean 0.119ms
[3567.694s][info][gc] GC(1036) Concurrent Abortable Preclean
[3567.694s][info][gc] GC(1036) Concurrent Abortable Preclean 0.014ms
[3567.700s][info][gc] GC(1036) Pause Remark 27M->27M(29M) 5.913ms
[3567.700s][info][gc] GC(1036) Concurrent Sweep
[3567.704s][info][gc] GC(1036) Concurrent Sweep 3.545ms
[3567.704s][info][gc] GC(1036) Concurrent Reset
[3567.704s][info][gc] GC(1036) Concurrent Reset 0.020ms
[3569.709s][info][gc] GC(1037) Pause Initial Mark 27M->27M(29M) 0.784ms
[3569.709s][info][gc] GC(1037) Concurrent Mark
[3569.723s][info][gc] GC(1037) Concurrent Mark 13.826ms
[3569.723s][info][gc] GC(1037) Concurrent Preclean
[3569.723s][info][gc] GC(1037) Concurrent Preclean 0.124ms
[3569.723s][info][gc] GC(1037) Concurrent Abortable Preclean
[3569.723s][info][gc] GC(1037) Concurrent Abortable Preclean 0.012ms
[3569.728s][info][gc] GC(1037) Pause Remark 27M->27M(29M) 5.403ms
[3569.729s][info][gc] GC(1037) Concurrent Sweep
[3569.732s][info][gc] GC(1037) Concurrent Sweep 3.138ms
[3569.732s][info][gc] GC(1037) Concurrent Reset
[3569.732s][info][gc] GC(1037) Concurrent Reset 0.018ms
[3571.734s][info][gc] GC(1038) Pause Initial Mark 27M->27M(29M) 1.376ms
[3571.735s][info][gc] GC(1038) Concurrent Mark
[3571.746s][info][gc] GC(1038) Concurrent Mark 11.841ms
[3571.746s][info][gc] GC(1038) Concurrent Preclean
[3571.747s][info][gc] GC(1038) Concurrent Preclean 0.113ms
[3571.747s][info][gc] GC(1038) Concurrent Abortable Preclean
[3571.747s][info][gc] GC(1038) Concurrent Abortable Preclean 0.014ms
[3571.754s][info][gc] GC(1038) Pause Remark 27M->27M(29M) 7.137ms
[3571.754s][info][gc] GC(1038) Concurrent Sweep
[3571.757s][info][gc] GC(1038) Concurrent Sweep 3.249ms
[3571.757s][info][gc] GC(1038) Concurrent Reset
[3571.757s][info][gc] GC(1038) Concurrent Reset 0.019ms
[3573.759s][info][gc] GC(1039) Pause Initial Mark 27M->27M(29M) 1.042ms
[3573.759s][info][gc] GC(1039) Concurrent Mark
[3573.772s][info][gc] GC(1039) Concurrent Mark 13.292ms
[3573.773s][info][gc] GC(1039) Concurrent Preclean
[3573.773s][info][gc] GC(1039) Concurrent Preclean 0.149ms
[3573.773s][info][gc] GC(1039) Concurrent Abortable Preclean
[3573.773s][info][gc] GC(1039) Concurrent Abortable Preclean 0.014ms
[3573.780s][info][gc] GC(1039) Pause Remark 27M->27M(29M) 6.841ms
[3573.780s][info][gc] GC(1039) Concurrent Sweep
[3573.783s][info][gc] GC(1039) Concurrent Sweep 3.365ms
[3573.783s][info][gc] GC(1039) Concurrent Reset
[3573.783s][info][gc] GC(1039) Concurrent Reset 0.042ms
[3575.784s][info][gc] GC(1040) Pause Initial Mark 27M->27M(29M) 1.259ms
[3575.784s][info][gc] GC(1040) Concurrent Mark
[3575.797s][info][gc] GC(1040) Concurrent Mark 12.423ms
[3575.797s][info][gc] GC(1040) Concurrent Preclean
[3575.797s][info][gc] GC(1040) Concurrent Preclean 0.120ms
[3575.797s][info][gc] GC(1040) Concurrent Abortable Preclean
[3575.797s][info][gc] GC(1040) Concurrent Abortable Preclean 0.014ms
[3575.804s][info][gc] GC(1040) Pause Remark 27M->27M(29M) 7.116ms
[3575.804s][info][gc] GC(1040) Concurrent Sweep
[3575.808s][info][gc] GC(1040) Concurrent Sweep 3.342ms
[3575.808s][info][gc] GC(1040) Concurrent Reset
[3575.808s][info][gc] GC(1040) Concurrent Reset 0.019ms
[3577.813s][info][gc] GC(1041) Pause Initial Mark 27M->27M(29M) 1.486ms
[3577.813s][info][gc] GC(1041) Concurrent Mark
[3577.827s][info][gc] GC(1041) Concurrent Mark 13.531ms
[3577.827s][info][gc] GC(1041) Concurrent Preclean
[3577.827s][info][gc] GC(1041) Concurrent Preclean 0.122ms
[3577.827s][info][gc] GC(1041) Concurrent Abortable Preclean
[3577.827s][info][gc] GC(1041) Concurrent Abortable Preclean 0.014ms
[3577.832s][info][gc] GC(1041) Pause Remark 27M->27M(29M) 5.502ms
[3577.833s][info][gc] GC(1041) Concurrent Sweep
[3577.836s][info][gc] GC(1041) Concurrent Sweep 3.594ms
[3577.836s][info][gc] GC(1041) Concurrent Reset
[3577.836s][info][gc] GC(1041) Concurrent Reset 0.021ms
[3579.837s][info][gc] GC(1042) Pause Initial Mark 27M->27M(29M) 1.007ms
[3579.838s][info][gc] GC(1042) Concurrent Mark
[3579.852s][info][gc] GC(1042) Concurrent Mark 14.102ms
[3579.852s][info][gc] GC(1042) Concurrent Preclean
[3579.852s][info][gc] GC(1042) Concurrent Preclean 0.132ms
[3579.852s][info][gc] GC(1042) Concurrent Abortable Preclean
[3579.852s][info][gc] GC(1042) Concurrent Abortable Preclean 0.014ms
[3579.857s][info][gc] GC(1042) Pause Remark 27M->27M(29M) 5.274ms
[3579.857s][info][gc] GC(1042) Concurrent Sweep
[3579.861s][info][gc] GC(1042) Concurrent Sweep 3.222ms
[3579.861s][info][gc] GC(1042) Concurrent Reset
[3579.861s][info][gc] GC(1042) Concurrent Reset 0.020ms
[3581.862s][info][gc] GC(1043) Pause Initial Mark 27M->27M(29M) 1.014ms
[3581.862s][info][gc] GC(1043) Concurrent Mark
[3581.876s][info][gc] GC(1043) Concurrent Mark 13.823ms
[3581.876s][info][gc] GC(1043) Concurrent Preclean
[3581.876s][info][gc] GC(1043) Concurrent Preclean 0.128ms
[3581.876s][info][gc] GC(1043) Concurrent Abortable Preclean
[3581.876s][info][gc] GC(1043) Concurrent Abortable Preclean 0.014ms
[3581.883s][info][gc] GC(1043) Pause Remark 27M->27M(29M) 6.667ms
[3581.883s][info][gc] GC(1043) Concurrent Sweep
[3581.886s][info][gc] GC(1043) Concurrent Sweep 3.703ms
[3581.887s][info][gc] GC(1043) Concurrent Reset
[3581.887s][info][gc] GC(1043) Concurrent Reset 0.021ms
[3583.887s][info][gc] GC(1044) Pause Initial Mark 27M->27M(29M) 0.654ms
[3583.887s][info][gc] GC(1044) Concurrent Mark
[3583.898s][info][gc] GC(1044) Concurrent Mark 10.549ms
[3583.898s][info][gc] GC(1044) Concurrent Preclean
[3583.898s][info][gc] GC(1044) Concurrent Preclean 0.286ms
[3583.898s][info][gc] GC(1044) Concurrent Abortable Preclean
[3583.899s][info][gc] GC(1044) Concurrent Abortable Preclean 0.015ms
[3583.909s][info][gc] GC(1044) Pause Remark 27M->27M(29M) 10.438ms
[3583.909s][info][gc] GC(1044) Concurrent Sweep
[3583.912s][info][gc] GC(1044) Concurrent Sweep 3.012ms
[3583.912s][info][gc] GC(1044) Concurrent Reset
[3583.912s][info][gc] GC(1044) Concurrent Reset 0.018ms
[3585.913s][info][gc] GC(1045) Pause Initial Mark 27M->27M(29M) 0.850ms
[3585.913s][info][gc] GC(1045) Concurrent Mark
[3585.925s][info][gc] GC(1045) Concurrent Mark 11.277ms
[3585.925s][info][gc] GC(1045) Concurrent Preclean
[3585.925s][info][gc] GC(1045) Concurrent Preclean 0.289ms
[3585.925s][info][gc] GC(1045) Concurrent Abortable Preclean
[3585.925s][info][gc] GC(1045) Concurrent Abortable Preclean 0.021ms
[3585.931s][info][gc] GC(1045) Pause Remark 27M->27M(29M) 5.264ms
[3585.931s][info][gc] GC(1045) Concurrent Sweep
[3585.934s][info][gc] GC(1045) Concurrent Sweep 3.174ms
[3585.934s][info][gc] GC(1045) Concurrent Reset
[3585.934s][info][gc] GC(1045) Concurrent Reset 0.020ms
[3587.935s][info][gc] GC(1046) Pause Initial Mark 27M->27M(29M) 0.945ms
[3587.935s][info][gc] GC(1046) Concurrent Mark
[3587.948s][info][gc] GC(1046) Concurrent Mark 13.306ms
[3587.948s][info][gc] GC(1046) Concurrent Preclean
[3587.948s][info][gc] GC(1046) Concurrent Preclean 0.124ms
[3587.948s][info][gc] GC(1046) Concurrent Abortable Preclean
[3587.948s][info][gc] GC(1046) Concurrent Abortable Preclean 0.014ms
[3587.955s][info][gc] GC(1046) Pause Remark 27M->27M(29M) 6.694ms
[3587.955s][info][gc] GC(1046) Concurrent Sweep
[3587.959s][info][gc] GC(1046) Concurrent Sweep 3.374ms
[3587.959s][info][gc] GC(1046) Concurrent Reset
[3587.959s][info][gc] GC(1046) Concurrent Reset 0.032ms
[3589.960s][info][gc] GC(1047) Pause Initial Mark 27M->27M(29M) 1.071ms
[3589.960s][info][gc] GC(1047) Concurrent Mark
[3589.973s][info][gc] GC(1047) Concurrent Mark 12.842ms
[3589.973s][info][gc] GC(1047) Concurrent Preclean
[3589.974s][info][gc] GC(1047) Concurrent Preclean 0.153ms
[3589.974s][info][gc] GC(1047) Concurrent Abortable Preclean
[3589.974s][info][gc] GC(1047) Concurrent Abortable Preclean 0.014ms
[3589.980s][info][gc] GC(1047) Pause Remark 27M->27M(29M) 6.593ms
[3589.980s][info][gc] GC(1047) Concurrent Sweep
[3589.984s][info][gc] GC(1047) Concurrent Sweep 3.567ms
[3589.984s][info][gc] GC(1047) Concurrent Reset
[3589.984s][info][gc] GC(1047) Concurrent Reset 0.023ms
[3591.986s][info][gc] GC(1048) Pause Initial Mark 27M->27M(29M) 1.324ms
[3591.986s][info][gc] GC(1048) Concurrent Mark
[3591.996s][info][gc] GC(1048) Concurrent Mark 10.500ms
[3591.996s][info][gc] GC(1048) Concurrent Preclean
[3591.997s][info][gc] GC(1048) Concurrent Preclean 0.108ms
[3591.997s][info][gc] GC(1048) Concurrent Abortable Preclean
[3591.997s][info][gc] GC(1048) Concurrent Abortable Preclean 0.012ms
[3592.006s][info][gc] GC(1048) Pause Remark 27M->27M(29M) 8.857ms
[3592.006s][info][gc] GC(1048) Concurrent Sweep
[3592.009s][info][gc] GC(1048) Concurrent Sweep 3.715ms
[3592.009s][info][gc] GC(1048) Concurrent Reset
[3592.010s][info][gc] GC(1048) Concurrent Reset 0.043ms
[3594.011s][info][gc] GC(1049) Pause Initial Mark 27M->27M(29M) 1.311ms
[3594.011s][info][gc] GC(1049) Concurrent Mark
[3594.022s][info][gc] GC(1049) Concurrent Mark 11.513ms
[3594.022s][info][gc] GC(1049) Concurrent Preclean
[3594.022s][info][gc] GC(1049) Concurrent Preclean 0.121ms
[3594.023s][info][gc] GC(1049) Concurrent Abortable Preclean
[3594.023s][info][gc] GC(1049) Concurrent Abortable Preclean 0.012ms
[3594.028s][info][gc] GC(1049) Pause Remark 27M->27M(29M) 5.163ms
[3594.028s][info][gc] GC(1049) Concurrent Sweep
[3594.031s][info][gc] GC(1049) Concurrent Sweep 3.362ms
[3594.031s][info][gc] GC(1049) Concurrent Reset
[3594.031s][info][gc] GC(1049) Concurrent Reset 0.043ms
[3596.033s][info][gc] GC(1050) Pause Initial Mark 27M->27M(29M) 0.888ms
[3596.035s][info][gc] GC(1050) Concurrent Mark
[3596.046s][info][gc] GC(1050) Concurrent Mark 10.942ms
[3596.046s][info][gc] GC(1050) Concurrent Preclean
[3596.046s][info][gc] GC(1050) Concurrent Preclean 0.118ms
[3596.046s][info][gc] GC(1050) Concurrent Abortable Preclean
[3596.046s][info][gc] GC(1050) Concurrent Abortable Preclean 0.014ms
[3596.053s][info][gc] GC(1050) Pause Remark 27M->27M(29M) 7.196ms
[3596.053s][info][gc] GC(1050) Concurrent Sweep
[3596.057s][info][gc] GC(1050) Concurrent Sweep 3.301ms
[3596.057s][info][gc] GC(1050) Concurrent Reset
[3596.057s][info][gc] GC(1050) Concurrent Reset 0.040ms
[3598.061s][info][gc] GC(1051) Pause Initial Mark 27M->27M(29M) 0.683ms
[3598.061s][info][gc] GC(1051) Concurrent Mark
[3598.074s][info][gc] GC(1051) Concurrent Mark 13.016ms
[3598.074s][info][gc] GC(1051) Concurrent Preclean
[3598.074s][info][gc] GC(1051) Concurrent Preclean 0.127ms
[3598.074s][info][gc] GC(1051) Concurrent Abortable Preclean
[3598.074s][info][gc] GC(1051) Concurrent Abortable Preclean 0.021ms
[3598.082s][info][gc] GC(1051) Pause Remark 27M->27M(29M) 7.407ms
[3598.082s][info][gc] GC(1051) Concurrent Sweep
[3598.086s][info][gc] GC(1051) Concurrent Sweep 4.223ms
[3598.086s][info][gc] GC(1051) Concurrent Reset
[3598.086s][info][gc] GC(1051) Concurrent Reset 0.029ms
[3600.086s][info][gc] GC(1052) Pause Initial Mark 27M->27M(29M) 0.919ms
[3600.086s][info][gc] GC(1052) Concurrent Mark
[3600.099s][info][gc] GC(1052) Concurrent Mark 12.278ms
[3600.099s][info][gc] GC(1052) Concurrent Preclean
[3600.099s][info][gc] GC(1052) Concurrent Preclean 0.144ms
[3600.099s][info][gc] GC(1052) Concurrent Abortable Preclean
[3600.099s][info][gc] GC(1052) Concurrent Abortable Preclean 0.014ms
[3600.106s][info][gc] GC(1052) Pause Remark 27M->27M(29M) 7.154ms
[3600.106s][info][gc] GC(1052) Concurrent Sweep
[3600.110s][info][gc] GC(1052) Concurrent Sweep 3.532ms
[3600.110s][info][gc] GC(1052) Concurrent Reset
[3600.110s][info][gc] GC(1052) Concurrent Reset 0.023ms
[3602.116s][info][gc] GC(1053) Pause Initial Mark 27M->27M(29M) 1.218ms
[3602.117s][info][gc] GC(1053) Concurrent Mark
[3602.129s][info][gc] GC(1053) Concurrent Mark 12.027ms
[3602.129s][info][gc] GC(1053) Concurrent Preclean
[3602.129s][info][gc] GC(1053) Concurrent Preclean 0.138ms
[3602.129s][info][gc] GC(1053) Concurrent Abortable Preclean
[3602.129s][info][gc] GC(1053) Concurrent Abortable Preclean 0.015ms
[3602.134s][info][gc] GC(1053) Pause Remark 27M->27M(29M) 5.481ms
[3602.134s][info][gc] GC(1053) Concurrent Sweep
[3602.138s][info][gc] GC(1053) Concurrent Sweep 3.139ms
[3602.138s][info][gc] GC(1053) Concurrent Reset
[3602.138s][info][gc] GC(1053) Concurrent Reset 0.019ms
[3604.144s][info][gc] GC(1054) Pause Initial Mark 27M->27M(29M) 1.217ms
[3604.144s][info][gc] GC(1054) Concurrent Mark
[3604.156s][info][gc] GC(1054) Concurrent Mark 12.113ms
[3604.156s][info][gc] GC(1054) Concurrent Preclean
[3604.156s][info][gc] GC(1054) Concurrent Preclean 0.133ms
[3604.156s][info][gc] GC(1054) Concurrent Abortable Preclean
[3604.156s][info][gc] GC(1054) Concurrent Abortable Preclean 0.015ms
[3604.162s][info][gc] GC(1054) Pause Remark 27M->27M(29M) 5.611ms
[3604.162s][info][gc] GC(1054) Concurrent Sweep
[3604.165s][info][gc] GC(1054) Concurrent Sweep 3.255ms
[3604.165s][info][gc] GC(1054) Concurrent Reset
[3604.165s][info][gc] GC(1054) Concurrent Reset 0.020ms
[3606.167s][info][gc] GC(1055) Pause Initial Mark 27M->27M(29M) 1.237ms
[3606.167s][info][gc] GC(1055) Concurrent Mark
[3606.179s][info][gc] GC(1055) Concurrent Mark 12.018ms
[3606.179s][info][gc] GC(1055) Concurrent Preclean
[3606.179s][info][gc] GC(1055) Concurrent Preclean 0.141ms
[3606.179s][info][gc] GC(1055) Concurrent Abortable Preclean
[3606.179s][info][gc] GC(1055) Concurrent Abortable Preclean 0.015ms
[3606.185s][info][gc] GC(1055) Pause Remark 27M->27M(29M) 5.482ms
[3606.185s][info][gc] GC(1055) Concurrent Sweep
[3606.188s][info][gc] GC(1055) Concurrent Sweep 3.245ms
[3606.188s][info][gc] GC(1055) Concurrent Reset
[3606.188s][info][gc] GC(1055) Concurrent Reset 0.019ms
[3608.190s][info][gc] GC(1056) Pause Initial Mark 27M->27M(29M) 1.238ms
[3608.190s][info][gc] GC(1056) Concurrent Mark
[3608.202s][info][gc] GC(1056) Concurrent Mark 11.949ms
[3608.202s][info][gc] GC(1056) Concurrent Preclean
[3608.202s][info][gc] GC(1056) Concurrent Preclean 0.116ms
[3608.202s][info][gc] GC(1056) Concurrent Abortable Preclean
[3608.202s][info][gc] GC(1056) Concurrent Abortable Preclean 0.013ms
[3608.208s][info][gc] GC(1056) Pause Remark 27M->27M(29M) 5.566ms
[3608.208s][info][gc] GC(1056) Concurrent Sweep
[3608.211s][info][gc] GC(1056) Concurrent Sweep 3.013ms
[3608.211s][info][gc] GC(1056) Concurrent Reset
[3608.211s][info][gc] GC(1056) Concurrent Reset 0.018ms
[3610.212s][info][gc] GC(1057) Pause Initial Mark 27M->27M(29M) 1.325ms
[3610.212s][info][gc] GC(1057) Concurrent Mark
[3610.224s][info][gc] GC(1057) Concurrent Mark 11.686ms
[3610.224s][info][gc] GC(1057) Concurrent Preclean
[3610.224s][info][gc] GC(1057) Concurrent Preclean 0.151ms
[3610.224s][info][gc] GC(1057) Concurrent Abortable Preclean
[3610.224s][info][gc] GC(1057) Concurrent Abortable Preclean 0.019ms
[3610.233s][info][gc] GC(1057) Pause Remark 27M->27M(29M) 8.905ms
[3610.233s][info][gc] GC(1057) Concurrent Sweep
[3610.237s][info][gc] GC(1057) Concurrent Sweep 3.203ms
[3610.237s][info][gc] GC(1057) Concurrent Reset
[3610.237s][info][gc] GC(1057) Concurrent Reset 0.018ms
[3612.238s][info][gc] GC(1058) Pause Initial Mark 27M->27M(29M) 1.192ms
[3612.238s][info][gc] GC(1058) Concurrent Mark
[3612.250s][info][gc] GC(1058) Concurrent Mark 11.899ms
[3612.250s][info][gc] GC(1058) Concurrent Preclean
[3612.250s][info][gc] GC(1058) Concurrent Preclean 0.121ms
[3612.250s][info][gc] GC(1058) Concurrent Abortable Preclean
[3612.250s][info][gc] GC(1058) Concurrent Abortable Preclean 0.014ms
[3612.256s][info][gc] GC(1058) Pause Remark 27M->27M(29M) 5.594ms
[3612.256s][info][gc] GC(1058) Concurrent Sweep
[3612.259s][info][gc] GC(1058) Concurrent Sweep 3.229ms
[3612.259s][info][gc] GC(1058) Concurrent Reset
[3612.259s][info][gc] GC(1058) Concurrent Reset 0.019ms
[3614.260s][info][gc] GC(1059) Pause Initial Mark 27M->27M(29M) 1.010ms
[3614.260s][info][gc] GC(1059) Concurrent Mark
[3614.273s][info][gc] GC(1059) Concurrent Mark 12.874ms
[3614.273s][info][gc] GC(1059) Concurrent Preclean
[3614.274s][info][gc] GC(1059) Concurrent Preclean 0.122ms
[3614.274s][info][gc] GC(1059) Concurrent Abortable Preclean
[3614.274s][info][gc] GC(1059) Concurrent Abortable Preclean 0.014ms
[3614.281s][info][gc] GC(1059) Pause Remark 27M->27M(29M) 6.857ms
[3614.281s][info][gc] GC(1059) Concurrent Sweep
[3614.284s][info][gc] GC(1059) Concurrent Sweep 3.465ms
[3614.284s][info][gc] GC(1059) Concurrent Reset
[3614.284s][info][gc] GC(1059) Concurrent Reset 0.019ms
[3616.288s][info][gc] GC(1060) Pause Initial Mark 27M->27M(29M) 1.148ms
[3616.288s][info][gc] GC(1060) Concurrent Mark
[3616.300s][info][gc] GC(1060) Concurrent Mark 12.018ms
[3616.300s][info][gc] GC(1060) Concurrent Preclean
[3616.300s][info][gc] GC(1060) Concurrent Preclean 0.137ms
[3616.300s][info][gc] GC(1060) Concurrent Abortable Preclean
[3616.300s][info][gc] GC(1060) Concurrent Abortable Preclean 0.015ms
[3616.306s][info][gc] GC(1060) Pause Remark 27M->27M(29M) 5.756ms
[3616.306s][info][gc] GC(1060) Concurrent Sweep
[3616.309s][info][gc] GC(1060) Concurrent Sweep 3.275ms
[3616.309s][info][gc] GC(1060) Concurrent Reset
[3616.309s][info][gc] GC(1060) Concurrent Reset 0.023ms
[3618.314s][info][gc] GC(1061) Pause Initial Mark 27M->27M(29M) 1.156ms
[3618.314s][info][gc] GC(1061) Concurrent Mark
[3618.326s][info][gc] GC(1061) Concurrent Mark 11.933ms
[3618.326s][info][gc] GC(1061) Concurrent Preclean
[3618.326s][info][gc] GC(1061) Concurrent Preclean 0.132ms
[3618.326s][info][gc] GC(1061) Concurrent Abortable Preclean
[3618.326s][info][gc] GC(1061) Concurrent Abortable Preclean 0.014ms
[3618.332s][info][gc] GC(1061) Pause Remark 27M->27M(29M) 5.602ms
[3618.332s][info][gc] GC(1061) Concurrent Sweep
[3618.335s][info][gc] GC(1061) Concurrent Sweep 3.242ms
[3618.335s][info][gc] GC(1061) Concurrent Reset
[3618.335s][info][gc] GC(1061) Concurrent Reset 0.019ms
[3620.342s][info][gc] GC(1062) Pause Initial Mark 27M->27M(29M) 1.080ms
[3620.342s][info][gc] GC(1062) Concurrent Mark
[3620.354s][info][gc] GC(1062) Concurrent Mark 11.996ms
[3620.354s][info][gc] GC(1062) Concurrent Preclean
[3620.354s][info][gc] GC(1062) Concurrent Preclean 0.126ms
[3620.354s][info][gc] GC(1062) Concurrent Abortable Preclean
[3620.354s][info][gc] GC(1062) Concurrent Abortable Preclean 0.013ms
[3620.360s][info][gc] GC(1062) Pause Remark 27M->27M(29M) 5.698ms
[3620.360s][info][gc] GC(1062) Concurrent Sweep
[3620.363s][info][gc] GC(1062) Concurrent Sweep 3.213ms
[3620.363s][info][gc] GC(1062) Concurrent Reset
[3620.363s][info][gc] GC(1062) Concurrent Reset 0.019ms
[3622.370s][info][gc] GC(1063) Pause Initial Mark 27M->27M(29M) 1.202ms
[3622.370s][info][gc] GC(1063) Concurrent Mark
[3622.382s][info][gc] GC(1063) Concurrent Mark 11.834ms
[3622.382s][info][gc] GC(1063) Concurrent Preclean
[3622.382s][info][gc] GC(1063) Concurrent Preclean 0.118ms
[3622.382s][info][gc] GC(1063) Concurrent Abortable Preclean
[3622.382s][info][gc] GC(1063) Concurrent Abortable Preclean 0.014ms
[3622.388s][info][gc] GC(1063) Pause Remark 27M->27M(29M) 5.602ms
[3622.388s][info][gc] GC(1063) Concurrent Sweep
[3622.391s][info][gc] GC(1063) Concurrent Sweep 3.275ms
[3622.391s][info][gc] GC(1063) Concurrent Reset
[3622.391s][info][gc] GC(1063) Concurrent Reset 0.019ms
[3624.396s][info][gc] GC(1064) Pause Initial Mark 27M->27M(29M) 1.112ms
[3624.396s][info][gc] GC(1064) Concurrent Mark
[3624.408s][info][gc] GC(1064) Concurrent Mark 11.996ms
[3624.408s][info][gc] GC(1064) Concurrent Preclean
[3624.408s][info][gc] GC(1064) Concurrent Preclean 0.116ms
[3624.408s][info][gc] GC(1064) Concurrent Abortable Preclean
[3624.408s][info][gc] GC(1064) Concurrent Abortable Preclean 0.013ms
[3624.414s][info][gc] GC(1064) Pause Remark 27M->27M(29M) 5.643ms
[3624.414s][info][gc] GC(1064) Concurrent Sweep
[3624.417s][info][gc] GC(1064) Concurrent Sweep 3.086ms
[3624.417s][info][gc] GC(1064) Concurrent Reset
[3624.417s][info][gc] GC(1064) Concurrent Reset 0.019ms
[3626.424s][info][gc] GC(1065) Pause Initial Mark 27M->27M(29M) 1.271ms
[3626.424s][info][gc] GC(1065) Concurrent Mark
[3626.436s][info][gc] GC(1065) Concurrent Mark 12.027ms
[3626.436s][info][gc] GC(1065) Concurrent Preclean
[3626.437s][info][gc] GC(1065) Concurrent Preclean 0.133ms
[3626.437s][info][gc] GC(1065) Concurrent Abortable Preclean
[3626.437s][info][gc] GC(1065) Concurrent Abortable Preclean 0.014ms
[3626.442s][info][gc] GC(1065) Pause Remark 27M->27M(29M) 5.488ms
[3626.442s][info][gc] GC(1065) Concurrent Sweep
[3626.446s][info][gc] GC(1065) Concurrent Sweep 3.321ms
[3626.446s][info][gc] GC(1065) Concurrent Reset
[3626.446s][info][gc] GC(1065) Concurrent Reset 0.021ms
[3628.451s][info][gc] GC(1066) Pause Initial Mark 27M->27M(29M) 1.676ms
[3628.451s][info][gc] GC(1066) Concurrent Mark
[3628.465s][info][gc] GC(1066) Concurrent Mark 13.435ms
[3628.465s][info][gc] GC(1066) Concurrent Preclean
[3628.465s][info][gc] GC(1066) Concurrent Preclean 0.117ms
[3628.465s][info][gc] GC(1066) Concurrent Abortable Preclean
[3628.465s][info][gc] GC(1066) Concurrent Abortable Preclean 0.014ms
[3628.474s][info][gc] GC(1066) Pause Remark 27M->27M(29M) 8.337ms
[3628.474s][info][gc] GC(1066) Concurrent Sweep
[3628.477s][info][gc] GC(1066) Concurrent Sweep 3.015ms
[3628.477s][info][gc] GC(1066) Concurrent Reset
[3628.477s][info][gc] GC(1066) Concurrent Reset 0.019ms
[3630.482s][info][gc] GC(1067) Pause Initial Mark 27M->27M(29M) 1.210ms
[3630.482s][info][gc] GC(1067) Concurrent Mark
[3630.494s][info][gc] GC(1067) Concurrent Mark 11.873ms
[3630.494s][info][gc] GC(1067) Concurrent Preclean
[3630.494s][info][gc] GC(1067) Concurrent Preclean 0.139ms
[3630.494s][info][gc] GC(1067) Concurrent Abortable Preclean
[3630.494s][info][gc] GC(1067) Concurrent Abortable Preclean 0.014ms
[3630.500s][info][gc] GC(1067) Pause Remark 27M->27M(29M) 5.856ms
[3630.500s][info][gc] GC(1067) Concurrent Sweep
[3630.503s][info][gc] GC(1067) Concurrent Sweep 3.245ms
[3630.503s][info][gc] GC(1067) Concurrent Reset
[3630.503s][info][gc] GC(1067) Concurrent Reset 0.019ms
[3632.506s][info][gc] GC(1068) Pause Initial Mark 27M->27M(29M) 2.655ms
[3632.506s][info][gc] GC(1068) Concurrent Mark
[3632.519s][info][gc] GC(1068) Concurrent Mark 12.604ms
[3632.519s][info][gc] GC(1068) Concurrent Preclean
[3632.519s][info][gc] GC(1068) Concurrent Preclean 0.117ms
[3632.519s][info][gc] GC(1068) Concurrent Abortable Preclean
[3632.519s][info][gc] GC(1068) Concurrent Abortable Preclean 0.014ms
[3632.527s][info][gc] GC(1068) Pause Remark 27M->27M(29M) 7.283ms
[3632.527s][info][gc] GC(1068) Concurrent Sweep
[3632.530s][info][gc] GC(1068) Concurrent Sweep 3.203ms
[3632.530s][info][gc] GC(1068) Concurrent Reset
[3632.530s][info][gc] GC(1068) Concurrent Reset 0.019ms
[3634.535s][info][gc] GC(1069) Pause Initial Mark 27M->27M(29M) 1.135ms
[3634.535s][info][gc] GC(1069) Concurrent Mark
[3634.547s][info][gc] GC(1069) Concurrent Mark 11.838ms
[3634.547s][info][gc] GC(1069) Concurrent Preclean
[3634.547s][info][gc] GC(1069) Concurrent Preclean 0.117ms
[3634.547s][info][gc] GC(1069) Concurrent Abortable Preclean
[3634.547s][info][gc] GC(1069) Concurrent Abortable Preclean 0.013ms
[3634.553s][info][gc] GC(1069) Pause Remark 27M->27M(29M) 5.546ms
[3634.553s][info][gc] GC(1069) Concurrent Sweep
[3634.556s][info][gc] GC(1069) Concurrent Sweep 3.066ms
[3634.556s][info][gc] GC(1069) Concurrent Reset
[3634.556s][info][gc] GC(1069) Concurrent Reset 0.018ms
[3636.559s][info][gc] GC(1070) Pause Initial Mark 27M->27M(29M) 1.312ms
[3636.559s][info][gc] GC(1070) Concurrent Mark
[3636.571s][info][gc] GC(1070) Concurrent Mark 12.363ms
[3636.571s][info][gc] GC(1070) Concurrent Preclean
[3636.571s][info][gc] GC(1070) Concurrent Preclean 0.119ms
[3636.571s][info][gc] GC(1070) Concurrent Abortable Preclean
[3636.571s][info][gc] GC(1070) Concurrent Abortable Preclean 0.014ms
[3636.579s][info][gc] GC(1070) Pause Remark 27M->27M(29M) 7.936ms
[3636.580s][info][gc] GC(1070) Concurrent Sweep
[3636.583s][info][gc] GC(1070) Concurrent Sweep 3.358ms
[3636.583s][info][gc] GC(1070) Concurrent Reset
[3636.583s][info][gc] GC(1070) Concurrent Reset 0.022ms
[3638.587s][info][gc] GC(1071) Pause Initial Mark 27M->27M(29M) 1.247ms
[3638.587s][info][gc] GC(1071) Concurrent Mark
[3638.599s][info][gc] GC(1071) Concurrent Mark 12.032ms
[3638.599s][info][gc] GC(1071) Concurrent Preclean
[3638.599s][info][gc] GC(1071) Concurrent Preclean 0.132ms
[3638.599s][info][gc] GC(1071) Concurrent Abortable Preclean
[3638.599s][info][gc] GC(1071) Concurrent Abortable Preclean 0.015ms
[3638.605s][info][gc] GC(1071) Pause Remark 27M->27M(29M) 6.217ms
[3638.606s][info][gc] GC(1071) Concurrent Sweep
[3638.609s][info][gc] GC(1071) Concurrent Sweep 3.249ms
[3638.609s][info][gc] GC(1071) Concurrent Reset
[3638.609s][info][gc] GC(1071) Concurrent Reset 0.020ms
[3640.615s][info][gc] GC(1072) Pause Initial Mark 27M->27M(29M) 2.124ms
[3640.615s][info][gc] GC(1072) Concurrent Mark
[3640.628s][info][gc] GC(1072) Concurrent Mark 13.028ms
[3640.628s][info][gc] GC(1072) Concurrent Preclean
[3640.628s][info][gc] GC(1072) Concurrent Preclean 0.128ms
[3640.628s][info][gc] GC(1072) Concurrent Abortable Preclean
[3640.628s][info][gc] GC(1072) Concurrent Abortable Preclean 0.014ms
[3640.634s][info][gc] GC(1072) Pause Remark 27M->27M(29M) 5.642ms
[3640.634s][info][gc] GC(1072) Concurrent Sweep
[3640.638s][info][gc] GC(1072) Concurrent Sweep 3.585ms
[3640.638s][info][gc] GC(1072) Concurrent Reset
[3640.638s][info][gc] GC(1072) Concurrent Reset 0.022ms
[3642.641s][info][gc] GC(1073) Pause Initial Mark 27M->27M(29M) 1.220ms
[3642.641s][info][gc] GC(1073) Concurrent Mark
[3642.658s][info][gc] GC(1073) Concurrent Mark 17.009ms
[3642.658s][info][gc] GC(1073) Concurrent Preclean
[3642.659s][info][gc] GC(1073) Concurrent Preclean 0.141ms
[3642.659s][info][gc] GC(1073) Concurrent Abortable Preclean
[3642.659s][info][gc] GC(1073) Concurrent Abortable Preclean 0.016ms
[3642.673s][info][gc] GC(1073) Pause Remark 27M->27M(29M) 14.087ms
[3642.673s][info][gc] GC(1073) Concurrent Sweep
[3642.678s][info][gc] GC(1073) Concurrent Sweep 5.317ms
[3642.678s][info][gc] GC(1073) Concurrent Reset
[3642.678s][info][gc] GC(1073) Concurrent Reset 0.023ms
[3644.680s][info][gc] GC(1074) Pause Initial Mark 27M->27M(29M) 1.138ms
[3644.680s][info][gc] GC(1074) Concurrent Mark
[3644.692s][info][gc] GC(1074) Concurrent Mark 12.138ms
[3644.692s][info][gc] GC(1074) Concurrent Preclean
[3644.692s][info][gc] GC(1074) Concurrent Preclean 0.137ms
[3644.692s][info][gc] GC(1074) Concurrent Abortable Preclean
[3644.692s][info][gc] GC(1074) Concurrent Abortable Preclean 0.015ms
[3644.699s][info][gc] GC(1074) Pause Remark 27M->27M(29M) 6.129ms
[3644.699s][info][gc] GC(1074) Concurrent Sweep
[3644.702s][info][gc] GC(1074) Concurrent Sweep 3.357ms
[3644.702s][info][gc] GC(1074) Concurrent Reset
[3644.702s][info][gc] GC(1074) Concurrent Reset 0.020ms
[3646.708s][info][gc] GC(1075) Pause Initial Mark 27M->27M(29M) 1.284ms
[3646.708s][info][gc] GC(1075) Concurrent Mark
[3646.721s][info][gc] GC(1075) Concurrent Mark 12.819ms
[3646.721s][info][gc] GC(1075) Concurrent Preclean
[3646.721s][info][gc] GC(1075) Concurrent Preclean 0.121ms
[3646.721s][info][gc] GC(1075) Concurrent Abortable Preclean
[3646.721s][info][gc] GC(1075) Concurrent Abortable Preclean 0.013ms
[3646.727s][info][gc] GC(1075) Pause Remark 27M->27M(29M) 5.770ms
[3646.727s][info][gc] GC(1075) Concurrent Sweep
[3646.730s][info][gc] GC(1075) Concurrent Sweep 3.255ms
[3646.730s][info][gc] GC(1075) Concurrent Reset
[3646.730s][info][gc] GC(1075) Concurrent Reset 0.020ms
[3648.733s][info][gc] GC(1076) Pause Initial Mark 27M->27M(29M) 1.166ms
[3648.733s][info][gc] GC(1076) Concurrent Mark
[3648.747s][info][gc] GC(1076) Concurrent Mark 13.921ms
[3648.747s][info][gc] GC(1076) Concurrent Preclean
[3648.748s][info][gc] GC(1076) Concurrent Preclean 0.132ms
[3648.748s][info][gc] GC(1076) Concurrent Abortable Preclean
[3648.748s][info][gc] GC(1076) Concurrent Abortable Preclean 0.014ms
[3648.753s][info][gc] GC(1076) Pause Remark 27M->27M(29M) 5.562ms
[3648.753s][info][gc] GC(1076) Concurrent Sweep
[3648.757s][info][gc] GC(1076) Concurrent Sweep 3.392ms
[3648.757s][info][gc] GC(1076) Concurrent Reset
[3648.757s][info][gc] GC(1076) Concurrent Reset 0.056ms
[3650.758s][info][gc] GC(1077) Pause Initial Mark 27M->27M(29M) 0.909ms
[3650.758s][info][gc] GC(1077) Concurrent Mark
[3650.770s][info][gc] GC(1077) Concurrent Mark 12.430ms
[3650.770s][info][gc] GC(1077) Concurrent Preclean
[3650.771s][info][gc] GC(1077) Concurrent Preclean 0.129ms
[3650.771s][info][gc] GC(1077) Concurrent Abortable Preclean
[3650.771s][info][gc] GC(1077) Concurrent Abortable Preclean 0.014ms
[3650.776s][info][gc] GC(1077) Pause Remark 27M->27M(29M) 5.752ms
[3650.777s][info][gc] GC(1077) Concurrent Sweep
[3650.780s][info][gc] GC(1077) Concurrent Sweep 3.002ms
[3650.780s][info][gc] GC(1077) Concurrent Reset
[3650.780s][info][gc] GC(1077) Concurrent Reset 0.019ms
[3652.783s][info][gc] GC(1078) Pause Initial Mark 27M->27M(29M) 1.036ms
[3652.783s][info][gc] GC(1078) Concurrent Mark
[3652.795s][info][gc] GC(1078) Concurrent Mark 11.587ms
[3652.795s][info][gc] GC(1078) Concurrent Preclean
[3652.795s][info][gc] GC(1078) Concurrent Preclean 0.127ms
[3652.795s][info][gc] GC(1078) Concurrent Abortable Preclean
[3652.795s][info][gc] GC(1078) Concurrent Abortable Preclean 0.014ms
[3652.801s][info][gc] GC(1078) Pause Remark 27M->27M(29M) 5.400ms
[3652.801s][info][gc] GC(1078) Concurrent Sweep
[3652.804s][info][gc] GC(1078) Concurrent Sweep 3.010ms
[3652.804s][info][gc] GC(1078) Concurrent Reset
[3652.804s][info][gc] GC(1078) Concurrent Reset 0.018ms
[3654.806s][info][gc] GC(1079) Pause Initial Mark 27M->27M(29M) 1.369ms
[3654.806s][info][gc] GC(1079) Concurrent Mark
[3654.818s][info][gc] GC(1079) Concurrent Mark 12.073ms
[3654.818s][info][gc] GC(1079) Concurrent Preclean
[3654.818s][info][gc] GC(1079) Concurrent Preclean 0.122ms
[3654.818s][info][gc] GC(1079) Concurrent Abortable Preclean
[3654.818s][info][gc] GC(1079) Concurrent Abortable Preclean 0.013ms
[3654.824s][info][gc] GC(1079) Pause Remark 27M->27M(29M) 5.614ms
[3654.824s][info][gc] GC(1079) Concurrent Sweep
[3654.828s][info][gc] GC(1079) Concurrent Sweep 3.277ms
[3654.828s][info][gc] GC(1079) Concurrent Reset
[3654.828s][info][gc] GC(1079) Concurrent Reset 0.020ms
[3656.830s][info][gc] GC(1080) Pause Initial Mark 27M->27M(29M) 1.241ms
[3656.830s][info][gc] GC(1080) Concurrent Mark
[3656.842s][info][gc] GC(1080) Concurrent Mark 12.065ms
[3656.842s][info][gc] GC(1080) Concurrent Preclean
[3656.842s][info][gc] GC(1080) Concurrent Preclean 0.132ms
[3656.842s][info][gc] GC(1080) Concurrent Abortable Preclean
[3656.842s][info][gc] GC(1080) Concurrent Abortable Preclean 0.015ms
[3656.848s][info][gc] GC(1080) Pause Remark 27M->27M(29M) 5.886ms
[3656.849s][info][gc] GC(1080) Concurrent Sweep
[3656.852s][info][gc] GC(1080) Concurrent Sweep 3.375ms
[3656.852s][info][gc] GC(1080) Concurrent Reset
[3656.852s][info][gc] GC(1080) Concurrent Reset 0.020ms
[3658.857s][info][gc] GC(1081) Pause Initial Mark 27M->27M(29M) 0.965ms
[3658.857s][info][gc] GC(1081) Concurrent Mark
[3658.869s][info][gc] GC(1081) Concurrent Mark 11.841ms
[3658.869s][info][gc] GC(1081) Concurrent Preclean
[3658.869s][info][gc] GC(1081) Concurrent Preclean 0.126ms
[3658.869s][info][gc] GC(1081) Concurrent Abortable Preclean
[3658.869s][info][gc] GC(1081) Concurrent Abortable Preclean 0.012ms
[3658.876s][info][gc] GC(1081) Pause Remark 27M->27M(29M) 7.171ms
[3658.877s][info][gc] GC(1081) Concurrent Sweep
[3658.880s][info][gc] GC(1081) Concurrent Sweep 3.565ms
[3658.880s][info][gc] GC(1081) Concurrent Reset
[3658.880s][info][gc] GC(1081) Concurrent Reset 0.022ms
[3660.881s][info][gc] GC(1082) Pause Initial Mark 27M->27M(29M) 1.193ms
[3660.881s][info][gc] GC(1082) Concurrent Mark
[3660.894s][info][gc] GC(1082) Concurrent Mark 12.868ms
[3660.894s][info][gc] GC(1082) Concurrent Preclean
[3660.894s][info][gc] GC(1082) Concurrent Preclean 0.117ms
[3660.894s][info][gc] GC(1082) Concurrent Abortable Preclean
[3660.894s][info][gc] GC(1082) Concurrent Abortable Preclean 0.013ms
[3660.899s][info][gc] GC(1082) Pause Remark 27M->27M(29M) 5.392ms
[3660.899s][info][gc] GC(1082) Concurrent Sweep
[3660.902s][info][gc] GC(1082) Concurrent Sweep 2.953ms
[3660.902s][info][gc] GC(1082) Concurrent Reset
[3660.902s][info][gc] GC(1082) Concurrent Reset 0.019ms
[3662.903s][info][gc] GC(1083) Pause Initial Mark 27M->27M(29M) 1.194ms
[3662.903s][info][gc] GC(1083) Concurrent Mark
[3662.914s][info][gc] GC(1083) Concurrent Mark 10.949ms
[3662.914s][info][gc] GC(1083) Concurrent Preclean
[3662.914s][info][gc] GC(1083) Concurrent Preclean 0.106ms
[3662.914s][info][gc] GC(1083) Concurrent Abortable Preclean
[3662.914s][info][gc] GC(1083) Concurrent Abortable Preclean 0.013ms
[3662.920s][info][gc] GC(1083) Pause Remark 27M->27M(29M) 5.794ms
[3662.920s][info][gc] GC(1083) Concurrent Sweep
[3662.923s][info][gc] GC(1083) Concurrent Sweep 2.901ms
[3662.923s][info][gc] GC(1083) Concurrent Reset
[3662.923s][info][gc] GC(1083) Concurrent Reset 0.018ms
[3664.930s][info][gc] GC(1084) Pause Initial Mark 27M->27M(29M) 1.183ms
[3664.930s][info][gc] GC(1084) Concurrent Mark
[3664.942s][info][gc] GC(1084) Concurrent Mark 12.326ms
[3664.942s][info][gc] GC(1084) Concurrent Preclean
[3664.942s][info][gc] GC(1084) Concurrent Preclean 0.124ms
[3664.942s][info][gc] GC(1084) Concurrent Abortable Preclean
[3664.942s][info][gc] GC(1084) Concurrent Abortable Preclean 0.013ms
[3664.948s][info][gc] GC(1084) Pause Remark 27M->27M(29M) 6.014ms
[3664.949s][info][gc] GC(1084) Concurrent Sweep
[3664.953s][info][gc] GC(1084) Concurrent Sweep 4.475ms
[3664.953s][info][gc] GC(1084) Concurrent Reset
[3664.953s][info][gc] GC(1084) Concurrent Reset 0.030ms
[3666.954s][info][gc] GC(1085) Pause Initial Mark 27M->27M(29M) 0.859ms
[3666.954s][info][gc] GC(1085) Concurrent Mark
[3666.974s][info][gc] GC(1085) Concurrent Mark 19.849ms
[3666.974s][info][gc] GC(1085) Concurrent Preclean
[3666.974s][info][gc] GC(1085) Concurrent Preclean 0.161ms
[3666.974s][info][gc] GC(1085) Concurrent Abortable Preclean
[3666.974s][info][gc] GC(1085) Concurrent Abortable Preclean 0.018ms
[3666.983s][info][gc] GC(1085) Pause Remark 27M->27M(29M) 8.356ms
[3666.983s][info][gc] GC(1085) Concurrent Sweep
[3666.988s][info][gc] GC(1085) Concurrent Sweep 4.839ms
[3666.988s][info][gc] GC(1085) Concurrent Reset
[3666.988s][info][gc] GC(1085) Concurrent Reset 0.028ms
[3668.990s][info][gc] GC(1086) Pause Initial Mark 27M->27M(29M) 1.070ms
[3668.990s][info][gc] GC(1086) Concurrent Mark
[3669.002s][info][gc] GC(1086) Concurrent Mark 11.932ms
[3669.002s][info][gc] GC(1086) Concurrent Preclean
[3669.002s][info][gc] GC(1086) Concurrent Preclean 0.120ms
[3669.002s][info][gc] GC(1086) Concurrent Abortable Preclean
[3669.002s][info][gc] GC(1086) Concurrent Abortable Preclean 0.014ms
[3669.008s][info][gc] GC(1086) Pause Remark 27M->27M(29M) 5.640ms
[3669.008s][info][gc] GC(1086) Concurrent Sweep
[3669.011s][info][gc] GC(1086) Concurrent Sweep 3.112ms
[3669.011s][info][gc] GC(1086) Concurrent Reset
[3669.011s][info][gc] GC(1086) Concurrent Reset 0.019ms
[3671.012s][info][gc] GC(1087) Pause Initial Mark 27M->27M(29M) 1.139ms
[3671.012s][info][gc] GC(1087) Concurrent Mark
[3671.024s][info][gc] GC(1087) Concurrent Mark 11.878ms
[3671.024s][info][gc] GC(1087) Concurrent Preclean
[3671.024s][info][gc] GC(1087) Concurrent Preclean 0.131ms
[3671.024s][info][gc] GC(1087) Concurrent Abortable Preclean
[3671.024s][info][gc] GC(1087) Concurrent Abortable Preclean 0.013ms
[3671.030s][info][gc] GC(1087) Pause Remark 27M->27M(29M) 5.707ms
[3671.030s][info][gc] GC(1087) Concurrent Sweep
[3671.033s][info][gc] GC(1087) Concurrent Sweep 3.257ms
[3671.033s][info][gc] GC(1087) Concurrent Reset
[3671.033s][info][gc] GC(1087) Concurrent Reset 0.019ms
[3673.036s][info][gc] GC(1088) Pause Initial Mark 27M->27M(29M) 0.831ms
[3673.036s][info][gc] GC(1088) Concurrent Mark
[3673.049s][info][gc] GC(1088) Concurrent Mark 12.552ms
[3673.049s][info][gc] GC(1088) Concurrent Preclean
[3673.049s][info][gc] GC(1088) Concurrent Preclean 0.125ms
[3673.049s][info][gc] GC(1088) Concurrent Abortable Preclean
[3673.049s][info][gc] GC(1088) Concurrent Abortable Preclean 0.012ms
[3673.058s][info][gc] GC(1088) Pause Remark 27M->27M(29M) 8.933ms
[3673.058s][info][gc] GC(1088) Concurrent Sweep
[3673.062s][info][gc] GC(1088) Concurrent Sweep 3.445ms
[3673.062s][info][gc] GC(1088) Concurrent Reset
[3673.062s][info][gc] GC(1088) Concurrent Reset 0.021ms
[3675.066s][info][gc] GC(1089) Pause Initial Mark 27M->27M(29M) 2.111ms
[3675.066s][info][gc] GC(1089) Concurrent Mark
[3675.078s][info][gc] GC(1089) Concurrent Mark 12.078ms
[3675.079s][info][gc] GC(1089) Concurrent Preclean
[3675.079s][info][gc] GC(1089) Concurrent Preclean 0.121ms
[3675.079s][info][gc] GC(1089) Concurrent Abortable Preclean
[3675.079s][info][gc] GC(1089) Concurrent Abortable Preclean 0.012ms
[3675.085s][info][gc] GC(1089) Pause Remark 27M->27M(29M) 6.053ms
[3675.085s][info][gc] GC(1089) Concurrent Sweep
[3675.092s][info][gc] GC(1089) Concurrent Sweep 6.984ms
[3675.092s][info][gc] GC(1089) Concurrent Reset
[3675.092s][info][gc] GC(1089) Concurrent Reset 0.187ms
[3677.094s][info][gc] GC(1090) Pause Initial Mark 27M->27M(29M) 1.211ms
[3677.094s][info][gc] GC(1090) Concurrent Mark
[3677.106s][info][gc] GC(1090) Concurrent Mark 11.957ms
[3677.106s][info][gc] GC(1090) Concurrent Preclean
[3677.106s][info][gc] GC(1090) Concurrent Preclean 0.120ms
[3677.106s][info][gc] GC(1090) Concurrent Abortable Preclean
[3677.106s][info][gc] GC(1090) Concurrent Abortable Preclean 0.013ms
[3677.112s][info][gc] GC(1090) Pause Remark 27M->27M(29M) 5.614ms
[3677.112s][info][gc] GC(1090) Concurrent Sweep
[3677.115s][info][gc] GC(1090) Concurrent Sweep 3.209ms
[3677.115s][info][gc] GC(1090) Concurrent Reset
[3677.115s][info][gc] GC(1090) Concurrent Reset 0.019ms
[3679.117s][info][gc] GC(1091) Pause Initial Mark 27M->27M(29M) 1.143ms
[3679.117s][info][gc] GC(1091) Concurrent Mark
[3679.132s][info][gc] GC(1091) Concurrent Mark 14.729ms
[3679.132s][info][gc] GC(1091) Concurrent Preclean
[3679.132s][info][gc] GC(1091) Concurrent Preclean 0.119ms
[3679.132s][info][gc] GC(1091) Concurrent Abortable Preclean
[3679.132s][info][gc] GC(1091) Concurrent Abortable Preclean 0.013ms
[3679.138s][info][gc] GC(1091) Pause Remark 27M->27M(29M) 5.587ms
[3679.138s][info][gc] GC(1091) Concurrent Sweep
[3679.141s][info][gc] GC(1091) Concurrent Sweep 3.021ms
[3679.141s][info][gc] GC(1091) Concurrent Reset
[3679.141s][info][gc] GC(1091) Concurrent Reset 0.018ms
[3681.143s][info][gc] GC(1092) Pause Initial Mark 27M->27M(29M) 1.220ms
[3681.143s][info][gc] GC(1092) Concurrent Mark
[3681.155s][info][gc] GC(1092) Concurrent Mark 12.071ms
[3681.156s][info][gc] GC(1092) Concurrent Preclean
[3681.156s][info][gc] GC(1092) Concurrent Preclean 0.141ms
[3681.156s][info][gc] GC(1092) Concurrent Abortable Preclean
[3681.156s][info][gc] GC(1092) Concurrent Abortable Preclean 0.015ms
[3681.161s][info][gc] GC(1092) Pause Remark 27M->27M(29M) 5.638ms
[3681.162s][info][gc] GC(1092) Concurrent Sweep
[3681.165s][info][gc] GC(1092) Concurrent Sweep 3.261ms
[3681.165s][info][gc] GC(1092) Concurrent Reset
[3681.165s][info][gc] GC(1092) Concurrent Reset 0.020ms
[3683.166s][info][gc] GC(1093) Pause Initial Mark 27M->27M(29M) 1.210ms
[3683.166s][info][gc] GC(1093) Concurrent Mark
[3683.178s][info][gc] GC(1093) Concurrent Mark 11.827ms
[3683.178s][info][gc] GC(1093) Concurrent Preclean
[3683.178s][info][gc] GC(1093) Concurrent Preclean 0.118ms
[3683.178s][info][gc] GC(1093) Concurrent Abortable Preclean
[3683.178s][info][gc] GC(1093) Concurrent Abortable Preclean 0.014ms
[3683.184s][info][gc] GC(1093) Pause Remark 27M->27M(29M) 5.704ms
[3683.184s][info][gc] GC(1093) Concurrent Sweep
[3683.187s][info][gc] GC(1093) Concurrent Sweep 3.493ms
[3683.187s][info][gc] GC(1093) Concurrent Reset
[3683.187s][info][gc] GC(1093) Concurrent Reset 0.021ms
[3685.190s][info][gc] GC(1094) Pause Initial Mark 27M->27M(29M) 0.835ms
[3685.190s][info][gc] GC(1094) Concurrent Mark
[3685.201s][info][gc] GC(1094) Concurrent Mark 11.131ms
[3685.201s][info][gc] GC(1094) Concurrent Preclean
[3685.202s][info][gc] GC(1094) Concurrent Preclean 0.152ms
[3685.202s][info][gc] GC(1094) Concurrent Abortable Preclean
[3685.202s][info][gc] GC(1094) Concurrent Abortable Preclean 0.020ms
[3685.209s][info][gc] GC(1094) Pause Remark 27M->27M(29M) 7.211ms
[3685.209s][info][gc] GC(1094) Concurrent Sweep
[3685.212s][info][gc] GC(1094) Concurrent Sweep 3.017ms
[3685.212s][info][gc] GC(1094) Concurrent Reset
[3685.212s][info][gc] GC(1094) Concurrent Reset 0.019ms
