[0.011s][info][gc] Using Concurrent Mark Sweep
[0.363s][info][gc] GC(0) Pause Young (Allocation Failure) 13M->2M(50M) 6.548ms
[0.547s][info][gc] GC(1) Pause Young (Allocation Failure) 16M->4M(50M) 4.718ms
[0.677s][info][gc] GC(2) Pause Young (Allocation Failure) 18M->4M(50M) 2.463ms
[0.748s][info][gc] GC(3) Pause Young (Allocation Failure) 18M->4M(50M) 2.092ms
[0.839s][info][gc] GC(4) Pause Young (Allocation Failure) 18M->4M(50M) 1.771ms
[0.915s][info][gc] GC(5) Pause Young (Allocation Failure) 18M->5M(50M) 1.809ms
[1.008s][info][gc] GC(6) Pause Young (Allocation Failure) 19M->5M(50M) 2.104ms
[1.009s][info][gc] GC(7) Pause Initial Mark 5M->5M(50M) 0.623ms
[1.009s][info][gc] GC(7) Concurrent Mark
[1.015s][info][gc] GC(7) Concurrent Mark 6.493ms
[1.015s][info][gc] GC(7) Concurrent Preclean
[1.016s][info][gc] GC(7) Concurrent Preclean 0.226ms
[1.021s][info][gc] GC(7) Pause Remark 6M->6M(50M) 5.141ms
[1.021s][info][gc] GC(7) Concurrent Sweep
[1.023s][info][gc] GC(7) Concurrent Sweep 2.239ms
[1.023s][info][gc] GC(7) Concurrent Reset
[1.023s][info][gc] GC(7) Concurrent Reset 0.068ms
[1.155s][info][gc] GC(8) Pause Young (Allocation Failure) 19M->5M(50M) 3.982ms
[1.306s][info][gc] GC(9) Pause Young (Allocation Failure) 19M->6M(50M) 2.283ms
[1.372s][info][gc] GC(10) Pause Young (Allocation Failure) 20M->7M(50M) 5.135ms
[1.491s][info][gc] GC(11) Pause Young (Allocation Failure) 21M->7M(50M) 3.410ms
[1.563s][info][gc] GC(12) Pause Young (Allocation Failure) 21M->7M(50M) 1.840ms
[1.688s][info][gc] GC(13) Pause Young (Allocation Failure) 21M->7M(50M) 3.778ms
[1.856s][info][gc] GC(14) Pause Young (Allocation Failure) 21M->8M(50M) 3.034ms
[2.061s][info][gc] GC(15) Pause Young (Allocation Failure) 22M->9M(50M) 5.486ms
[2.305s][info][gc] GC(16) Pause Young (Allocation Failure) 23M->10M(50M) 7.068ms
[2.579s][info][gc] GC(17) Pause Young (Allocation Failure) 24M->10M(50M) 5.968ms
[2.760s][info][gc] GC(18) Pause Young (Allocation Failure) 24M->11M(50M) 5.198ms
[2.909s][info][gc] GC(19) Pause Young (Allocation Failure) 25M->12M(50M) 5.230ms
