Attaching to process ID 39652, please wait...
Debugger attached successfully.
Server compiler detected.
JVM version is 11.0.1+13-LTS

using thread-local object allocation.
Concurrent Mark-Sweep GC

Heap Configuration:
   MinHeapFreeRatio         = 40
   MaxHeapFreeRatio         = 70
   MaxHeapSize              = 54525952 (52.0MB)
   NewSize                  = 18153472 (17.3125MB)
   MaxNewSize               = 18153472 (17.3125MB)
   OldSize                  = 36372480 (34.6875MB)
   NewRatio                 = 2
   SurvivorRatio            = 8
   MetaspaceSize            = 21807104 (20.796875MB)
   CompressedClassSpaceSize = 1073741824 (1024.0MB)
   MaxMetaspaceSize         = 17592186044415 MB
   G1HeapRegionSize         = 0 (0.0MB)

Heap Usage:
New Generation (Eden + 1 Survivor Space):
   capacity = 16384000 (15.625MB)
   used     = 14424000 (13.75579833984375MB)
   free     = 1960000 (1.86920166015625MB)
   88.037109375% used
Eden Space:
   capacity = 14614528 (13.9375MB)
   used     = 12859512 (12.263786315917969MB)
   free     = 1755016 (1.6737136840820312MB)
   87.99129195277466% used
From Space:
   capacity = 1769472 (1.6875MB)
   used     = 1564488 (1.4920120239257812MB)
   free     = 204984 (0.19548797607421875MB)
   88.41552734375% used
To Space:
   capacity = 1769472 (1.6875MB)
   used     = 0 (0.0MB)
   free     = 1769472 (1.6875MB)
   0.0% used
concurrent mark-sweep generation:
   capacity = 36372480 (34.6875MB)
   used     = 11319896 (10.795494079589844MB)
   free     = 25052584 (23.892005920410156MB)
   31.122145094313062% used

