Java HotSpot(TM) 64-Bit Server VM warning: Option UseConcMarkSweepGC was deprecated in version 9.0 and will likely be removed in a future release.
[0.003s][warning][gc] -Xloggc is deprecated. Will use -Xlog:gc:/Users/haochencheng/Workspace/interview/java-interview/java-interview-springboot/logs/gclog/gc.log instead.
[0.011s][info   ][gc] Using Concurrent Mark Sweep
[0.011s][info   ][gc,heap,coops] Heap address: 0x00000007fcc00000, size: 52 MB, Compressed Oops mode: Zero based, Oop shift amount: 3
[0.356s][info   ][gc,start     ] GC(0) Pause Young (Allocation Failure)
[0.356s][info   ][gc,task      ] GC(0) Using 2 workers of 4 for evacuation
[0.363s][info   ][gc,heap      ] GC(0) ParNew: 14272K->1728K(16000K)
[0.363s][info   ][gc,heap      ] GC(0) CMS: 0K->836K(35520K)
[0.363s][info   ][gc,metaspace ] GC(0) Metaspace: 9805K->9805K(1058816K)
[0.363s][info   ][gc           ] GC(0) Pause Young (Allocation Failure) 13M->2M(50M) 6.548ms
[0.363s][info   ][gc,cpu       ] GC(0) User=0.02s Sys=0.00s Real=0.00s
[0.542s][info   ][gc,start     ] GC(1) Pause Young (Allocation Failure)
[0.542s][info   ][gc,task      ] GC(1) Using 4 workers of 4 for evacuation
[0.547s][info   ][gc,heap      ] GC(1) ParNew: 16000K->1728K(16000K)
[0.547s][info   ][gc,heap      ] GC(1) CMS: 836K->2678K(35520K)
[0.547s][info   ][gc,metaspace ] GC(1) Metaspace: 12335K->12335K(1060864K)
[0.547s][info   ][gc           ] GC(1) Pause Young (Allocation Failure) 16M->4M(50M) 4.718ms
[0.547s][info   ][gc,cpu       ] GC(1) User=0.02s Sys=0.00s Real=0.01s
[0.675s][info   ][gc,start     ] GC(2) Pause Young (Allocation Failure)
[0.675s][info   ][gc,task      ] GC(2) Using 4 workers of 4 for evacuation
[0.677s][info   ][gc,heap      ] GC(2) ParNew: 16000K->1468K(16000K)
[0.677s][info   ][gc,heap      ] GC(2) CMS: 2678K->3219K(35520K)
[0.677s][info   ][gc,metaspace ] GC(2) Metaspace: 14696K->14696K(1062912K)
[0.677s][info   ][gc           ] GC(2) Pause Young (Allocation Failure) 18M->4M(50M) 2.463ms
[0.677s][info   ][gc,cpu       ] GC(2) User=0.00s Sys=0.00s Real=0.00s
[0.746s][info   ][gc,start     ] GC(3) Pause Young (Allocation Failure)
[0.746s][info   ][gc,task      ] GC(3) Using 4 workers of 4 for evacuation
[0.748s][info   ][gc,heap      ] GC(3) ParNew: 15740K->928K(16000K)
[0.748s][info   ][gc,heap      ] GC(3) CMS: 3219K->3963K(35520K)
[0.748s][info   ][gc,metaspace ] GC(3) Metaspace: 16144K->16144K(1064960K)
[0.748s][info   ][gc           ] GC(3) Pause Young (Allocation Failure) 18M->4M(50M) 2.092ms
[0.748s][info   ][gc,cpu       ] GC(3) User=0.00s Sys=0.00s Real=0.00s
[0.837s][info   ][gc,start     ] GC(4) Pause Young (Allocation Failure)
[0.837s][info   ][gc,task      ] GC(4) Using 4 workers of 4 for evacuation
[0.839s][info   ][gc,heap      ] GC(4) ParNew: 15200K->772K(16000K)
[0.839s][info   ][gc,heap      ] GC(4) CMS: 3963K->3963K(35520K)
[0.839s][info   ][gc,metaspace ] GC(4) Metaspace: 18105K->18105K(1067008K)
[0.839s][info   ][gc           ] GC(4) Pause Young (Allocation Failure) 18M->4M(50M) 1.771ms
[0.839s][info   ][gc,cpu       ] GC(4) User=0.00s Sys=0.00s Real=0.00s
[0.913s][info   ][gc,start     ] GC(5) Pause Young (Allocation Failure)
[0.913s][info   ][gc,task      ] GC(5) Using 4 workers of 4 for evacuation
[0.915s][info   ][gc,heap      ] GC(5) ParNew: 15044K->1080K(16000K)
[0.915s][info   ][gc,heap      ] GC(5) CMS: 3963K->4182K(35520K)
[0.915s][info   ][gc,metaspace ] GC(5) Metaspace: 19441K->19441K(1067008K)
[0.915s][info   ][gc           ] GC(5) Pause Young (Allocation Failure) 18M->5M(50M) 1.809ms
[0.915s][info   ][gc,cpu       ] GC(5) User=0.01s Sys=0.00s Real=0.01s

  .   ____          _            __ _ _
 /\\ / ___'_ __ _ _(_)_ __  __ _ \ \ \ \
( ( )\___ | '_ | '_| | '_ \/ _` | \ \ \ \
 \\/  ___)| |_)| | | | | || (_| |  ) ) ) )
  '  |____| .__|_| |_|_| |_\__, | / / / /
 =========|_|==============|___/=/_/_/_/
 :: Spring Boot ::  (v2.3.1.BUILD-SNAPSHOT)

[1.006s][info   ][gc,start     ] GC(6) Pause Young (Allocation Failure)
[1.006s][info   ][gc,task      ] GC(6) Using 3 workers of 4 for evacuation
[1.008s][info   ][gc,heap      ] GC(6) ParNew: 15352K->1374K(16000K)
[1.008s][info   ][gc,heap      ] GC(6) CMS: 4182K->4425K(35520K)
[1.008s][info   ][gc,metaspace ] GC(6) Metaspace: 20696K->20696K(1069056K)
[1.008s][info   ][gc           ] GC(6) Pause Young (Allocation Failure) 19M->5M(50M) 2.104ms
[1.008s][info   ][gc,cpu       ] GC(6) User=0.00s Sys=0.00s Real=0.00s
[1.008s][info   ][gc,start     ] GC(7) Pause Initial Mark
[1.009s][info   ][gc           ] GC(7) Pause Initial Mark 5M->5M(50M) 0.623ms
[1.009s][info   ][gc,cpu       ] GC(7) User=0.00s Sys=0.00s Real=0.00s
[1.009s][info   ][gc           ] GC(7) Concurrent Mark
[1.015s][info   ][gc           ] GC(7) Concurrent Mark 6.493ms
[1.015s][info   ][gc,cpu       ] GC(7) User=0.02s Sys=0.00s Real=0.01s
[1.015s][info   ][gc           ] GC(7) Concurrent Preclean
[1.016s][info   ][gc           ] GC(7) Concurrent Preclean 0.226ms
[1.016s][info   ][gc,cpu       ] GC(7) User=0.00s Sys=0.00s Real=0.00s
[1.016s][info   ][gc,start     ] GC(7) Pause Remark
[1.021s][info   ][gc           ] GC(7) Pause Remark 6M->6M(50M) 5.141ms
[1.021s][info   ][gc,cpu       ] GC(7) User=0.01s Sys=0.00s Real=0.00s
[1.021s][info   ][gc           ] GC(7) Concurrent Sweep
[1.023s][info   ][gc           ] GC(7) Concurrent Sweep 2.239ms
[1.023s][info   ][gc,cpu       ] GC(7) User=0.01s Sys=0.00s Real=0.00s
[1.023s][info   ][gc           ] GC(7) Concurrent Reset
[1.023s][info   ][gc           ] GC(7) Concurrent Reset 0.068ms
[1.023s][info   ][gc,cpu       ] GC(7) User=0.00s Sys=0.00s Real=0.00s
[1.023s][info   ][gc,heap      ] GC(7) Old: 4425K->4192K(35520K)
2020-07-11 16:52:10.612  INFO 39596 --- [           main] p.i.s.JavaInterviewSpringbootApplication : Starting JavaInterviewSpringbootApplication on localhost-2 with PID 39596 (/Users/haochencheng/Workspace/interview/java-interview/java-interview-springboot/target/java-interview-springboot-0.0.1-SNAPSHOT.jar started by haochencheng in /Users/haochencheng/Workspace/interview/java-interview/java-interview-springboot)
2020-07-11 16:52:10.615  INFO 39596 --- [           main] p.i.s.JavaInterviewSpringbootApplication : No active profile set, falling back to default profiles: default
[1.151s][info   ][gc,start     ] GC(8) Pause Young (Allocation Failure)
[1.151s][info   ][gc,task      ] GC(8) Using 2 workers of 4 for evacuation
[1.155s][info   ][gc,heap      ] GC(8) ParNew: 15645K->1363K(16000K)
[1.155s][info   ][gc,heap      ] GC(8) CMS: 4192K->4474K(35520K)
[1.155s][info   ][gc,metaspace ] GC(8) Metaspace: 21978K->21978K(1069056K)
[1.155s][info   ][gc           ] GC(8) Pause Young (Allocation Failure) 19M->5M(50M) 3.982ms
[1.155s][info   ][gc,cpu       ] GC(8) User=0.01s Sys=0.00s Real=0.01s
[1.303s][info   ][gc,start     ] GC(9) Pause Young (Allocation Failure)
[1.303s][info   ][gc,task      ] GC(9) Using 4 workers of 4 for evacuation
[1.305s][info   ][gc,heap      ] GC(9) ParNew: 15635K->1599K(16000K)
[1.306s][info   ][gc,heap      ] GC(9) CMS: 4474K->4840K(35520K)
[1.306s][info   ][gc,metaspace ] GC(9) Metaspace: 23217K->23217K(1071104K)
[1.306s][info   ][gc           ] GC(9) Pause Young (Allocation Failure) 19M->6M(50M) 2.283ms
[1.306s][info   ][gc,cpu       ] GC(9) User=0.01s Sys=0.00s Real=0.01s
[1.367s][info   ][gc,start     ] GC(10) Pause Young (Allocation Failure)
[1.367s][info   ][gc,task      ] GC(10) Using 3 workers of 4 for evacuation
[1.372s][info   ][gc,heap      ] GC(10) ParNew: 15871K->1728K(16000K)
[1.372s][info   ][gc,heap      ] GC(10) CMS: 4840K->6124K(35520K)
[1.372s][info   ][gc,metaspace ] GC(10) Metaspace: 23516K->23516K(1071104K)
[1.372s][info   ][gc           ] GC(10) Pause Young (Allocation Failure) 20M->7M(50M) 5.135ms
[1.372s][info   ][gc,cpu       ] GC(10) User=0.01s Sys=0.00s Real=0.00s
[1.487s][info   ][gc,start     ] GC(11) Pause Young (Allocation Failure)
[1.487s][info   ][gc,task      ] GC(11) Using 2 workers of 4 for evacuation
[1.491s][info   ][gc,heap      ] GC(11) ParNew: 16000K->952K(16000K)
[1.491s][info   ][gc,heap      ] GC(11) CMS: 6124K->6469K(35520K)
[1.491s][info   ][gc,metaspace ] GC(11) Metaspace: 23906K->23906K(1071104K)
[1.491s][info   ][gc           ] GC(11) Pause Young (Allocation Failure) 21M->7M(50M) 3.410ms
[1.491s][info   ][gc,cpu       ] GC(11) User=0.01s Sys=0.00s Real=0.00s
[1.561s][info   ][gc,start     ] GC(12) Pause Young (Allocation Failure)
[1.561s][info   ][gc,task      ] GC(12) Using 2 workers of 4 for evacuation
[1.563s][info   ][gc,heap      ] GC(12) ParNew: 15224K->883K(16000K)
[1.563s][info   ][gc,heap      ] GC(12) CMS: 6469K->6469K(35520K)
[1.563s][info   ][gc,metaspace ] GC(12) Metaspace: 24105K->24105K(1071104K)
[1.563s][info   ][gc           ] GC(12) Pause Young (Allocation Failure) 21M->7M(50M) 1.840ms
[1.563s][info   ][gc,cpu       ] GC(12) User=0.01s Sys=0.01s Real=0.00s
[1.684s][info   ][gc,start     ] GC(13) Pause Young (Allocation Failure)
[1.684s][info   ][gc,task      ] GC(13) Using 2 workers of 4 for evacuation
[1.688s][info   ][gc,heap      ] GC(13) ParNew: 15155K->1157K(16000K)
[1.688s][info   ][gc,heap      ] GC(13) CMS: 6469K->6794K(35520K)
[1.688s][info   ][gc,metaspace ] GC(13) Metaspace: 25079K->25079K(1073152K)
[1.688s][info   ][gc           ] GC(13) Pause Young (Allocation Failure) 21M->7M(50M) 3.778ms
[1.688s][info   ][gc,cpu       ] GC(13) User=0.00s Sys=0.00s Real=0.01s
[1.853s][info   ][gc,start     ] GC(14) Pause Young (Allocation Failure)
[1.853s][info   ][gc,task      ] GC(14) Using 2 workers of 4 for evacuation
[1.856s][info   ][gc,heap      ] GC(14) ParNew: 15429K->1656K(16000K)
[1.856s][info   ][gc,heap      ] GC(14) CMS: 6794K->6962K(35520K)
[1.856s][info   ][gc,metaspace ] GC(14) Metaspace: 26581K->26581K(1073152K)
[1.856s][info   ][gc           ] GC(14) Pause Young (Allocation Failure) 21M->8M(50M) 3.034ms
[1.856s][info   ][gc,cpu       ] GC(14) User=0.01s Sys=0.00s Real=0.01s
[2.055s][info   ][gc,start     ] GC(15) Pause Young (Allocation Failure)
[2.055s][info   ][gc,task      ] GC(15) Using 2 workers of 4 for evacuation
[2.061s][info   ][gc,heap      ] GC(15) ParNew: 15928K->1728K(16000K)
[2.061s][info   ][gc,heap      ] GC(15) CMS: 6962K->7580K(35520K)
[2.061s][info   ][gc,metaspace ] GC(15) Metaspace: 28216K->28216K(1075200K)
[2.061s][info   ][gc           ] GC(15) Pause Young (Allocation Failure) 22M->9M(50M) 5.486ms
[2.061s][info   ][gc,cpu       ] GC(15) User=0.01s Sys=0.00s Real=0.00s
[2.298s][info   ][gc,start     ] GC(16) Pause Young (Allocation Failure)
[2.298s][info   ][gc,task      ] GC(16) Using 2 workers of 4 for evacuation
[2.305s][info   ][gc,heap      ] GC(16) ParNew: 16000K->1423K(16000K)
[2.305s][info   ][gc,heap      ] GC(16) CMS: 7580K->8939K(35520K)
[2.305s][info   ][gc,metaspace ] GC(16) Metaspace: 29559K->29559K(1077248K)
[2.305s][info   ][gc           ] GC(16) Pause Young (Allocation Failure) 23M->10M(50M) 7.068ms
[2.305s][info   ][gc,cpu       ] GC(16) User=0.02s Sys=0.00s Real=0.01s
2020-07-11 16:52:11.966  INFO 39596 --- [           main] o.s.b.w.embedded.tomcat.TomcatWebServer  : Tomcat initialized with port(s): 8080 (http)
2020-07-11 16:52:11.982  INFO 39596 --- [           main] o.apache.catalina.core.StandardService   : Starting service [Tomcat]
2020-07-11 16:52:11.983  INFO 39596 --- [           main] org.apache.catalina.core.StandardEngine  : Starting Servlet engine: [Apache Tomcat/9.0.36]
[2.573s][info   ][gc,start     ] GC(17) Pause Young (Allocation Failure)
[2.573s][info   ][gc,task      ] GC(17) Using 2 workers of 4 for evacuation
[2.578s][info   ][gc,heap      ] GC(17) ParNew: 15695K->1728K(16000K)
[2.579s][info   ][gc,heap      ] GC(17) CMS: 8939K->9112K(35520K)
[2.579s][info   ][gc,metaspace ] GC(17) Metaspace: 31096K->31096K(1077248K)
[2.579s][info   ][gc           ] GC(17) Pause Young (Allocation Failure) 24M->10M(50M) 5.968ms
[2.579s][info   ][gc,cpu       ] GC(17) User=0.03s Sys=0.00s Real=0.01s
2020-07-11 16:52:12.180  INFO 39596 --- [           main] o.a.c.c.C.[Tomcat].[localhost].[/]       : Initializing Spring embedded WebApplicationContext
2020-07-11 16:52:12.180  INFO 39596 --- [           main] w.s.c.ServletWebServerApplicationContext : Root WebApplicationContext: initialization completed in 1514 ms
[2.755s][info   ][gc,start     ] GC(18) Pause Young (Allocation Failure)
[2.755s][info   ][gc,task      ] GC(18) Using 4 workers of 4 for evacuation
[2.760s][info   ][gc,heap      ] GC(18) ParNew: 16000K->1601K(16000K)
[2.760s][info   ][gc,heap      ] GC(18) CMS: 9112K->10540K(35520K)
[2.760s][info   ][gc,metaspace ] GC(18) Metaspace: 31989K->31989K(1079296K)
[2.760s][info   ][gc           ] GC(18) Pause Young (Allocation Failure) 24M->11M(50M) 5.198ms
[2.760s][info   ][gc,cpu       ] GC(18) User=0.02s Sys=0.00s Real=0.00s
2020-07-11 16:52:12.423  INFO 39596 --- [           main] o.s.s.concurrent.ThreadPoolTaskExecutor  : Initializing ExecutorService 'applicationTaskExecutor'
[2.903s][info   ][gc,start     ] GC(19) Pause Young (Allocation Failure)
[2.903s][info   ][gc,task      ] GC(19) Using 4 workers of 4 for evacuation
[2.909s][info   ][gc,heap      ] GC(19) ParNew: 15873K->1568K(16000K)
[2.909s][info   ][gc,heap      ] GC(19) CMS: 10540K->11108K(35520K)
[2.909s][info   ][gc,metaspace ] GC(19) Metaspace: 33001K->33001K(1079296K)
[2.909s][info   ][gc           ] GC(19) Pause Young (Allocation Failure) 25M->12M(50M) 5.230ms
[2.909s][info   ][gc,cpu       ] GC(19) User=0.02s Sys=0.00s Real=0.01s
2020-07-11 16:52:12.639  INFO 39596 --- [           main] o.s.b.w.embedded.tomcat.TomcatWebServer  : Tomcat started on port(s): 8080 (http) with context path ''
2020-07-11 16:52:12.660  INFO 39596 --- [           main] p.i.s.JavaInterviewSpringbootApplication : Started JavaInterviewSpringbootApplication in 2.615 seconds (JVM running for 3.095)
Sat Jul 11 16:52:25 CST 2020 服务停止开始

进程睡眠1秒

